============================= test session starts ==============================
platform linux -- Python 3.12.3, pytest-9.0.2, pluggy-1.6.0
rootdir: /app
configfile: pytest.ini
collected 1445 items / 1158 errors

==================================== ERRORS ====================================
_________________ ERROR collecting tests/test_account_sync.py __________________
ImportError while importing test module '/app/tests/test_account_sync.py'.
Hint: make sure your test modules/packages have valid Python names.
Traceback:
/usr/lib/python3.12/importlib/__init__.py:90: in import_module
    return _bootstrap._gcd_import(name[level:], package, level)
           ^^^^^^^^^^^^^^^^^^^^^^^^^^^^^^^^^^^^^^^^^^^^^^^^^^^^
tests/test_account_sync.py:2: in <module>
    from app.execution.live_runtime.account_sync import AccountSynchronizer
app/execution/live_runtime/account_sync.py:1: in <module>
    from app.execution.live_runtime.base import AccountSyncBase
app/execution/live_runtime/base.py:3: in <module>
    from app.execution.live_runtime.models import (
app/execution/live_runtime/models.py:1: in <module>
    from pydantic import BaseModel, Field
E   ModuleNotFoundError: No module named 'pydantic'
___________ ERROR collecting tests/test_accountability_plane_core.py ___________
ImportError while importing test module '/app/tests/test_accountability_plane_core.py'.
Hint: make sure your test modules/packages have valid Python names.
Traceback:
/usr/lib/python3.12/importlib/__init__.py:90: in import_module
    return _bootstrap._gcd_import(name[level:], package, level)
           ^^^^^^^^^^^^^^^^^^^^^^^^^^^^^^^^^^^^^^^^^^^^^^^^^^^^
tests/test_accountability_plane_core.py:3: in <module>
    from app.accountability_plane.breaches import BreachesManager
app/accountability_plane/breaches.py:3: in <module>
    from app.accountability_plane.models import BreachRecord
app/accountability_plane/models.py:1: in <module>
    from pydantic import BaseModel, Field
E   ModuleNotFoundError: No module named 'pydantic'
__________________ ERROR collecting tests/test_activation.py ___________________
ImportError while importing test module '/app/tests/test_activation.py'.
Hint: make sure your test modules/packages have valid Python names.
Traceback:
/usr/lib/python3.12/importlib/__init__.py:90: in import_module
    return _bootstrap._gcd_import(name[level:], package, level)
           ^^^^^^^^^^^^^^^^^^^^^^^^^^^^^^^^^^^^^^^^^^^^^^^^^^^^
tests/test_activation.py:1: in <module>
    from app.governance.activation import ActivationManager
app/governance/activation.py:1: in <module>
    from app.governance.models import CandidateBundle, ActivationReadinessReport
app/governance/models.py:2: in <module>
    from pydantic import BaseModel, Field
E   ModuleNotFoundError: No module named 'pydantic'
____________ ERROR collecting tests/test_activation_active_sets.py _____________
ImportError while importing test module '/app/tests/test_activation_active_sets.py'.
Hint: make sure your test modules/packages have valid Python names.
Traceback:
/usr/lib/python3.12/importlib/__init__.py:90: in import_module
    return _bootstrap._gcd_import(name[level:], package, level)
           ^^^^^^^^^^^^^^^^^^^^^^^^^^^^^^^^^^^^^^^^^^^^^^^^^^^^
tests/test_activation_active_sets.py:2: in <module>
    from app.activation.active_sets import ActiveSetRegistry
E   ImportError: cannot import name 'ActiveSetRegistry' from 'app.activation.active_sets' (/app/app/activation/active_sets.py)
______________ ERROR collecting tests/test_activation_evidence.py ______________
ImportError while importing test module '/app/tests/test_activation_evidence.py'.
Hint: make sure your test modules/packages have valid Python names.
Traceback:
/usr/lib/python3.12/importlib/__init__.py:90: in import_module
    return _bootstrap._gcd_import(name[level:], package, level)
           ^^^^^^^^^^^^^^^^^^^^^^^^^^^^^^^^^^^^^^^^^^^^^^^^^^^^
tests/test_activation_evidence.py:2: in <module>
    from app.activation.evidence import EvidenceCollector
app/activation/evidence.py:1: in <module>
    from app.activation.models import ActivationEvidenceBundle
app/activation/models.py:1: in <module>
    from pydantic import BaseModel, Field
E   ModuleNotFoundError: No module named 'pydantic'
_____________ ERROR collecting tests/test_activation_expansion.py ______________
ImportError while importing test module '/app/tests/test_activation_expansion.py'.
Hint: make sure your test modules/packages have valid Python names.
Traceback:
/usr/lib/python3.12/importlib/__init__.py:90: in import_module
    return _bootstrap._gcd_import(name[level:], package, level)
           ^^^^^^^^^^^^^^^^^^^^^^^^^^^^^^^^^^^^^^^^^^^^^^^^^^^^
tests/test_activation_expansion.py:2: in <module>
    from app.activation.expansion import ExpansionEvaluator
app/activation/expansion.py:1: in <module>
    from app.activation.models import ExpansionDecision, ProbationStatus
app/activation/models.py:1: in <module>
    from pydantic import BaseModel, Field
E   ModuleNotFoundError: No module named 'pydantic'
_______________ ERROR collecting tests/test_activation_guards.py _______________
ImportError while importing test module '/app/tests/test_activation_guards.py'.
Hint: make sure your test modules/packages have valid Python names.
Traceback:
/usr/lib/python3.12/importlib/__init__.py:90: in import_module
    return _bootstrap._gcd_import(name[level:], package, level)
           ^^^^^^^^^^^^^^^^^^^^^^^^^^^^^^^^^^^^^^^^^^^^^^^^^^^^
tests/test_activation_guards.py:2: in <module>
    from app.activation.guards import ActivationGuards
E   ImportError: cannot import name 'ActivationGuards' from 'app.activation.guards' (/app/app/activation/guards.py)
_______________ ERROR collecting tests/test_activation_halts.py ________________
ImportError while importing test module '/app/tests/test_activation_halts.py'.
Hint: make sure your test modules/packages have valid Python names.
Traceback:
/usr/lib/python3.12/importlib/__init__.py:90: in import_module
    return _bootstrap._gcd_import(name[level:], package, level)
           ^^^^^^^^^^^^^^^^^^^^^^^^^^^^^^^^^^^^^^^^^^^^^^^^^^^^
tests/test_activation_halts.py:2: in <module>
    from app.activation.halts import HaltEvaluator
app/activation/halts.py:2: in <module>
    from app.activation.models import HaltDecision, ProbationStatus, ActivationScope
app/activation/models.py:1: in <module>
    from pydantic import BaseModel, Field
E   ModuleNotFoundError: No module named 'pydantic'
______________ ERROR collecting tests/test_activation_history.py _______________
ImportError while importing test module '/app/tests/test_activation_history.py'.
Hint: make sure your test modules/packages have valid Python names.
Traceback:
/usr/lib/python3.12/importlib/__init__.py:90: in import_module
    return _bootstrap._gcd_import(name[level:], package, level)
           ^^^^^^^^^^^^^^^^^^^^^^^^^^^^^^^^^^^^^^^^^^^^^^^^^^^^
tests/test_activation_history.py:2: in <module>
    from app.activation.history import HistoryTracker
E   ImportError: cannot import name 'HistoryTracker' from 'app.activation.history' (/app/app/activation/history.py)
______________ ERROR collecting tests/test_activation_intents.py _______________
ImportError while importing test module '/app/tests/test_activation_intents.py'.
Hint: make sure your test modules/packages have valid Python names.
Traceback:
/usr/lib/python3.12/importlib/__init__.py:90: in import_module
    return _bootstrap._gcd_import(name[level:], package, level)
           ^^^^^^^^^^^^^^^^^^^^^^^^^^^^^^^^^^^^^^^^^^^^^^^^^^^^
tests/test_activation_intents.py:2: in <module>
    from app.activation.intents import IntentCompiler
app/activation/intents.py:4: in <module>
    from app.activation.models import ActivationIntent, ActivationScope
app/activation/models.py:1: in <module>
    from pydantic import BaseModel, Field
E   ModuleNotFoundError: No module named 'pydantic'
_______________ ERROR collecting tests/test_activation_memos.py ________________
ImportError while importing test module '/app/tests/test_activation_memos.py'.
Hint: make sure your test modules/packages have valid Python names.
Traceback:
/usr/lib/python3.12/importlib/__init__.py:90: in import_module
    return _bootstrap._gcd_import(name[level:], package, level)
           ^^^^^^^^^^^^^^^^^^^^^^^^^^^^^^^^^^^^^^^^^^^^^^^^^^^^
tests/test_activation_memos.py:2: in <module>
    from app.activation.memos import MemoBuilder
app/activation/memos.py:1: in <module>
    from app.activation.models import ActivationIntent, ActivationMemo
app/activation/models.py:1: in <module>
    from pydantic import BaseModel, Field
E   ModuleNotFoundError: No module named 'pydantic'
_______________ ERROR collecting tests/test_activation_plans.py ________________
ImportError while importing test module '/app/tests/test_activation_plans.py'.
Hint: make sure your test modules/packages have valid Python names.
Traceback:
/usr/lib/python3.12/importlib/__init__.py:90: in import_module
    return _bootstrap._gcd_import(name[level:], package, level)
           ^^^^^^^^^^^^^^^^^^^^^^^^^^^^^^^^^^^^^^^^^^^^^^^^^^^^
tests/test_activation_plans.py:2: in <module>
    from app.activation.plans import RolloutPlanner
app/activation/plans.py:3: in <module>
    from app.activation.models import (
app/activation/models.py:1: in <module>
    from pydantic import BaseModel, Field
E   ModuleNotFoundError: No module named 'pydantic'
_____________ ERROR collecting tests/test_activation_probation.py ______________
ImportError while importing test module '/app/tests/test_activation_probation.py'.
Hint: make sure your test modules/packages have valid Python names.
Traceback:
/usr/lib/python3.12/importlib/__init__.py:90: in import_module
    return _bootstrap._gcd_import(name[level:], package, level)
           ^^^^^^^^^^^^^^^^^^^^^^^^^^^^^^^^^^^^^^^^^^^^^^^^^^^^
tests/test_activation_probation.py:2: in <module>
    from app.activation.probation import ProbationEvaluator
app/activation/probation.py:3: in <module>
    from app.activation.models import ProbationStatus
app/activation/models.py:1: in <module>
    from pydantic import BaseModel, Field
E   ModuleNotFoundError: No module named 'pydantic'
______________ ERROR collecting tests/test_activation_reverts.py _______________
ImportError while importing test module '/app/tests/test_activation_reverts.py'.
Hint: make sure your test modules/packages have valid Python names.
Traceback:
/usr/lib/python3.12/importlib/__init__.py:90: in import_module
    return _bootstrap._gcd_import(name[level:], package, level)
           ^^^^^^^^^^^^^^^^^^^^^^^^^^^^^^^^^^^^^^^^^^^^^^^^^^^^
tests/test_activation_reverts.py:2: in <module>
    from app.activation.reverts import RevertPlanner
app/activation/reverts.py:2: in <module>
    from app.activation.models import RevertPlan, ActiveSetRecord
app/activation/models.py:1: in <module>
    from pydantic import BaseModel, Field
E   ModuleNotFoundError: No module named 'pydantic'
_______________ ERROR collecting tests/test_activation_scopes.py _______________
ImportError while importing test module '/app/tests/test_activation_scopes.py'.
Hint: make sure your test modules/packages have valid Python names.
Traceback:
/usr/lib/python3.12/importlib/__init__.py:90: in import_module
    return _bootstrap._gcd_import(name[level:], package, level)
           ^^^^^^^^^^^^^^^^^^^^^^^^^^^^^^^^^^^^^^^^^^^^^^^^^^^^
tests/test_activation_scopes.py:2: in <module>
    from app.activation.scopes import ScopeEnforcer
app/activation/scopes.py:1: in <module>
    from app.activation.models import ActivationScope
app/activation/models.py:1: in <module>
    from pydantic import BaseModel, Field
E   ModuleNotFoundError: No module named 'pydantic'
______________ ERROR collecting tests/test_activation_storage.py _______________
ImportError while importing test module '/app/tests/test_activation_storage.py'.
Hint: make sure your test modules/packages have valid Python names.
Traceback:
/usr/lib/python3.12/importlib/__init__.py:90: in import_module
    return _bootstrap._gcd_import(name[level:], package, level)
           ^^^^^^^^^^^^^^^^^^^^^^^^^^^^^^^^^^^^^^^^^^^^^^^^^^^^
tests/test_activation_storage.py:2: in <module>
    from app.activation.storage import ActivationStorage
app/activation/storage.py:5: in <module>
    from app.activation.models import (
app/activation/models.py:1: in <module>
    from pydantic import BaseModel, Field
E   ModuleNotFoundError: No module named 'pydantic'
___________ ERROR collecting tests/test_adaptation_plane_objects.py ____________
ImportError while importing test module '/app/tests/test_adaptation_plane_objects.py'.
Hint: make sure your test modules/packages have valid Python names.
Traceback:
/usr/lib/python3.12/importlib/__init__.py:90: in import_module
    return _bootstrap._gcd_import(name[level:], package, level)
           ^^^^^^^^^^^^^^^^^^^^^^^^^^^^^^^^^^^^^^^^^^^^^^^^^^^^
tests/test_adaptation_plane_objects.py:2: in <module>
    from app.adaptation_plane.models import AdaptationRecord
app/adaptation_plane/models.py:1: in <module>
    from pydantic import BaseModel, Field
E   ModuleNotFoundError: No module named 'pydantic'
___________ ERROR collecting tests/test_adaptation_plane_registry.py ___________
ImportError while importing test module '/app/tests/test_adaptation_plane_registry.py'.
Hint: make sure your test modules/packages have valid Python names.
Traceback:
/usr/lib/python3.12/importlib/__init__.py:90: in import_module
    return _bootstrap._gcd_import(name[level:], package, level)
           ^^^^^^^^^^^^^^^^^^^^^^^^^^^^^^^^^^^^^^^^^^^^^^^^^^^^
tests/test_adaptation_plane_registry.py:2: in <module>
    from app.adaptation_plane.models import AdaptationRecord
app/adaptation_plane/models.py:1: in <module>
    from pydantic import BaseModel, Field
E   ModuleNotFoundError: No module named 'pydantic'
____________ ERROR collecting tests/test_adaptation_plane_trust.py _____________
ImportError while importing test module '/app/tests/test_adaptation_plane_trust.py'.
Hint: make sure your test modules/packages have valid Python names.
Traceback:
/usr/lib/python3.12/importlib/__init__.py:90: in import_module
    return _bootstrap._gcd_import(name[level:], package, level)
           ^^^^^^^^^^^^^^^^^^^^^^^^^^^^^^^^^^^^^^^^^^^^^^^^^^^^
tests/test_adaptation_plane_trust.py:2: in <module>
    from app.adaptation_plane.models import AdaptationRecord
app/adaptation_plane/models.py:1: in <module>
    from pydantic import BaseModel, Field
E   ModuleNotFoundError: No module named 'pydantic'
__________ ERROR collecting tests/test_adversarial_plane_registry.py ___________
ImportError while importing test module '/app/tests/test_adversarial_plane_registry.py'.
Hint: make sure your test modules/packages have valid Python names.
Traceback:
/usr/lib/python3.12/importlib/__init__.py:90: in import_module
    return _bootstrap._gcd_import(name[level:], package, level)
           ^^^^^^^^^^^^^^^^^^^^^^^^^^^^^^^^^^^^^^^^^^^^^^^^^^^^
tests/test_adversarial_plane_registry.py:2: in <module>
    from app.adversarial_plane.registry import CanonicalAdversarialRegistry
app/adversarial_plane/registry.py:2: in <module>
    from app.adversarial_plane.models import AdversarialObject
app/adversarial_plane/models.py:1: in <module>
    from pydantic import BaseModel, Field
E   ModuleNotFoundError: No module named 'pydantic'
____________ ERROR collecting tests/test_adversarial_plane_trust.py ____________
ImportError while importing test module '/app/tests/test_adversarial_plane_trust.py'.
Hint: make sure your test modules/packages have valid Python names.
Traceback:
/usr/lib/python3.12/importlib/__init__.py:90: in import_module
    return _bootstrap._gcd_import(name[level:], package, level)
           ^^^^^^^^^^^^^^^^^^^^^^^^^^^^^^^^^^^^^^^^^^^^^^^^^^^^
tests/test_adversarial_plane_trust.py:2: in <module>
    from app.adversarial_plane.trust import DefaultTrustEvaluator
app/adversarial_plane/trust.py:2: in <module>
    from app.adversarial_plane.models import AdversarialTrustVerdict
app/adversarial_plane/models.py:1: in <module>
    from pydantic import BaseModel, Field
E   ModuleNotFoundError: No module named 'pydantic'
____________ ERROR collecting tests/test_allocation_arbitration.py _____________
ImportError while importing test module '/app/tests/test_allocation_arbitration.py'.
Hint: make sure your test modules/packages have valid Python names.
Traceback:
/usr/lib/python3.12/importlib/__init__.py:90: in import_module
    return _bootstrap._gcd_import(name[level:], package, level)
           ^^^^^^^^^^^^^^^^^^^^^^^^^^^^^^^^^^^^^^^^^^^^^^^^^^^^
tests/test_allocation_arbitration.py:1: in <module>
    from app.allocation.arbitration import ArbitrationEngine
app/allocation/arbitration.py:2: in <module>
    from pydantic import BaseModel
E   ModuleNotFoundError: No module named 'pydantic'
______________ ERROR collecting tests/test_allocation_budgets.py _______________
ImportError while importing test module '/app/tests/test_allocation_budgets.py'.
Hint: make sure your test modules/packages have valid Python names.
Traceback:
/usr/lib/python3.12/importlib/__init__.py:90: in import_module
    return _bootstrap._gcd_import(name[level:], package, level)
           ^^^^^^^^^^^^^^^^^^^^^^^^^^^^^^^^^^^^^^^^^^^^^^^^^^^^
tests/test_allocation_budgets.py:1: in <module>
    from app.allocation.budgets import BudgetManager
E   ImportError: cannot import name 'BudgetManager' from 'app.allocation.budgets' (/app/app/allocation/budgets.py)
______________ ERROR collecting tests/test_allocation_capacity.py ______________
ImportError while importing test module '/app/tests/test_allocation_capacity.py'.
Hint: make sure your test modules/packages have valid Python names.
Traceback:
/usr/lib/python3.12/importlib/__init__.py:90: in import_module
    return _bootstrap._gcd_import(name[level:], package, level)
           ^^^^^^^^^^^^^^^^^^^^^^^^^^^^^^^^^^^^^^^^^^^^^^^^^^^^
tests/test_allocation_capacity.py:1: in <module>
    from app.allocation.capacity import CapacityEngine
app/allocation/capacity.py:2: in <module>
    from pydantic import BaseModel
E   ModuleNotFoundError: No module named 'pydantic'
____________ ERROR collecting tests/test_allocation_constraints.py _____________
ImportError while importing test module '/app/tests/test_allocation_constraints.py'.
Hint: make sure your test modules/packages have valid Python names.
Traceback:
/usr/lib/python3.12/importlib/__init__.py:90: in import_module
    return _bootstrap._gcd_import(name[level:], package, level)
           ^^^^^^^^^^^^^^^^^^^^^^^^^^^^^^^^^^^^^^^^^^^^^^^^^^^^
tests/test_allocation_constraints.py:1: in <module>
    from app.allocation.constraints import ConstraintRegistry, ConstraintEvaluator
app/allocation/constraints.py:2: in <module>
    from pydantic import BaseModel
E   ModuleNotFoundError: No module named 'pydantic'
_______________ ERROR collecting tests/test_allocation_diffs.py ________________
ImportError while importing test module '/app/tests/test_allocation_diffs.py'.
Hint: make sure your test modules/packages have valid Python names.
Traceback:
/usr/lib/python3.12/importlib/__init__.py:90: in import_module
    return _bootstrap._gcd_import(name[level:], package, level)
           ^^^^^^^^^^^^^^^^^^^^^^^^^^^^^^^^^^^^^^^^^^^^^^^^^^^^
tests/test_allocation_diffs.py:1: in <module>
    from app.allocation.diffs import DiffEngine
app/allocation/diffs.py:1: in <module>
    from app.allocation.models import AllocationDiffRecord, AllocationManifest
app/allocation/models.py:1: in <module>
    from pydantic import BaseModel, Field
E   ModuleNotFoundError: No module named 'pydantic'
____________ ERROR collecting tests/test_allocation_equivalence.py _____________
ImportError while importing test module '/app/tests/test_allocation_equivalence.py'.
Hint: make sure your test modules/packages have valid Python names.
Traceback:
/usr/lib/python3.12/importlib/__init__.py:90: in import_module
    return _bootstrap._gcd_import(name[level:], package, level)
           ^^^^^^^^^^^^^^^^^^^^^^^^^^^^^^^^^^^^^^^^^^^^^^^^^^^^
tests/test_allocation_equivalence.py:1: in <module>
    from app.allocation.equivalence import EquivalenceEngine
E   ImportError: cannot import name 'EquivalenceEngine' from 'app.allocation.equivalence' (/app/app/allocation/equivalence.py)
_____________ ERROR collecting tests/test_allocation_reporting.py ______________
ImportError while importing test module '/app/tests/test_allocation_reporting.py'.
Hint: make sure your test modules/packages have valid Python names.
Traceback:
/usr/lib/python3.12/importlib/__init__.py:90: in import_module
    return _bootstrap._gcd_import(name[level:], package, level)
           ^^^^^^^^^^^^^^^^^^^^^^^^^^^^^^^^^^^^^^^^^^^^^^^^^^^^
tests/test_allocation_reporting.py:1: in <module>
    from app.allocation.reporting import ReportingEngine
app/allocation/reporting.py:1: in <module>
    from app.allocation.models import AllocationManifest
app/allocation/models.py:1: in <module>
    from pydantic import BaseModel, Field
E   ModuleNotFoundError: No module named 'pydantic'
______________ ERROR collecting tests/test_allocation_signals.py _______________
ImportError while importing test module '/app/tests/test_allocation_signals.py'.
Hint: make sure your test modules/packages have valid Python names.
Traceback:
/usr/lib/python3.12/importlib/__init__.py:90: in import_module
    return _bootstrap._gcd_import(name[level:], package, level)
           ^^^^^^^^^^^^^^^^^^^^^^^^^^^^^^^^^^^^^^^^^^^^^^^^^^^^
tests/test_allocation_signals.py:1: in <module>
    from app.strategies.engine import StrategyEngine
app/strategies/engine.py:3: in <module>
    from app.performance_plane.models import AttributionNode
app/performance_plane/models.py:1: in <module>
    from pydantic import BaseModel, Field
E   ModuleNotFoundError: No module named 'pydantic'
______________ ERROR collecting tests/test_allocation_sleeves.py _______________
ImportError while importing test module '/app/tests/test_allocation_sleeves.py'.
Hint: make sure your test modules/packages have valid Python names.
Traceback:
/usr/lib/python3.12/importlib/__init__.py:90: in import_module
    return _bootstrap._gcd_import(name[level:], package, level)
           ^^^^^^^^^^^^^^^^^^^^^^^^^^^^^^^^^^^^^^^^^^^^^^^^^^^^
tests/test_allocation_sleeves.py:1: in <module>
    from app.allocation.sleeves import SleeveRegistry
app/allocation/sleeves.py:2: in <module>
    from app.allocation.models import SleeveDefinition
app/allocation/models.py:1: in <module>
    from pydantic import BaseModel, Field
E   ModuleNotFoundError: No module named 'pydantic'
_______________ ERROR collecting tests/test_allocation_trust.py ________________
ImportError while importing test module '/app/tests/test_allocation_trust.py'.
Hint: make sure your test modules/packages have valid Python names.
Traceback:
/usr/lib/python3.12/importlib/__init__.py:90: in import_module
    return _bootstrap._gcd_import(name[level:], package, level)
           ^^^^^^^^^^^^^^^^^^^^^^^^^^^^^^^^^^^^^^^^^^^^^^^^^^^^
tests/test_allocation_trust.py:1: in <module>
    from app.allocation.trust import TrustEvaluator
E   ImportError: cannot import name 'TrustEvaluator' from 'app.allocation.trust' (/app/app/allocation/trust.py)
______________ ERROR collecting tests/test_allocation_turnover.py ______________
ImportError while importing test module '/app/tests/test_allocation_turnover.py'.
Hint: make sure your test modules/packages have valid Python names.
Traceback:
/usr/lib/python3.12/importlib/__init__.py:90: in import_module
    return _bootstrap._gcd_import(name[level:], package, level)
           ^^^^^^^^^^^^^^^^^^^^^^^^^^^^^^^^^^^^^^^^^^^^^^^^^^^^
tests/test_allocation_turnover.py:1: in <module>
    from app.allocation.turnover import TurnoverEngine
app/allocation/turnover.py:2: in <module>
    from pydantic import BaseModel
E   ModuleNotFoundError: No module named 'pydantic'
_______________ ERROR collecting tests/test_analytics_storage.py _______________
ImportError while importing test module '/app/tests/test_analytics_storage.py'.
Hint: make sure your test modules/packages have valid Python names.
Traceback:
/usr/lib/python3.12/importlib/__init__.py:90: in import_module
    return _bootstrap._gcd_import(name[level:], package, level)
           ^^^^^^^^^^^^^^^^^^^^^^^^^^^^^^^^^^^^^^^^^^^^^^^^^^^^
tests/test_analytics_storage.py:4: in <module>
    from app.analytics.storage import AnalyticsStorage
app/analytics/storage.py:4: in <module>
    from app.analytics.models import SessionAnalyticsSummary, TradeJournalEntry
app/analytics/models.py:1: in <module>
    from pydantic import BaseModel, Field
E   ModuleNotFoundError: No module named 'pydantic'
___________________ ERROR collecting tests/test_anomalies.py ___________________
ImportError while importing test module '/app/tests/test_anomalies.py'.
Hint: make sure your test modules/packages have valid Python names.
Traceback:
/usr/lib/python3.12/importlib/__init__.py:90: in import_module
    return _bootstrap._gcd_import(name[level:], package, level)
           ^^^^^^^^^^^^^^^^^^^^^^^^^^^^^^^^^^^^^^^^^^^^^^^^^^^^
tests/test_anomalies.py:2: in <module>
    from app.analytics.anomalies import AnomalyDetector
app/analytics/anomalies.py:3: in <module>
    from app.analytics.models import AnalyticsRun, AnomalyReport
app/analytics/models.py:1: in <module>
    from pydantic import BaseModel, Field
E   ModuleNotFoundError: No module named 'pydantic'
___________ ERROR collecting tests/test_assurance_plane_registry.py ____________
ImportError while importing test module '/app/tests/test_assurance_plane_registry.py'.
Hint: make sure your test modules/packages have valid Python names.
Traceback:
/usr/lib/python3.12/importlib/__init__.py:90: in import_module
    return _bootstrap._gcd_import(name[level:], package, level)
           ^^^^^^^^^^^^^^^^^^^^^^^^^^^^^^^^^^^^^^^^^^^^^^^^^^^^
tests/test_assurance_plane_registry.py:2: in <module>
    from app.assurance_plane.registry import AssuranceRegistry
app/assurance_plane/registry.py:2: in <module>
    from app.assurance_plane.models import AssuranceObject, AssuranceRecord
app/assurance_plane/models.py:1: in <module>
    from pydantic import BaseModel, Field
E   ModuleNotFoundError: No module named 'pydantic'
____________ ERROR collecting tests/test_automation_dependencies.py ____________
ImportError while importing test module '/app/tests/test_automation_dependencies.py'.
Hint: make sure your test modules/packages have valid Python names.
Traceback:
/usr/lib/python3.12/importlib/__init__.py:90: in import_module
    return _bootstrap._gcd_import(name[level:], package, level)
           ^^^^^^^^^^^^^^^^^^^^^^^^^^^^^^^^^^^^^^^^^^^^^^^^^^^^
tests/test_automation_dependencies.py:2: in <module>
    from app.automation.models import WorkflowDefinition, WorkflowStep, WorkflowType
app/automation/models.py:4: in <module>
    from pydantic import BaseModel, Field
E   ModuleNotFoundError: No module named 'pydantic'
_____________ ERROR collecting tests/test_automation_execution.py ______________
ImportError while importing test module '/app/tests/test_automation_execution.py'.
Hint: make sure your test modules/packages have valid Python names.
Traceback:
/usr/lib/python3.12/importlib/__init__.py:90: in import_module
    return _bootstrap._gcd_import(name[level:], package, level)
           ^^^^^^^^^^^^^^^^^^^^^^^^^^^^^^^^^^^^^^^^^^^^^^^^^^^^
tests/test_automation_execution.py:2: in <module>
    from app.automation.execution import AutomationEngine
app/automation/execution.py:5: in <module>
    from app.automation.models import (
app/automation/models.py:4: in <module>
    from pydantic import BaseModel, Field
E   ModuleNotFoundError: No module named 'pydantic'
______________ ERROR collecting tests/test_automation_history.py _______________
ImportError while importing test module '/app/tests/test_automation_history.py'.
Hint: make sure your test modules/packages have valid Python names.
Traceback:
/usr/lib/python3.12/importlib/__init__.py:90: in import_module
    return _bootstrap._gcd_import(name[level:], package, level)
           ^^^^^^^^^^^^^^^^^^^^^^^^^^^^^^^^^^^^^^^^^^^^^^^^^^^^
tests/test_automation_history.py:2: in <module>
    from app.automation.models import RunHistoryEntry
app/automation/models.py:4: in <module>
    from pydantic import BaseModel, Field
E   ModuleNotFoundError: No module named 'pydantic'
___________ ERROR collecting tests/test_automation_preconditions.py ____________
ImportError while importing test module '/app/tests/test_automation_preconditions.py'.
Hint: make sure your test modules/packages have valid Python names.
Traceback:
/usr/lib/python3.12/importlib/__init__.py:90: in import_module
    return _bootstrap._gcd_import(name[level:], package, level)
           ^^^^^^^^^^^^^^^^^^^^^^^^^^^^^^^^^^^^^^^^^^^^^^^^^^^^
tests/test_automation_preconditions.py:1: in <module>
    from app.automation.models import (
app/automation/models.py:4: in <module>
    from pydantic import BaseModel, Field
E   ModuleNotFoundError: No module named 'pydantic'
_____________ ERROR collecting tests/test_automation_schedules.py ______________
ImportError while importing test module '/app/tests/test_automation_schedules.py'.
Hint: make sure your test modules/packages have valid Python names.
Traceback:
/usr/lib/python3.12/importlib/__init__.py:90: in import_module
    return _bootstrap._gcd_import(name[level:], package, level)
           ^^^^^^^^^^^^^^^^^^^^^^^^^^^^^^^^^^^^^^^^^^^^^^^^^^^^
tests/test_automation_schedules.py:2: in <module>
    from app.automation.models import JobSchedule
app/automation/models.py:4: in <module>
    from pydantic import BaseModel, Field
E   ModuleNotFoundError: No module named 'pydantic'
______________ ERROR collecting tests/test_automation_windows.py _______________
ImportError while importing test module '/app/tests/test_automation_windows.py'.
Hint: make sure your test modules/packages have valid Python names.
Traceback:
/usr/lib/python3.12/importlib/__init__.py:90: in import_module
    return _bootstrap._gcd_import(name[level:], package, level)
           ^^^^^^^^^^^^^^^^^^^^^^^^^^^^^^^^^^^^^^^^^^^^^^^^^^^^
tests/test_automation_windows.py:2: in <module>
    from app.automation.windows import evaluate_quiet_hours, evaluate_maintenance_policy
app/automation/windows.py:2: in <module>
    from app.automation.models import QuietHoursPolicy, MaintenanceAwarePolicy
app/automation/models.py:4: in <module>
    from pydantic import BaseModel, Field
E   ModuleNotFoundError: No module named 'pydantic'
__________________ ERROR collecting tests/test_benchmarks.py ___________________
ImportError while importing test module '/app/tests/test_benchmarks.py'.
Hint: make sure your test modules/packages have valid Python names.
Traceback:
/usr/lib/python3.12/importlib/__init__.py:90: in import_module
    return _bootstrap._gcd_import(name[level:], package, level)
           ^^^^^^^^^^^^^^^^^^^^^^^^^^^^^^^^^^^^^^^^^^^^^^^^^^^^
tests/test_benchmarks.py:3: in <module>
    from app.backtest.validation.benchmarks import (
app/backtest/validation/benchmarks.py:3: in <module>
    from app.backtest.validation.models import BaselineStrategyDescriptor
app/backtest/validation/models.py:1: in <module>
    from pydantic import BaseModel, Field
E   ModuleNotFoundError: No module named 'pydantic'
_________ ERROR collecting tests/test_binance_exchange_info_parser.py __________
ImportError while importing test module '/app/tests/test_binance_exchange_info_parser.py'.
Hint: make sure your test modules/packages have valid Python names.
Traceback:
/usr/lib/python3.12/importlib/__init__.py:90: in import_module
    return _bootstrap._gcd_import(name[level:], package, level)
           ^^^^^^^^^^^^^^^^^^^^^^^^^^^^^^^^^^^^^^^^^^^^^^^^^^^^
tests/test_binance_exchange_info_parser.py:3: in <module>
    from app.connectors.binance.exchange_info_service import ExchangeInfoService
app/connectors/binance/exchange_info_service.py:3: in <module>
    from app.connectors.binance.client_factory import BinancePublicClient
app/connectors/binance/client_factory.py:1: in <module>
    import requests
E   ModuleNotFoundError: No module named 'requests'
____________ ERROR collecting tests/test_binance_health_service.py _____________
ImportError while importing test module '/app/tests/test_binance_health_service.py'.
Hint: make sure your test modules/packages have valid Python names.
Traceback:
/usr/lib/python3.12/importlib/__init__.py:90: in import_module
    return _bootstrap._gcd_import(name[level:], package, level)
           ^^^^^^^^^^^^^^^^^^^^^^^^^^^^^^^^^^^^^^^^^^^^^^^^^^^^
tests/test_binance_health_service.py:3: in <module>
    from app.config.models import AppConfig
app/config/models.py:1: in <module>
    from pydantic import BaseModel, Field, SecretStr, validator
E   ModuleNotFoundError: No module named 'pydantic'
_____________ ERROR collecting tests/test_binance_symbol_rules.py ______________
ImportError while importing test module '/app/tests/test_binance_symbol_rules.py'.
Hint: make sure your test modules/packages have valid Python names.
Traceback:
/usr/lib/python3.12/importlib/__init__.py:90: in import_module
    return _bootstrap._gcd_import(name[level:], package, level)
           ^^^^^^^^^^^^^^^^^^^^^^^^^^^^^^^^^^^^^^^^^^^^^^^^^^^^
tests/test_binance_symbol_rules.py:3: in <module>
    from app.connectors.binance.models import SymbolMetadata, SymbolFilter
app/connectors/binance/models.py:1: in <module>
    from pydantic import BaseModel
E   ModuleNotFoundError: No module named 'pydantic'
_____________ ERROR collecting tests/test_binance_time_service.py ______________
ImportError while importing test module '/app/tests/test_binance_time_service.py'.
Hint: make sure your test modules/packages have valid Python names.
Traceback:
/usr/lib/python3.12/importlib/__init__.py:90: in import_module
    return _bootstrap._gcd_import(name[level:], package, level)
           ^^^^^^^^^^^^^^^^^^^^^^^^^^^^^^^^^^^^^^^^^^^^^^^^^^^^
tests/test_binance_time_service.py:3: in <module>
    from app.connectors.binance.time_service import TimeService
app/connectors/binance/time_service.py:3: in <module>
    from app.connectors.binance.client_factory import BinancePublicClient
app/connectors/binance/client_factory.py:1: in <module>
    import requests
E   ModuleNotFoundError: No module named 'requests'
___________________ ERROR collecting tests/test_bootstrap.py ___________________
ImportError while importing test module '/app/tests/test_bootstrap.py'.
Hint: make sure your test modules/packages have valid Python names.
Traceback:
/usr/lib/python3.12/importlib/__init__.py:90: in import_module
    return _bootstrap._gcd_import(name[level:], package, level)
           ^^^^^^^^^^^^^^^^^^^^^^^^^^^^^^^^^^^^^^^^^^^^^^^^^^^^
tests/test_bootstrap.py:4: in <module>
    from app.core.bootstrap import bootstrap
app/core/bootstrap.py:8: in <module>
    from app.core.logging import setup_logging, get_logger
app/core/logging.py:62: in <module>
    from app.observability.telemetry import ingester
app/observability/telemetry.py:3: in <module>
    from app.observability.models import TelemetryEvent
app/observability/models.py:4: in <module>
    from pydantic import BaseModel, Field
E   ModuleNotFoundError: No module named 'pydantic'
________________ ERROR collecting tests/test_bundle_registry.py ________________
ImportError while importing test module '/app/tests/test_bundle_registry.py'.
Hint: make sure your test modules/packages have valid Python names.
Traceback:
/usr/lib/python3.12/importlib/__init__.py:90: in import_module
    return _bootstrap._gcd_import(name[level:], package, level)
           ^^^^^^^^^^^^^^^^^^^^^^^^^^^^^^^^^^^^^^^^^^^^^^^^^^^^
tests/test_bundle_registry.py:1: in <module>
    from app.governance.bundle_registry import BundleRegistry
app/governance/bundle_registry.py:2: in <module>
    from app.governance.models import CandidateBundle
app/governance/models.py:2: in <module>
    from pydantic import BaseModel, Field
E   ModuleNotFoundError: No module named 'pydantic'
________________ ERROR collecting tests/test_cancel_replace.py _________________
ImportError while importing test module '/app/tests/test_cancel_replace.py'.
Hint: make sure your test modules/packages have valid Python names.
Traceback:
/usr/lib/python3.12/importlib/__init__.py:90: in import_module
    return _bootstrap._gcd_import(name[level:], package, level)
           ^^^^^^^^^^^^^^^^^^^^^^^^^^^^^^^^^^^^^^^^^^^^^^^^^^^^
tests/test_cancel_replace.py:2: in <module>
    from app.execution.live.cancel_replace import CancelReplaceEngine
app/execution/live/cancel_replace.py:3: in <module>
    from app.execution.live.models import (
app/execution/live/models.py:1: in <module>
    from pydantic import BaseModel, Field
E   ModuleNotFoundError: No module named 'pydantic'
______________ ERROR collecting tests/test_candidate_assembler.py ______________
ImportError while importing test module '/app/tests/test_candidate_assembler.py'.
Hint: make sure your test modules/packages have valid Python names.
Traceback:
/usr/lib/python3.12/importlib/__init__.py:90: in import_module
    return _bootstrap._gcd_import(name[level:], package, level)
           ^^^^^^^^^^^^^^^^^^^^^^^^^^^^^^^^^^^^^^^^^^^^^^^^^^^^
tests/test_candidate_assembler.py:1: in <module>
    from app.governance.candidate_assembler import CandidateAssembler
app/governance/candidate_assembler.py:1: in <module>
    from app.data_governance.models import LineageNode, SchemaVersionRef, TrustVerdict
app/data_governance/__init__.py:3: in <module>
    from app.data_governance.models import *
app/data_governance/models.py:1: in <module>
    from pydantic import BaseModel, Field
E   ModuleNotFoundError: No module named 'pydantic'
__________ ERROR collecting tests/test_capacity_plane_allocations.py ___________
ImportError while importing test module '/app/tests/test_capacity_plane_allocations.py'.
Hint: make sure your test modules/packages have valid Python names.
Traceback:
/usr/lib/python3.12/importlib/__init__.py:90: in import_module
    return _bootstrap._gcd_import(name[level:], package, level)
           ^^^^^^^^^^^^^^^^^^^^^^^^^^^^^^^^^^^^^^^^^^^^^^^^^^^^
tests/test_capacity_plane_allocations.py:2: in <module>
    from app.capacity_plane.allocations import create_allocation, list_allocations
app/capacity_plane/allocations.py:3: in <module>
    from app.capacity_plane.models import AllocationRecord
app/capacity_plane/models.py:1: in <module>
    from pydantic import BaseModel, Field
E   ModuleNotFoundError: No module named 'pydantic'
__________ ERROR collecting tests/test_capacity_plane_equivalence.py ___________
ImportError while importing test module '/app/tests/test_capacity_plane_equivalence.py'.
Hint: make sure your test modules/packages have valid Python names.
Traceback:
/usr/lib/python3.12/importlib/__init__.py:90: in import_module
    return _bootstrap._gcd_import(name[level:], package, level)
           ^^^^^^^^^^^^^^^^^^^^^^^^^^^^^^^^^^^^^^^^^^^^^^^^^^^^
tests/test_capacity_plane_equivalence.py:1: in <module>
    from app.capacity_plane.equivalence import (
app/capacity_plane/equivalence.py:3: in <module>
    from app.capacity_plane.models import CapacityEquivalenceReport
app/capacity_plane/models.py:1: in <module>
    from pydantic import BaseModel, Field
E   ModuleNotFoundError: No module named 'pydantic'
____________ ERROR collecting tests/test_capacity_plane_fairness.py ____________
ImportError while importing test module '/app/tests/test_capacity_plane_fairness.py'.
Hint: make sure your test modules/packages have valid Python names.
Traceback:
/usr/lib/python3.12/importlib/__init__.py:90: in import_module
    return _bootstrap._gcd_import(name[level:], package, level)
           ^^^^^^^^^^^^^^^^^^^^^^^^^^^^^^^^^^^^^^^^^^^^^^^^^^^^
tests/test_capacity_plane_fairness.py:1: in <module>
    from app.capacity_plane.fairness import report_fairness, list_fairness_reports
E   ImportError: cannot import name 'report_fairness' from 'app.capacity_plane.fairness' (/app/app/capacity_plane/fairness.py)
____________ ERROR collecting tests/test_capacity_plane_registry.py ____________
ImportError while importing test module '/app/tests/test_capacity_plane_registry.py'.
Hint: make sure your test modules/packages have valid Python names.
Traceback:
/usr/lib/python3.12/importlib/__init__.py:90: in import_module
    return _bootstrap._gcd_import(name[level:], package, level)
           ^^^^^^^^^^^^^^^^^^^^^^^^^^^^^^^^^^^^^^^^^^^^^^^^^^^^
tests/test_capacity_plane_registry.py:2: in <module>
    from app.capacity_plane.registry import CanonicalCapacityRegistry
app/capacity_plane/registry.py:2: in <module>
    from pydantic import BaseModel, Field
E   ModuleNotFoundError: No module named 'pydantic'
__________ ERROR collecting tests/test_capacity_plane_reservations.py __________
ImportError while importing test module '/app/tests/test_capacity_plane_reservations.py'.
Hint: make sure your test modules/packages have valid Python names.
Traceback:
/usr/lib/python3.12/importlib/__init__.py:90: in import_module
    return _bootstrap._gcd_import(name[level:], package, level)
           ^^^^^^^^^^^^^^^^^^^^^^^^^^^^^^^^^^^^^^^^^^^^^^^^^^^^
tests/test_capacity_plane_reservations.py:2: in <module>
    from app.capacity_plane.reservations import create_reservation, list_reservations
E   ImportError: cannot import name 'create_reservation' from 'app.capacity_plane.reservations' (/app/app/capacity_plane/reservations.py)
___________ ERROR collecting tests/test_capacity_plane_saturation.py ___________
ImportError while importing test module '/app/tests/test_capacity_plane_saturation.py'.
Hint: make sure your test modules/packages have valid Python names.
Traceback:
/usr/lib/python3.12/importlib/__init__.py:90: in import_module
    return _bootstrap._gcd_import(name[level:], package, level)
           ^^^^^^^^^^^^^^^^^^^^^^^^^^^^^^^^^^^^^^^^^^^^^^^^^^^^
tests/test_capacity_plane_saturation.py:1: in <module>
    from app.capacity_plane.saturation import record_saturation, list_saturation_records
app/capacity_plane/saturation.py:3: in <module>
    from app.capacity_plane.models import SaturationRecord
app/capacity_plane/models.py:1: in <module>
    from pydantic import BaseModel, Field
E   ModuleNotFoundError: No module named 'pydantic'
_____________ ERROR collecting tests/test_capacity_plane_trust.py ______________
ImportError while importing test module '/app/tests/test_capacity_plane_trust.py'.
Hint: make sure your test modules/packages have valid Python names.
Traceback:
/usr/lib/python3.12/importlib/__init__.py:90: in import_module
    return _bootstrap._gcd_import(name[level:], package, level)
           ^^^^^^^^^^^^^^^^^^^^^^^^^^^^^^^^^^^^^^^^^^^^^^^^^^^^
tests/test_capacity_plane_trust.py:1: in <module>
    from app.capacity_plane.trust import evaluate_capacity_trust
app/capacity_plane/trust.py:3: in <module>
    from app.capacity_plane.models import CapacityTrustVerdictModel
app/capacity_plane/models.py:1: in <module>
    from pydantic import BaseModel, Field
E   ModuleNotFoundError: No module named 'pydantic'
________________ ERROR collecting tests/test_capital_budgets.py ________________
ImportError while importing test module '/app/tests/test_capital_budgets.py'.
Hint: make sure your test modules/packages have valid Python names.
Traceback:
/usr/lib/python3.12/importlib/__init__.py:90: in import_module
    return _bootstrap._gcd_import(name[level:], package, level)
           ^^^^^^^^^^^^^^^^^^^^^^^^^^^^^^^^^^^^^^^^^^^^^^^^^^^^
tests/test_capital_budgets.py:1: in <module>
    from app.capital.tiers import get_tier
app/capital/__init__.py:4: in <module>
    from app.capital.tiers import get_tier, get_all_tiers, register_tier
app/capital/tiers.py:2: in <module>
    from app.capital.models import CapitalTier, ExposureBudget, LossBudget
app/capital/models.py:1: in <module>
    from pydantic import BaseModel, Field
E   ModuleNotFoundError: No module named 'pydantic'
_________________ ERROR collecting tests/test_capital_caps.py __________________
ImportError while importing test module '/app/tests/test_capital_caps.py'.
Hint: make sure your test modules/packages have valid Python names.
Traceback:
/usr/lib/python3.12/importlib/__init__.py:90: in import_module
    return _bootstrap._gcd_import(name[level:], package, level)
           ^^^^^^^^^^^^^^^^^^^^^^^^^^^^^^^^^^^^^^^^^^^^^^^^^^^^
tests/test_capital_caps.py:2: in <module>
    from app.execution.live_runtime.capital_caps import CapitalCapEnforcer
app/execution/live_runtime/capital_caps.py:1: in <module>
    from app.execution.live_runtime.models import (
app/execution/live_runtime/models.py:1: in <module>
    from pydantic import BaseModel, Field
E   ModuleNotFoundError: No module named 'pydantic'
______________ ERROR collecting tests/test_capital_escalation.py _______________
ImportError while importing test module '/app/tests/test_capital_escalation.py'.
Hint: make sure your test modules/packages have valid Python names.
Traceback:
/usr/lib/python3.12/importlib/__init__.py:90: in import_module
    return _bootstrap._gcd_import(name[level:], package, level)
           ^^^^^^^^^^^^^^^^^^^^^^^^^^^^^^^^^^^^^^^^^^^^^^^^^^^^
tests/test_capital_escalation.py:1: in <module>
    from app.capital.escalation import escalation_engine
app/capital/__init__.py:4: in <module>
    from app.capital.tiers import get_tier, get_all_tiers, register_tier
app/capital/tiers.py:2: in <module>
    from app.capital.models import CapitalTier, ExposureBudget, LossBudget
app/capital/models.py:1: in <module>
    from pydantic import BaseModel, Field
E   ModuleNotFoundError: No module named 'pydantic'
_______________ ERROR collecting tests/test_capital_evidence.py ________________
ImportError while importing test module '/app/tests/test_capital_evidence.py'.
Hint: make sure your test modules/packages have valid Python names.
Traceback:
/usr/lib/python3.12/importlib/__init__.py:90: in import_module
    return _bootstrap._gcd_import(name[level:], package, level)
           ^^^^^^^^^^^^^^^^^^^^^^^^^^^^^^^^^^^^^^^^^^^^^^^^^^^^
tests/test_capital_evidence.py:1: in <module>
    from app.capital.evidence import build_evidence_bundle, check_required_evidence
app/capital/__init__.py:4: in <module>
    from app.capital.tiers import get_tier, get_all_tiers, register_tier
app/capital/tiers.py:2: in <module>
    from app.capital.models import CapitalTier, ExposureBudget, LossBudget
app/capital/models.py:1: in <module>
    from pydantic import BaseModel, Field
E   ModuleNotFoundError: No module named 'pydantic'
________________ ERROR collecting tests/test_capital_freeze.py _________________
ImportError while importing test module '/app/tests/test_capital_freeze.py'.
Hint: make sure your test modules/packages have valid Python names.
Traceback:
/usr/lib/python3.12/importlib/__init__.py:90: in import_module
    return _bootstrap._gcd_import(name[level:], package, level)
           ^^^^^^^^^^^^^^^^^^^^^^^^^^^^^^^^^^^^^^^^^^^^^^^^^^^^
tests/test_capital_freeze.py:1: in <module>
    from app.capital.freeze import FreezeManager
app/capital/__init__.py:4: in <module>
    from app.capital.tiers import get_tier, get_all_tiers, register_tier
app/capital/tiers.py:2: in <module>
    from app.capital.models import CapitalTier, ExposureBudget, LossBudget
app/capital/models.py:1: in <module>
    from pydantic import BaseModel, Field
E   ModuleNotFoundError: No module named 'pydantic'
________________ ERROR collecting tests/test_capital_ladder.py _________________
ImportError while importing test module '/app/tests/test_capital_ladder.py'.
Hint: make sure your test modules/packages have valid Python names.
Traceback:
/usr/lib/python3.12/importlib/__init__.py:90: in import_module
    return _bootstrap._gcd_import(name[level:], package, level)
           ^^^^^^^^^^^^^^^^^^^^^^^^^^^^^^^^^^^^^^^^^^^^^^^^^^^^
tests/test_capital_ladder.py:1: in <module>
    from app.capital.ladder import get_ladder, is_transition_allowed, get_next_logical_tier
app/capital/__init__.py:4: in <module>
    from app.capital.tiers import get_tier, get_all_tiers, register_tier
app/capital/tiers.py:2: in <module>
    from app.capital.models import CapitalTier, ExposureBudget, LossBudget
app/capital/models.py:1: in <module>
    from pydantic import BaseModel, Field
E   ModuleNotFoundError: No module named 'pydantic'
______________ ERROR collecting tests/test_capital_performance.py ______________
ImportError while importing test module '/app/tests/test_capital_performance.py'.
Hint: make sure your test modules/packages have valid Python names.
Traceback:
/usr/lib/python3.12/importlib/__init__.py:90: in import_module
    return _bootstrap._gcd_import(name[level:], package, level)
           ^^^^^^^^^^^^^^^^^^^^^^^^^^^^^^^^^^^^^^^^^^^^^^^^^^^^
tests/test_capital_performance.py:1: in <module>
    from app.capital.performance import summarize_capital_performance
app/capital/__init__.py:4: in <module>
    from app.capital.tiers import get_tier, get_all_tiers, register_tier
app/capital/tiers.py:2: in <module>
    from app.capital.models import CapitalTier, ExposureBudget, LossBudget
app/capital/models.py:1: in <module>
    from pydantic import BaseModel, Field
E   ModuleNotFoundError: No module named 'pydantic'
________________ ERROR collecting tests/test_capital_posture.py ________________
ImportError while importing test module '/app/tests/test_capital_posture.py'.
Hint: make sure your test modules/packages have valid Python names.
Traceback:
/usr/lib/python3.12/importlib/__init__.py:90: in import_module
    return _bootstrap._gcd_import(name[level:], package, level)
           ^^^^^^^^^^^^^^^^^^^^^^^^^^^^^^^^^^^^^^^^^^^^^^^^^^^^
tests/test_capital_posture.py:1: in <module>
    from app.capital.posture import generate_posture_snapshot
app/capital/__init__.py:4: in <module>
    from app.capital.tiers import get_tier, get_all_tiers, register_tier
app/capital/tiers.py:2: in <module>
    from app.capital.models import CapitalTier, ExposureBudget, LossBudget
app/capital/models.py:1: in <module>
    from pydantic import BaseModel, Field
E   ModuleNotFoundError: No module named 'pydantic'
_______________ ERROR collecting tests/test_capital_reduction.py _______________
ImportError while importing test module '/app/tests/test_capital_reduction.py'.
Hint: make sure your test modules/packages have valid Python names.
Traceback:
/usr/lib/python3.12/importlib/__init__.py:90: in import_module
    return _bootstrap._gcd_import(name[level:], package, level)
           ^^^^^^^^^^^^^^^^^^^^^^^^^^^^^^^^^^^^^^^^^^^^^^^^^^^^
tests/test_capital_reduction.py:1: in <module>
    from app.capital.reduction import evaluate_reduction_needs
app/capital/__init__.py:4: in <module>
    from app.capital.tiers import get_tier, get_all_tiers, register_tier
app/capital/tiers.py:2: in <module>
    from app.capital.models import CapitalTier, ExposureBudget, LossBudget
app/capital/models.py:1: in <module>
    from pydantic import BaseModel, Field
E   ModuleNotFoundError: No module named 'pydantic'
________________ ERROR collecting tests/test_capital_storage.py ________________
ImportError while importing test module '/app/tests/test_capital_storage.py'.
Hint: make sure your test modules/packages have valid Python names.
Traceback:
/usr/lib/python3.12/importlib/__init__.py:90: in import_module
    return _bootstrap._gcd_import(name[level:], package, level)
           ^^^^^^^^^^^^^^^^^^^^^^^^^^^^^^^^^^^^^^^^^^^^^^^^^^^^
tests/test_capital_storage.py:1: in <module>
    from app.capital.storage import capital_storage
app/capital/__init__.py:4: in <module>
    from app.capital.tiers import get_tier, get_all_tiers, register_tier
app/capital/tiers.py:2: in <module>
    from app.capital.models import CapitalTier, ExposureBudget, LossBudget
app/capital/models.py:1: in <module>
    from pydantic import BaseModel, Field
E   ModuleNotFoundError: No module named 'pydantic'
_________________ ERROR collecting tests/test_capital_tiers.py _________________
ImportError while importing test module '/app/tests/test_capital_tiers.py'.
Hint: make sure your test modules/packages have valid Python names.
Traceback:
/usr/lib/python3.12/importlib/__init__.py:90: in import_module
    return _bootstrap._gcd_import(name[level:], package, level)
           ^^^^^^^^^^^^^^^^^^^^^^^^^^^^^^^^^^^^^^^^^^^^^^^^^^^^
tests/test_capital_tiers.py:1: in <module>
    from app.capital.tiers import get_tier, get_all_tiers
app/capital/__init__.py:4: in <module>
    from app.capital.tiers import get_tier, get_all_tiers, register_tier
app/capital/tiers.py:2: in <module>
    from app.capital.models import CapitalTier, ExposureBudget, LossBudget
app/capital/models.py:1: in <module>
    from pydantic import BaseModel, Field
E   ModuleNotFoundError: No module named 'pydantic'
_______________ ERROR collecting tests/test_capital_tranches.py ________________
ImportError while importing test module '/app/tests/test_capital_tranches.py'.
Hint: make sure your test modules/packages have valid Python names.
Traceback:
/usr/lib/python3.12/importlib/__init__.py:90: in import_module
    return _bootstrap._gcd_import(name[level:], package, level)
           ^^^^^^^^^^^^^^^^^^^^^^^^^^^^^^^^^^^^^^^^^^^^^^^^^^^^
tests/test_capital_tranches.py:1: in <module>
    from app.capital.models import CapitalTranche
app/capital/__init__.py:4: in <module>
    from app.capital.tiers import get_tier, get_all_tiers, register_tier
app/capital/tiers.py:2: in <module>
    from app.capital.models import CapitalTier, ExposureBudget, LossBudget
app/capital/models.py:1: in <module>
    from pydantic import BaseModel, Field
E   ModuleNotFoundError: No module named 'pydantic'
______________ ERROR collecting tests/test_capital_transitions.py ______________
ImportError while importing test module '/app/tests/test_capital_transitions.py'.
Hint: make sure your test modules/packages have valid Python names.
Traceback:
/usr/lib/python3.12/importlib/__init__.py:90: in import_module
    return _bootstrap._gcd_import(name[level:], package, level)
           ^^^^^^^^^^^^^^^^^^^^^^^^^^^^^^^^^^^^^^^^^^^^^^^^^^^^
tests/test_capital_transitions.py:1: in <module>
    from app.capital.transitions import create_transition_plan
app/capital/__init__.py:4: in <module>
    from app.capital.tiers import get_tier, get_all_tiers, register_tier
app/capital/tiers.py:2: in <module>
    from app.capital.models import CapitalTier, ExposureBudget, LossBudget
app/capital/models.py:1: in <module>
    from pydantic import BaseModel, Field
E   ModuleNotFoundError: No module named 'pydantic'
__________________ ERROR collecting tests/test_carry_costs.py __________________
ImportError while importing test module '/app/tests/test_carry_costs.py'.
Hint: make sure your test modules/packages have valid Python names.
Traceback:
/usr/lib/python3.12/importlib/__init__.py:90: in import_module
    return _bootstrap._gcd_import(name[level:], package, level)
           ^^^^^^^^^^^^^^^^^^^^^^^^^^^^^^^^^^^^^^^^^^^^^^^^^^^^
tests/test_carry_costs.py:2: in <module>
    from app.execution.derivatives.carry_costs import CarryCostAccounting
E   ImportError: cannot import name 'CarryCostAccounting' from 'app.execution.derivatives.carry_costs' (/app/app/execution/derivatives/carry_costs.py)
___________ ERROR collecting tests/test_commitment_plane_registry.py ___________
ImportError while importing test module '/app/tests/test_commitment_plane_registry.py'.
Hint: make sure your test modules/packages have valid Python names.
Traceback:
/usr/lib/python3.12/importlib/__init__.py:90: in import_module
    return _bootstrap._gcd_import(name[level:], package, level)
           ^^^^^^^^^^^^^^^^^^^^^^^^^^^^^^^^^^^^^^^^^^^^^^^^^^^^
tests/test_commitment_plane_registry.py:2: in <module>
    from app.commitment_plane.registry import CanonicalCommitmentRegistry
app/commitment_plane/__init__.py:2: in <module>
    from .models import *
app/commitment_plane/models.py:1: in <module>
    from pydantic import BaseModel, Field
E   ModuleNotFoundError: No module named 'pydantic'
__________________ ERROR collecting tests/test_comparisons.py __________________
ImportError while importing test module '/app/tests/test_comparisons.py'.
Hint: make sure your test modules/packages have valid Python names.
Traceback:
/usr/lib/python3.12/importlib/__init__.py:90: in import_module
    return _bootstrap._gcd_import(name[level:], package, level)
           ^^^^^^^^^^^^^^^^^^^^^^^^^^^^^^^^^^^^^^^^^^^^^^^^^^^^
tests/test_comparisons.py:3: in <module>
    from app.backtest.validation.comparisons import MetricComparisonEvaluator
app/backtest/validation/comparisons.py:2: in <module>
    from app.backtest.validation.models import (
app/backtest/validation/models.py:1: in <module>
    from pydantic import BaseModel, Field
E   ModuleNotFoundError: No module named 'pydantic'
_______________ ERROR collecting tests/test_compliance_plane.py ________________
ImportError while importing test module '/app/tests/test_compliance_plane.py'.
Hint: make sure your test modules/packages have valid Python names.
Traceback:
/usr/lib/python3.12/importlib/__init__.py:90: in import_module
    return _bootstrap._gcd_import(name[level:], package, level)
           ^^^^^^^^^^^^^^^^^^^^^^^^^^^^^^^^^^^^^^^^^^^^^^^^^^^^
tests/test_compliance_plane.py:3: in <module>
    from app.compliance_plane.models import (
app/compliance_plane/__init__.py:1: in <module>
    from app.compliance_plane.models import (
app/compliance_plane/models.py:1: in <module>
    from pydantic import BaseModel, Field
E   ModuleNotFoundError: No module named 'pydantic'
_________________ ERROR collecting tests/test_config_loader.py _________________
ImportError while importing test module '/app/tests/test_config_loader.py'.
Hint: make sure your test modules/packages have valid Python names.
Traceback:
/usr/lib/python3.12/importlib/__init__.py:90: in import_module
    return _bootstrap._gcd_import(name[level:], package, level)
           ^^^^^^^^^^^^^^^^^^^^^^^^^^^^^^^^^^^^^^^^^^^^^^^^^^^^
tests/test_config_loader.py:3: in <module>
    from app.config.loader import load_config, get_effective_config_dict
app/config/loader.py:4: in <module>
    from app.config.models import AppConfig
app/config/models.py:1: in <module>
    from pydantic import BaseModel, Field, SecretStr, validator
E   ModuleNotFoundError: No module named 'pydantic'
______________ ERROR collecting tests/test_config_plane_drift.py _______________
ImportError while importing test module '/app/tests/test_config_plane_drift.py'.
Hint: make sure your test modules/packages have valid Python names.
Traceback:
/usr/lib/python3.12/importlib/__init__.py:90: in import_module
    return _bootstrap._gcd_import(name[level:], package, level)
           ^^^^^^^^^^^^^^^^^^^^^^^^^^^^^^^^^^^^^^^^^^^^^^^^^^^^
tests/test_config_plane_drift.py:1: in <module>
    from app.config_plane.drift import detect_drift
app/config_plane/__init__.py:2: in <module>
    from .parameters import bootstrap_registry
app/config_plane/parameters.py:1: in <module>
    from app.config_plane.models import ConfigParameter, ConfigParameterRef
app/config_plane/models.py:1: in <module>
    from pydantic import BaseModel, Field
E   ModuleNotFoundError: No module named 'pydantic'
___________ ERROR collecting tests/test_config_plane_equivalence.py ____________
ImportError while importing test module '/app/tests/test_config_plane_equivalence.py'.
Hint: make sure your test modules/packages have valid Python names.
Traceback:
/usr/lib/python3.12/importlib/__init__.py:90: in import_module
    return _bootstrap._gcd_import(name[level:], package, level)
           ^^^^^^^^^^^^^^^^^^^^^^^^^^^^^^^^^^^^^^^^^^^^^^^^^^^^
tests/test_config_plane_equivalence.py:1: in <module>
    from app.config_plane.equivalence import evaluate_equivalence
app/config_plane/__init__.py:2: in <module>
    from .parameters import bootstrap_registry
app/config_plane/parameters.py:1: in <module>
    from app.config_plane.models import ConfigParameter, ConfigParameterRef
app/config_plane/models.py:1: in <module>
    from pydantic import BaseModel, Field
E   ModuleNotFoundError: No module named 'pydantic'
____________ ERROR collecting tests/test_config_plane_resolution.py ____________
ImportError while importing test module '/app/tests/test_config_plane_resolution.py'.
Hint: make sure your test modules/packages have valid Python names.
Traceback:
/usr/lib/python3.12/importlib/__init__.py:90: in import_module
    return _bootstrap._gcd_import(name[level:], package, level)
           ^^^^^^^^^^^^^^^^^^^^^^^^^^^^^^^^^^^^^^^^^^^^^^^^^^^^
tests/test_config_plane_resolution.py:1: in <module>
    from app.config_plane.resolution import resolution_engine
app/config_plane/__init__.py:2: in <module>
    from .parameters import bootstrap_registry
app/config_plane/parameters.py:1: in <module>
    from app.config_plane.models import ConfigParameter, ConfigParameterRef
app/config_plane/models.py:1: in <module>
    from pydantic import BaseModel, Field
E   ModuleNotFoundError: No module named 'pydantic'
_____________ ERROR collecting tests/test_config_plane_schemas.py ______________
ImportError while importing test module '/app/tests/test_config_plane_schemas.py'.
Hint: make sure your test modules/packages have valid Python names.
Traceback:
/usr/lib/python3.12/importlib/__init__.py:90: in import_module
    return _bootstrap._gcd_import(name[level:], package, level)
           ^^^^^^^^^^^^^^^^^^^^^^^^^^^^^^^^^^^^^^^^^^^^^^^^^^^^
tests/test_config_plane_schemas.py:1: in <module>
    from app.config_plane.schemas import registry
app/config_plane/__init__.py:2: in <module>
    from .parameters import bootstrap_registry
app/config_plane/parameters.py:1: in <module>
    from app.config_plane.models import ConfigParameter, ConfigParameterRef
app/config_plane/models.py:1: in <module>
    from pydantic import BaseModel, Field
E   ModuleNotFoundError: No module named 'pydantic'
___________________ ERROR collecting tests/test_conflicts.py ___________________
ImportError while importing test module '/app/tests/test_conflicts.py'.
Hint: make sure your test modules/packages have valid Python names.
Traceback:
/usr/lib/python3.12/importlib/__init__.py:90: in import_module
    return _bootstrap._gcd_import(name[level:], package, level)
           ^^^^^^^^^^^^^^^^^^^^^^^^^^^^^^^^^^^^^^^^^^^^^^^^^^^^
tests/test_conflicts.py:2: in <module>
    from app.strategies.conflicts import ConflictResolver
app/strategies/conflicts.py:4: in <module>
    from app.strategies.models import EntryIntentCandidate, SignalConflict, SignalResolution
app/strategies/models.py:2: in <module>
    from pydantic import BaseModel, Field
E   ModuleNotFoundError: No module named 'pydantic'
______________ ERROR collecting tests/test_constitution_plane.py _______________
ImportError while importing test module '/app/tests/test_constitution_plane.py'.
Hint: make sure your test modules/packages have valid Python names.
Traceback:
/usr/lib/python3.12/importlib/__init__.py:90: in import_module
    return _bootstrap._gcd_import(name[level:], package, level)
           ^^^^^^^^^^^^^^^^^^^^^^^^^^^^^^^^^^^^^^^^^^^^^^^^^^^^
tests/test_constitution_plane.py:1: in <module>
    from app.constitution_plane.models import DomainVerdictRecord, PrecedenceRecord
app/constitution_plane/models.py:1: in <module>
    from pydantic import BaseModel, Field
E   ModuleNotFoundError: No module named 'pydantic'
___________ ERROR collecting tests/test_continuity_plane_backups.py ____________
ImportError while importing test module '/app/tests/test_continuity_plane_backups.py'.
Hint: make sure your test modules/packages have valid Python names.
Traceback:
/usr/lib/python3.12/importlib/__init__.py:90: in import_module
    return _bootstrap._gcd_import(name[level:], package, level)
           ^^^^^^^^^^^^^^^^^^^^^^^^^^^^^^^^^^^^^^^^^^^^^^^^^^^^
tests/test_continuity_plane_backups.py:2: in <module>
    from app.continuity_plane.backups import BackupManager
app/continuity_plane/backups.py:2: in <module>
    from app.continuity_plane.models import BackupPolicy
app/continuity_plane/models.py:1: in <module>
    from pydantic import BaseModel, Field
E   ModuleNotFoundError: No module named 'pydantic'
_________ ERROR collecting tests/test_continuity_plane_dependencies.py _________
ImportError while importing test module '/app/tests/test_continuity_plane_dependencies.py'.
Hint: make sure your test modules/packages have valid Python names.
Traceback:
/usr/lib/python3.12/importlib/__init__.py:90: in import_module
    return _bootstrap._gcd_import(name[level:], package, level)
           ^^^^^^^^^^^^^^^^^^^^^^^^^^^^^^^^^^^^^^^^^^^^^^^^^^^^
tests/test_continuity_plane_dependencies.py:2: in <module>
    from app.continuity_plane.dependencies import ContinuityDependencyAnalyzer
app/continuity_plane/dependencies.py:2: in <module>
    from app.continuity_plane.models import ContinuityService
app/continuity_plane/models.py:1: in <module>
    from pydantic import BaseModel, Field
E   ModuleNotFoundError: No module named 'pydantic'
__________ ERROR collecting tests/test_continuity_plane_divergence.py __________
ImportError while importing test module '/app/tests/test_continuity_plane_divergence.py'.
Hint: make sure your test modules/packages have valid Python names.
Traceback:
/usr/lib/python3.12/importlib/__init__.py:90: in import_module
    return _bootstrap._gcd_import(name[level:], package, level)
           ^^^^^^^^^^^^^^^^^^^^^^^^^^^^^^^^^^^^^^^^^^^^^^^^^^^^
tests/test_continuity_plane_divergence.py:3: in <module>
    from app.continuity_plane.divergence import ContinuityDivergenceAnalyzer
app/continuity_plane/divergence.py:2: in <module>
    from app.continuity_plane.models import ContinuityDivergenceReport
app/continuity_plane/models.py:1: in <module>
    from pydantic import BaseModel, Field
E   ModuleNotFoundError: No module named 'pydantic'
_________ ERROR collecting tests/test_continuity_plane_equivalence.py __________
ImportError while importing test module '/app/tests/test_continuity_plane_equivalence.py'.
Hint: make sure your test modules/packages have valid Python names.
Traceback:
/usr/lib/python3.12/importlib/__init__.py:90: in import_module
    return _bootstrap._gcd_import(name[level:], package, level)
           ^^^^^^^^^^^^^^^^^^^^^^^^^^^^^^^^^^^^^^^^^^^^^^^^^^^^
tests/test_continuity_plane_equivalence.py:3: in <module>
    from app.continuity_plane.equivalence import ContinuityEquivalenceAnalyzer
app/continuity_plane/equivalence.py:2: in <module>
    from app.continuity_plane.models import ContinuityEquivalenceReport
app/continuity_plane/models.py:1: in <module>
    from pydantic import BaseModel, Field
E   ModuleNotFoundError: No module named 'pydantic'
__________ ERROR collecting tests/test_continuity_plane_exposures.py ___________
ImportError while importing test module '/app/tests/test_continuity_plane_exposures.py'.
Hint: make sure your test modules/packages have valid Python names.
Traceback:
/usr/lib/python3.12/importlib/__init__.py:90: in import_module
    return _bootstrap._gcd_import(name[level:], package, level)
           ^^^^^^^^^^^^^^^^^^^^^^^^^^^^^^^^^^^^^^^^^^^^^^^^^^^^
tests/test_continuity_plane_exposures.py:3: in <module>
    from app.continuity_plane.exposures import ContinuityExposureManager
app/continuity_plane/exposures.py:2: in <module>
    from app.continuity_plane.models import ContinuityExposureRecord
app/continuity_plane/models.py:1: in <module>
    from pydantic import BaseModel, Field
E   ModuleNotFoundError: No module named 'pydantic'
___________ ERROR collecting tests/test_continuity_plane_failback.py ___________
ImportError while importing test module '/app/tests/test_continuity_plane_failback.py'.
Hint: make sure your test modules/packages have valid Python names.
Traceback:
/usr/lib/python3.12/importlib/__init__.py:90: in import_module
    return _bootstrap._gcd_import(name[level:], package, level)
           ^^^^^^^^^^^^^^^^^^^^^^^^^^^^^^^^^^^^^^^^^^^^^^^^^^^^
tests/test_continuity_plane_failback.py:3: in <module>
    from app.continuity_plane.failback import FailbackManager
app/continuity_plane/failback.py:2: in <module>
    from app.continuity_plane.models import FailbackRecord
app/continuity_plane/models.py:1: in <module>
    from pydantic import BaseModel, Field
E   ModuleNotFoundError: No module named 'pydantic'
___________ ERROR collecting tests/test_continuity_plane_failover.py ___________
ImportError while importing test module '/app/tests/test_continuity_plane_failover.py'.
Hint: make sure your test modules/packages have valid Python names.
Traceback:
/usr/lib/python3.12/importlib/__init__.py:90: in import_module
    return _bootstrap._gcd_import(name[level:], package, level)
           ^^^^^^^^^^^^^^^^^^^^^^^^^^^^^^^^^^^^^^^^^^^^^^^^^^^^
tests/test_continuity_plane_failover.py:3: in <module>
    from app.continuity_plane.failover import FailoverManager
app/continuity_plane/failover.py:2: in <module>
    from app.continuity_plane.models import FailoverRecord
app/continuity_plane/models.py:1: in <module>
    from pydantic import BaseModel, Field
E   ModuleNotFoundError: No module named 'pydantic'
_________ ERROR collecting tests/test_continuity_plane_forecasting.py __________
ImportError while importing test module '/app/tests/test_continuity_plane_forecasting.py'.
Hint: make sure your test modules/packages have valid Python names.
Traceback:
/usr/lib/python3.12/importlib/__init__.py:90: in import_module
    return _bootstrap._gcd_import(name[level:], package, level)
           ^^^^^^^^^^^^^^^^^^^^^^^^^^^^^^^^^^^^^^^^^^^^^^^^^^^^
tests/test_continuity_plane_forecasting.py:2: in <module>
    from app.continuity_plane.forecasting import ContinuityForecaster
E   ImportError: cannot import name 'ContinuityForecaster' from 'app.continuity_plane.forecasting' (/app/app/continuity_plane/forecasting.py)
__________ ERROR collecting tests/test_continuity_plane_incidents.py ___________
ImportError while importing test module '/app/tests/test_continuity_plane_incidents.py'.
Hint: make sure your test modules/packages have valid Python names.
Traceback:
/usr/lib/python3.12/importlib/__init__.py:90: in import_module
    return _bootstrap._gcd_import(name[level:], package, level)
           ^^^^^^^^^^^^^^^^^^^^^^^^^^^^^^^^^^^^^^^^^^^^^^^^^^^^
tests/test_continuity_plane_incidents.py:2: in <module>
    from app.continuity_plane.incidents import ContinuityIncidentManager
app/continuity_plane/incidents.py:2: in <module>
    from app.continuity_plane.models import ContinuityIncidentLink
app/continuity_plane/models.py:1: in <module>
    from pydantic import BaseModel, Field
E   ModuleNotFoundError: No module named 'pydantic'
__________ ERROR collecting tests/test_continuity_plane_manifests.py ___________
ImportError while importing test module '/app/tests/test_continuity_plane_manifests.py'.
Hint: make sure your test modules/packages have valid Python names.
Traceback:
/usr/lib/python3.12/importlib/__init__.py:90: in import_module
    return _bootstrap._gcd_import(name[level:], package, level)
           ^^^^^^^^^^^^^^^^^^^^^^^^^^^^^^^^^^^^^^^^^^^^^^^^^^^^
tests/test_continuity_plane_manifests.py:3: in <module>
    from app.continuity_plane.manifests import ContinuityManifestBuilder
app/continuity_plane/manifests.py:2: in <module>
    from app.continuity_plane.models import ContinuityArtifactManifest
app/continuity_plane/models.py:1: in <module>
    from pydantic import BaseModel, Field
E   ModuleNotFoundError: No module named 'pydantic'
__________ ERROR collecting tests/test_continuity_plane_objectives.py __________
ImportError while importing test module '/app/tests/test_continuity_plane_objectives.py'.
Hint: make sure your test modules/packages have valid Python names.
Traceback:
/usr/lib/python3.12/importlib/__init__.py:90: in import_module
    return _bootstrap._gcd_import(name[level:], package, level)
           ^^^^^^^^^^^^^^^^^^^^^^^^^^^^^^^^^^^^^^^^^^^^^^^^^^^^
tests/test_continuity_plane_objectives.py:2: in <module>
    from app.continuity_plane.objectives import ContinuityObjectiveManager
app/continuity_plane/objectives.py:2: in <module>
    from app.continuity_plane.models import ContinuityObjective
app/continuity_plane/models.py:1: in <module>
    from pydantic import BaseModel, Field
E   ModuleNotFoundError: No module named 'pydantic'
__________ ERROR collecting tests/test_continuity_plane_readiness.py ___________
ImportError while importing test module '/app/tests/test_continuity_plane_readiness.py'.
Hint: make sure your test modules/packages have valid Python names.
Traceback:
/usr/lib/python3.12/importlib/__init__.py:90: in import_module
    return _bootstrap._gcd_import(name[level:], package, level)
           ^^^^^^^^^^^^^^^^^^^^^^^^^^^^^^^^^^^^^^^^^^^^^^^^^^^^
tests/test_continuity_plane_readiness.py:2: in <module>
    from app.continuity_plane.readiness import ContinuityReadinessAggregator
E   ImportError: cannot import name 'ContinuityReadinessAggregator' from 'app.continuity_plane.readiness' (/app/app/continuity_plane/readiness.py)
___________ ERROR collecting tests/test_continuity_plane_registry.py ___________
ImportError while importing test module '/app/tests/test_continuity_plane_registry.py'.
Hint: make sure your test modules/packages have valid Python names.
Traceback:
/usr/lib/python3.12/importlib/__init__.py:90: in import_module
    return _bootstrap._gcd_import(name[level:], package, level)
           ^^^^^^^^^^^^^^^^^^^^^^^^^^^^^^^^^^^^^^^^^^^^^^^^^^^^
tests/test_continuity_plane_registry.py:2: in <module>
    from app.continuity_plane.registry import CanonicalContinuityRegistry
app/continuity_plane/registry.py:3: in <module>
    from app.continuity_plane.models import ContinuityService
app/continuity_plane/models.py:1: in <module>
    from pydantic import BaseModel, Field
E   ModuleNotFoundError: No module named 'pydantic'
_________ ERROR collecting tests/test_continuity_plane_replication.py __________
ImportError while importing test module '/app/tests/test_continuity_plane_replication.py'.
Hint: make sure your test modules/packages have valid Python names.
Traceback:
/usr/lib/python3.12/importlib/__init__.py:90: in import_module
    return _bootstrap._gcd_import(name[level:], package, level)
           ^^^^^^^^^^^^^^^^^^^^^^^^^^^^^^^^^^^^^^^^^^^^^^^^^^^^
tests/test_continuity_plane_replication.py:2: in <module>
    from app.continuity_plane.replication import ReplicationManager
app/continuity_plane/replication.py:2: in <module>
    from app.continuity_plane.models import ReplicationRecord
app/continuity_plane/models.py:1: in <module>
    from pydantic import BaseModel, Field
E   ModuleNotFoundError: No module named 'pydantic'
_____ ERROR collecting tests/test_continuity_plane_restore_verification.py _____
ImportError while importing test module '/app/tests/test_continuity_plane_restore_verification.py'.
Hint: make sure your test modules/packages have valid Python names.
Traceback:
/usr/lib/python3.12/importlib/__init__.py:90: in import_module
    return _bootstrap._gcd_import(name[level:], package, level)
           ^^^^^^^^^^^^^^^^^^^^^^^^^^^^^^^^^^^^^^^^^^^^^^^^^^^^
tests/test_continuity_plane_restore_verification.py:3: in <module>
    from app.continuity_plane.restore_verification import RestoreVerificationManager
app/continuity_plane/restore_verification.py:2: in <module>
    from app.continuity_plane.models import RestoreVerificationRecord
app/continuity_plane/models.py:1: in <module>
    from pydantic import BaseModel, Field
E   ModuleNotFoundError: No module named 'pydantic'
___________ ERROR collecting tests/test_continuity_plane_restores.py ___________
ImportError while importing test module '/app/tests/test_continuity_plane_restores.py'.
Hint: make sure your test modules/packages have valid Python names.
Traceback:
/usr/lib/python3.12/importlib/__init__.py:90: in import_module
    return _bootstrap._gcd_import(name[level:], package, level)
           ^^^^^^^^^^^^^^^^^^^^^^^^^^^^^^^^^^^^^^^^^^^^^^^^^^^^
tests/test_continuity_plane_restores.py:4: in <module>
    from app.continuity_plane.models import RestoreRecord
app/continuity_plane/models.py:1: in <module>
    from pydantic import BaseModel, Field
E   ModuleNotFoundError: No module named 'pydantic'
_____________ ERROR collecting tests/test_continuity_plane_rpo.py ______________
ImportError while importing test module '/app/tests/test_continuity_plane_rpo.py'.
Hint: make sure your test modules/packages have valid Python names.
Traceback:
/usr/lib/python3.12/importlib/__init__.py:90: in import_module
    return _bootstrap._gcd_import(name[level:], package, level)
           ^^^^^^^^^^^^^^^^^^^^^^^^^^^^^^^^^^^^^^^^^^^^^^^^^^^^
tests/test_continuity_plane_rpo.py:2: in <module>
    from app.continuity_plane.rpo import RpoManager
app/continuity_plane/rpo.py:2: in <module>
    from app.continuity_plane.models import RpoTarget
app/continuity_plane/models.py:1: in <module>
    from pydantic import BaseModel, Field
E   ModuleNotFoundError: No module named 'pydantic'
_____________ ERROR collecting tests/test_continuity_plane_rto.py ______________
ImportError while importing test module '/app/tests/test_continuity_plane_rto.py'.
Hint: make sure your test modules/packages have valid Python names.
Traceback:
/usr/lib/python3.12/importlib/__init__.py:90: in import_module
    return _bootstrap._gcd_import(name[level:], package, level)
           ^^^^^^^^^^^^^^^^^^^^^^^^^^^^^^^^^^^^^^^^^^^^^^^^^^^^
tests/test_continuity_plane_rto.py:2: in <module>
    from app.continuity_plane.rto import RtoManager
app/continuity_plane/rto.py:2: in <module>
    from app.continuity_plane.models import RtoTarget
app/continuity_plane/models.py:1: in <module>
    from pydantic import BaseModel, Field
E   ModuleNotFoundError: No module named 'pydantic'
___________ ERROR collecting tests/test_continuity_plane_services.py ___________
ImportError while importing test module '/app/tests/test_continuity_plane_services.py'.
Hint: make sure your test modules/packages have valid Python names.
Traceback:
/usr/lib/python3.12/importlib/__init__.py:90: in import_module
    return _bootstrap._gcd_import(name[level:], package, level)
           ^^^^^^^^^^^^^^^^^^^^^^^^^^^^^^^^^^^^^^^^^^^^^^^^^^^^
tests/test_continuity_plane_services.py:2: in <module>
    from app.continuity_plane.services import ContinuityServiceRegistry
app/continuity_plane/services.py:2: in <module>
    from app.continuity_plane.registry import CanonicalContinuityRegistry
app/continuity_plane/registry.py:3: in <module>
    from app.continuity_plane.models import ContinuityService
app/continuity_plane/models.py:1: in <module>
    from pydantic import BaseModel, Field
E   ModuleNotFoundError: No module named 'pydantic'
__________ ERROR collecting tests/test_continuity_plane_snapshots.py ___________
ImportError while importing test module '/app/tests/test_continuity_plane_snapshots.py'.
Hint: make sure your test modules/packages have valid Python names.
Traceback:
/usr/lib/python3.12/importlib/__init__.py:90: in import_module
    return _bootstrap._gcd_import(name[level:], package, level)
           ^^^^^^^^^^^^^^^^^^^^^^^^^^^^^^^^^^^^^^^^^^^^^^^^^^^^
tests/test_continuity_plane_snapshots.py:3: in <module>
    from app.continuity_plane.snapshots import SnapshotManager
app/continuity_plane/snapshots.py:2: in <module>
    from app.continuity_plane.models import SnapshotRecord
app/continuity_plane/models.py:1: in <module>
    from pydantic import BaseModel, Field
E   ModuleNotFoundError: No module named 'pydantic'
_________ ERROR collecting tests/test_continuity_plane_split_brain.py __________
ImportError while importing test module '/app/tests/test_continuity_plane_split_brain.py'.
Hint: make sure your test modules/packages have valid Python names.
Traceback:
/usr/lib/python3.12/importlib/__init__.py:90: in import_module
    return _bootstrap._gcd_import(name[level:], package, level)
           ^^^^^^^^^^^^^^^^^^^^^^^^^^^^^^^^^^^^^^^^^^^^^^^^^^^^
tests/test_continuity_plane_split_brain.py:3: in <module>
    from app.continuity_plane.split_brain import SplitBrainRiskManager
app/continuity_plane/split_brain.py:2: in <module>
    from app.continuity_plane.models import SplitBrainRiskRecord
app/continuity_plane/models.py:1: in <module>
    from pydantic import BaseModel, Field
E   ModuleNotFoundError: No module named 'pydantic'
___________ ERROR collecting tests/test_continuity_plane_standby.py ____________
ImportError while importing test module '/app/tests/test_continuity_plane_standby.py'.
Hint: make sure your test modules/packages have valid Python names.
Traceback:
/usr/lib/python3.12/importlib/__init__.py:90: in import_module
    return _bootstrap._gcd_import(name[level:], package, level)
           ^^^^^^^^^^^^^^^^^^^^^^^^^^^^^^^^^^^^^^^^^^^^^^^^^^^^
tests/test_continuity_plane_standby.py:3: in <module>
    from app.continuity_plane.standby import StandbyManager
app/continuity_plane/standby.py:2: in <module>
    from app.continuity_plane.models import StandbyModeRecord
app/continuity_plane/models.py:1: in <module>
    from pydantic import BaseModel, Field
E   ModuleNotFoundError: No module named 'pydantic'
____________ ERROR collecting tests/test_continuity_plane_states.py ____________
ImportError while importing test module '/app/tests/test_continuity_plane_states.py'.
Hint: make sure your test modules/packages have valid Python names.
Traceback:
/usr/lib/python3.12/importlib/__init__.py:90: in import_module
    return _bootstrap._gcd_import(name[level:], package, level)
           ^^^^^^^^^^^^^^^^^^^^^^^^^^^^^^^^^^^^^^^^^^^^^^^^^^^^
tests/test_continuity_plane_states.py:3: in <module>
    from app.continuity_plane.states import ContinuityStateManager
app/continuity_plane/states.py:2: in <module>
    from app.continuity_plane.models import ContinuityStateSnapshot
app/continuity_plane/models.py:1: in <module>
    from pydantic import BaseModel, Field
E   ModuleNotFoundError: No module named 'pydantic'
____________ ERROR collecting tests/test_continuity_plane_trust.py _____________
ImportError while importing test module '/app/tests/test_continuity_plane_trust.py'.
Hint: make sure your test modules/packages have valid Python names.
Traceback:
/usr/lib/python3.12/importlib/__init__.py:90: in import_module
    return _bootstrap._gcd_import(name[level:], package, level)
           ^^^^^^^^^^^^^^^^^^^^^^^^^^^^^^^^^^^^^^^^^^^^^^^^^^^^
tests/test_continuity_plane_trust.py:3: in <module>
    from app.continuity_plane.trust import TrustedContinuityVerdictEngine
app/continuity_plane/trust.py:3: in <module>
    from app.continuity_plane.models import ContinuityTrustVerdict
app/continuity_plane/models.py:1: in <module>
    from pydantic import BaseModel, Field
E   ModuleNotFoundError: No module named 'pydantic'
________________ ERROR collecting tests/test_control_actions.py ________________
ImportError while importing test module '/app/tests/test_control_actions.py'.
Hint: make sure your test modules/packages have valid Python names.
Traceback:
/usr/lib/python3.12/importlib/__init__.py:90: in import_module
    return _bootstrap._gcd_import(name[level:], package, level)
           ^^^^^^^^^^^^^^^^^^^^^^^^^^^^^^^^^^^^^^^^^^^^^^^^^^^^
tests/test_control_actions.py:1: in <module>
    from app.control.actions import registry
E   ImportError: cannot import name 'registry' from 'app.control.actions' (/app/app/control/actions.py)
_______________ ERROR collecting tests/test_control_approvals.py _______________
ImportError while importing test module '/app/tests/test_control_approvals.py'.
Hint: make sure your test modules/packages have valid Python names.
Traceback:
/usr/lib/python3.12/importlib/__init__.py:90: in import_module
    return _bootstrap._gcd_import(name[level:], package, level)
           ^^^^^^^^^^^^^^^^^^^^^^^^^^^^^^^^^^^^^^^^^^^^^^^^^^^^
tests/test_control_approvals.py:1: in <module>
    from app.control.approvals import manager as app_manager
app/control/approvals.py:3: in <module>
    from app.control.models import (
app/control/models.py:1: in <module>
    from pydantic import BaseModel, Field
E   ModuleNotFoundError: No module named 'pydantic'
_____________ ERROR collecting tests/test_control_authorization.py _____________
ImportError while importing test module '/app/tests/test_control_authorization.py'.
Hint: make sure your test modules/packages have valid Python names.
Traceback:
/usr/lib/python3.12/importlib/__init__.py:90: in import_module
    return _bootstrap._gcd_import(name[level:], package, level)
           ^^^^^^^^^^^^^^^^^^^^^^^^^^^^^^^^^^^^^^^^^^^^^^^^^^^^
tests/test_control_authorization.py:1: in <module>
    from app.control.authorization import engine
E   ImportError: cannot import name 'engine' from 'app.control.authorization' (/app/app/control/authorization.py)
______________ ERROR collecting tests/test_control_break_glass.py ______________
ImportError while importing test module '/app/tests/test_control_break_glass.py'.
Hint: make sure your test modules/packages have valid Python names.
Traceback:
/usr/lib/python3.12/importlib/__init__.py:90: in import_module
    return _bootstrap._gcd_import(name[level:], package, level)
           ^^^^^^^^^^^^^^^^^^^^^^^^^^^^^^^^^^^^^^^^^^^^^^^^^^^^
tests/test_control_break_glass.py:2: in <module>
    from app.control.break_glass import manager as bg_manager
app/control/break_glass.py:3: in <module>
    from app.control.models import (
app/control/models.py:1: in <module>
    from pydantic import BaseModel, Field
E   ModuleNotFoundError: No module named 'pydantic'
________________ ERROR collecting tests/test_control_expiry.py _________________
ImportError while importing test module '/app/tests/test_control_expiry.py'.
Hint: make sure your test modules/packages have valid Python names.
Traceback:
/usr/lib/python3.12/importlib/__init__.py:90: in import_module
    return _bootstrap._gcd_import(name[level:], package, level)
           ^^^^^^^^^^^^^^^^^^^^^^^^^^^^^^^^^^^^^^^^^^^^^^^^^^^^
tests/test_control_expiry.py:3: in <module>
    from app.control.expiry import manager as exp_manager
app/control/expiry.py:2: in <module>
    from app.control.models import ApprovalRecord
app/control/models.py:1: in <module>
    from pydantic import BaseModel, Field
E   ModuleNotFoundError: No module named 'pydantic'
________________ ERROR collecting tests/test_control_journal.py ________________
ImportError while importing test module '/app/tests/test_control_journal.py'.
Hint: make sure your test modules/packages have valid Python names.
Traceback:
/usr/lib/python3.12/importlib/__init__.py:90: in import_module
    return _bootstrap._gcd_import(name[level:], package, level)
           ^^^^^^^^^^^^^^^^^^^^^^^^^^^^^^^^^^^^^^^^^^^^^^^^^^^^
tests/test_control_journal.py:1: in <module>
    from app.control.journal import journal
app/control/journal.py:2: in <module>
    from app.control.models import CommandJournalEntry
app/control/models.py:1: in <module>
    from pydantic import BaseModel, Field
E   ModuleNotFoundError: No module named 'pydantic'
_______________ ERROR collecting tests/test_control_operators.py _______________
ImportError while importing test module '/app/tests/test_control_operators.py'.
Hint: make sure your test modules/packages have valid Python names.
Traceback:
/usr/lib/python3.12/importlib/__init__.py:90: in import_module
    return _bootstrap._gcd_import(name[level:], package, level)
           ^^^^^^^^^^^^^^^^^^^^^^^^^^^^^^^^^^^^^^^^^^^^^^^^^^^^
tests/test_control_operators.py:1: in <module>
    from app.control.operators import registry, is_self_approval, has_required_roles
app/control/operators.py:2: in <module>
    from app.control.models import OperatorIdentity
app/control/models.py:1: in <module>
    from pydantic import BaseModel, Field
E   ModuleNotFoundError: No module named 'pydantic'
_________________ ERROR collecting tests/test_control_plane.py _________________
ImportError while importing test module '/app/tests/test_control_plane.py'.
Hint: make sure your test modules/packages have valid Python names.
Traceback:
/usr/lib/python3.12/importlib/__init__.py:90: in import_module
    return _bootstrap._gcd_import(name[level:], package, level)
           ^^^^^^^^^^^^^^^^^^^^^^^^^^^^^^^^^^^^^^^^^^^^^^^^^^^^
tests/test_control_plane.py:2: in <module>
    from app.control_plane.repository import ControlPlaneRepository
app/control_plane/repository.py:1: in <module>
    from app.control_plane.registry import CommandRegistry
E   ImportError: cannot import name 'CommandRegistry' from 'app.control_plane.registry' (/app/app/control_plane/registry.py)
_______________ ERROR collecting tests/test_control_policies.py ________________
ImportError while importing test module '/app/tests/test_control_policies.py'.
Hint: make sure your test modules/packages have valid Python names.
Traceback:
/usr/lib/python3.12/importlib/__init__.py:90: in import_module
    return _bootstrap._gcd_import(name[level:], package, level)
           ^^^^^^^^^^^^^^^^^^^^^^^^^^^^^^^^^^^^^^^^^^^^^^^^^^^^
tests/test_control_policies.py:1: in <module>
    from app.control.policies import engine
app/control/policies.py:1: in <module>
    from app.control.models import ActionRequest, ApprovalRecord, OperatorIdentity
app/control/models.py:1: in <module>
    from pydantic import BaseModel, Field
E   ModuleNotFoundError: No module named 'pydantic'
_______________ ERROR collecting tests/test_control_requests.py ________________
ImportError while importing test module '/app/tests/test_control_requests.py'.
Hint: make sure your test modules/packages have valid Python names.
Traceback:
/usr/lib/python3.12/importlib/__init__.py:90: in import_module
    return _bootstrap._gcd_import(name[level:], package, level)
           ^^^^^^^^^^^^^^^^^^^^^^^^^^^^^^^^^^^^^^^^^^^^^^^^^^^^
tests/test_control_requests.py:2: in <module>
    from app.control.requests import manager
app/control/requests.py:4: in <module>
    from app.control.models import (
app/control/models.py:1: in <module>
    from pydantic import BaseModel, Field
E   ModuleNotFoundError: No module named 'pydantic'
______________ ERROR collecting tests/test_control_revocation.py _______________
ImportError while importing test module '/app/tests/test_control_revocation.py'.
Hint: make sure your test modules/packages have valid Python names.
Traceback:
/usr/lib/python3.12/importlib/__init__.py:90: in import_module
    return _bootstrap._gcd_import(name[level:], package, level)
           ^^^^^^^^^^^^^^^^^^^^^^^^^^^^^^^^^^^^^^^^^^^^^^^^^^^^
tests/test_control_revocation.py:1: in <module>
    from app.control.revocation import manager as rev_manager
app/control/revocation.py:3: in <module>
    from app.control.models import RevocationRecord, OperatorIdentity, ApprovalRecord
app/control/models.py:1: in <module>
    from pydantic import BaseModel, Field
E   ModuleNotFoundError: No module named 'pydantic'
________________ ERROR collecting tests/test_control_storage.py ________________
ImportError while importing test module '/app/tests/test_control_storage.py'.
Hint: make sure your test modules/packages have valid Python names.
Traceback:
/usr/lib/python3.12/importlib/__init__.py:90: in import_module
    return _bootstrap._gcd_import(name[level:], package, level)
           ^^^^^^^^^^^^^^^^^^^^^^^^^^^^^^^^^^^^^^^^^^^^^^^^^^^^
tests/test_control_storage.py:2: in <module>
    from app.control.storage import storage
app/control/storage.py:4: in <module>
    from app.control.models import ApprovalRecord
app/control/models.py:1: in <module>
    from pydantic import BaseModel, Field
E   ModuleNotFoundError: No module named 'pydantic'
___________________ ERROR collecting tests/test_cooldowns.py ___________________
ImportError while importing test module '/app/tests/test_cooldowns.py'.
Hint: make sure your test modules/packages have valid Python names.
Traceback:
/usr/lib/python3.12/importlib/__init__.py:90: in import_module
    return _bootstrap._gcd_import(name[level:], package, level)
           ^^^^^^^^^^^^^^^^^^^^^^^^^^^^^^^^^^^^^^^^^^^^^^^^^^^^
tests/test_cooldowns.py:2: in <module>
    from app.strategies.cooldowns import CooldownManager
app/strategies/cooldowns.py:5: in <module>
    from app.strategies.models import CooldownState
app/strategies/models.py:2: in <module>
    from pydantic import BaseModel, Field
E   ModuleNotFoundError: No module named 'pydantic'
____________ ERROR collecting tests/test_cost_plane_allocations.py _____________
ImportError while importing test module '/app/tests/test_cost_plane_allocations.py'.
Hint: make sure your test modules/packages have valid Python names.
Traceback:
/usr/lib/python3.12/importlib/__init__.py:90: in import_module
    return _bootstrap._gcd_import(name[level:], package, level)
           ^^^^^^^^^^^^^^^^^^^^^^^^^^^^^^^^^^^^^^^^^^^^^^^^^^^^
tests/test_cost_plane_allocations.py:1: in <module>
    from app.cost_plane.allocations import AllocationManager
app/cost_plane/allocations.py:1: in <module>
    from app.cost_plane.models import AllocationPolicy, AllocationRecord, SpendRecord
app/cost_plane/models.py:1: in <module>
    from pydantic import BaseModel, Field
E   ModuleNotFoundError: No module named 'pydantic'
____________ ERROR collecting tests/test_cost_plane_amortization.py ____________
ImportError while importing test module '/app/tests/test_cost_plane_amortization.py'.
Hint: make sure your test modules/packages have valid Python names.
Traceback:
/usr/lib/python3.12/importlib/__init__.py:90: in import_module
    return _bootstrap._gcd_import(name[level:], package, level)
           ^^^^^^^^^^^^^^^^^^^^^^^^^^^^^^^^^^^^^^^^^^^^^^^^^^^^
tests/test_cost_plane_amortization.py:1: in <module>
    from app.cost_plane.amortization import AmortizationManager
app/cost_plane/amortization.py:1: in <module>
    from app.cost_plane.models import AmortizationRecord
app/cost_plane/models.py:1: in <module>
    from pydantic import BaseModel, Field
E   ModuleNotFoundError: No module named 'pydantic'
______________ ERROR collecting tests/test_cost_plane_budgets.py _______________
ImportError while importing test module '/app/tests/test_cost_plane_budgets.py'.
Hint: make sure your test modules/packages have valid Python names.
Traceback:
/usr/lib/python3.12/importlib/__init__.py:90: in import_module
    return _bootstrap._gcd_import(name[level:], package, level)
           ^^^^^^^^^^^^^^^^^^^^^^^^^^^^^^^^^^^^^^^^^^^^^^^^^^^^
tests/test_cost_plane_budgets.py:1: in <module>
    from app.cost_plane.budgets import BudgetManager
app/cost_plane/budgets.py:1: in <module>
    from app.cost_plane.models import BudgetDefinition, BudgetSnapshot
app/cost_plane/models.py:1: in <module>
    from pydantic import BaseModel, Field
E   ModuleNotFoundError: No module named 'pydantic'
____________ ERROR collecting tests/test_cost_plane_cost_objects.py ____________
ImportError while importing test module '/app/tests/test_cost_plane_cost_objects.py'.
Hint: make sure your test modules/packages have valid Python names.
Traceback:
/usr/lib/python3.12/importlib/__init__.py:90: in import_module
    return _bootstrap._gcd_import(name[level:], package, level)
           ^^^^^^^^^^^^^^^^^^^^^^^^^^^^^^^^^^^^^^^^^^^^^^^^^^^^
tests/test_cost_plane_cost_objects.py:1: in <module>
    from app.cost_plane.cost_objects import CostObjectManager
app/cost_plane/cost_objects.py:1: in <module>
    from app.cost_plane.models import CostObject
app/cost_plane/models.py:1: in <module>
    from pydantic import BaseModel, Field
E   ModuleNotFoundError: No module named 'pydantic'
________________ ERROR collecting tests/test_cost_plane_debt.py ________________
ImportError while importing test module '/app/tests/test_cost_plane_debt.py'.
Hint: make sure your test modules/packages have valid Python names.
Traceback:
/usr/lib/python3.12/importlib/__init__.py:90: in import_module
    return _bootstrap._gcd_import(name[level:], package, level)
           ^^^^^^^^^^^^^^^^^^^^^^^^^^^^^^^^^^^^^^^^^^^^^^^^^^^^
tests/test_cost_plane_debt.py:1: in <module>
    from app.cost_plane.debt import CostDebtManager
app/cost_plane/debt.py:1: in <module>
    from app.cost_plane.models import CostDebtRecord
app/cost_plane/models.py:1: in <module>
    from pydantic import BaseModel, Field
E   ModuleNotFoundError: No module named 'pydantic'
_____________ ERROR collecting tests/test_cost_plane_divergence.py _____________
ImportError while importing test module '/app/tests/test_cost_plane_divergence.py'.
Hint: make sure your test modules/packages have valid Python names.
Traceback:
/usr/lib/python3.12/importlib/__init__.py:90: in import_module
    return _bootstrap._gcd_import(name[level:], package, level)
           ^^^^^^^^^^^^^^^^^^^^^^^^^^^^^^^^^^^^^^^^^^^^^^^^^^^^
tests/test_cost_plane_divergence.py:1: in <module>
    from app.cost_plane.divergence import DivergenceManager
app/cost_plane/divergence.py:1: in <module>
    from app.cost_plane.models import CostDivergenceReport
app/cost_plane/models.py:1: in <module>
    from pydantic import BaseModel, Field
E   ModuleNotFoundError: No module named 'pydantic'
____________ ERROR collecting tests/test_cost_plane_equivalence.py _____________
ImportError while importing test module '/app/tests/test_cost_plane_equivalence.py'.
Hint: make sure your test modules/packages have valid Python names.
Traceback:
/usr/lib/python3.12/importlib/__init__.py:90: in import_module
    return _bootstrap._gcd_import(name[level:], package, level)
           ^^^^^^^^^^^^^^^^^^^^^^^^^^^^^^^^^^^^^^^^^^^^^^^^^^^^
tests/test_cost_plane_equivalence.py:1: in <module>
    from app.cost_plane.equivalence import EquivalenceManager
app/cost_plane/equivalence.py:1: in <module>
    from app.cost_plane.models import CostEquivalenceReport
app/cost_plane/models.py:1: in <module>
    from pydantic import BaseModel, Field
E   ModuleNotFoundError: No module named 'pydantic'
________________ ERROR collecting tests/test_cost_plane_fees.py ________________
ImportError while importing test module '/app/tests/test_cost_plane_fees.py'.
Hint: make sure your test modules/packages have valid Python names.
Traceback:
/usr/lib/python3.12/importlib/__init__.py:90: in import_module
    return _bootstrap._gcd_import(name[level:], package, level)
           ^^^^^^^^^^^^^^^^^^^^^^^^^^^^^^^^^^^^^^^^^^^^^^^^^^^^
tests/test_cost_plane_fees.py:1: in <module>
    from app.cost_plane.fees import FeeManager
app/cost_plane/fees.py:1: in <module>
    from app.cost_plane.models import FeeRecord, ExchangeFeeSchedule
app/cost_plane/models.py:1: in <module>
    from pydantic import BaseModel, Field
E   ModuleNotFoundError: No module named 'pydantic'
____________ ERROR collecting tests/test_cost_plane_forecasting.py _____________
ImportError while importing test module '/app/tests/test_cost_plane_forecasting.py'.
Hint: make sure your test modules/packages have valid Python names.
Traceback:
/usr/lib/python3.12/importlib/__init__.py:90: in import_module
    return _bootstrap._gcd_import(name[level:], package, level)
           ^^^^^^^^^^^^^^^^^^^^^^^^^^^^^^^^^^^^^^^^^^^^^^^^^^^^
tests/test_cost_plane_forecasting.py:1: in <module>
    from app.cost_plane.forecasting import ForecastManager
E   ImportError: cannot import name 'ForecastManager' from 'app.cost_plane.forecasting' (/app/app/cost_plane/forecasting.py)
_____________ ERROR collecting tests/test_cost_plane_guardrails.py _____________
ImportError while importing test module '/app/tests/test_cost_plane_guardrails.py'.
Hint: make sure your test modules/packages have valid Python names.
Traceback:
/usr/lib/python3.12/importlib/__init__.py:90: in import_module
    return _bootstrap._gcd_import(name[level:], package, level)
           ^^^^^^^^^^^^^^^^^^^^^^^^^^^^^^^^^^^^^^^^^^^^^^^^^^^^
tests/test_cost_plane_guardrails.py:1: in <module>
    from app.cost_plane.guardrails import GuardrailManager
E   ImportError: cannot import name 'GuardrailManager' from 'app.cost_plane.guardrails' (/app/app/cost_plane/guardrails.py)
______________ ERROR collecting tests/test_cost_plane_invoices.py ______________
ImportError while importing test module '/app/tests/test_cost_plane_invoices.py'.
Hint: make sure your test modules/packages have valid Python names.
Traceback:
/usr/lib/python3.12/importlib/__init__.py:90: in import_module
    return _bootstrap._gcd_import(name[level:], package, level)
           ^^^^^^^^^^^^^^^^^^^^^^^^^^^^^^^^^^^^^^^^^^^^^^^^^^^^
tests/test_cost_plane_invoices.py:1: in <module>
    from app.cost_plane.invoices import InvoiceManager
app/cost_plane/invoices.py:1: in <module>
    from app.cost_plane.models import VendorInvoiceRecord
app/cost_plane/models.py:1: in <module>
    from pydantic import BaseModel, Field
E   ModuleNotFoundError: No module named 'pydantic'
_____________ ERROR collecting tests/test_cost_plane_manifests.py ______________
ImportError while importing test module '/app/tests/test_cost_plane_manifests.py'.
Hint: make sure your test modules/packages have valid Python names.
Traceback:
/usr/lib/python3.12/importlib/__init__.py:90: in import_module
    return _bootstrap._gcd_import(name[level:], package, level)
           ^^^^^^^^^^^^^^^^^^^^^^^^^^^^^^^^^^^^^^^^^^^^^^^^^^^^
tests/test_cost_plane_manifests.py:1: in <module>
    from app.cost_plane.manifests import ManifestBuilder
app/cost_plane/manifests.py:1: in <module>
    from app.cost_plane.models import CostArtifactManifest
app/cost_plane/models.py:1: in <module>
    from pydantic import BaseModel, Field
E   ModuleNotFoundError: No module named 'pydantic'
____________ ERROR collecting tests/test_cost_plane_optimization.py ____________
ImportError while importing test module '/app/tests/test_cost_plane_optimization.py'.
Hint: make sure your test modules/packages have valid Python names.
Traceback:
/usr/lib/python3.12/importlib/__init__.py:90: in import_module
    return _bootstrap._gcd_import(name[level:], package, level)
           ^^^^^^^^^^^^^^^^^^^^^^^^^^^^^^^^^^^^^^^^^^^^^^^^^^^^
tests/test_cost_plane_optimization.py:1: in <module>
    from app.cost_plane.optimization import OptimizationManager
E   ImportError: cannot import name 'OptimizationManager' from 'app.cost_plane.optimization' (/app/app/cost_plane/optimization.py)
______________ ERROR collecting tests/test_cost_plane_registry.py ______________
ImportError while importing test module '/app/tests/test_cost_plane_registry.py'.
Hint: make sure your test modules/packages have valid Python names.
Traceback:
/usr/lib/python3.12/importlib/__init__.py:90: in import_module
    return _bootstrap._gcd_import(name[level:], package, level)
           ^^^^^^^^^^^^^^^^^^^^^^^^^^^^^^^^^^^^^^^^^^^^^^^^^^^^
tests/test_cost_plane_registry.py:2: in <module>
    from app.cost_plane.registry import CanonicalCostRegistry
app/cost_plane/registry.py:1: in <module>
    from app.cost_plane.models import CostObject
app/cost_plane/models.py:1: in <module>
    from pydantic import BaseModel, Field
E   ModuleNotFoundError: No module named 'pydantic'
____________ ERROR collecting tests/test_cost_plane_reservations.py ____________
ImportError while importing test module '/app/tests/test_cost_plane_reservations.py'.
Hint: make sure your test modules/packages have valid Python names.
Traceback:
/usr/lib/python3.12/importlib/__init__.py:90: in import_module
    return _bootstrap._gcd_import(name[level:], package, level)
           ^^^^^^^^^^^^^^^^^^^^^^^^^^^^^^^^^^^^^^^^^^^^^^^^^^^^
tests/test_cost_plane_reservations.py:1: in <module>
    from app.cost_plane.reservations import ReservationManager
app/cost_plane/reservations.py:1: in <module>
    from app.cost_plane.models import ReservationCostRecord
app/cost_plane/models.py:1: in <module>
    from pydantic import BaseModel, Field
E   ModuleNotFoundError: No module named 'pydantic'
____________ ERROR collecting tests/test_cost_plane_shared_costs.py ____________
ImportError while importing test module '/app/tests/test_cost_plane_shared_costs.py'.
Hint: make sure your test modules/packages have valid Python names.
Traceback:
/usr/lib/python3.12/importlib/__init__.py:90: in import_module
    return _bootstrap._gcd_import(name[level:], package, level)
           ^^^^^^^^^^^^^^^^^^^^^^^^^^^^^^^^^^^^^^^^^^^^^^^^^^^^
tests/test_cost_plane_shared_costs.py:1: in <module>
    from app.cost_plane.shared_costs import SharedCostManager
app/cost_plane/shared_costs.py:1: in <module>
    from app.cost_plane.models import SharedCostPool
app/cost_plane/models.py:1: in <module>
    from pydantic import BaseModel, Field
E   ModuleNotFoundError: No module named 'pydantic'
_______________ ERROR collecting tests/test_cost_plane_spend.py ________________
ImportError while importing test module '/app/tests/test_cost_plane_spend.py'.
Hint: make sure your test modules/packages have valid Python names.
Traceback:
/usr/lib/python3.12/importlib/__init__.py:90: in import_module
    return _bootstrap._gcd_import(name[level:], package, level)
           ^^^^^^^^^^^^^^^^^^^^^^^^^^^^^^^^^^^^^^^^^^^^^^^^^^^^
tests/test_cost_plane_spend.py:1: in <module>
    from app.cost_plane.spend import SpendManager
app/cost_plane/spend.py:1: in <module>
    from app.cost_plane.models import SpendRecord
app/cost_plane/models.py:1: in <module>
    from pydantic import BaseModel, Field
E   ModuleNotFoundError: No module named 'pydantic'
_______________ ERROR collecting tests/test_cost_plane_trust.py ________________
ImportError while importing test module '/app/tests/test_cost_plane_trust.py'.
Hint: make sure your test modules/packages have valid Python names.
Traceback:
/usr/lib/python3.12/importlib/__init__.py:90: in import_module
    return _bootstrap._gcd_import(name[level:], package, level)
           ^^^^^^^^^^^^^^^^^^^^^^^^^^^^^^^^^^^^^^^^^^^^^^^^^^^^
tests/test_cost_plane_trust.py:1: in <module>
    from app.cost_plane.trust import TrustManager
app/cost_plane/trust.py:1: in <module>
    from app.cost_plane.models import CostTrustVerdictReport
app/cost_plane/models.py:1: in <module>
    from pydantic import BaseModel, Field
E   ModuleNotFoundError: No module named 'pydantic'
___________ ERROR collecting tests/test_cost_plane_unit_economics.py ___________
ImportError while importing test module '/app/tests/test_cost_plane_unit_economics.py'.
Hint: make sure your test modules/packages have valid Python names.
Traceback:
/usr/lib/python3.12/importlib/__init__.py:90: in import_module
    return _bootstrap._gcd_import(name[level:], package, level)
           ^^^^^^^^^^^^^^^^^^^^^^^^^^^^^^^^^^^^^^^^^^^^^^^^^^^^
tests/test_cost_plane_unit_economics.py:1: in <module>
    from app.cost_plane.unit_economics import UnitEconomicsManager
E   ImportError: cannot import name 'UnitEconomicsManager' from 'app.cost_plane.unit_economics' (/app/app/cost_plane/unit_economics.py)
____________ ERROR collecting tests/test_cost_plane_usage_costs.py _____________
ImportError while importing test module '/app/tests/test_cost_plane_usage_costs.py'.
Hint: make sure your test modules/packages have valid Python names.
Traceback:
/usr/lib/python3.12/importlib/__init__.py:90: in import_module
    return _bootstrap._gcd_import(name[level:], package, level)
           ^^^^^^^^^^^^^^^^^^^^^^^^^^^^^^^^^^^^^^^^^^^^^^^^^^^^
tests/test_cost_plane_usage_costs.py:1: in <module>
    from app.cost_plane.usage_costs import UsageCostManager
app/cost_plane/usage_costs.py:1: in <module>
    from app.cost_plane.models import UsageCostRecord
app/cost_plane/models.py:1: in <module>
    from pydantic import BaseModel, Field
E   ModuleNotFoundError: No module named 'pydantic'
______________ ERROR collecting tests/test_cost_plane_variance.py ______________
ImportError while importing test module '/app/tests/test_cost_plane_variance.py'.
Hint: make sure your test modules/packages have valid Python names.
Traceback:
/usr/lib/python3.12/importlib/__init__.py:90: in import_module
    return _bootstrap._gcd_import(name[level:], package, level)
           ^^^^^^^^^^^^^^^^^^^^^^^^^^^^^^^^^^^^^^^^^^^^^^^^^^^^
tests/test_cost_plane_variance.py:1: in <module>
    from app.cost_plane.variance import VarianceManager
app/cost_plane/variance.py:1: in <module>
    from app.cost_plane.models import VarianceRecord
app/cost_plane/models.py:1: in <module>
    from pydantic import BaseModel, Field
E   ModuleNotFoundError: No module named 'pydantic'
________________ ERROR collecting tests/test_data_canonical.py _________________
ImportError while importing test module '/app/tests/test_data_canonical.py'.
Hint: make sure your test modules/packages have valid Python names.
Traceback:
/usr/lib/python3.12/importlib/__init__.py:90: in import_module
    return _bootstrap._gcd_import(name[level:], package, level)
           ^^^^^^^^^^^^^^^^^^^^^^^^^^^^^^^^^^^^^^^^^^^^^^^^^^^^
tests/test_data_canonical.py:1: in <module>
    from app.data_governance import CanonicalResolver, CanonicalId, CanonicalEntityType
app/data_governance/__init__.py:3: in <module>
    from app.data_governance.models import *
app/data_governance/models.py:1: in <module>
    from pydantic import BaseModel, Field
E   ModuleNotFoundError: No module named 'pydantic'
_________________ ERROR collecting tests/test_data_catalog.py __________________
ImportError while importing test module '/app/tests/test_data_catalog.py'.
Hint: make sure your test modules/packages have valid Python names.
Traceback:
/usr/lib/python3.12/importlib/__init__.py:90: in import_module
    return _bootstrap._gcd_import(name[level:], package, level)
           ^^^^^^^^^^^^^^^^^^^^^^^^^^^^^^^^^^^^^^^^^^^^^^^^^^^^
tests/test_data_catalog.py:1: in <module>
    from app.data_governance import (
app/data_governance/__init__.py:3: in <module>
    from app.data_governance.models import *
app/data_governance/models.py:1: in <module>
    from pydantic import BaseModel, Field
E   ModuleNotFoundError: No module named 'pydantic'
______________ ERROR collecting tests/test_data_compatibility.py _______________
ImportError while importing test module '/app/tests/test_data_compatibility.py'.
Hint: make sure your test modules/packages have valid Python names.
Traceback:
/usr/lib/python3.12/importlib/__init__.py:90: in import_module
    return _bootstrap._gcd_import(name[level:], package, level)
           ^^^^^^^^^^^^^^^^^^^^^^^^^^^^^^^^^^^^^^^^^^^^^^^^^^^^
tests/test_data_compatibility.py:1: in <module>
    from app.data_governance import (
app/data_governance/__init__.py:3: in <module>
    from app.data_governance.models import *
app/data_governance/models.py:1: in <module>
    from pydantic import BaseModel, Field
E   ModuleNotFoundError: No module named 'pydantic'
________________ ERROR collecting tests/test_data_contracts.py _________________
ImportError while importing test module '/app/tests/test_data_contracts.py'.
Hint: make sure your test modules/packages have valid Python names.
Traceback:
/usr/lib/python3.12/importlib/__init__.py:90: in import_module
    return _bootstrap._gcd_import(name[level:], package, level)
           ^^^^^^^^^^^^^^^^^^^^^^^^^^^^^^^^^^^^^^^^^^^^^^^^^^^^
tests/test_data_contracts.py:2: in <module>
    from app.data_governance import (
app/data_governance/__init__.py:3: in <module>
    from app.data_governance.models import *
app/data_governance/models.py:1: in <module>
    from pydantic import BaseModel, Field
E   ModuleNotFoundError: No module named 'pydantic'
____________ ERROR collecting tests/test_data_governance_storage.py ____________
ImportError while importing test module '/app/tests/test_data_governance_storage.py'.
Hint: make sure your test modules/packages have valid Python names.
Traceback:
/usr/lib/python3.12/importlib/__init__.py:90: in import_module
    return _bootstrap._gcd_import(name[level:], package, level)
           ^^^^^^^^^^^^^^^^^^^^^^^^^^^^^^^^^^^^^^^^^^^^^^^^^^^^
tests/test_data_governance_storage.py:1: in <module>
    from app.data_governance import GovernanceStorage
app/data_governance/__init__.py:3: in <module>
    from app.data_governance.models import *
app/data_governance/models.py:1: in <module>
    from pydantic import BaseModel, Field
E   ModuleNotFoundError: No module named 'pydantic'
__________________ ERROR collecting tests/test_data_impact.py __________________
ImportError while importing test module '/app/tests/test_data_impact.py'.
Hint: make sure your test modules/packages have valid Python names.
Traceback:
/usr/lib/python3.12/importlib/__init__.py:90: in import_module
    return _bootstrap._gcd_import(name[level:], package, level)
           ^^^^^^^^^^^^^^^^^^^^^^^^^^^^^^^^^^^^^^^^^^^^^^^^^^^^
tests/test_data_impact.py:1: in <module>
    from app.data_governance import (
app/data_governance/__init__.py:3: in <module>
    from app.data_governance.models import *
app/data_governance/models.py:1: in <module>
    from pydantic import BaseModel, Field
E   ModuleNotFoundError: No module named 'pydantic'
_________________ ERROR collecting tests/test_data_lineage.py __________________
ImportError while importing test module '/app/tests/test_data_lineage.py'.
Hint: make sure your test modules/packages have valid Python names.
Traceback:
/usr/lib/python3.12/importlib/__init__.py:90: in import_module
    return _bootstrap._gcd_import(name[level:], package, level)
           ^^^^^^^^^^^^^^^^^^^^^^^^^^^^^^^^^^^^^^^^^^^^^^^^^^^^
tests/test_data_lineage.py:2: in <module>
    from app.data_governance import (
app/data_governance/__init__.py:3: in <module>
    from app.data_governance.models import *
app/data_governance/models.py:1: in <module>
    from pydantic import BaseModel, Field
E   ModuleNotFoundError: No module named 'pydantic'
_____________ ERROR collecting tests/test_data_plane_anomalies.py ______________
ImportError while importing test module '/app/tests/test_data_plane_anomalies.py'.
Hint: make sure your test modules/packages have valid Python names.
Traceback:
/usr/lib/python3.12/importlib/__init__.py:90: in import_module
    return _bootstrap._gcd_import(name[level:], package, level)
           ^^^^^^^^^^^^^^^^^^^^^^^^^^^^^^^^^^^^^^^^^^^^^^^^^^^^
tests/test_data_plane_anomalies.py:1: in <module>
    from app.data_plane.anomalies import AnomalyDetector
app/data_plane/__init__.py:1: in <module>
    from .models import (
app/data_plane/models.py:1: in <module>
    from pydantic import BaseModel, Field
E   ModuleNotFoundError: No module named 'pydantic'
_____________ ERROR collecting tests/test_data_plane_backfills.py ______________
ImportError while importing test module '/app/tests/test_data_plane_backfills.py'.
Hint: make sure your test modules/packages have valid Python names.
Traceback:
/usr/lib/python3.12/importlib/__init__.py:90: in import_module
    return _bootstrap._gcd_import(name[level:], package, level)
           ^^^^^^^^^^^^^^^^^^^^^^^^^^^^^^^^^^^^^^^^^^^^^^^^^^^^
tests/test_data_plane_backfills.py:3: in <module>
    from app.data_plane.backfills import BackfillManager
app/data_plane/__init__.py:1: in <module>
    from .models import (
app/data_plane/models.py:1: in <module>
    from pydantic import BaseModel, Field
E   ModuleNotFoundError: No module named 'pydantic'
_______________ ERROR collecting tests/test_data_plane_fields.py _______________
ImportError while importing test module '/app/tests/test_data_plane_fields.py'.
Hint: make sure your test modules/packages have valid Python names.
Traceback:
/usr/lib/python3.12/importlib/__init__.py:90: in import_module
    return _bootstrap._gcd_import(name[level:], package, level)
           ^^^^^^^^^^^^^^^^^^^^^^^^^^^^^^^^^^^^^^^^^^^^^^^^^^^^
tests/test_data_plane_fields.py:1: in <module>
    from app.data_plane.fields import CanonicalFieldRegistry
app/data_plane/__init__.py:1: in <module>
    from .models import (
app/data_plane/models.py:1: in <module>
    from pydantic import BaseModel, Field
E   ModuleNotFoundError: No module named 'pydantic'
________________ ERROR collecting tests/test_data_plane_gaps.py ________________
ImportError while importing test module '/app/tests/test_data_plane_gaps.py'.
Hint: make sure your test modules/packages have valid Python names.
Traceback:
/usr/lib/python3.12/importlib/__init__.py:90: in import_module
    return _bootstrap._gcd_import(name[level:], package, level)
           ^^^^^^^^^^^^^^^^^^^^^^^^^^^^^^^^^^^^^^^^^^^^^^^^^^^^
tests/test_data_plane_gaps.py:1: in <module>
    from app.data_plane.gaps import GapDetector
app/data_plane/__init__.py:1: in <module>
    from .models import (
app/data_plane/models.py:1: in <module>
    from pydantic import BaseModel, Field
E   ModuleNotFoundError: No module named 'pydantic'
_____________ ERROR collecting tests/test_data_plane_revisions.py ______________
ImportError while importing test module '/app/tests/test_data_plane_revisions.py'.
Hint: make sure your test modules/packages have valid Python names.
Traceback:
/usr/lib/python3.12/importlib/__init__.py:90: in import_module
    return _bootstrap._gcd_import(name[level:], package, level)
           ^^^^^^^^^^^^^^^^^^^^^^^^^^^^^^^^^^^^^^^^^^^^^^^^^^^^
tests/test_data_plane_revisions.py:1: in <module>
    from app.data_plane.revisions import RevisionManager
app/data_plane/__init__.py:1: in <module>
    from .models import (
app/data_plane/models.py:1: in <module>
    from pydantic import BaseModel, Field
E   ModuleNotFoundError: No module named 'pydantic'
______________ ERROR collecting tests/test_data_plane_sources.py _______________
ImportError while importing test module '/app/tests/test_data_plane_sources.py'.
Hint: make sure your test modules/packages have valid Python names.
Traceback:
/usr/lib/python3.12/importlib/__init__.py:90: in import_module
    return _bootstrap._gcd_import(name[level:], package, level)
           ^^^^^^^^^^^^^^^^^^^^^^^^^^^^^^^^^^^^^^^^^^^^^^^^^^^^
tests/test_data_plane_sources.py:1: in <module>
    from app.data_plane.sources import CanonicalSourceRegistry
app/data_plane/__init__.py:1: in <module>
    from .models import (
app/data_plane/models.py:1: in <module>
    from pydantic import BaseModel, Field
E   ModuleNotFoundError: No module named 'pydantic'
___________ ERROR collecting tests/test_data_plane_time_semantics.py ___________
ImportError while importing test module '/app/tests/test_data_plane_time_semantics.py'.
Hint: make sure your test modules/packages have valid Python names.
Traceback:
/usr/lib/python3.12/importlib/__init__.py:90: in import_module
    return _bootstrap._gcd_import(name[level:], package, level)
           ^^^^^^^^^^^^^^^^^^^^^^^^^^^^^^^^^^^^^^^^^^^^^^^^^^^^
tests/test_data_plane_time_semantics.py:3: in <module>
    from app.data_plane.time_semantics import TimeSemanticValidator
app/data_plane/__init__.py:1: in <module>
    from .models import (
app/data_plane/models.py:1: in <module>
    from pydantic import BaseModel, Field
E   ModuleNotFoundError: No module named 'pydantic'
________________ ERROR collecting tests/test_data_provenance.py ________________
ImportError while importing test module '/app/tests/test_data_provenance.py'.
Hint: make sure your test modules/packages have valid Python names.
Traceback:
/usr/lib/python3.12/importlib/__init__.py:90: in import_module
    return _bootstrap._gcd_import(name[level:], package, level)
           ^^^^^^^^^^^^^^^^^^^^^^^^^^^^^^^^^^^^^^^^^^^^^^^^^^^^
tests/test_data_provenance.py:1: in <module>
    from app.data_governance import (
app/data_governance/__init__.py:3: in <module>
    from app.data_governance.models import *
app/data_governance/models.py:1: in <module>
    from pydantic import BaseModel, Field
E   ModuleNotFoundError: No module named 'pydantic'
_________________ ERROR collecting tests/test_data_quality.py __________________
ImportError while importing test module '/app/tests/test_data_quality.py'.
Hint: make sure your test modules/packages have valid Python names.
Traceback:
/usr/lib/python3.12/importlib/__init__.py:90: in import_module
    return _bootstrap._gcd_import(name[level:], package, level)
           ^^^^^^^^^^^^^^^^^^^^^^^^^^^^^^^^^^^^^^^^^^^^^^^^^^^^
tests/test_data_quality.py:1: in <module>
    from app.data_governance import QualityEngine, DatasetRef, DatasetType, TrustLevel
app/data_governance/__init__.py:3: in <module>
    from app.data_governance.models import *
app/data_governance/models.py:1: in <module>
    from pydantic import BaseModel, Field
E   ModuleNotFoundError: No module named 'pydantic'
______________ ERROR collecting tests/test_data_quality_rules.py _______________
ImportError while importing test module '/app/tests/test_data_quality_rules.py'.
Hint: make sure your test modules/packages have valid Python names.
Traceback:
/usr/lib/python3.12/importlib/__init__.py:90: in import_module
    return _bootstrap._gcd_import(name[level:], package, level)
           ^^^^^^^^^^^^^^^^^^^^^^^^^^^^^^^^^^^^^^^^^^^^^^^^^^^^
tests/test_data_quality_rules.py:1: in <module>
    from app.data_governance import QualityRuleRegistry, QualitySeverity
app/data_governance/__init__.py:3: in <module>
    from app.data_governance.models import *
app/data_governance/models.py:1: in <module>
    from pydantic import BaseModel, Field
E   ModuleNotFoundError: No module named 'pydantic'
_________________ ERROR collecting tests/test_data_refresh.py __________________
ImportError while importing test module '/app/tests/test_data_refresh.py'.
Hint: make sure your test modules/packages have valid Python names.
Traceback:
/usr/lib/python3.12/importlib/__init__.py:90: in import_module
    return _bootstrap._gcd_import(name[level:], package, level)
           ^^^^^^^^^^^^^^^^^^^^^^^^^^^^^^^^^^^^^^^^^^^^^^^^^^^^
tests/test_data_refresh.py:1: in <module>
    from app.governance.data_refresh import DataRefreshOrchestrator
app/governance/data_refresh.py:2: in <module>
    from app.governance.models import RefreshRun
app/governance/models.py:2: in <module>
    from pydantic import BaseModel, Field
E   ModuleNotFoundError: No module named 'pydantic'
_______________ ERROR collecting tests/test_data_schema_diff.py ________________
ImportError while importing test module '/app/tests/test_data_schema_diff.py'.
Hint: make sure your test modules/packages have valid Python names.
Traceback:
/usr/lib/python3.12/importlib/__init__.py:90: in import_module
    return _bootstrap._gcd_import(name[level:], package, level)
           ^^^^^^^^^^^^^^^^^^^^^^^^^^^^^^^^^^^^^^^^^^^^^^^^^^^^
tests/test_data_schema_diff.py:1: in <module>
    from app.data_governance import (
app/data_governance/__init__.py:3: in <module>
    from app.data_governance.models import *
app/data_governance/models.py:1: in <module>
    from pydantic import BaseModel, Field
E   ModuleNotFoundError: No module named 'pydantic'
_________________ ERROR collecting tests/test_data_schemas.py __________________
ImportError while importing test module '/app/tests/test_data_schemas.py'.
Hint: make sure your test modules/packages have valid Python names.
Traceback:
/usr/lib/python3.12/importlib/__init__.py:90: in import_module
    return _bootstrap._gcd_import(name[level:], package, level)
           ^^^^^^^^^^^^^^^^^^^^^^^^^^^^^^^^^^^^^^^^^^^^^^^^^^^^
tests/test_data_schemas.py:2: in <module>
    from app.data_governance import (
app/data_governance/__init__.py:3: in <module>
    from app.data_governance.models import *
app/data_governance/models.py:1: in <module>
    from pydantic import BaseModel, Field
E   ModuleNotFoundError: No module named 'pydantic'
__________________ ERROR collecting tests/test_data_trust.py ___________________
ImportError while importing test module '/app/tests/test_data_trust.py'.
Hint: make sure your test modules/packages have valid Python names.
Traceback:
/usr/lib/python3.12/importlib/__init__.py:90: in import_module
    return _bootstrap._gcd_import(name[level:], package, level)
           ^^^^^^^^^^^^^^^^^^^^^^^^^^^^^^^^^^^^^^^^^^^^^^^^^^^^
tests/test_data_trust.py:1: in <module>
    from app.data_governance import (
app/data_governance/__init__.py:3: in <module>
    from app.data_governance.models import *
app/data_governance/models.py:1: in <module>
    from pydantic import BaseModel, Field
E   ModuleNotFoundError: No module named 'pydantic'
_____________________ ERROR collecting tests/test_decay.py _____________________
ImportError while importing test module '/app/tests/test_decay.py'.
Hint: make sure your test modules/packages have valid Python names.
Traceback:
/usr/lib/python3.12/importlib/__init__.py:90: in import_module
    return _bootstrap._gcd_import(name[level:], package, level)
           ^^^^^^^^^^^^^^^^^^^^^^^^^^^^^^^^^^^^^^^^^^^^^^^^^^^^
tests/test_decay.py:1: in <module>
    from app.governance.decay import DecayChecker
app/governance/decay.py:2: in <module>
    from app.governance.models import DecayReport
app/governance/models.py:2: in <module>
    from pydantic import BaseModel, Field
E   ModuleNotFoundError: No module named 'pydantic'
_______________ ERROR collecting tests/test_decision_quality.py ________________
ImportError while importing test module '/app/tests/test_decision_quality.py'.
Hint: make sure your test modules/packages have valid Python names.
Traceback:
/usr/lib/python3.12/importlib/__init__.py:90: in import_module
    return _bootstrap._gcd_import(name[level:], package, level)
           ^^^^^^^^^^^^^^^^^^^^^^^^^^^^^^^^^^^^^^^^^^^^^^^^^^^^
tests/test_decision_quality.py:2: in <module>
    from app.decision_quality.models import (
app/decision_quality/models.py:1: in <module>
    from pydantic import BaseModel, Field
E   ModuleNotFoundError: No module named 'pydantic'
__________ ERROR collecting tests/test_decision_quality_plane_core.py __________
ImportError while importing test module '/app/tests/test_decision_quality_plane_core.py'.
Hint: make sure your test modules/packages have valid Python names.
Traceback:
/usr/lib/python3.12/importlib/__init__.py:90: in import_module
    return _bootstrap._gcd_import(name[level:], package, level)
           ^^^^^^^^^^^^^^^^^^^^^^^^^^^^^^^^^^^^^^^^^^^^^^^^^^^^
tests/test_decision_quality_plane_core.py:3: in <module>
    from app.decision_quality_plane.models import (
app/decision_quality_plane/models.py:1: in <module>
    from pydantic import BaseModel, Field
E   ModuleNotFoundError: No module named 'pydantic'
___________ ERROR collecting tests/test_derivatives_account_sync.py ____________
ImportError while importing test module '/app/tests/test_derivatives_account_sync.py'.
Hint: make sure your test modules/packages have valid Python names.
Traceback:
/usr/lib/python3.12/importlib/__init__.py:90: in import_module
    return _bootstrap._gcd_import(name[level:], package, level)
           ^^^^^^^^^^^^^^^^^^^^^^^^^^^^^^^^^^^^^^^^^^^^^^^^^^^^
tests/test_derivatives_account_sync.py:3: in <module>
    from app.products.registry import ProductRegistry
app/products/registry.py:3: in <module>
    from .models import (
app/products/models.py:1: in <module>
    from pydantic import BaseModel, Field
E   ModuleNotFoundError: No module named 'pydantic'
__________ ERROR collecting tests/test_derivatives_backtest_costs.py ___________
ImportError while importing test module '/app/tests/test_derivatives_backtest_costs.py'.
Hint: make sure your test modules/packages have valid Python names.
Traceback:
/usr/lib/python3.12/importlib/__init__.py:90: in import_module
    return _bootstrap._gcd_import(name[level:], package, level)
           ^^^^^^^^^^^^^^^^^^^^^^^^^^^^^^^^^^^^^^^^^^^^^^^^^^^^
tests/test_derivatives_backtest_costs.py:2: in <module>
    from app.backtest.derivatives.costs import BacktestCostSimulator
app/backtest/derivatives/costs.py:3: in <module>
    from .models import FundingEvent, BorrowCostEvent, DerivativeBacktestConfig
app/backtest/derivatives/models.py:1: in <module>
    from pydantic import BaseModel
E   ModuleNotFoundError: No module named 'pydantic'
_________ ERROR collecting tests/test_derivatives_live_integration.py __________
ImportError while importing test module '/app/tests/test_derivatives_live_integration.py'.
Hint: make sure your test modules/packages have valid Python names.
Traceback:
/usr/lib/python3.12/importlib/__init__.py:90: in import_module
    return _bootstrap._gcd_import(name[level:], package, level)
           ^^^^^^^^^^^^^^^^^^^^^^^^^^^^^^^^^^^^^^^^^^^^^^^^^^^^
tests/test_derivatives_live_integration.py:2: in <module>
    from app.execution.live.binance_executor import BinanceTestnetExecutor
app/execution/live/binance_executor.py:2: in <module>
    from app.execution.derivatives.models import DerivativeExecutionIntent
app/execution/derivatives/models.py:1: in <module>
    from pydantic import BaseModel, Field
E   ModuleNotFoundError: No module named 'pydantic'
___________ ERROR collecting tests/test_derivatives_paper_runtime.py ___________
ImportError while importing test module '/app/tests/test_derivatives_paper_runtime.py'.
Hint: make sure your test modules/packages have valid Python names.
Traceback:
/usr/lib/python3.12/importlib/__init__.py:90: in import_module
    return _bootstrap._gcd_import(name[level:], package, level)
           ^^^^^^^^^^^^^^^^^^^^^^^^^^^^^^^^^^^^^^^^^^^^^^^^^^^^
tests/test_derivatives_paper_runtime.py:2: in <module>
    from app.execution.paper.derivatives_runtime import PaperDerivativesRuntime
app/execution/paper/derivatives_runtime.py:2: in <module>
    from app.execution.derivatives.models import DerivativeExecutionIntent
app/execution/derivatives/models.py:1: in <module>
    from pydantic import BaseModel, Field
E   ModuleNotFoundError: No module named 'pydantic'
________ ERROR collecting tests/test_derivatives_pretrade_validation.py ________
ImportError while importing test module '/app/tests/test_derivatives_pretrade_validation.py'.
Hint: make sure your test modules/packages have valid Python names.
Traceback:
/usr/lib/python3.12/importlib/__init__.py:90: in import_module
    return _bootstrap._gcd_import(name[level:], package, level)
           ^^^^^^^^^^^^^^^^^^^^^^^^^^^^^^^^^^^^^^^^^^^^^^^^^^^^
tests/test_derivatives_pretrade_validation.py:2: in <module>
    from app.products.registry import ProductRegistry
app/products/registry.py:3: in <module>
    from .models import (
app/products/models.py:1: in <module>
    from pydantic import BaseModel, Field
E   ModuleNotFoundError: No module named 'pydantic'
_______________ ERROR collecting tests/test_derivatives_risk.py ________________
ImportError while importing test module '/app/tests/test_derivatives_risk.py'.
Hint: make sure your test modules/packages have valid Python names.
Traceback:
/usr/lib/python3.12/importlib/__init__.py:90: in import_module
    return _bootstrap._gcd_import(name[level:], package, level)
           ^^^^^^^^^^^^^^^^^^^^^^^^^^^^^^^^^^^^^^^^^^^^^^^^^^^^
tests/test_derivatives_risk.py:2: in <module>
    from app.risk.derivatives import DerivativeRiskController
app/risk/derivatives.py:3: in <module>
    from app.products.registry import ProductRegistry
app/products/registry.py:3: in <module>
    from .models import (
app/products/models.py:1: in <module>
    from pydantic import BaseModel, Field
E   ModuleNotFoundError: No module named 'pydantic'
______________ ERROR collecting tests/test_derivatives_router.py _______________
ImportError while importing test module '/app/tests/test_derivatives_router.py'.
Hint: make sure your test modules/packages have valid Python names.
Traceback:
/usr/lib/python3.12/importlib/__init__.py:90: in import_module
    return _bootstrap._gcd_import(name[level:], package, level)
           ^^^^^^^^^^^^^^^^^^^^^^^^^^^^^^^^^^^^^^^^^^^^^^^^^^^^
tests/test_derivatives_router.py:2: in <module>
    from app.execution.derivatives.router import DerivativeRouter
app/execution/derivatives/router.py:2: in <module>
    from .models import DerivativeExecutionIntent
app/execution/derivatives/models.py:1: in <module>
    from pydantic import BaseModel, Field
E   ModuleNotFoundError: No module named 'pydantic'
__________________ ERROR collecting tests/test_diagnostics.py __________________
ImportError while importing test module '/app/tests/test_diagnostics.py'.
Hint: make sure your test modules/packages have valid Python names.
Traceback:
/usr/lib/python3.12/importlib/__init__.py:90: in import_module
    return _bootstrap._gcd_import(name[level:], package, level)
           ^^^^^^^^^^^^^^^^^^^^^^^^^^^^^^^^^^^^^^^^^^^^^^^^^^^^
tests/test_diagnostics.py:2: in <module>
    from app.analytics.diagnostics import RootCauseDiagnosticEngine
app/analytics/diagnostics.py:2: in <module>
    from app.analytics.base import DiagnosticEngineBase
app/analytics/base.py:3: in <module>
    from app.analytics.models import AnalyticsRun
app/analytics/models.py:1: in <module>
    from pydantic import BaseModel, Field
E   ModuleNotFoundError: No module named 'pydantic'
_________________ ERROR collecting tests/test_dispute_plane.py _________________
ImportError while importing test module '/app/tests/test_dispute_plane.py'.
Hint: make sure your test modules/packages have valid Python names.
Traceback:
/usr/lib/python3.12/importlib/__init__.py:90: in import_module
    return _bootstrap._gcd_import(name[level:], package, level)
           ^^^^^^^^^^^^^^^^^^^^^^^^^^^^^^^^^^^^^^^^^^^^^^^^^^^^
tests/test_dispute_plane.py:2: in <module>
    from app.dispute_plane.models import *
app/dispute_plane/models.py:1: in <module>
    from pydantic import BaseModel, Field
E   ModuleNotFoundError: No module named 'pydantic'
____________ ERROR collecting tests/test_dispute_plane_advanced.py _____________
ImportError while importing test module '/app/tests/test_dispute_plane_advanced.py'.
Hint: make sure your test modules/packages have valid Python names.
Traceback:
/usr/lib/python3.12/importlib/__init__.py:90: in import_module
    return _bootstrap._gcd_import(name[level:], package, level)
           ^^^^^^^^^^^^^^^^^^^^^^^^^^^^^^^^^^^^^^^^^^^^^^^^^^^^
tests/test_dispute_plane_advanced.py:2: in <module>
    from app.dispute_plane.models import *
app/dispute_plane/models.py:1: in <module>
    from pydantic import BaseModel, Field
E   ModuleNotFoundError: No module named 'pydantic'
__________________ ERROR collecting tests/test_divergence.py ___________________
ImportError while importing test module '/app/tests/test_divergence.py'.
Hint: make sure your test modules/packages have valid Python names.
Traceback:
/usr/lib/python3.12/importlib/__init__.py:90: in import_module
    return _bootstrap._gcd_import(name[level:], package, level)
           ^^^^^^^^^^^^^^^^^^^^^^^^^^^^^^^^^^^^^^^^^^^^^^^^^^^^
tests/test_divergence.py:2: in <module>
    from app.analytics.divergence import DivergenceAnalyzer
app/analytics/divergence.py:2: in <module>
    from app.analytics.base import DivergenceAnalyzerBase
app/analytics/base.py:3: in <module>
    from app.analytics.models import AnalyticsRun
app/analytics/models.py:1: in <module>
    from pydantic import BaseModel, Field
E   ModuleNotFoundError: No module named 'pydantic'
_____________ ERROR collecting tests/test_drift_plane_baselines.py _____________
ImportError while importing test module '/app/tests/test_drift_plane_baselines.py'.
Hint: make sure your test modules/packages have valid Python names.
Traceback:
/usr/lib/python3.12/importlib/__init__.py:90: in import_module
    return _bootstrap._gcd_import(name[level:], package, level)
           ^^^^^^^^^^^^^^^^^^^^^^^^^^^^^^^^^^^^^^^^^^^^^^^^^^^^
tests/test_drift_plane_baselines.py:2: in <module>
    from app.drift_plane.baselines import BaselineManager
E   ImportError: cannot import name 'BaselineManager' from 'app.drift_plane.baselines' (/app/app/drift_plane/baselines.py)
____________ ERROR collecting tests/test_drift_plane_comparisons.py ____________
ImportError while importing test module '/app/tests/test_drift_plane_comparisons.py'.
Hint: make sure your test modules/packages have valid Python names.
Traceback:
/usr/lib/python3.12/importlib/__init__.py:90: in import_module
    return _bootstrap._gcd_import(name[level:], package, level)
           ^^^^^^^^^^^^^^^^^^^^^^^^^^^^^^^^^^^^^^^^^^^^^^^^^^^^
tests/test_drift_plane_comparisons.py:2: in <module>
    from app.drift_plane.comparisons import ComparisonManager
app/drift_plane/comparisons.py:1: in <module>
    from app.drift_plane.models import DriftComparisonRecord
app/drift_plane/models.py:1: in <module>
    from pydantic import BaseModel, Field
E   ModuleNotFoundError: No module named 'pydantic'
_______________ ERROR collecting tests/test_drift_plane_debt.py ________________
ImportError while importing test module '/app/tests/test_drift_plane_debt.py'.
Hint: make sure your test modules/packages have valid Python names.
Traceback:
/usr/lib/python3.12/importlib/__init__.py:90: in import_module
    return _bootstrap._gcd_import(name[level:], package, level)
           ^^^^^^^^^^^^^^^^^^^^^^^^^^^^^^^^^^^^^^^^^^^^^^^^^^^^
tests/test_drift_plane_debt.py:2: in <module>
    from app.drift_plane.debt import DebtManager
app/drift_plane/debt.py:1: in <module>
    from app.drift_plane.models import DriftDebtRecord
app/drift_plane/models.py:1: in <module>
    from pydantic import BaseModel, Field
E   ModuleNotFoundError: No module named 'pydantic'
____________ ERROR collecting tests/test_drift_plane_equivalence.py ____________
ImportError while importing test module '/app/tests/test_drift_plane_equivalence.py'.
Hint: make sure your test modules/packages have valid Python names.
Traceback:
/usr/lib/python3.12/importlib/__init__.py:90: in import_module
    return _bootstrap._gcd_import(name[level:], package, level)
           ^^^^^^^^^^^^^^^^^^^^^^^^^^^^^^^^^^^^^^^^^^^^^^^^^^^^
tests/test_drift_plane_equivalence.py:2: in <module>
    from app.drift_plane.equivalence import EquivalenceManager
app/drift_plane/equivalence.py:1: in <module>
    from app.drift_plane.models import DriftEquivalenceReport
app/drift_plane/models.py:1: in <module>
    from pydantic import BaseModel, Field
E   ModuleNotFoundError: No module named 'pydantic'
____________ ERROR collecting tests/test_drift_plane_forecasting.py ____________
ImportError while importing test module '/app/tests/test_drift_plane_forecasting.py'.
Hint: make sure your test modules/packages have valid Python names.
Traceback:
/usr/lib/python3.12/importlib/__init__.py:90: in import_module
    return _bootstrap._gcd_import(name[level:], package, level)
           ^^^^^^^^^^^^^^^^^^^^^^^^^^^^^^^^^^^^^^^^^^^^^^^^^^^^
tests/test_drift_plane_forecasting.py:2: in <module>
    from app.drift_plane.forecasting import ForecastingManager
app/drift_plane/forecasting.py:1: in <module>
    from app.drift_plane.models import DriftForecastReport
app/drift_plane/models.py:1: in <module>
    from pydantic import BaseModel, Field
E   ModuleNotFoundError: No module named 'pydantic'
____________ ERROR collecting tests/test_drift_plane_guardrails.py _____________
ImportError while importing test module '/app/tests/test_drift_plane_guardrails.py'.
Hint: make sure your test modules/packages have valid Python names.
Traceback:
/usr/lib/python3.12/importlib/__init__.py:90: in import_module
    return _bootstrap._gcd_import(name[level:], package, level)
           ^^^^^^^^^^^^^^^^^^^^^^^^^^^^^^^^^^^^^^^^^^^^^^^^^^^^
tests/test_drift_plane_guardrails.py:2: in <module>
    from app.drift_plane.guardrails import GuardrailManager
app/drift_plane/guardrails.py:1: in <module>
    from app.drift_plane.models import GuardrailDeviationRecord
app/drift_plane/models.py:1: in <module>
    from pydantic import BaseModel, Field
E   ModuleNotFoundError: No module named 'pydantic'
______________ ERROR collecting tests/test_drift_plane_objects.py ______________
ImportError while importing test module '/app/tests/test_drift_plane_objects.py'.
Hint: make sure your test modules/packages have valid Python names.
Traceback:
/usr/lib/python3.12/importlib/__init__.py:90: in import_module
    return _bootstrap._gcd_import(name[level:], package, level)
           ^^^^^^^^^^^^^^^^^^^^^^^^^^^^^^^^^^^^^^^^^^^^^^^^^^^^
tests/test_drift_plane_objects.py:2: in <module>
    from app.drift_plane.objects import DriftObjectManager
app/drift_plane/objects.py:1: in <module>
    from app.drift_plane.models import DriftObject
app/drift_plane/models.py:1: in <module>
    from pydantic import BaseModel, Field
E   ModuleNotFoundError: No module named 'pydantic'
____________ ERROR collecting tests/test_drift_plane_recurrence.py _____________
ImportError while importing test module '/app/tests/test_drift_plane_recurrence.py'.
Hint: make sure your test modules/packages have valid Python names.
Traceback:
/usr/lib/python3.12/importlib/__init__.py:90: in import_module
    return _bootstrap._gcd_import(name[level:], package, level)
           ^^^^^^^^^^^^^^^^^^^^^^^^^^^^^^^^^^^^^^^^^^^^^^^^^^^^
tests/test_drift_plane_recurrence.py:2: in <module>
    from app.drift_plane.recurrence import RecurrenceManager
app/drift_plane/recurrence.py:1: in <module>
    from app.drift_plane.models import RecurrenceTriggerRecord
app/drift_plane/models.py:1: in <module>
    from pydantic import BaseModel, Field
E   ModuleNotFoundError: No module named 'pydantic'
__________ ERROR collecting tests/test_drift_plane_renormalization.py __________
ImportError while importing test module '/app/tests/test_drift_plane_renormalization.py'.
Hint: make sure your test modules/packages have valid Python names.
Traceback:
/usr/lib/python3.12/importlib/__init__.py:90: in import_module
    return _bootstrap._gcd_import(name[level:], package, level)
           ^^^^^^^^^^^^^^^^^^^^^^^^^^^^^^^^^^^^^^^^^^^^^^^^^^^^
tests/test_drift_plane_renormalization.py:2: in <module>
    from app.drift_plane.renormalization import RenormalizationManager
app/drift_plane/renormalization.py:1: in <module>
    from app.drift_plane.models import RenormalizationPrerequisiteRecord
app/drift_plane/models.py:1: in <module>
    from pydantic import BaseModel, Field
E   ModuleNotFoundError: No module named 'pydantic'
___________ ERROR collecting tests/test_drift_plane_restrictions.py ____________
ImportError while importing test module '/app/tests/test_drift_plane_restrictions.py'.
Hint: make sure your test modules/packages have valid Python names.
Traceback:
/usr/lib/python3.12/importlib/__init__.py:90: in import_module
    return _bootstrap._gcd_import(name[level:], package, level)
           ^^^^^^^^^^^^^^^^^^^^^^^^^^^^^^^^^^^^^^^^^^^^^^^^^^^^
tests/test_drift_plane_restrictions.py:2: in <module>
    from app.drift_plane.restrictions import RestrictionManager
app/drift_plane/restrictions.py:1: in <module>
    from app.drift_plane.models import RestrictionReimpositionRecord
app/drift_plane/models.py:1: in <module>
    from pydantic import BaseModel, Field
E   ModuleNotFoundError: No module named 'pydantic'
_______________ ERROR collecting tests/test_drift_plane_scars.py _______________
ImportError while importing test module '/app/tests/test_drift_plane_scars.py'.
Hint: make sure your test modules/packages have valid Python names.
Traceback:
/usr/lib/python3.12/importlib/__init__.py:90: in import_module
    return _bootstrap._gcd_import(name[level:], package, level)
           ^^^^^^^^^^^^^^^^^^^^^^^^^^^^^^^^^^^^^^^^^^^^^^^^^^^^
tests/test_drift_plane_scars.py:2: in <module>
    from app.drift_plane.scars import ScarManager
app/drift_plane/scars.py:1: in <module>
    from app.drift_plane.models import ScarReactivationRecord
app/drift_plane/models.py:1: in <module>
    from pydantic import BaseModel, Field
E   ModuleNotFoundError: No module named 'pydantic'
______________ ERROR collecting tests/test_drift_plane_signals.py ______________
ImportError while importing test module '/app/tests/test_drift_plane_signals.py'.
Hint: make sure your test modules/packages have valid Python names.
Traceback:
/usr/lib/python3.12/importlib/__init__.py:90: in import_module
    return _bootstrap._gcd_import(name[level:], package, level)
           ^^^^^^^^^^^^^^^^^^^^^^^^^^^^^^^^^^^^^^^^^^^^^^^^^^^^
tests/test_drift_plane_signals.py:2: in <module>
    from app.drift_plane.signals import SignalManager
app/drift_plane/signals.py:1: in <module>
    from app.drift_plane.models import DriftSignalRecord
app/drift_plane/models.py:1: in <module>
    from pydantic import BaseModel, Field
E   ModuleNotFoundError: No module named 'pydantic'
____________ ERROR collecting tests/test_drift_plane_thresholds.py _____________
ImportError while importing test module '/app/tests/test_drift_plane_thresholds.py'.
Hint: make sure your test modules/packages have valid Python names.
Traceback:
/usr/lib/python3.12/importlib/__init__.py:90: in import_module
    return _bootstrap._gcd_import(name[level:], package, level)
           ^^^^^^^^^^^^^^^^^^^^^^^^^^^^^^^^^^^^^^^^^^^^^^^^^^^^
tests/test_drift_plane_thresholds.py:2: in <module>
    from app.drift_plane.thresholds import ThresholdManager
app/drift_plane/thresholds.py:1: in <module>
    from app.drift_plane.models import ThresholdBreachRecord
app/drift_plane/models.py:1: in <module>
    from pydantic import BaseModel, Field
E   ModuleNotFoundError: No module named 'pydantic'
_______________ ERROR collecting tests/test_drift_plane_trust.py _______________
ImportError while importing test module '/app/tests/test_drift_plane_trust.py'.
Hint: make sure your test modules/packages have valid Python names.
Traceback:
/usr/lib/python3.12/importlib/__init__.py:90: in import_module
    return _bootstrap._gcd_import(name[level:], package, level)
           ^^^^^^^^^^^^^^^^^^^^^^^^^^^^^^^^^^^^^^^^^^^^^^^^^^^^
tests/test_drift_plane_trust.py:2: in <module>
    from app.drift_plane.trust import TrustEvaluator
app/drift_plane/trust.py:1: in <module>
    from app.drift_plane.models import DriftTrustVerdict
app/drift_plane/models.py:1: in <module>
    from pydantic import BaseModel, Field
E   ModuleNotFoundError: No module named 'pydantic'
_______________ ERROR collecting tests/test_enforcement_plane.py _______________
ImportError while importing test module '/app/tests/test_enforcement_plane.py'.
Hint: make sure your test modules/packages have valid Python names.
Traceback:
/usr/lib/python3.12/importlib/__init__.py:90: in import_module
    return _bootstrap._gcd_import(name[level:], package, level)
           ^^^^^^^^^^^^^^^^^^^^^^^^^^^^^^^^^^^^^^^^^^^^^^^^^^^^
tests/test_enforcement_plane.py:2: in <module>
    from app.enforcement_plane.models import EnforcementObject, TriggerRecord, ScopeBoundRecord
app/enforcement_plane/models.py:1: in <module>
    from pydantic import BaseModel, Field
E   ModuleNotFoundError: No module named 'pydantic'
_________ ERROR collecting tests/test_environment_plane_boundaries.py __________
ImportError while importing test module '/app/tests/test_environment_plane_boundaries.py'.
Hint: make sure your test modules/packages have valid Python names.
Traceback:
/usr/lib/python3.12/importlib/__init__.py:90: in import_module
    return _bootstrap._gcd_import(name[level:], package, level)
           ^^^^^^^^^^^^^^^^^^^^^^^^^^^^^^^^^^^^^^^^^^^^^^^^^^^^
tests/test_environment_plane_boundaries.py:2: in <module>
    from app.environment_plane.boundaries import define_boundary
app/environment_plane/__init__.py:1: in <module>
    from app.environment_plane.models import (
app/environment_plane/models.py:1: in <module>
    from pydantic import BaseModel, Field
E   ModuleNotFoundError: No module named 'pydantic'
________ ERROR collecting tests/test_environment_plane_capabilities.py _________
ImportError while importing test module '/app/tests/test_environment_plane_capabilities.py'.
Hint: make sure your test modules/packages have valid Python names.
Traceback:
/usr/lib/python3.12/importlib/__init__.py:90: in import_module
    return _bootstrap._gcd_import(name[level:], package, level)
           ^^^^^^^^^^^^^^^^^^^^^^^^^^^^^^^^^^^^^^^^^^^^^^^^^^^^
tests/test_environment_plane_capabilities.py:2: in <module>
    from app.environment_plane.capabilities import define_capabilities
app/environment_plane/__init__.py:1: in <module>
    from app.environment_plane.models import (
app/environment_plane/models.py:1: in <module>
    from pydantic import BaseModel, Field
E   ModuleNotFoundError: No module named 'pydantic'
________ ERROR collecting tests/test_environment_plane_contamination.py ________
ImportError while importing test module '/app/tests/test_environment_plane_contamination.py'.
Hint: make sure your test modules/packages have valid Python names.
Traceback:
/usr/lib/python3.12/importlib/__init__.py:90: in import_module
    return _bootstrap._gcd_import(name[level:], package, level)
           ^^^^^^^^^^^^^^^^^^^^^^^^^^^^^^^^^^^^^^^^^^^^^^^^^^^^
tests/test_environment_plane_contamination.py:2: in <module>
    from app.environment_plane.contamination import record_contamination
app/environment_plane/__init__.py:1: in <module>
    from app.environment_plane.models import (
app/environment_plane/models.py:1: in <module>
    from pydantic import BaseModel, Field
E   ModuleNotFoundError: No module named 'pydantic'
_________ ERROR collecting tests/test_environment_plane_data_scope.py __________
ImportError while importing test module '/app/tests/test_environment_plane_data_scope.py'.
Hint: make sure your test modules/packages have valid Python names.
Traceback:
/usr/lib/python3.12/importlib/__init__.py:90: in import_module
    return _bootstrap._gcd_import(name[level:], package, level)
           ^^^^^^^^^^^^^^^^^^^^^^^^^^^^^^^^^^^^^^^^^^^^^^^^^^^^
tests/test_environment_plane_data_scope.py:2: in <module>
    from app.environment_plane.data_scope import define_data_scope
app/environment_plane/__init__.py:1: in <module>
    from app.environment_plane.models import (
app/environment_plane/models.py:1: in <module>
    from pydantic import BaseModel, Field
E   ModuleNotFoundError: No module named 'pydantic'
_________ ERROR collecting tests/test_environment_plane_divergence.py __________
ImportError while importing test module '/app/tests/test_environment_plane_divergence.py'.
Hint: make sure your test modules/packages have valid Python names.
Traceback:
/usr/lib/python3.12/importlib/__init__.py:90: in import_module
    return _bootstrap._gcd_import(name[level:], package, level)
           ^^^^^^^^^^^^^^^^^^^^^^^^^^^^^^^^^^^^^^^^^^^^^^^^^^^^
tests/test_environment_plane_divergence.py:2: in <module>
    from app.environment_plane.divergence import report_divergence
app/environment_plane/__init__.py:1: in <module>
    from app.environment_plane.models import (
app/environment_plane/models.py:1: in <module>
    from pydantic import BaseModel, Field
E   ModuleNotFoundError: No module named 'pydantic'
______ ERROR collecting tests/test_environment_plane_divergence_intent.py ______
ImportError while importing test module '/app/tests/test_environment_plane_divergence_intent.py'.
Hint: make sure your test modules/packages have valid Python names.
Traceback:
/usr/lib/python3.12/importlib/__init__.py:90: in import_module
    return _bootstrap._gcd_import(name[level:], package, level)
           ^^^^^^^^^^^^^^^^^^^^^^^^^^^^^^^^^^^^^^^^^^^^^^^^^^^^
tests/test_environment_plane_divergence_intent.py:2: in <module>
    from app.environment_plane.divergence_intent import define_intended_divergence
app/environment_plane/__init__.py:1: in <module>
    from app.environment_plane.models import (
app/environment_plane/models.py:1: in <module>
    from pydantic import BaseModel, Field
E   ModuleNotFoundError: No module named 'pydantic'
____________ ERROR collecting tests/test_environment_plane_drift.py ____________
ImportError while importing test module '/app/tests/test_environment_plane_drift.py'.
Hint: make sure your test modules/packages have valid Python names.
Traceback:
/usr/lib/python3.12/importlib/__init__.py:90: in import_module
    return _bootstrap._gcd_import(name[level:], package, level)
           ^^^^^^^^^^^^^^^^^^^^^^^^^^^^^^^^^^^^^^^^^^^^^^^^^^^^
tests/test_environment_plane_drift.py:2: in <module>
    from app.environment_plane.drift import record_drift
app/environment_plane/__init__.py:1: in <module>
    from app.environment_plane.models import (
app/environment_plane/models.py:1: in <module>
    from pydantic import BaseModel, Field
E   ModuleNotFoundError: No module named 'pydantic'
_________ ERROR collecting tests/test_environment_plane_equivalence.py _________
ImportError while importing test module '/app/tests/test_environment_plane_equivalence.py'.
Hint: make sure your test modules/packages have valid Python names.
Traceback:
/usr/lib/python3.12/importlib/__init__.py:90: in import_module
    return _bootstrap._gcd_import(name[level:], package, level)
           ^^^^^^^^^^^^^^^^^^^^^^^^^^^^^^^^^^^^^^^^^^^^^^^^^^^^
tests/test_environment_plane_equivalence.py:2: in <module>
    from app.environment_plane.equivalence import evaluate_equivalence
app/environment_plane/__init__.py:1: in <module>
    from app.environment_plane.models import (
app/environment_plane/models.py:1: in <module>
    from pydantic import BaseModel, Field
E   ModuleNotFoundError: No module named 'pydantic'
____________ ERROR collecting tests/test_environment_plane_gates.py ____________
ImportError while importing test module '/app/tests/test_environment_plane_gates.py'.
Hint: make sure your test modules/packages have valid Python names.
Traceback:
/usr/lib/python3.12/importlib/__init__.py:90: in import_module
    return _bootstrap._gcd_import(name[level:], package, level)
           ^^^^^^^^^^^^^^^^^^^^^^^^^^^^^^^^^^^^^^^^^^^^^^^^^^^^
tests/test_environment_plane_gates.py:2: in <module>
    from app.environment_plane.gates import evaluate_gate
app/environment_plane/__init__.py:1: in <module>
    from app.environment_plane.models import (
app/environment_plane/models.py:1: in <module>
    from pydantic import BaseModel, Field
E   ModuleNotFoundError: No module named 'pydantic'
__________ ERROR collecting tests/test_environment_plane_isolation.py __________
ImportError while importing test module '/app/tests/test_environment_plane_isolation.py'.
Hint: make sure your test modules/packages have valid Python names.
Traceback:
/usr/lib/python3.12/importlib/__init__.py:90: in import_module
    return _bootstrap._gcd_import(name[level:], package, level)
           ^^^^^^^^^^^^^^^^^^^^^^^^^^^^^^^^^^^^^^^^^^^^^^^^^^^^
tests/test_environment_plane_isolation.py:2: in <module>
    from app.environment_plane.isolation import define_isolation
app/environment_plane/__init__.py:1: in <module>
    from app.environment_plane.models import (
app/environment_plane/models.py:1: in <module>
    from pydantic import BaseModel, Field
E   ModuleNotFoundError: No module named 'pydantic'
_________ ERROR collecting tests/test_environment_plane_limitations.py _________
ImportError while importing test module '/app/tests/test_environment_plane_limitations.py'.
Hint: make sure your test modules/packages have valid Python names.
Traceback:
/usr/lib/python3.12/importlib/__init__.py:90: in import_module
    return _bootstrap._gcd_import(name[level:], package, level)
           ^^^^^^^^^^^^^^^^^^^^^^^^^^^^^^^^^^^^^^^^^^^^^^^^^^^^
tests/test_environment_plane_limitations.py:2: in <module>
    from app.environment_plane.limitations import define_limitations
app/environment_plane/__init__.py:1: in <module>
    from app.environment_plane.models import (
app/environment_plane/models.py:1: in <module>
    from pydantic import BaseModel, Field
E   ModuleNotFoundError: No module named 'pydantic'
__________ ERROR collecting tests/test_environment_plane_manifests.py __________
ImportError while importing test module '/app/tests/test_environment_plane_manifests.py'.
Hint: make sure your test modules/packages have valid Python names.
Traceback:
/usr/lib/python3.12/importlib/__init__.py:90: in import_module
    return _bootstrap._gcd_import(name[level:], package, level)
           ^^^^^^^^^^^^^^^^^^^^^^^^^^^^^^^^^^^^^^^^^^^^^^^^^^^^
tests/test_environment_plane_manifests.py:2: in <module>
    from app.environment_plane.manifests import build_manifest
app/environment_plane/__init__.py:1: in <module>
    from app.environment_plane.models import (
app/environment_plane/models.py:1: in <module>
    from pydantic import BaseModel, Field
E   ModuleNotFoundError: No module named 'pydantic'
________ ERROR collecting tests/test_environment_plane_network_scope.py ________
ImportError while importing test module '/app/tests/test_environment_plane_network_scope.py'.
Hint: make sure your test modules/packages have valid Python names.
Traceback:
/usr/lib/python3.12/importlib/__init__.py:90: in import_module
    return _bootstrap._gcd_import(name[level:], package, level)
           ^^^^^^^^^^^^^^^^^^^^^^^^^^^^^^^^^^^^^^^^^^^^^^^^^^^^
tests/test_environment_plane_network_scope.py:2: in <module>
    from app.environment_plane.network_scope import define_network_scope
app/environment_plane/__init__.py:1: in <module>
    from app.environment_plane.models import (
app/environment_plane/models.py:1: in <module>
    from pydantic import BaseModel, Field
E   ModuleNotFoundError: No module named 'pydantic'
___________ ERROR collecting tests/test_environment_plane_objects.py ___________
ImportError while importing test module '/app/tests/test_environment_plane_objects.py'.
Hint: make sure your test modules/packages have valid Python names.
Traceback:
/usr/lib/python3.12/importlib/__init__.py:90: in import_module
    return _bootstrap._gcd_import(name[level:], package, level)
           ^^^^^^^^^^^^^^^^^^^^^^^^^^^^^^^^^^^^^^^^^^^^^^^^^^^^
tests/test_environment_plane_objects.py:2: in <module>
    from app.environment_plane.objects import create_environment_object
app/environment_plane/__init__.py:1: in <module>
    from app.environment_plane.models import (
app/environment_plane/models.py:1: in <module>
    from pydantic import BaseModel, Field
E   ModuleNotFoundError: No module named 'pydantic'
________ ERROR collecting tests/test_environment_plane_observations.py _________
ImportError while importing test module '/app/tests/test_environment_plane_observations.py'.
Hint: make sure your test modules/packages have valid Python names.
Traceback:
/usr/lib/python3.12/importlib/__init__.py:90: in import_module
    return _bootstrap._gcd_import(name[level:], package, level)
           ^^^^^^^^^^^^^^^^^^^^^^^^^^^^^^^^^^^^^^^^^^^^^^^^^^^^
tests/test_environment_plane_observations.py:2: in <module>
    from app.environment_plane.observations import record_observation
app/environment_plane/__init__.py:1: in <module>
    from app.environment_plane.models import (
app/environment_plane/models.py:1: in <module>
    from pydantic import BaseModel, Field
E   ModuleNotFoundError: No module named 'pydantic'
___________ ERROR collecting tests/test_environment_plane_parity.py ____________
ImportError while importing test module '/app/tests/test_environment_plane_parity.py'.
Hint: make sure your test modules/packages have valid Python names.
Traceback:
/usr/lib/python3.12/importlib/__init__.py:90: in import_module
    return _bootstrap._gcd_import(name[level:], package, level)
           ^^^^^^^^^^^^^^^^^^^^^^^^^^^^^^^^^^^^^^^^^^^^^^^^^^^^
tests/test_environment_plane_parity.py:2: in <module>
    from app.environment_plane.parity import evaluate_parity
app/environment_plane/__init__.py:1: in <module>
    from app.environment_plane.models import (
app/environment_plane/models.py:1: in <module>
    from pydantic import BaseModel, Field
E   ModuleNotFoundError: No module named 'pydantic'
__________ ERROR collecting tests/test_environment_plane_promotion.py __________
ImportError while importing test module '/app/tests/test_environment_plane_promotion.py'.
Hint: make sure your test modules/packages have valid Python names.
Traceback:
/usr/lib/python3.12/importlib/__init__.py:90: in import_module
    return _bootstrap._gcd_import(name[level:], package, level)
           ^^^^^^^^^^^^^^^^^^^^^^^^^^^^^^^^^^^^^^^^^^^^^^^^^^^^
tests/test_environment_plane_promotion.py:2: in <module>
    from app.environment_plane.promotion import define_promotion_path
app/environment_plane/__init__.py:1: in <module>
    from app.environment_plane.models import (
app/environment_plane/models.py:1: in <module>
    from pydantic import BaseModel, Field
E   ModuleNotFoundError: No module named 'pydantic'
__________ ERROR collecting tests/test_environment_plane_readiness.py __________
ImportError while importing test module '/app/tests/test_environment_plane_readiness.py'.
Hint: make sure your test modules/packages have valid Python names.
Traceback:
/usr/lib/python3.12/importlib/__init__.py:90: in import_module
    return _bootstrap._gcd_import(name[level:], package, level)
           ^^^^^^^^^^^^^^^^^^^^^^^^^^^^^^^^^^^^^^^^^^^^^^^^^^^^
tests/test_environment_plane_readiness.py:2: in <module>
    from app.environment_plane.readiness import evaluate_readiness
app/environment_plane/__init__.py:1: in <module>
    from app.environment_plane.models import (
app/environment_plane/models.py:1: in <module>
    from pydantic import BaseModel, Field
E   ModuleNotFoundError: No module named 'pydantic'
__________ ERROR collecting tests/test_environment_plane_registry.py ___________
ImportError while importing test module '/app/tests/test_environment_plane_registry.py'.
Hint: make sure your test modules/packages have valid Python names.
Traceback:
/usr/lib/python3.12/importlib/__init__.py:90: in import_module
    return _bootstrap._gcd_import(name[level:], package, level)
           ^^^^^^^^^^^^^^^^^^^^^^^^^^^^^^^^^^^^^^^^^^^^^^^^^^^^
tests/test_environment_plane_registry.py:2: in <module>
    from app.environment_plane.registry import CanonicalEnvironmentRegistry
app/environment_plane/__init__.py:1: in <module>
    from app.environment_plane.models import (
app/environment_plane/models.py:1: in <module>
    from pydantic import BaseModel, Field
E   ModuleNotFoundError: No module named 'pydantic'
___________ ERROR collecting tests/test_environment_plane_resets.py ____________
ImportError while importing test module '/app/tests/test_environment_plane_resets.py'.
Hint: make sure your test modules/packages have valid Python names.
Traceback:
/usr/lib/python3.12/importlib/__init__.py:90: in import_module
    return _bootstrap._gcd_import(name[level:], package, level)
           ^^^^^^^^^^^^^^^^^^^^^^^^^^^^^^^^^^^^^^^^^^^^^^^^^^^^
tests/test_environment_plane_resets.py:2: in <module>
    from app.environment_plane.resets import define_reset
app/environment_plane/__init__.py:1: in <module>
    from app.environment_plane.models import (
app/environment_plane/models.py:1: in <module>
    from pydantic import BaseModel, Field
E   ModuleNotFoundError: No module named 'pydantic'
_____________ ERROR collecting tests/test_environment_plane_rot.py _____________
ImportError while importing test module '/app/tests/test_environment_plane_rot.py'.
Hint: make sure your test modules/packages have valid Python names.
Traceback:
/usr/lib/python3.12/importlib/__init__.py:90: in import_module
    return _bootstrap._gcd_import(name[level:], package, level)
           ^^^^^^^^^^^^^^^^^^^^^^^^^^^^^^^^^^^^^^^^^^^^^^^^^^^^
tests/test_environment_plane_rot.py:2: in <module>
    from app.environment_plane.rot import record_rot
app/environment_plane/__init__.py:1: in <module>
    from app.environment_plane.models import (
app/environment_plane/models.py:1: in <module>
    from pydantic import BaseModel, Field
E   ModuleNotFoundError: No module named 'pydantic'
___________ ERROR collecting tests/test_environment_plane_secrets.py ___________
ImportError while importing test module '/app/tests/test_environment_plane_secrets.py'.
Hint: make sure your test modules/packages have valid Python names.
Traceback:
/usr/lib/python3.12/importlib/__init__.py:90: in import_module
    return _bootstrap._gcd_import(name[level:], package, level)
           ^^^^^^^^^^^^^^^^^^^^^^^^^^^^^^^^^^^^^^^^^^^^^^^^^^^^
tests/test_environment_plane_secrets.py:2: in <module>
    from app.environment_plane.secrets import define_secret_scope
app/environment_plane/__init__.py:1: in <module>
    from app.environment_plane.models import (
app/environment_plane/models.py:1: in <module>
    from pydantic import BaseModel, Field
E   ModuleNotFoundError: No module named 'pydantic'
___________ ERROR collecting tests/test_environment_plane_seeding.py ___________
ImportError while importing test module '/app/tests/test_environment_plane_seeding.py'.
Hint: make sure your test modules/packages have valid Python names.
Traceback:
/usr/lib/python3.12/importlib/__init__.py:90: in import_module
    return _bootstrap._gcd_import(name[level:], package, level)
           ^^^^^^^^^^^^^^^^^^^^^^^^^^^^^^^^^^^^^^^^^^^^^^^^^^^^
tests/test_environment_plane_seeding.py:2: in <module>
    from app.environment_plane.seeding import define_seed
app/environment_plane/__init__.py:1: in <module>
    from app.environment_plane.models import (
app/environment_plane/models.py:1: in <module>
    from pydantic import BaseModel, Field
E   ModuleNotFoundError: No module named 'pydantic'
___________ ERROR collecting tests/test_environment_plane_storage.py ___________
ImportError while importing test module '/app/tests/test_environment_plane_storage.py'.
Hint: make sure your test modules/packages have valid Python names.
Traceback:
/usr/lib/python3.12/importlib/__init__.py:90: in import_module
    return _bootstrap._gcd_import(name[level:], package, level)
           ^^^^^^^^^^^^^^^^^^^^^^^^^^^^^^^^^^^^^^^^^^^^^^^^^^^^
tests/test_environment_plane_storage.py:2: in <module>
    from app.environment_plane.storage import EnvironmentStorage
app/environment_plane/__init__.py:1: in <module>
    from app.environment_plane.models import (
app/environment_plane/models.py:1: in <module>
    from pydantic import BaseModel, Field
E   ModuleNotFoundError: No module named 'pydantic'
___________ ERROR collecting tests/test_environment_plane_tenancy.py ___________
ImportError while importing test module '/app/tests/test_environment_plane_tenancy.py'.
Hint: make sure your test modules/packages have valid Python names.
Traceback:
/usr/lib/python3.12/importlib/__init__.py:90: in import_module
    return _bootstrap._gcd_import(name[level:], package, level)
           ^^^^^^^^^^^^^^^^^^^^^^^^^^^^^^^^^^^^^^^^^^^^^^^^^^^^
tests/test_environment_plane_tenancy.py:2: in <module>
    from app.environment_plane.tenancy import define_tenancy
app/environment_plane/__init__.py:1: in <module>
    from app.environment_plane.models import (
app/environment_plane/models.py:1: in <module>
    from pydantic import BaseModel, Field
E   ModuleNotFoundError: No module named 'pydantic'
__________ ERROR collecting tests/test_environment_plane_topology.py ___________
ImportError while importing test module '/app/tests/test_environment_plane_topology.py'.
Hint: make sure your test modules/packages have valid Python names.
Traceback:
/usr/lib/python3.12/importlib/__init__.py:90: in import_module
    return _bootstrap._gcd_import(name[level:], package, level)
           ^^^^^^^^^^^^^^^^^^^^^^^^^^^^^^^^^^^^^^^^^^^^^^^^^^^^
tests/test_environment_plane_topology.py:2: in <module>
    from app.environment_plane.topology import define_topology
app/environment_plane/__init__.py:1: in <module>
    from app.environment_plane.models import (
app/environment_plane/models.py:1: in <module>
    from pydantic import BaseModel, Field
E   ModuleNotFoundError: No module named 'pydantic'
____________ ERROR collecting tests/test_environment_plane_trust.py ____________
ImportError while importing test module '/app/tests/test_environment_plane_trust.py'.
Hint: make sure your test modules/packages have valid Python names.
Traceback:
/usr/lib/python3.12/importlib/__init__.py:90: in import_module
    return _bootstrap._gcd_import(name[level:], package, level)
           ^^^^^^^^^^^^^^^^^^^^^^^^^^^^^^^^^^^^^^^^^^^^^^^^^^^^
tests/test_environment_plane_trust.py:2: in <module>
    from app.environment_plane.trust import BasicTrustEvaluator
app/environment_plane/__init__.py:1: in <module>
    from app.environment_plane.models import (
app/environment_plane/models.py:1: in <module>
    from pydantic import BaseModel, Field
E   ModuleNotFoundError: No module named 'pydantic'
________________ ERROR collecting tests/test_epistemic_plane.py ________________
ImportError while importing test module '/app/tests/test_epistemic_plane.py'.
Hint: make sure your test modules/packages have valid Python names.
Traceback:
/usr/lib/python3.12/importlib/__init__.py:90: in import_module
    return _bootstrap._gcd_import(name[level:], package, level)
           ^^^^^^^^^^^^^^^^^^^^^^^^^^^^^^^^^^^^^^^^^^^^^^^^^^^^
tests/test_epistemic_plane.py:2: in <module>
    from app.epistemic_plane.models import *
app/epistemic_plane/models.py:1: in <module>
    from pydantic import BaseModel, Field
E   ModuleNotFoundError: No module named 'pydantic'
________________ ERROR collecting tests/test_event_blackouts.py ________________
ImportError while importing test module '/app/tests/test_event_blackouts.py'.
Hint: make sure your test modules/packages have valid Python names.
Traceback:
/usr/lib/python3.12/importlib/__init__.py:90: in import_module
    return _bootstrap._gcd_import(name[level:], package, level)
           ^^^^^^^^^^^^^^^^^^^^^^^^^^^^^^^^^^^^^^^^^^^^^^^^^^^^
tests/test_event_blackouts.py:2: in <module>
    from app.events.blackouts import BlackoutManager
app/events/blackouts.py:3: in <module>
    from app.events.models import EventBlackoutWindow
app/events/models.py:2: in <module>
    from pydantic import BaseModel, Field
E   ModuleNotFoundError: No module named 'pydantic'
________________ ERROR collecting tests/test_event_calendar.py _________________
ImportError while importing test module '/app/tests/test_event_calendar.py'.
Hint: make sure your test modules/packages have valid Python names.
Traceback:
/usr/lib/python3.12/importlib/__init__.py:90: in import_module
    return _bootstrap._gcd_import(name[level:], package, level)
           ^^^^^^^^^^^^^^^^^^^^^^^^^^^^^^^^^^^^^^^^^^^^^^^^^^^^
tests/test_event_calendar.py:1: in <module>
    from app.events.calendar_provider import DefaultCalendarProvider
app/events/calendar_provider.py:3: in <module>
    from app.events.base import CalendarProviderBase
app/events/base.py:4: in <module>
    from app.events.models import EventRecord, EventRiskOverlay
app/events/models.py:2: in <module>
    from pydantic import BaseModel, Field
E   ModuleNotFoundError: No module named 'pydantic'
________________ ERROR collecting tests/test_event_cooldowns.py ________________
ImportError while importing test module '/app/tests/test_event_cooldowns.py'.
Hint: make sure your test modules/packages have valid Python names.
Traceback:
/usr/lib/python3.12/importlib/__init__.py:90: in import_module
    return _bootstrap._gcd_import(name[level:], package, level)
           ^^^^^^^^^^^^^^^^^^^^^^^^^^^^^^^^^^^^^^^^^^^^^^^^^^^^
tests/test_event_cooldowns.py:1: in <module>
    from app.events.cooldowns import get_policy_for_profile
app/events/cooldowns.py:1: in <module>
    from app.events.models import EventCooldownPolicy
app/events/models.py:2: in <module>
    from pydantic import BaseModel, Field
E   ModuleNotFoundError: No module named 'pydantic'
________________ ERROR collecting tests/test_event_execution.py ________________
ImportError while importing test module '/app/tests/test_event_execution.py'.
Hint: make sure your test modules/packages have valid Python names.
Traceback:
/usr/lib/python3.12/importlib/__init__.py:90: in import_module
    return _bootstrap._gcd_import(name[level:], package, level)
           ^^^^^^^^^^^^^^^^^^^^^^^^^^^^^^^^^^^^^^^^^^^^^^^^^^^^
tests/test_event_execution.py:2: in <module>
    from app.events.execution import validate_execution_against_events
app/events/execution.py:1: in <module>
    from app.events.models import EventRiskOverlay
app/events/models.py:2: in <module>
    from pydantic import BaseModel, Field
E   ModuleNotFoundError: No module named 'pydantic'
______________ ERROR collecting tests/test_event_normalization.py ______________
ImportError while importing test module '/app/tests/test_event_normalization.py'.
Hint: make sure your test modules/packages have valid Python names.
Traceback:
/usr/lib/python3.12/importlib/__init__.py:90: in import_module
    return _bootstrap._gcd_import(name[level:], package, level)
           ^^^^^^^^^^^^^^^^^^^^^^^^^^^^^^^^^^^^^^^^^^^^^^^^^^^^
tests/test_event_normalization.py:2: in <module>
    from app.events.normalization import DefaultEventNormalizer
app/events/normalization.py:3: in <module>
    from app.events.base import EventNormalizerBase
app/events/base.py:4: in <module>
    from app.events.models import EventRecord, EventRiskOverlay
app/events/models.py:2: in <module>
    from pydantic import BaseModel, Field
E   ModuleNotFoundError: No module named 'pydantic'
_________________ ERROR collecting tests/test_event_overlay.py _________________
ImportError while importing test module '/app/tests/test_event_overlay.py'.
Hint: make sure your test modules/packages have valid Python names.
Traceback:
/usr/lib/python3.12/importlib/__init__.py:90: in import_module
    return _bootstrap._gcd_import(name[level:], package, level)
           ^^^^^^^^^^^^^^^^^^^^^^^^^^^^^^^^^^^^^^^^^^^^^^^^^^^^
tests/test_event_overlay.py:2: in <module>
    from app.events.models import EventRecord
app/events/models.py:2: in <module>
    from pydantic import BaseModel, Field
E   ModuleNotFoundError: No module named 'pydantic'
________________ ERROR collecting tests/test_event_portfolio.py ________________
ImportError while importing test module '/app/tests/test_event_portfolio.py'.
Hint: make sure your test modules/packages have valid Python names.
Traceback:
/usr/lib/python3.12/importlib/__init__.py:90: in import_module
    return _bootstrap._gcd_import(name[level:], package, level)
           ^^^^^^^^^^^^^^^^^^^^^^^^^^^^^^^^^^^^^^^^^^^^^^^^^^^^
tests/test_event_portfolio.py:2: in <module>
    from app.events.portfolio import adjust_portfolio_for_event
app/events/portfolio.py:2: in <module>
    from app.events.models import EventRiskOverlay
app/events/models.py:2: in <module>
    from pydantic import BaseModel, Field
E   ModuleNotFoundError: No module named 'pydantic'
_________________ ERROR collecting tests/test_event_sources.py _________________
ImportError while importing test module '/app/tests/test_event_sources.py'.
Hint: make sure your test modules/packages have valid Python names.
Traceback:
/usr/lib/python3.12/importlib/__init__.py:90: in import_module
    return _bootstrap._gcd_import(name[level:], package, level)
           ^^^^^^^^^^^^^^^^^^^^^^^^^^^^^^^^^^^^^^^^^^^^^^^^^^^^
tests/test_event_sources.py:1: in <module>
    from app.events.sources import DummyMacroCalendarAdapter
app/events/sources.py:4: in <module>
    from app.events.base import EventSourceAdapterBase
app/events/base.py:4: in <module>
    from app.events.models import EventRecord, EventRiskOverlay
app/events/models.py:2: in <module>
    from pydantic import BaseModel, Field
E   ModuleNotFoundError: No module named 'pydantic'
_________________ ERROR collecting tests/test_event_storage.py _________________
ImportError while importing test module '/app/tests/test_event_storage.py'.
Hint: make sure your test modules/packages have valid Python names.
Traceback:
/usr/lib/python3.12/importlib/__init__.py:90: in import_module
    return _bootstrap._gcd_import(name[level:], package, level)
           ^^^^^^^^^^^^^^^^^^^^^^^^^^^^^^^^^^^^^^^^^^^^^^^^^^^^
tests/test_event_storage.py:2: in <module>
    from app.events.storage import MemoryEventStorage
app/events/storage.py:2: in <module>
    from app.events.models import EventCalendarSnapshot, EventBlackoutWindow
app/events/models.py:2: in <module>
    from pydantic import BaseModel, Field
E   ModuleNotFoundError: No module named 'pydantic'
________________ ERROR collecting tests/test_event_strategy.py _________________
ImportError while importing test module '/app/tests/test_event_strategy.py'.
Hint: make sure your test modules/packages have valid Python names.
Traceback:
/usr/lib/python3.12/importlib/__init__.py:90: in import_module
    return _bootstrap._gcd_import(name[level:], package, level)
           ^^^^^^^^^^^^^^^^^^^^^^^^^^^^^^^^^^^^^^^^^^^^^^^^^^^^
tests/test_event_strategy.py:2: in <module>
    from app.events.strategy import check_strategy_event_gate
app/events/strategy.py:2: in <module>
    from app.events.models import EventRiskOverlay
app/events/models.py:2: in <module>
    from pydantic import BaseModel, Field
E   ModuleNotFoundError: No module named 'pydantic'
_________________ ERROR collecting tests/test_event_windows.py _________________
ImportError while importing test module '/app/tests/test_event_windows.py'.
Hint: make sure your test modules/packages have valid Python names.
Traceback:
/usr/lib/python3.12/importlib/__init__.py:90: in import_module
    return _bootstrap._gcd_import(name[level:], package, level)
           ^^^^^^^^^^^^^^^^^^^^^^^^^^^^^^^^^^^^^^^^^^^^^^^^^^^^
tests/test_event_windows.py:2: in <module>
    from app.events.models import EventRecord
app/events/models.py:2: in <module>
    from pydantic import BaseModel, Field
E   ModuleNotFoundError: No module named 'pydantic'
________________ ERROR collecting tests/test_evidence_graph.py _________________
ImportError while importing test module '/app/tests/test_evidence_graph.py'.
Hint: make sure your test modules/packages have valid Python names.
Traceback:
/usr/lib/python3.12/importlib/__init__.py:90: in import_module
    return _bootstrap._gcd_import(name[level:], package, level)
           ^^^^^^^^^^^^^^^^^^^^^^^^^^^^^^^^^^^^^^^^^^^^^^^^^^^^
tests/test_evidence_graph.py:18: in <module>
    from app.evidence_graph.repository import EvidenceGraphRepository
app/evidence_graph/repository.py:1: in <module>
    from app.evidence_graph.artefacts import ArtefactRegistry
E   ImportError: cannot import name 'ArtefactRegistry' from 'app.evidence_graph.artefacts' (/app/app/evidence_graph/artefacts.py)
_______________ ERROR collecting tests/test_execution_health.py ________________
ImportError while importing test module '/app/tests/test_execution_health.py'.
Hint: make sure your test modules/packages have valid Python names.
Traceback:
/usr/lib/python3.12/importlib/__init__.py:90: in import_module
    return _bootstrap._gcd_import(name[level:], package, level)
           ^^^^^^^^^^^^^^^^^^^^^^^^^^^^^^^^^^^^^^^^^^^^^^^^^^^^
tests/test_execution_health.py:1: in <module>
    from app.execution.live.health import ExecutionHealthMonitor
app/execution/live/health.py:1: in <module>
    from app.execution.live.models import ExecutionHealthSnapshot
app/execution/live/models.py:1: in <module>
    from pydantic import BaseModel, Field
E   ModuleNotFoundError: No module named 'pydantic'
_______________ ERROR collecting tests/test_execution_parser.py ________________
ImportError while importing test module '/app/tests/test_execution_parser.py'.
Hint: make sure your test modules/packages have valid Python names.
Traceback:
/usr/lib/python3.12/importlib/__init__.py:90: in import_module
    return _bootstrap._gcd_import(name[level:], package, level)
           ^^^^^^^^^^^^^^^^^^^^^^^^^^^^^^^^^^^^^^^^^^^^^^^^^^^^
tests/test_execution_parser.py:1: in <module>
    from app.execution.live.execution_parser import ExecutionParser
app/execution/live/execution_parser.py:4: in <module>
    from app.execution.live.models import OrderLifecycleEvent, UserStreamEvent
app/execution/live/models.py:1: in <module>
    from pydantic import BaseModel, Field
E   ModuleNotFoundError: No module named 'pydantic'
________ ERROR collecting tests/test_execution_plane_cancel_replace.py _________
ImportError while importing test module '/app/tests/test_execution_plane_cancel_replace.py'.
Hint: make sure your test modules/packages have valid Python names.
Traceback:
/usr/lib/python3.12/importlib/__init__.py:90: in import_module
    return _bootstrap._gcd_import(name[level:], package, level)
           ^^^^^^^^^^^^^^^^^^^^^^^^^^^^^^^^^^^^^^^^^^^^^^^^^^^^
tests/test_execution_plane_cancel_replace.py:2: in <module>
    from app.execution_plane.cancel_replace import CancelReplaceManager
app/execution_plane/cancel_replace.py:1: in <module>
    from app.execution_plane.models import CancelReplaceChain
app/execution_plane/models.py:1: in <module>
    from pydantic import BaseModel, Field
E   ModuleNotFoundError: No module named 'pydantic'
__________ ERROR collecting tests/test_execution_plane_candidates.py ___________
ImportError while importing test module '/app/tests/test_execution_plane_candidates.py'.
Hint: make sure your test modules/packages have valid Python names.
Traceback:
/usr/lib/python3.12/importlib/__init__.py:90: in import_module
    return _bootstrap._gcd_import(name[level:], package, level)
           ^^^^^^^^^^^^^^^^^^^^^^^^^^^^^^^^^^^^^^^^^^^^^^^^^^^^
tests/test_execution_plane_candidates.py:1: in <module>
    from app.execution_plane.candidates import AllocationIntentCompiler
app/execution_plane/candidates.py:1: in <module>
    from app.execution_plane.models import ExecutionCandidate
app/execution_plane/models.py:1: in <module>
    from pydantic import BaseModel, Field
E   ModuleNotFoundError: No module named 'pydantic'
__________ ERROR collecting tests/test_execution_plane_equivalence.py __________
ImportError while importing test module '/app/tests/test_execution_plane_equivalence.py'.
Hint: make sure your test modules/packages have valid Python names.
Traceback:
/usr/lib/python3.12/importlib/__init__.py:90: in import_module
    return _bootstrap._gcd_import(name[level:], package, level)
           ^^^^^^^^^^^^^^^^^^^^^^^^^^^^^^^^^^^^^^^^^^^^^^^^^^^^
tests/test_execution_plane_equivalence.py:1: in <module>
    from app.execution_plane.equivalence import EquivalenceEngine
E   ImportError: cannot import name 'EquivalenceEngine' from 'app.execution_plane.equivalence' (/app/app/execution_plane/equivalence.py)
_____________ ERROR collecting tests/test_execution_plane_fills.py _____________
ImportError while importing test module '/app/tests/test_execution_plane_fills.py'.
Hint: make sure your test modules/packages have valid Python names.
Traceback:
/usr/lib/python3.12/importlib/__init__.py:90: in import_module
    return _bootstrap._gcd_import(name[level:], package, level)
           ^^^^^^^^^^^^^^^^^^^^^^^^^^^^^^^^^^^^^^^^^^^^^^^^^^^^
tests/test_execution_plane_fills.py:1: in <module>
    from app.execution_plane.fills import FillQualityEvaluator
E   ImportError: cannot import name 'FillQualityEvaluator' from 'app.execution_plane.fills' (/app/app/execution_plane/fills.py)
____________ ERROR collecting tests/test_execution_plane_filters.py ____________
ImportError while importing test module '/app/tests/test_execution_plane_filters.py'.
Hint: make sure your test modules/packages have valid Python names.
Traceback:
/usr/lib/python3.12/importlib/__init__.py:90: in import_module
    return _bootstrap._gcd_import(name[level:], package, level)
           ^^^^^^^^^^^^^^^^^^^^^^^^^^^^^^^^^^^^^^^^^^^^^^^^^^^^
tests/test_execution_plane_filters.py:2: in <module>
    from app.execution_plane.venues import create_default_venue_registry
app/execution_plane/venues.py:2: in <module>
    from app.execution_plane.models import VenueDefinition, VenueConstraint
app/execution_plane/models.py:1: in <module>
    from pydantic import BaseModel, Field
E   ModuleNotFoundError: No module named 'pydantic'
____________ ERROR collecting tests/test_execution_plane_guards.py _____________
ImportError while importing test module '/app/tests/test_execution_plane_guards.py'.
Hint: make sure your test modules/packages have valid Python names.
Traceback:
/usr/lib/python3.12/importlib/__init__.py:90: in import_module
    return _bootstrap._gcd_import(name[level:], package, level)
           ^^^^^^^^^^^^^^^^^^^^^^^^^^^^^^^^^^^^^^^^^^^^^^^^^^^^
tests/test_execution_plane_guards.py:1: in <module>
    from app.execution_plane.guards import ExecutionGuards
E   ImportError: cannot import name 'ExecutionGuards' from 'app.execution_plane.guards' (/app/app/execution_plane/guards.py)
__________ ERROR collecting tests/test_execution_plane_idempotency.py __________
ImportError while importing test module '/app/tests/test_execution_plane_idempotency.py'.
Hint: make sure your test modules/packages have valid Python names.
Traceback:
/usr/lib/python3.12/importlib/__init__.py:90: in import_module
    return _bootstrap._gcd_import(name[level:], package, level)
           ^^^^^^^^^^^^^^^^^^^^^^^^^^^^^^^^^^^^^^^^^^^^^^^^^^^^
tests/test_execution_plane_idempotency.py:2: in <module>
    from app.execution_plane.idempotency import IdempotencyStore
app/execution_plane/idempotency.py:1: in <module>
    from app.execution_plane.models import IdempotencyRecord
app/execution_plane/models.py:1: in <module>
    from pydantic import BaseModel, Field
E   ModuleNotFoundError: No module named 'pydantic'
____________ ERROR collecting tests/test_execution_plane_intents.py ____________
ImportError while importing test module '/app/tests/test_execution_plane_intents.py'.
Hint: make sure your test modules/packages have valid Python names.
Traceback:
/usr/lib/python3.12/importlib/__init__.py:90: in import_module
    return _bootstrap._gcd_import(name[level:], package, level)
           ^^^^^^^^^^^^^^^^^^^^^^^^^^^^^^^^^^^^^^^^^^^^^^^^^^^^
tests/test_execution_plane_intents.py:1: in <module>
    from app.execution_plane.intents import ExecutionPlanBuilder
app/execution_plane/intents.py:1: in <module>
    from app.execution_plane.models import (
app/execution_plane/models.py:1: in <module>
    from pydantic import BaseModel, Field
E   ModuleNotFoundError: No module named 'pydantic'
___________ ERROR collecting tests/test_execution_plane_manifests.py ___________
ImportError while importing test module '/app/tests/test_execution_plane_manifests.py'.
Hint: make sure your test modules/packages have valid Python names.
Traceback:
/usr/lib/python3.12/importlib/__init__.py:90: in import_module
    return _bootstrap._gcd_import(name[level:], package, level)
           ^^^^^^^^^^^^^^^^^^^^^^^^^^^^^^^^^^^^^^^^^^^^^^^^^^^^
tests/test_execution_plane_manifests.py:1: in <module>
    from app.execution_plane.manifests import ManifestBuilder
app/execution_plane/manifests.py:1: in <module>
    from app.execution_plane.models import (
app/execution_plane/models.py:1: in <module>
    from pydantic import BaseModel, Field
E   ModuleNotFoundError: No module named 'pydantic'
___________ ERROR collecting tests/test_execution_plane_markouts.py ____________
ImportError while importing test module '/app/tests/test_execution_plane_markouts.py'.
Hint: make sure your test modules/packages have valid Python names.
Traceback:
/usr/lib/python3.12/importlib/__init__.py:90: in import_module
    return _bootstrap._gcd_import(name[level:], package, level)
           ^^^^^^^^^^^^^^^^^^^^^^^^^^^^^^^^^^^^^^^^^^^^^^^^^^^^
tests/test_execution_plane_markouts.py:1: in <module>
    from app.execution_plane.markouts import MarkoutEvaluator
app/execution_plane/markouts.py:1: in <module>
    from app.execution_plane.models import MarkoutReport
app/execution_plane/models.py:1: in <module>
    from pydantic import BaseModel, Field
E   ModuleNotFoundError: No module named 'pydantic'
____________ ERROR collecting tests/test_execution_plane_orders.py _____________
ImportError while importing test module '/app/tests/test_execution_plane_orders.py'.
Hint: make sure your test modules/packages have valid Python names.
Traceback:
/usr/lib/python3.12/importlib/__init__.py:90: in import_module
    return _bootstrap._gcd_import(name[level:], package, level)
           ^^^^^^^^^^^^^^^^^^^^^^^^^^^^^^^^^^^^^^^^^^^^^^^^^^^^
tests/test_execution_plane_orders.py:2: in <module>
    from app.execution_plane.orders import OrderSpecValidator
app/execution_plane/orders.py:1: in <module>
    from app.execution_plane.models import OrderSpec
app/execution_plane/models.py:1: in <module>
    from pydantic import BaseModel, Field
E   ModuleNotFoundError: No module named 'pydantic'
____________ ERROR collecting tests/test_execution_plane_quality.py ____________
ImportError while importing test module '/app/tests/test_execution_plane_quality.py'.
Hint: make sure your test modules/packages have valid Python names.
Traceback:
/usr/lib/python3.12/importlib/__init__.py:90: in import_module
    return _bootstrap._gcd_import(name[level:], package, level)
           ^^^^^^^^^^^^^^^^^^^^^^^^^^^^^^^^^^^^^^^^^^^^^^^^^^^^
tests/test_execution_plane_quality.py:1: in <module>
    from app.execution_plane.quality import ExecutionQualityEngine
E   ImportError: cannot import name 'ExecutionQualityEngine' from 'app.execution_plane.quality' (/app/app/execution_plane/quality.py)
____________ ERROR collecting tests/test_execution_plane_routing.py ____________
ImportError while importing test module '/app/tests/test_execution_plane_routing.py'.
Hint: make sure your test modules/packages have valid Python names.
Traceback:
/usr/lib/python3.12/importlib/__init__.py:90: in import_module
    return _bootstrap._gcd_import(name[level:], package, level)
           ^^^^^^^^^^^^^^^^^^^^^^^^^^^^^^^^^^^^^^^^^^^^^^^^^^^^
tests/test_execution_plane_routing.py:1: in <module>
    from app.execution_plane.routing import RoutingEngine
app/execution_plane/routing.py:2: in <module>
    from app.execution_plane.models import RoutingPolicy, ExecutionCandidate
app/execution_plane/models.py:1: in <module>
    from pydantic import BaseModel, Field
E   ModuleNotFoundError: No module named 'pydantic'
____________ ERROR collecting tests/test_execution_plane_runtime.py ____________
/home/jules/.local/share/pipx/venvs/pytest/lib/python3.12/site-packages/_pytest/python.py:507: in importtestmodule
    mod = import_path(
/home/jules/.local/share/pipx/venvs/pytest/lib/python3.12/site-packages/_pytest/pathlib.py:587: in import_path
    importlib.import_module(module_name)
/usr/lib/python3.12/importlib/__init__.py:90: in import_module
    return _bootstrap._gcd_import(name[level:], package, level)
           ^^^^^^^^^^^^^^^^^^^^^^^^^^^^^^^^^^^^^^^^^^^^^^^^^^^^
<frozen importlib._bootstrap>:1387: in _gcd_import
    ???
<frozen importlib._bootstrap>:1360: in _find_and_load
    ???
<frozen importlib._bootstrap>:1331: in _find_and_load_unlocked
    ???
<frozen importlib._bootstrap>:935: in _load_unlocked
    ???
/home/jules/.local/share/pipx/venvs/pytest/lib/python3.12/site-packages/_pytest/assertion/rewrite.py:197: in exec_module
    exec(co, module.__dict__)
tests/test_execution_plane_runtime.py:1: in <module>
    from app.execution_plane.runtime import RuntimeExecutionEnv
E     File "/app/app/execution_plane/runtime.py", line 7
E       return True\n
E                   ^
E   SyntaxError: unexpected character after line continuation character
____________ ERROR collecting tests/test_execution_plane_slicing.py ____________
ImportError while importing test module '/app/tests/test_execution_plane_slicing.py'.
Hint: make sure your test modules/packages have valid Python names.
Traceback:
/usr/lib/python3.12/importlib/__init__.py:90: in import_module
    return _bootstrap._gcd_import(name[level:], package, level)
           ^^^^^^^^^^^^^^^^^^^^^^^^^^^^^^^^^^^^^^^^^^^^^^^^^^^^
tests/test_execution_plane_slicing.py:1: in <module>
    from app.execution_plane.slicing import SlicingEngine
app/execution_plane/slicing.py:1: in <module>
    from app.execution_plane.models import SlicePlan
app/execution_plane/models.py:1: in <module>
    from pydantic import BaseModel, Field
E   ModuleNotFoundError: No module named 'pydantic'
___________ ERROR collecting tests/test_execution_plane_slippage.py ____________
ImportError while importing test module '/app/tests/test_execution_plane_slippage.py'.
Hint: make sure your test modules/packages have valid Python names.
Traceback:
/usr/lib/python3.12/importlib/__init__.py:90: in import_module
    return _bootstrap._gcd_import(name[level:], package, level)
           ^^^^^^^^^^^^^^^^^^^^^^^^^^^^^^^^^^^^^^^^^^^^^^^^^^^^
tests/test_execution_plane_slippage.py:1: in <module>
    from app.execution_plane.slippage import SlippageEvaluator
app/execution_plane/slippage.py:1: in <module>
    from app.execution_plane.models import SlippageReport
app/execution_plane/models.py:1: in <module>
    from pydantic import BaseModel, Field
E   ModuleNotFoundError: No module named 'pydantic'
____________ ERROR collecting tests/test_execution_plane_storage.py ____________
ImportError while importing test module '/app/tests/test_execution_plane_storage.py'.
Hint: make sure your test modules/packages have valid Python names.
Traceback:
/usr/lib/python3.12/importlib/__init__.py:90: in import_module
    return _bootstrap._gcd_import(name[level:], package, level)
           ^^^^^^^^^^^^^^^^^^^^^^^^^^^^^^^^^^^^^^^^^^^^^^^^^^^^
tests/test_execution_plane_storage.py:2: in <module>
    from app.execution_plane.models import ExecutionArtifactManifest
app/execution_plane/models.py:1: in <module>
    from pydantic import BaseModel, Field
E   ModuleNotFoundError: No module named 'pydantic'
_____________ ERROR collecting tests/test_execution_plane_trust.py _____________
ImportError while importing test module '/app/tests/test_execution_plane_trust.py'.
Hint: make sure your test modules/packages have valid Python names.
Traceback:
/usr/lib/python3.12/importlib/__init__.py:90: in import_module
    return _bootstrap._gcd_import(name[level:], package, level)
           ^^^^^^^^^^^^^^^^^^^^^^^^^^^^^^^^^^^^^^^^^^^^^^^^^^^^
tests/test_execution_plane_trust.py:1: in <module>
    from app.execution_plane.trust import TrustVerdictEngine
app/execution_plane/trust.py:1: in <module>
    from app.execution_plane.models import TrustedExecutionVerdict
app/execution_plane/models.py:1: in <module>
    from pydantic import BaseModel, Field
E   ModuleNotFoundError: No module named 'pydantic'
____________ ERROR collecting tests/test_execution_plane_venues.py _____________
ImportError while importing test module '/app/tests/test_execution_plane_venues.py'.
Hint: make sure your test modules/packages have valid Python names.
Traceback:
/usr/lib/python3.12/importlib/__init__.py:90: in import_module
    return _bootstrap._gcd_import(name[level:], package, level)
           ^^^^^^^^^^^^^^^^^^^^^^^^^^^^^^^^^^^^^^^^^^^^^^^^^^^^
tests/test_execution_plane_venues.py:2: in <module>
    from app.execution_plane.venues import create_default_venue_registry
app/execution_plane/venues.py:2: in <module>
    from app.execution_plane.models import VenueDefinition, VenueConstraint
app/execution_plane/models.py:1: in <module>
    from pydantic import BaseModel, Field
E   ModuleNotFoundError: No module named 'pydantic'
_______________ ERROR collecting tests/test_execution_quality.py _______________
ImportError while importing test module '/app/tests/test_execution_quality.py'.
Hint: make sure your test modules/packages have valid Python names.
Traceback:
/usr/lib/python3.12/importlib/__init__.py:90: in import_module
    return _bootstrap._gcd_import(name[level:], package, level)
           ^^^^^^^^^^^^^^^^^^^^^^^^^^^^^^^^^^^^^^^^^^^^^^^^^^^^
tests/test_execution_quality.py:2: in <module>
    from app.analytics.execution_quality import ExecutionQualityAnalyzer
E   ImportError: cannot import name 'ExecutionQualityAnalyzer' from 'app.analytics.execution_quality' (/app/app/analytics/execution_quality.py)
____________ ERROR collecting tests/test_execution_safety_gates.py _____________
ImportError while importing test module '/app/tests/test_execution_safety_gates.py'.
Hint: make sure your test modules/packages have valid Python names.
Traceback:
/usr/lib/python3.12/importlib/__init__.py:90: in import_module
    return _bootstrap._gcd_import(name[level:], package, level)
           ^^^^^^^^^^^^^^^^^^^^^^^^^^^^^^^^^^^^^^^^^^^^^^^^^^^^
tests/test_execution_safety_gates.py:1: in <module>
    from app.execution.live.safety_gates import SafetyGateManager, MainnetDisarmedGate
app/execution/live/safety_gates.py:2: in <module>
    from app.execution.live.models import SafeExecutionGateResult, ExecutionConfig
app/execution/live/models.py:1: in <module>
    from pydantic import BaseModel, Field
E   ModuleNotFoundError: No module named 'pydantic'
_____________ ERROR collecting tests/test_experiment_plane_arms.py _____________
ImportError while importing test module '/app/tests/test_experiment_plane_arms.py'.
Hint: make sure your test modules/packages have valid Python names.
Traceback:
/usr/lib/python3.12/importlib/__init__.py:90: in import_module
    return _bootstrap._gcd_import(name[level:], package, level)
           ^^^^^^^^^^^^^^^^^^^^^^^^^^^^^^^^^^^^^^^^^^^^^^^^^^^^
tests/test_experiment_plane_arms.py:1: in <module>
    from app.experiment_plane.arms import build_candidate_arm, build_baseline_arm, build_control_arm
app/experiment_plane/__init__.py:1: in <module>
    from .registry import CanonicalExperimentRegistry
app/experiment_plane/registry.py:2: in <module>
    from app.experiment_plane.models import ExperimentDefinition
app/experiment_plane/models.py:1: in <module>
    from pydantic import BaseModel, Field
E   ModuleNotFoundError: No module named 'pydantic'
___________ ERROR collecting tests/test_experiment_plane_fairness.py ___________
ImportError while importing test module '/app/tests/test_experiment_plane_fairness.py'.
Hint: make sure your test modules/packages have valid Python names.
Traceback:
/usr/lib/python3.12/importlib/__init__.py:90: in import_module
    return _bootstrap._gcd_import(name[level:], package, level)
           ^^^^^^^^^^^^^^^^^^^^^^^^^^^^^^^^^^^^^^^^^^^^^^^^^^^^
tests/test_experiment_plane_fairness.py:1: in <module>
    from app.experiment_plane.fairness import StandardFairnessEvaluator
app/experiment_plane/__init__.py:1: in <module>
    from .registry import CanonicalExperimentRegistry
app/experiment_plane/registry.py:2: in <module>
    from app.experiment_plane.models import ExperimentDefinition
app/experiment_plane/models.py:1: in <module>
    from pydantic import BaseModel, Field
E   ModuleNotFoundError: No module named 'pydantic'
__________ ERROR collecting tests/test_experiment_plane_objectives.py __________
ImportError while importing test module '/app/tests/test_experiment_plane_objectives.py'.
Hint: make sure your test modules/packages have valid Python names.
Traceback:
/usr/lib/python3.12/importlib/__init__.py:90: in import_module
    return _bootstrap._gcd_import(name[level:], package, level)
           ^^^^^^^^^^^^^^^^^^^^^^^^^^^^^^^^^^^^^^^^^^^^^^^^^^^^
tests/test_experiment_plane_objectives.py:1: in <module>
    from app.experiment_plane.objectives import build_outperform_objective, build_reduce_drag_objective
app/experiment_plane/__init__.py:1: in <module>
    from .registry import CanonicalExperimentRegistry
app/experiment_plane/registry.py:2: in <module>
    from app.experiment_plane.models import ExperimentDefinition
app/experiment_plane/models.py:1: in <module>
    from pydantic import BaseModel, Field
E   ModuleNotFoundError: No module named 'pydantic'
___________ ERROR collecting tests/test_experiment_plane_registry.py ___________
ImportError while importing test module '/app/tests/test_experiment_plane_registry.py'.
Hint: make sure your test modules/packages have valid Python names.
Traceback:
/usr/lib/python3.12/importlib/__init__.py:90: in import_module
    return _bootstrap._gcd_import(name[level:], package, level)
           ^^^^^^^^^^^^^^^^^^^^^^^^^^^^^^^^^^^^^^^^^^^^^^^^^^^^
tests/test_experiment_plane_registry.py:2: in <module>
    from app.experiment_plane.registry import CanonicalExperimentRegistry
app/experiment_plane/__init__.py:1: in <module>
    from .registry import CanonicalExperimentRegistry
app/experiment_plane/registry.py:2: in <module>
    from app.experiment_plane.models import ExperimentDefinition
app/experiment_plane/models.py:1: in <module>
    from pydantic import BaseModel, Field
E   ModuleNotFoundError: No module named 'pydantic'
___________ ERROR collecting tests/test_experiment_plane_stopping.py ___________
ImportError while importing test module '/app/tests/test_experiment_plane_stopping.py'.
Hint: make sure your test modules/packages have valid Python names.
Traceback:
/usr/lib/python3.12/importlib/__init__.py:90: in import_module
    return _bootstrap._gcd_import(name[level:], package, level)
           ^^^^^^^^^^^^^^^^^^^^^^^^^^^^^^^^^^^^^^^^^^^^^^^^^^^^
tests/test_experiment_plane_stopping.py:1: in <module>
    from app.experiment_plane.stopping import StandardStoppingEvaluator
app/experiment_plane/__init__.py:1: in <module>
    from .registry import CanonicalExperimentRegistry
app/experiment_plane/registry.py:2: in <module>
    from app.experiment_plane.models import ExperimentDefinition
app/experiment_plane/models.py:1: in <module>
    from pydantic import BaseModel, Field
E   ModuleNotFoundError: No module named 'pydantic'
___________ ERROR collecting tests/test_experiment_plane_storage.py ____________
ImportError while importing test module '/app/tests/test_experiment_plane_storage.py'.
Hint: make sure your test modules/packages have valid Python names.
Traceback:
/usr/lib/python3.12/importlib/__init__.py:90: in import_module
    return _bootstrap._gcd_import(name[level:], package, level)
           ^^^^^^^^^^^^^^^^^^^^^^^^^^^^^^^^^^^^^^^^^^^^^^^^^^^^
tests/test_experiment_plane_storage.py:1: in <module>
    from app.experiment_plane.storage import ExperimentStorage
app/experiment_plane/__init__.py:1: in <module>
    from .registry import CanonicalExperimentRegistry
app/experiment_plane/registry.py:2: in <module>
    from app.experiment_plane.models import ExperimentDefinition
app/experiment_plane/models.py:1: in <module>
    from pydantic import BaseModel, Field
E   ModuleNotFoundError: No module named 'pydantic'
____________ ERROR collecting tests/test_experiment_plane_trust.py _____________
ImportError while importing test module '/app/tests/test_experiment_plane_trust.py'.
Hint: make sure your test modules/packages have valid Python names.
Traceback:
/usr/lib/python3.12/importlib/__init__.py:90: in import_module
    return _bootstrap._gcd_import(name[level:], package, level)
           ^^^^^^^^^^^^^^^^^^^^^^^^^^^^^^^^^^^^^^^^^^^^^^^^^^^^
tests/test_experiment_plane_trust.py:1: in <module>
    from app.experiment_plane.trust import StandardTrustEvaluator
app/experiment_plane/__init__.py:1: in <module>
    from .registry import CanonicalExperimentRegistry
app/experiment_plane/registry.py:2: in <module>
    from app.experiment_plane.models import ExperimentDefinition
app/experiment_plane/models.py:1: in <module>
    from pydantic import BaseModel, Field
E   ModuleNotFoundError: No module named 'pydantic'
_____________ ERROR collecting tests/test_experiments_ablation.py ______________
ImportError while importing test module '/app/tests/test_experiments_ablation.py'.
Hint: make sure your test modules/packages have valid Python names.
Traceback:
/usr/lib/python3.12/importlib/__init__.py:90: in import_module
    return _bootstrap._gcd_import(name[level:], package, level)
           ^^^^^^^^^^^^^^^^^^^^^^^^^^^^^^^^^^^^^^^^^^^^^^^^^^^^
tests/test_experiments_ablation.py:1: in <module>
    from app.experiments.ablation import AblationManager
app/experiments/ablation.py:1: in <module>
    from app.experiments.models import AblationPlan
app/experiments/models.py:2: in <module>
    from pydantic import BaseModel, Field
E   ModuleNotFoundError: No module named 'pydantic'
_____________ ERROR collecting tests/test_experiments_baselines.py _____________
ImportError while importing test module '/app/tests/test_experiments_baselines.py'.
Hint: make sure your test modules/packages have valid Python names.
Traceback:
/usr/lib/python3.12/importlib/__init__.py:90: in import_module
    return _bootstrap._gcd_import(name[level:], package, level)
           ^^^^^^^^^^^^^^^^^^^^^^^^^^^^^^^^^^^^^^^^^^^^^^^^^^^^
tests/test_experiments_baselines.py:1: in <module>
    from app.experiments.baselines import BaselineRegistry
app/experiments/baselines.py:3: in <module>
    from app.experiments.models import BaselineReference
app/experiments/models.py:2: in <module>
    from pydantic import BaseModel, Field
E   ModuleNotFoundError: No module named 'pydantic'
____________ ERROR collecting tests/test_experiments_candidates.py _____________
ImportError while importing test module '/app/tests/test_experiments_candidates.py'.
Hint: make sure your test modules/packages have valid Python names.
Traceback:
/usr/lib/python3.12/importlib/__init__.py:90: in import_module
    return _bootstrap._gcd_import(name[level:], package, level)
           ^^^^^^^^^^^^^^^^^^^^^^^^^^^^^^^^^^^^^^^^^^^^^^^^^^^^
tests/test_experiments_candidates.py:1: in <module>
    from app.experiments.candidates import CandidateRegistry
app/experiments/candidates.py:2: in <module>
    from app.experiments.models import CandidateReference
app/experiments/models.py:2: in <module>
    from pydantic import BaseModel, Field
E   ModuleNotFoundError: No module named 'pydantic'
____________ ERROR collecting tests/test_experiments_comparisons.py ____________
ImportError while importing test module '/app/tests/test_experiments_comparisons.py'.
Hint: make sure your test modules/packages have valid Python names.
Traceback:
/usr/lib/python3.12/importlib/__init__.py:90: in import_module
    return _bootstrap._gcd_import(name[level:], package, level)
           ^^^^^^^^^^^^^^^^^^^^^^^^^^^^^^^^^^^^^^^^^^^^^^^^^^^^
tests/test_experiments_comparisons.py:1: in <module>
    from app.experiments.comparisons import BaselineComparisonEvaluator
E   ImportError: cannot import name 'BaselineComparisonEvaluator' from 'app.experiments.comparisons' (/app/app/experiments/comparisons.py)
____________ ERROR collecting tests/test_experiments_definitions.py ____________
ImportError while importing test module '/app/tests/test_experiments_definitions.py'.
Hint: make sure your test modules/packages have valid Python names.
Traceback:
/usr/lib/python3.12/importlib/__init__.py:90: in import_module
    return _bootstrap._gcd_import(name[level:], package, level)
           ^^^^^^^^^^^^^^^^^^^^^^^^^^^^^^^^^^^^^^^^^^^^^^^^^^^^
tests/test_experiments_definitions.py:1: in <module>
    from app.experiments.definitions import ExperimentDefinitionBuilder
E   ImportError: cannot import name 'ExperimentDefinitionBuilder' from 'app.experiments.definitions' (/app/app/experiments/definitions.py)
_____________ ERROR collecting tests/test_experiments_findings.py ______________
ImportError while importing test module '/app/tests/test_experiments_findings.py'.
Hint: make sure your test modules/packages have valid Python names.
Traceback:
/usr/lib/python3.12/importlib/__init__.py:90: in import_module
    return _bootstrap._gcd_import(name[level:], package, level)
           ^^^^^^^^^^^^^^^^^^^^^^^^^^^^^^^^^^^^^^^^^^^^^^^^^^^^
tests/test_experiments_findings.py:1: in <module>
    from app.experiments.findings import FindingIntake
E   ImportError: cannot import name 'FindingIntake' from 'app.experiments.findings' (/app/app/experiments/findings.py)
____________ ERROR collecting tests/test_experiments_hypotheses.py _____________
ImportError while importing test module '/app/tests/test_experiments_hypotheses.py'.
Hint: make sure your test modules/packages have valid Python names.
Traceback:
/usr/lib/python3.12/importlib/__init__.py:90: in import_module
    return _bootstrap._gcd_import(name[level:], package, level)
           ^^^^^^^^^^^^^^^^^^^^^^^^^^^^^^^^^^^^^^^^^^^^^^^^^^^^
tests/test_experiments_hypotheses.py:2: in <module>
    from app.experiments.hypotheses import HypothesisRegistry, FindingToHypothesisCompiler
app/experiments/hypotheses.py:3: in <module>
    from app.experiments.models import HypothesisRecord, HypothesisVersion
app/experiments/models.py:2: in <module>
    from pydantic import BaseModel, Field
E   ModuleNotFoundError: No module named 'pydantic'
______________ ERROR collecting tests/test_experiments_offline.py ______________
ImportError while importing test module '/app/tests/test_experiments_offline.py'.
Hint: make sure your test modules/packages have valid Python names.
Traceback:
/usr/lib/python3.12/importlib/__init__.py:90: in import_module
    return _bootstrap._gcd_import(name[level:], package, level)
           ^^^^^^^^^^^^^^^^^^^^^^^^^^^^^^^^^^^^^^^^^^^^^^^^^^^^
tests/test_experiments_offline.py:1: in <module>
    from app.experiments.offline import OfflineExperimentRunner
app/experiments/offline.py:2: in <module>
    from app.experiments.models import ExperimentRun
app/experiments/models.py:2: in <module>
    from pydantic import BaseModel, Field
E   ModuleNotFoundError: No module named 'pydantic'
_______________ ERROR collecting tests/test_experiments_packs.py _______________
ImportError while importing test module '/app/tests/test_experiments_packs.py'.
Hint: make sure your test modules/packages have valid Python names.
Traceback:
/usr/lib/python3.12/importlib/__init__.py:90: in import_module
    return _bootstrap._gcd_import(name[level:], package, level)
           ^^^^^^^^^^^^^^^^^^^^^^^^^^^^^^^^^^^^^^^^^^^^^^^^^^^^
tests/test_experiments_packs.py:1: in <module>
    from app.experiments.packs import ExperimentPackBuilder
app/experiments/packs.py:1: in <module>
    from app.experiments.models import (
app/experiments/models.py:2: in <module>
    from pydantic import BaseModel, Field
E   ModuleNotFoundError: No module named 'pydantic'
____________ ERROR collecting tests/test_experiments_promotions.py _____________
ImportError while importing test module '/app/tests/test_experiments_promotions.py'.
Hint: make sure your test modules/packages have valid Python names.
Traceback:
/usr/lib/python3.12/importlib/__init__.py:90: in import_module
    return _bootstrap._gcd_import(name[level:], package, level)
           ^^^^^^^^^^^^^^^^^^^^^^^^^^^^^^^^^^^^^^^^^^^^^^^^^^^^
tests/test_experiments_promotions.py:1: in <module>
    from app.experiments.promotions import CandidatePromotionEvaluator
E   ImportError: cannot import name 'CandidatePromotionEvaluator' from 'app.experiments.promotions' (/app/app/experiments/promotions.py)
______________ ERROR collecting tests/test_experiments_scopes.py _______________
ImportError while importing test module '/app/tests/test_experiments_scopes.py'.
Hint: make sure your test modules/packages have valid Python names.
Traceback:
/usr/lib/python3.12/importlib/__init__.py:90: in import_module
    return _bootstrap._gcd_import(name[level:], package, level)
           ^^^^^^^^^^^^^^^^^^^^^^^^^^^^^^^^^^^^^^^^^^^^^^^^^^^^
tests/test_experiments_scopes.py:2: in <module>
    from app.experiments.scopes import ScopeResolver
app/experiments/scopes.py:1: in <module>
    from app.experiments.models import ExperimentScope
app/experiments/models.py:2: in <module>
    from pydantic import BaseModel, Field
E   ModuleNotFoundError: No module named 'pydantic'
____________ ERROR collecting tests/test_experiments_sensitivity.py ____________
ImportError while importing test module '/app/tests/test_experiments_sensitivity.py'.
Hint: make sure your test modules/packages have valid Python names.
Traceback:
/usr/lib/python3.12/importlib/__init__.py:90: in import_module
    return _bootstrap._gcd_import(name[level:], package, level)
           ^^^^^^^^^^^^^^^^^^^^^^^^^^^^^^^^^^^^^^^^^^^^^^^^^^^^
tests/test_experiments_sensitivity.py:1: in <module>
    from app.experiments.sensitivity import SensitivityAnalyzer
app/experiments/sensitivity.py:1: in <module>
    from app.experiments.models import SensitivityScan
app/experiments/models.py:2: in <module>
    from pydantic import BaseModel, Field
E   ModuleNotFoundError: No module named 'pydantic'
____________________ ERROR collecting tests/test_explain.py ____________________
ImportError while importing test module '/app/tests/test_explain.py'.
Hint: make sure your test modules/packages have valid Python names.
Traceback:
/usr/lib/python3.12/importlib/__init__.py:90: in import_module
    return _bootstrap._gcd_import(name[level:], package, level)
           ^^^^^^^^^^^^^^^^^^^^^^^^^^^^^^^^^^^^^^^^^^^^^^^^^^^^
tests/test_explain.py:1: in <module>
    from app.strategies.explain import ExplanationGenerator
app/strategies/explain.py:2: in <module>
    from app.strategies.models import (
app/strategies/models.py:2: in <module>
    from pydantic import BaseModel, Field
E   ModuleNotFoundError: No module named 'pydantic'
________________ ERROR collecting tests/test_feature_engine.py _________________
ImportError while importing test module '/app/tests/test_feature_engine.py'.
Hint: make sure your test modules/packages have valid Python names.
Traceback:
/usr/lib/python3.12/importlib/__init__.py:90: in import_module
    return _bootstrap._gcd_import(name[level:], package, level)
           ^^^^^^^^^^^^^^^^^^^^^^^^^^^^^^^^^^^^^^^^^^^^^^^^^^^^
tests/test_feature_engine.py:2: in <module>
    import pandas as pd
E   ModuleNotFoundError: No module named 'pandas'
____________ ERROR collecting tests/test_feature_plane_features.py _____________
ImportError while importing test module '/app/tests/test_feature_plane_features.py'.
Hint: make sure your test modules/packages have valid Python names.
Traceback:
/usr/lib/python3.12/importlib/__init__.py:90: in import_module
    return _bootstrap._gcd_import(name[level:], package, level)
           ^^^^^^^^^^^^^^^^^^^^^^^^^^^^^^^^^^^^^^^^^^^^^^^^^^^^
tests/test_feature_plane_features.py:9: in <module>
    from app.feature_plane.models import (
app/feature_plane/models.py:1: in <module>
    from pydantic import BaseModel, Field
E   ModuleNotFoundError: No module named 'pydantic'
________________ ERROR collecting tests/test_feature_refresh.py ________________
ImportError while importing test module '/app/tests/test_feature_refresh.py'.
Hint: make sure your test modules/packages have valid Python names.
Traceback:
/usr/lib/python3.12/importlib/__init__.py:90: in import_module
    return _bootstrap._gcd_import(name[level:], package, level)
           ^^^^^^^^^^^^^^^^^^^^^^^^^^^^^^^^^^^^^^^^^^^^^^^^^^^^
tests/test_feature_refresh.py:1: in <module>
    from app.governance.feature_refresh import FeatureRefreshOrchestrator
app/governance/feature_refresh.py:2: in <module>
    from app.governance.models import RefreshRun
app/governance/models.py:2: in <module>
    from pydantic import BaseModel, Field
E   ModuleNotFoundError: No module named 'pydantic'
_______________ ERROR collecting tests/test_feature_registry.py ________________
ImportError while importing test module '/app/tests/test_feature_registry.py'.
Hint: make sure your test modules/packages have valid Python names.
Traceback:
/usr/lib/python3.12/importlib/__init__.py:90: in import_module
    return _bootstrap._gcd_import(name[level:], package, level)
           ^^^^^^^^^^^^^^^^^^^^^^^^^^^^^^^^^^^^^^^^^^^^^^^^^^^^
tests/test_feature_registry.py:2: in <module>
    from app.research.features.base import BaseFeatureCalculator
app/research/features/__init__.py:2: in <module>
    from .engine import FeatureEngine
app/research/features/engine.py:2: in <module>
    import pandas as pd
E   ModuleNotFoundError: No module named 'pandas'
________________ ERROR collecting tests/test_feature_storage.py ________________
ImportError while importing test module '/app/tests/test_feature_storage.py'.
Hint: make sure your test modules/packages have valid Python names.
Traceback:
/usr/lib/python3.12/importlib/__init__.py:90: in import_module
    return _bootstrap._gcd_import(name[level:], package, level)
           ^^^^^^^^^^^^^^^^^^^^^^^^^^^^^^^^^^^^^^^^^^^^^^^^^^^^
tests/test_feature_storage.py:2: in <module>
    import pandas as pd
E   ModuleNotFoundError: No module named 'pandas'
__________ ERROR collecting tests/test_federation_plane_delegation.py __________
ImportError while importing test module '/app/tests/test_federation_plane_delegation.py'.
Hint: make sure your test modules/packages have valid Python names.
Traceback:
/usr/lib/python3.12/importlib/__init__.py:90: in import_module
    return _bootstrap._gcd_import(name[level:], package, level)
           ^^^^^^^^^^^^^^^^^^^^^^^^^^^^^^^^^^^^^^^^^^^^^^^^^^^^
tests/test_federation_plane_delegation.py:2: in <module>
    from app.federation_plane.models import DelegatedAuthorityRecord
app/federation_plane/models.py:2: in <module>
    from pydantic import BaseModel
E   ModuleNotFoundError: No module named 'pydantic'
___________ ERROR collecting tests/test_federation_plane_objects.py ____________
ImportError while importing test module '/app/tests/test_federation_plane_objects.py'.
Hint: make sure your test modules/packages have valid Python names.
Traceback:
/usr/lib/python3.12/importlib/__init__.py:90: in import_module
    return _bootstrap._gcd_import(name[level:], package, level)
           ^^^^^^^^^^^^^^^^^^^^^^^^^^^^^^^^^^^^^^^^^^^^^^^^^^^^
tests/test_federation_plane_objects.py:1: in <module>
    from app.federation_plane.models import FederationObject
app/federation_plane/models.py:2: in <module>
    from pydantic import BaseModel
E   ModuleNotFoundError: No module named 'pydantic'
___________ ERROR collecting tests/test_federation_plane_registry.py ___________
ImportError while importing test module '/app/tests/test_federation_plane_registry.py'.
Hint: make sure your test modules/packages have valid Python names.
Traceback:
/usr/lib/python3.12/importlib/__init__.py:90: in import_module
    return _bootstrap._gcd_import(name[level:], package, level)
           ^^^^^^^^^^^^^^^^^^^^^^^^^^^^^^^^^^^^^^^^^^^^^^^^^^^^
tests/test_federation_plane_registry.py:2: in <module>
    from app.federation_plane.models import FederationRecord
app/federation_plane/models.py:2: in <module>
    from pydantic import BaseModel
E   ModuleNotFoundError: No module named 'pydantic'
_______ ERROR collecting tests/test_federation_plane_trust_boundaries.py _______
ImportError while importing test module '/app/tests/test_federation_plane_trust_boundaries.py'.
Hint: make sure your test modules/packages have valid Python names.
Traceback:
/usr/lib/python3.12/importlib/__init__.py:90: in import_module
    return _bootstrap._gcd_import(name[level:], package, level)
           ^^^^^^^^^^^^^^^^^^^^^^^^^^^^^^^^^^^^^^^^^^^^^^^^^^^^
tests/test_federation_plane_trust_boundaries.py:2: in <module>
    from app.federation_plane.models import TrustBoundaryRecord
app/federation_plane/models.py:2: in <module>
    from pydantic import BaseModel
E   ModuleNotFoundError: No module named 'pydantic'
____________________ ERROR collecting tests/test_filters.py ____________________
ImportError while importing test module '/app/tests/test_filters.py'.
Hint: make sure your test modules/packages have valid Python names.
Traceback:
/usr/lib/python3.12/importlib/__init__.py:90: in import_module
    return _bootstrap._gcd_import(name[level:], package, level)
           ^^^^^^^^^^^^^^^^^^^^^^^^^^^^^^^^^^^^^^^^^^^^^^^^^^^^
tests/test_filters.py:2: in <module>
    from app.strategies.filters import trend_filter, volatility_filter, stale_feature_filter
app/strategies/filters.py:3: in <module>
    from app.strategies.models import StrategyRationale
app/strategies/models.py:2: in <module>
    from pydantic import BaseModel, Field
E   ModuleNotFoundError: No module named 'pydantic'
________________ ERROR collecting tests/test_finality_plane.py _________________
ImportError while importing test module '/app/tests/test_finality_plane.py'.
Hint: make sure your test modules/packages have valid Python names.
Traceback:
/usr/lib/python3.12/importlib/__init__.py:90: in import_module
    return _bootstrap._gcd_import(name[level:], package, level)
           ^^^^^^^^^^^^^^^^^^^^^^^^^^^^^^^^^^^^^^^^^^^^^^^^^^^^
tests/test_finality_plane.py:2: in <module>
    from app.finality_plane.registry import FinalityRegistry
app/finality_plane/registry.py:2: in <module>
    from app.finality_plane.models import FinalityObject
app/finality_plane/models.py:1: in <module>
    from pydantic import BaseModel, Field
E   ModuleNotFoundError: No module named 'pydantic'
______________ ERROR collecting tests/test_governance_rollback.py ______________
ImportError while importing test module '/app/tests/test_governance_rollback.py'.
Hint: make sure your test modules/packages have valid Python names.
Traceback:
/usr/lib/python3.12/importlib/__init__.py:90: in import_module
    return _bootstrap._gcd_import(name[level:], package, level)
           ^^^^^^^^^^^^^^^^^^^^^^^^^^^^^^^^^^^^^^^^^^^^^^^^^^^^
tests/test_governance_rollback.py:1: in <module>
    from app.governance.rollback import RollbackManager
app/governance/rollback.py:1: in <module>
    from app.governance.models import RollbackReference, CandidateBundle
app/governance/models.py:2: in <module>
    from pydantic import BaseModel, Field
E   ModuleNotFoundError: No module named 'pydantic'
______________ ERROR collecting tests/test_governance_storage.py _______________
ImportError while importing test module '/app/tests/test_governance_storage.py'.
Hint: make sure your test modules/packages have valid Python names.
Traceback:
/usr/lib/python3.12/importlib/__init__.py:90: in import_module
    return _bootstrap._gcd_import(name[level:], package, level)
           ^^^^^^^^^^^^^^^^^^^^^^^^^^^^^^^^^^^^^^^^^^^^^^^^^^^^
tests/test_governance_storage.py:2: in <module>
    from app.governance.candidate_assembler import CandidateAssembler
app/governance/candidate_assembler.py:1: in <module>
    from app.data_governance.models import LineageNode, SchemaVersionRef, TrustVerdict
app/data_governance/__init__.py:3: in <module>
    from app.data_governance.models import *
app/data_governance/models.py:1: in <module>
    from pydantic import BaseModel, Field
E   ModuleNotFoundError: No module named 'pydantic'
______________ ERROR collecting tests/test_governance_triggers.py ______________
ImportError while importing test module '/app/tests/test_governance_triggers.py'.
Hint: make sure your test modules/packages have valid Python names.
Traceback:
/usr/lib/python3.12/importlib/__init__.py:90: in import_module
    return _bootstrap._gcd_import(name[level:], package, level)
           ^^^^^^^^^^^^^^^^^^^^^^^^^^^^^^^^^^^^^^^^^^^^^^^^^^^^
tests/test_governance_triggers.py:2: in <module>
    from app.governance.triggers import TriggerEvaluator
app/governance/triggers.py:3: in <module>
    from app.governance.models import RefreshTrigger
app/governance/models.py:2: in <module>
    from pydantic import BaseModel, Field
E   ModuleNotFoundError: No module named 'pydantic'
________________ ERROR collecting tests/test_honesty_guards.py _________________
ImportError while importing test module '/app/tests/test_honesty_guards.py'.
Hint: make sure your test modules/packages have valid Python names.
Traceback:
/usr/lib/python3.12/importlib/__init__.py:90: in import_module
    return _bootstrap._gcd_import(name[level:], package, level)
           ^^^^^^^^^^^^^^^^^^^^^^^^^^^^^^^^^^^^^^^^^^^^^^^^^^^^
tests/test_honesty_guards.py:3: in <module>
    from app.backtest.validation.honesty_guards import HonestyGuardEvaluator
app/backtest/validation/honesty_guards.py:2: in <module>
    from app.backtest.validation.models import HonestyWarning, ResearchHonestyReport
app/backtest/validation/models.py:1: in <module>
    from pydantic import BaseModel, Field
E   ModuleNotFoundError: No module named 'pydantic'
____________ ERROR collecting tests/test_identity_authorization.py _____________
ImportError while importing test module '/app/tests/test_identity_authorization.py'.
Hint: make sure your test modules/packages have valid Python names.
Traceback:
/usr/lib/python3.12/importlib/__init__.py:90: in import_module
    return _bootstrap._gcd_import(name[level:], package, level)
           ^^^^^^^^^^^^^^^^^^^^^^^^^^^^^^^^^^^^^^^^^^^^^^^^^^^^
tests/test_identity_authorization.py:8: in <module>
    from app.identity.models import PrincipalRecord, AuthorizationRequest
app/identity/models.py:1: in <module>
    from pydantic import BaseModel, Field
E   ModuleNotFoundError: No module named 'pydantic'
______________ ERROR collecting tests/test_identity_breakglass.py ______________
ImportError while importing test module '/app/tests/test_identity_breakglass.py'.
Hint: make sure your test modules/packages have valid Python names.
Traceback:
/usr/lib/python3.12/importlib/__init__.py:90: in import_module
    return _bootstrap._gcd_import(name[level:], package, level)
           ^^^^^^^^^^^^^^^^^^^^^^^^^^^^^^^^^^^^^^^^^^^^^^^^^^^^
tests/test_identity_breakglass.py:3: in <module>
    from app.identity.breakglass import breakglass_manager
app/identity/breakglass.py:5: in <module>
    from app.identity.models import BreakGlassRecord
app/identity/models.py:1: in <module>
    from pydantic import BaseModel, Field
E   ModuleNotFoundError: No module named 'pydantic'
_____________ ERROR collecting tests/test_identity_delegations.py ______________
ImportError while importing test module '/app/tests/test_identity_delegations.py'.
Hint: make sure your test modules/packages have valid Python names.
Traceback:
/usr/lib/python3.12/importlib/__init__.py:90: in import_module
    return _bootstrap._gcd_import(name[level:], package, level)
           ^^^^^^^^^^^^^^^^^^^^^^^^^^^^^^^^^^^^^^^^^^^^^^^^^^^^
tests/test_identity_delegations.py:5: in <module>
    from app.identity.delegations import delegation_manager
app/identity/delegations.py:5: in <module>
    from app.identity.models import DelegationRecord
app/identity/models.py:1: in <module>
    from pydantic import BaseModel, Field
E   ModuleNotFoundError: No module named 'pydantic'
________________ ERROR collecting tests/test_identity_plane.py _________________
ImportError while importing test module '/app/tests/test_identity_plane.py'.
Hint: make sure your test modules/packages have valid Python names.
Traceback:
/usr/lib/python3.12/importlib/__init__.py:90: in import_module
    return _bootstrap._gcd_import(name[level:], package, level)
           ^^^^^^^^^^^^^^^^^^^^^^^^^^^^^^^^^^^^^^^^^^^^^^^^^^^^
tests/test_identity_plane.py:3: in <module>
    from app.identity_plane.models import (
app/identity_plane/models.py:1: in <module>
    from pydantic import BaseModel, Field
E   ModuleNotFoundError: No module named 'pydantic'
_________ ERROR collecting tests/test_identity_plane_authentication.py _________
ImportError while importing test module '/app/tests/test_identity_plane_authentication.py'.
Hint: make sure your test modules/packages have valid Python names.
Traceback:
/usr/lib/python3.12/importlib/__init__.py:90: in import_module
    return _bootstrap._gcd_import(name[level:], package, level)
           ^^^^^^^^^^^^^^^^^^^^^^^^^^^^^^^^^^^^^^^^^^^^^^^^^^^^
tests/test_identity_plane_authentication.py:1: in <module>
    from app.identity_plane.models import *
app/identity_plane/models.py:1: in <module>
    from pydantic import BaseModel, Field
E   ModuleNotFoundError: No module named 'pydantic'
_________ ERROR collecting tests/test_identity_plane_authorization.py __________
ImportError while importing test module '/app/tests/test_identity_plane_authorization.py'.
Hint: make sure your test modules/packages have valid Python names.
Traceback:
/usr/lib/python3.12/importlib/__init__.py:90: in import_module
    return _bootstrap._gcd_import(name[level:], package, level)
           ^^^^^^^^^^^^^^^^^^^^^^^^^^^^^^^^^^^^^^^^^^^^^^^^^^^^
tests/test_identity_plane_authorization.py:1: in <module>
    from app.identity_plane.models import *
app/identity_plane/models.py:1: in <module>
    from pydantic import BaseModel, Field
E   ModuleNotFoundError: No module named 'pydantic'
__________ ERROR collecting tests/test_identity_plane_capabilities.py __________
ImportError while importing test module '/app/tests/test_identity_plane_capabilities.py'.
Hint: make sure your test modules/packages have valid Python names.
Traceback:
/usr/lib/python3.12/importlib/__init__.py:90: in import_module
    return _bootstrap._gcd_import(name[level:], package, level)
           ^^^^^^^^^^^^^^^^^^^^^^^^^^^^^^^^^^^^^^^^^^^^^^^^^^^^
tests/test_identity_plane_capabilities.py:1: in <module>
    from app.identity_plane.models import *
app/identity_plane/models.py:1: in <module>
    from pydantic import BaseModel, Field
E   ModuleNotFoundError: No module named 'pydantic'
______________ ERROR collecting tests/test_identity_plane_debt.py ______________
ImportError while importing test module '/app/tests/test_identity_plane_debt.py'.
Hint: make sure your test modules/packages have valid Python names.
Traceback:
/usr/lib/python3.12/importlib/__init__.py:90: in import_module
    return _bootstrap._gcd_import(name[level:], package, level)
           ^^^^^^^^^^^^^^^^^^^^^^^^^^^^^^^^^^^^^^^^^^^^^^^^^^^^
tests/test_identity_plane_debt.py:1: in <module>
    from app.identity_plane.models import *
app/identity_plane/models.py:1: in <module>
    from pydantic import BaseModel, Field
E   ModuleNotFoundError: No module named 'pydantic'
__________ ERROR collecting tests/test_identity_plane_delegations.py ___________
ImportError while importing test module '/app/tests/test_identity_plane_delegations.py'.
Hint: make sure your test modules/packages have valid Python names.
Traceback:
/usr/lib/python3.12/importlib/__init__.py:90: in import_module
    return _bootstrap._gcd_import(name[level:], package, level)
           ^^^^^^^^^^^^^^^^^^^^^^^^^^^^^^^^^^^^^^^^^^^^^^^^^^^^
tests/test_identity_plane_delegations.py:1: in <module>
    from app.identity_plane.models import *
app/identity_plane/models.py:1: in <module>
    from pydantic import BaseModel, Field
E   ModuleNotFoundError: No module named 'pydantic'
___________ ERROR collecting tests/test_identity_plane_divergence.py ___________
ImportError while importing test module '/app/tests/test_identity_plane_divergence.py'.
Hint: make sure your test modules/packages have valid Python names.
Traceback:
/usr/lib/python3.12/importlib/__init__.py:90: in import_module
    return _bootstrap._gcd_import(name[level:], package, level)
           ^^^^^^^^^^^^^^^^^^^^^^^^^^^^^^^^^^^^^^^^^^^^^^^^^^^^
tests/test_identity_plane_divergence.py:1: in <module>
    from app.identity_plane.models import *
app/identity_plane/models.py:1: in <module>
    from pydantic import BaseModel, Field
E   ModuleNotFoundError: No module named 'pydantic'
___________ ERROR collecting tests/test_identity_plane_elevation.py ____________
ImportError while importing test module '/app/tests/test_identity_plane_elevation.py'.
Hint: make sure your test modules/packages have valid Python names.
Traceback:
/usr/lib/python3.12/importlib/__init__.py:90: in import_module
    return _bootstrap._gcd_import(name[level:], package, level)
           ^^^^^^^^^^^^^^^^^^^^^^^^^^^^^^^^^^^^^^^^^^^^^^^^^^^^
tests/test_identity_plane_elevation.py:1: in <module>
    from app.identity_plane.models import *
app/identity_plane/models.py:1: in <module>
    from pydantic import BaseModel, Field
E   ModuleNotFoundError: No module named 'pydantic'
__________ ERROR collecting tests/test_identity_plane_environments.py __________
ImportError while importing test module '/app/tests/test_identity_plane_environments.py'.
Hint: make sure your test modules/packages have valid Python names.
Traceback:
/usr/lib/python3.12/importlib/__init__.py:90: in import_module
    return _bootstrap._gcd_import(name[level:], package, level)
           ^^^^^^^^^^^^^^^^^^^^^^^^^^^^^^^^^^^^^^^^^^^^^^^^^^^^
tests/test_identity_plane_environments.py:1: in <module>
    from app.identity_plane.models import *
app/identity_plane/models.py:1: in <module>
    from pydantic import BaseModel, Field
E   ModuleNotFoundError: No module named 'pydantic'
__________ ERROR collecting tests/test_identity_plane_equivalence.py ___________
ImportError while importing test module '/app/tests/test_identity_plane_equivalence.py'.
Hint: make sure your test modules/packages have valid Python names.
Traceback:
/usr/lib/python3.12/importlib/__init__.py:90: in import_module
    return _bootstrap._gcd_import(name[level:], package, level)
           ^^^^^^^^^^^^^^^^^^^^^^^^^^^^^^^^^^^^^^^^^^^^^^^^^^^^
tests/test_identity_plane_equivalence.py:1: in <module>
    from app.identity_plane.models import *
app/identity_plane/models.py:1: in <module>
    from pydantic import BaseModel, Field
E   ModuleNotFoundError: No module named 'pydantic'
_____________ ERROR collecting tests/test_identity_plane_grants.py _____________
ImportError while importing test module '/app/tests/test_identity_plane_grants.py'.
Hint: make sure your test modules/packages have valid Python names.
Traceback:
/usr/lib/python3.12/importlib/__init__.py:90: in import_module
    return _bootstrap._gcd_import(name[level:], package, level)
           ^^^^^^^^^^^^^^^^^^^^^^^^^^^^^^^^^^^^^^^^^^^^^^^^^^^^
tests/test_identity_plane_grants.py:1: in <module>
    from app.identity_plane.models import *
app/identity_plane/models.py:1: in <module>
    from pydantic import BaseModel, Field
E   ModuleNotFoundError: No module named 'pydantic'
_________ ERROR collecting tests/test_identity_plane_impersonation.py __________
ImportError while importing test module '/app/tests/test_identity_plane_impersonation.py'.
Hint: make sure your test modules/packages have valid Python names.
Traceback:
/usr/lib/python3.12/importlib/__init__.py:90: in import_module
    return _bootstrap._gcd_import(name[level:], package, level)
           ^^^^^^^^^^^^^^^^^^^^^^^^^^^^^^^^^^^^^^^^^^^^^^^^^^^^
tests/test_identity_plane_impersonation.py:1: in <module>
    from app.identity_plane.models import *
app/identity_plane/models.py:1: in <module>
    from pydantic import BaseModel, Field
E   ModuleNotFoundError: No module named 'pydantic'
___________ ERROR collecting tests/test_identity_plane_manifests.py ____________
ImportError while importing test module '/app/tests/test_identity_plane_manifests.py'.
Hint: make sure your test modules/packages have valid Python names.
Traceback:
/usr/lib/python3.12/importlib/__init__.py:90: in import_module
    return _bootstrap._gcd_import(name[level:], package, level)
           ^^^^^^^^^^^^^^^^^^^^^^^^^^^^^^^^^^^^^^^^^^^^^^^^^^^^
tests/test_identity_plane_manifests.py:1: in <module>
    from app.identity_plane.models import *
app/identity_plane/models.py:1: in <module>
    from pydantic import BaseModel, Field
E   ModuleNotFoundError: No module named 'pydantic'
___________ ERROR collecting tests/test_identity_plane_principals.py ___________
ImportError while importing test module '/app/tests/test_identity_plane_principals.py'.
Hint: make sure your test modules/packages have valid Python names.
Traceback:
/usr/lib/python3.12/importlib/__init__.py:90: in import_module
    return _bootstrap._gcd_import(name[level:], package, level)
           ^^^^^^^^^^^^^^^^^^^^^^^^^^^^^^^^^^^^^^^^^^^^^^^^^^^^
tests/test_identity_plane_principals.py:1: in <module>
    from app.identity_plane.models import *
app/identity_plane/models.py:1: in <module>
    from pydantic import BaseModel, Field
E   ModuleNotFoundError: No module named 'pydantic'
___________ ERROR collecting tests/test_identity_plane_provenance.py ___________
ImportError while importing test module '/app/tests/test_identity_plane_provenance.py'.
Hint: make sure your test modules/packages have valid Python names.
Traceback:
/usr/lib/python3.12/importlib/__init__.py:90: in import_module
    return _bootstrap._gcd_import(name[level:], package, level)
           ^^^^^^^^^^^^^^^^^^^^^^^^^^^^^^^^^^^^^^^^^^^^^^^^^^^^
tests/test_identity_plane_provenance.py:1: in <module>
    from app.identity_plane.models import *
app/identity_plane/models.py:1: in <module>
    from pydantic import BaseModel, Field
E   ModuleNotFoundError: No module named 'pydantic'
____________ ERROR collecting tests/test_identity_plane_quality.py _____________
ImportError while importing test module '/app/tests/test_identity_plane_quality.py'.
Hint: make sure your test modules/packages have valid Python names.
Traceback:
/usr/lib/python3.12/importlib/__init__.py:90: in import_module
    return _bootstrap._gcd_import(name[level:], package, level)
           ^^^^^^^^^^^^^^^^^^^^^^^^^^^^^^^^^^^^^^^^^^^^^^^^^^^^
tests/test_identity_plane_quality.py:1: in <module>
    from app.identity_plane.models import *
app/identity_plane/models.py:1: in <module>
    from pydantic import BaseModel, Field
E   ModuleNotFoundError: No module named 'pydantic'
____________ ERROR collecting tests/test_identity_plane_registry.py ____________
ImportError while importing test module '/app/tests/test_identity_plane_registry.py'.
Hint: make sure your test modules/packages have valid Python names.
Traceback:
/usr/lib/python3.12/importlib/__init__.py:90: in import_module
    return _bootstrap._gcd_import(name[level:], package, level)
           ^^^^^^^^^^^^^^^^^^^^^^^^^^^^^^^^^^^^^^^^^^^^^^^^^^^^
tests/test_identity_plane_registry.py:1: in <module>
    from app.identity_plane.models import *
app/identity_plane/models.py:1: in <module>
    from pydantic import BaseModel, Field
E   ModuleNotFoundError: No module named 'pydantic'
____________ ERROR collecting tests/test_identity_plane_reviews.py _____________
ImportError while importing test module '/app/tests/test_identity_plane_reviews.py'.
Hint: make sure your test modules/packages have valid Python names.
Traceback:
/usr/lib/python3.12/importlib/__init__.py:90: in import_module
    return _bootstrap._gcd_import(name[level:], package, level)
           ^^^^^^^^^^^^^^^^^^^^^^^^^^^^^^^^^^^^^^^^^^^^^^^^^^^^
tests/test_identity_plane_reviews.py:1: in <module>
    from app.identity_plane.models import *
app/identity_plane/models.py:1: in <module>
    from pydantic import BaseModel, Field
E   ModuleNotFoundError: No module named 'pydantic'
___________ ERROR collecting tests/test_identity_plane_revocation.py ___________
ImportError while importing test module '/app/tests/test_identity_plane_revocation.py'.
Hint: make sure your test modules/packages have valid Python names.
Traceback:
/usr/lib/python3.12/importlib/__init__.py:90: in import_module
    return _bootstrap._gcd_import(name[level:], package, level)
           ^^^^^^^^^^^^^^^^^^^^^^^^^^^^^^^^^^^^^^^^^^^^^^^^^^^^
tests/test_identity_plane_revocation.py:1: in <module>
    from app.identity_plane.models import *
app/identity_plane/models.py:1: in <module>
    from pydantic import BaseModel, Field
E   ModuleNotFoundError: No module named 'pydantic'
_____________ ERROR collecting tests/test_identity_plane_roles.py ______________
ImportError while importing test module '/app/tests/test_identity_plane_roles.py'.
Hint: make sure your test modules/packages have valid Python names.
Traceback:
/usr/lib/python3.12/importlib/__init__.py:90: in import_module
    return _bootstrap._gcd_import(name[level:], package, level)
           ^^^^^^^^^^^^^^^^^^^^^^^^^^^^^^^^^^^^^^^^^^^^^^^^^^^^
tests/test_identity_plane_roles.py:1: in <module>
    from app.identity_plane.models import *
app/identity_plane/models.py:1: in <module>
    from pydantic import BaseModel, Field
E   ModuleNotFoundError: No module named 'pydantic'
_____________ ERROR collecting tests/test_identity_plane_scopes.py _____________
ImportError while importing test module '/app/tests/test_identity_plane_scopes.py'.
Hint: make sure your test modules/packages have valid Python names.
Traceback:
/usr/lib/python3.12/importlib/__init__.py:90: in import_module
    return _bootstrap._gcd_import(name[level:], package, level)
           ^^^^^^^^^^^^^^^^^^^^^^^^^^^^^^^^^^^^^^^^^^^^^^^^^^^^
tests/test_identity_plane_scopes.py:1: in <module>
    from app.identity_plane.models import *
app/identity_plane/models.py:1: in <module>
    from pydantic import BaseModel, Field
E   ModuleNotFoundError: No module named 'pydantic'
________ ERROR collecting tests/test_identity_plane_service_accounts.py ________
ImportError while importing test module '/app/tests/test_identity_plane_service_accounts.py'.
Hint: make sure your test modules/packages have valid Python names.
Traceback:
/usr/lib/python3.12/importlib/__init__.py:90: in import_module
    return _bootstrap._gcd_import(name[level:], package, level)
           ^^^^^^^^^^^^^^^^^^^^^^^^^^^^^^^^^^^^^^^^^^^^^^^^^^^^
tests/test_identity_plane_service_accounts.py:1: in <module>
    from app.identity_plane.models import *
app/identity_plane/models.py:1: in <module>
    from pydantic import BaseModel, Field
E   ModuleNotFoundError: No module named 'pydantic'
____________ ERROR collecting tests/test_identity_plane_sessions.py ____________
ImportError while importing test module '/app/tests/test_identity_plane_sessions.py'.
Hint: make sure your test modules/packages have valid Python names.
Traceback:
/usr/lib/python3.12/importlib/__init__.py:90: in import_module
    return _bootstrap._gcd_import(name[level:], package, level)
           ^^^^^^^^^^^^^^^^^^^^^^^^^^^^^^^^^^^^^^^^^^^^^^^^^^^^
tests/test_identity_plane_sessions.py:1: in <module>
    from app.identity_plane.models import *
app/identity_plane/models.py:1: in <module>
    from pydantic import BaseModel, Field
E   ModuleNotFoundError: No module named 'pydantic'
____________ ERROR collecting tests/test_identity_plane_storage.py _____________
ImportError while importing test module '/app/tests/test_identity_plane_storage.py'.
Hint: make sure your test modules/packages have valid Python names.
Traceback:
/usr/lib/python3.12/importlib/__init__.py:90: in import_module
    return _bootstrap._gcd_import(name[level:], package, level)
           ^^^^^^^^^^^^^^^^^^^^^^^^^^^^^^^^^^^^^^^^^^^^^^^^^^^^
tests/test_identity_plane_storage.py:1: in <module>
    from app.identity_plane.models import *
app/identity_plane/models.py:1: in <module>
    from pydantic import BaseModel, Field
E   ModuleNotFoundError: No module named 'pydantic'
___________ ERROR collecting tests/test_identity_plane_suspension.py ___________
ImportError while importing test module '/app/tests/test_identity_plane_suspension.py'.
Hint: make sure your test modules/packages have valid Python names.
Traceback:
/usr/lib/python3.12/importlib/__init__.py:90: in import_module
    return _bootstrap._gcd_import(name[level:], package, level)
           ^^^^^^^^^^^^^^^^^^^^^^^^^^^^^^^^^^^^^^^^^^^^^^^^^^^^
tests/test_identity_plane_suspension.py:1: in <module>
    from app.identity_plane.models import *
app/identity_plane/models.py:1: in <module>
    from pydantic import BaseModel, Field
E   ModuleNotFoundError: No module named 'pydantic'
_____________ ERROR collecting tests/test_identity_plane_trust.py ______________
ImportError while importing test module '/app/tests/test_identity_plane_trust.py'.
Hint: make sure your test modules/packages have valid Python names.
Traceback:
/usr/lib/python3.12/importlib/__init__.py:90: in import_module
    return _bootstrap._gcd_import(name[level:], package, level)
           ^^^^^^^^^^^^^^^^^^^^^^^^^^^^^^^^^^^^^^^^^^^^^^^^^^^^
tests/test_identity_plane_trust.py:1: in <module>
    from app.identity_plane.models import *
app/identity_plane/models.py:1: in <module>
    from pydantic import BaseModel, Field
E   ModuleNotFoundError: No module named 'pydantic'
________ ERROR collecting tests/test_identity_plane_workflow_actors.py _________
ImportError while importing test module '/app/tests/test_identity_plane_workflow_actors.py'.
Hint: make sure your test modules/packages have valid Python names.
Traceback:
/usr/lib/python3.12/importlib/__init__.py:90: in import_module
    return _bootstrap._gcd_import(name[level:], package, level)
           ^^^^^^^^^^^^^^^^^^^^^^^^^^^^^^^^^^^^^^^^^^^^^^^^^^^^
tests/test_identity_plane_workflow_actors.py:1: in <module>
    from app.identity_plane.models import *
app/identity_plane/models.py:1: in <module>
    from pydantic import BaseModel, Field
E   ModuleNotFoundError: No module named 'pydantic'
______________ ERROR collecting tests/test_identity_principals.py ______________
ImportError while importing test module '/app/tests/test_identity_principals.py'.
Hint: make sure your test modules/packages have valid Python names.
Traceback:
/usr/lib/python3.12/importlib/__init__.py:90: in import_module
    return _bootstrap._gcd_import(name[level:], package, level)
           ^^^^^^^^^^^^^^^^^^^^^^^^^^^^^^^^^^^^^^^^^^^^^^^^^^^^
tests/test_identity_principals.py:2: in <module>
    from app.identity.models import PrincipalRecord
app/identity/models.py:1: in <module>
    from pydantic import BaseModel, Field
E   ModuleNotFoundError: No module named 'pydantic'
_______________ ERROR collecting tests/test_identity_sessions.py _______________
ImportError while importing test module '/app/tests/test_identity_sessions.py'.
Hint: make sure your test modules/packages have valid Python names.
Traceback:
/usr/lib/python3.12/importlib/__init__.py:90: in import_module
    return _bootstrap._gcd_import(name[level:], package, level)
           ^^^^^^^^^^^^^^^^^^^^^^^^^^^^^^^^^^^^^^^^^^^^^^^^^^^^
tests/test_identity_sessions.py:5: in <module>
    from app.identity.sessions import session_manager
app/identity/sessions.py:6: in <module>
    from app.identity.models import SessionRecord, SessionClaim
app/identity/models.py:1: in <module>
    from pydantic import BaseModel, Field
E   ModuleNotFoundError: No module named 'pydantic'
____________ ERROR collecting tests/test_incident_plane_actions.py _____________
ImportError while importing test module '/app/tests/test_incident_plane_actions.py'.
Hint: make sure your test modules/packages have valid Python names.
Traceback:
/usr/lib/python3.12/importlib/__init__.py:90: in import_module
    return _bootstrap._gcd_import(name[level:], package, level)
           ^^^^^^^^^^^^^^^^^^^^^^^^^^^^^^^^^^^^^^^^^^^^^^^^^^^^
tests/test_incident_plane_actions.py:1: in <module>
    from app.incident_plane.actions import IncidentActionEngine
E   ImportError: cannot import name 'IncidentActionEngine' from 'app.incident_plane.actions' (/app/app/incident_plane/actions.py)
____________ ERROR collecting tests/test_incident_plane_closure.py _____________
ImportError while importing test module '/app/tests/test_incident_plane_closure.py'.
Hint: make sure your test modules/packages have valid Python names.
Traceback:
/usr/lib/python3.12/importlib/__init__.py:90: in import_module
    return _bootstrap._gcd_import(name[level:], package, level)
           ^^^^^^^^^^^^^^^^^^^^^^^^^^^^^^^^^^^^^^^^^^^^^^^^^^^^
tests/test_incident_plane_closure.py:1: in <module>
    from app.incident_plane.closure import ClosureReadinessEvaluator
app/incident_plane/closure.py:1: in <module>
    from app.incident_plane.models import IncidentManifest
app/incident_plane/models.py:1: in <module>
    from pydantic import BaseModel, Field
E   ModuleNotFoundError: No module named 'pydantic'
__________ ERROR collecting tests/test_incident_plane_containment.py ___________
ImportError while importing test module '/app/tests/test_incident_plane_containment.py'.
Hint: make sure your test modules/packages have valid Python names.
Traceback:
/usr/lib/python3.12/importlib/__init__.py:90: in import_module
    return _bootstrap._gcd_import(name[level:], package, level)
           ^^^^^^^^^^^^^^^^^^^^^^^^^^^^^^^^^^^^^^^^^^^^^^^^^^^^
tests/test_incident_plane_containment.py:1: in <module>
    from app.incident_plane.containment import IncidentContainmentEngine
app/incident_plane/containment.py:1: in <module>
    from pydantic import BaseModel
E   ModuleNotFoundError: No module named 'pydantic'
__________ ERROR collecting tests/test_incident_plane_correlation.py ___________
ImportError while importing test module '/app/tests/test_incident_plane_correlation.py'.
Hint: make sure your test modules/packages have valid Python names.
Traceback:
/usr/lib/python3.12/importlib/__init__.py:90: in import_module
    return _bootstrap._gcd_import(name[level:], package, level)
           ^^^^^^^^^^^^^^^^^^^^^^^^^^^^^^^^^^^^^^^^^^^^^^^^^^^^
tests/test_incident_plane_correlation.py:1: in <module>
    from app.incident_plane.correlation import IncidentCorrelationEngine
app/incident_plane/correlation.py:1: in <module>
    from pydantic import BaseModel
E   ModuleNotFoundError: No module named 'pydantic'
_____________ ERROR collecting tests/test_incident_plane_dedup.py ______________
ImportError while importing test module '/app/tests/test_incident_plane_dedup.py'.
Hint: make sure your test modules/packages have valid Python names.
Traceback:
/usr/lib/python3.12/importlib/__init__.py:90: in import_module
    return _bootstrap._gcd_import(name[level:], package, level)
           ^^^^^^^^^^^^^^^^^^^^^^^^^^^^^^^^^^^^^^^^^^^^^^^^^^^^
tests/test_incident_plane_dedup.py:1: in <module>
    from app.incident_plane.dedup import IncidentDedupEngine
app/incident_plane/dedup.py:1: in <module>
    from pydantic import BaseModel
E   ModuleNotFoundError: No module named 'pydantic'
___________ ERROR collecting tests/test_incident_plane_divergence.py ___________
ImportError while importing test module '/app/tests/test_incident_plane_divergence.py'.
Hint: make sure your test modules/packages have valid Python names.
Traceback:
/usr/lib/python3.12/importlib/__init__.py:90: in import_module
    return _bootstrap._gcd_import(name[level:], package, level)
           ^^^^^^^^^^^^^^^^^^^^^^^^^^^^^^^^^^^^^^^^^^^^^^^^^^^^
tests/test_incident_plane_divergence.py:1: in <module>
    from app.incident_plane.divergence import IncidentDivergenceReport
app/incident_plane/divergence.py:1: in <module>
    from pydantic import BaseModel
E   ModuleNotFoundError: No module named 'pydantic'
__________ ERROR collecting tests/test_incident_plane_equivalence.py ___________
ImportError while importing test module '/app/tests/test_incident_plane_equivalence.py'.
Hint: make sure your test modules/packages have valid Python names.
Traceback:
/usr/lib/python3.12/importlib/__init__.py:90: in import_module
    return _bootstrap._gcd_import(name[level:], package, level)
           ^^^^^^^^^^^^^^^^^^^^^^^^^^^^^^^^^^^^^^^^^^^^^^^^^^^^
tests/test_incident_plane_equivalence.py:1: in <module>
    from app.incident_plane.equivalence import IncidentEquivalenceReport
app/incident_plane/equivalence.py:1: in <module>
    from pydantic import BaseModel
E   ModuleNotFoundError: No module named 'pydantic'
___________ ERROR collecting tests/test_incident_plane_governance.py ___________
ImportError while importing test module '/app/tests/test_incident_plane_governance.py'.
Hint: make sure your test modules/packages have valid Python names.
Traceback:
/usr/lib/python3.12/importlib/__init__.py:90: in import_module
    return _bootstrap._gcd_import(name[level:], package, level)
           ^^^^^^^^^^^^^^^^^^^^^^^^^^^^^^^^^^^^^^^^^^^^^^^^^^^^
tests/test_incident_plane_governance.py:2: in <module>
    from app.incident_plane.status import IncidentStatusMachine
app/incident_plane/status.py:5: in <module>
    from app.incident_plane.models import IncidentStatusEvent
app/incident_plane/models.py:1: in <module>
    from pydantic import BaseModel, Field
E   ModuleNotFoundError: No module named 'pydantic'
___________ ERROR collecting tests/test_incident_plane_manifests.py ____________
ImportError while importing test module '/app/tests/test_incident_plane_manifests.py'.
Hint: make sure your test modules/packages have valid Python names.
Traceback:
/usr/lib/python3.12/importlib/__init__.py:90: in import_module
    return _bootstrap._gcd_import(name[level:], package, level)
           ^^^^^^^^^^^^^^^^^^^^^^^^^^^^^^^^^^^^^^^^^^^^^^^^^^^^
tests/test_incident_plane_manifests.py:1: in <module>
    from app.incident_plane.manifests import IncidentManifestBuilder
app/incident_plane/manifests.py:1: in <module>
    from app.incident_plane.models import IncidentManifest
app/incident_plane/models.py:1: in <module>
    from pydantic import BaseModel, Field
E   ModuleNotFoundError: No module named 'pydantic'
___________ ERROR collecting tests/test_incident_plane_ownership.py ____________
ImportError while importing test module '/app/tests/test_incident_plane_ownership.py'.
Hint: make sure your test modules/packages have valid Python names.
Traceback:
/usr/lib/python3.12/importlib/__init__.py:90: in import_module
    return _bootstrap._gcd_import(name[level:], package, level)
           ^^^^^^^^^^^^^^^^^^^^^^^^^^^^^^^^^^^^^^^^^^^^^^^^^^^^
tests/test_incident_plane_ownership.py:1: in <module>
    from app.incident_plane.ownership import IncidentOwnershipEngine
E   ImportError: cannot import name 'IncidentOwnershipEngine' from 'app.incident_plane.ownership' (/app/app/incident_plane/ownership.py)
________ ERROR collecting tests/test_incident_plane_postmortem_links.py ________
ImportError while importing test module '/app/tests/test_incident_plane_postmortem_links.py'.
Hint: make sure your test modules/packages have valid Python names.
Traceback:
/usr/lib/python3.12/importlib/__init__.py:90: in import_module
    return _bootstrap._gcd_import(name[level:], package, level)
           ^^^^^^^^^^^^^^^^^^^^^^^^^^^^^^^^^^^^^^^^^^^^^^^^^^^^
tests/test_incident_plane_postmortem_links.py:1: in <module>
    from app.incident_plane.postmortem_links import PostmortemLink
app/incident_plane/postmortem_links.py:1: in <module>
    from pydantic import BaseModel
E   ModuleNotFoundError: No module named 'pydantic'
____________ ERROR collecting tests/test_incident_plane_quality.py _____________
ImportError while importing test module '/app/tests/test_incident_plane_quality.py'.
Hint: make sure your test modules/packages have valid Python names.
Traceback:
/usr/lib/python3.12/importlib/__init__.py:90: in import_module
    return _bootstrap._gcd_import(name[level:], package, level)
           ^^^^^^^^^^^^^^^^^^^^^^^^^^^^^^^^^^^^^^^^^^^^^^^^^^^^
tests/test_incident_plane_quality.py:1: in <module>
    from app.incident_plane.quality import IncidentQualityReport
app/incident_plane/quality.py:1: in <module>
    from pydantic import BaseModel
E   ModuleNotFoundError: No module named 'pydantic'
____________ ERROR collecting tests/test_incident_plane_recovery.py ____________
ImportError while importing test module '/app/tests/test_incident_plane_recovery.py'.
Hint: make sure your test modules/packages have valid Python names.
Traceback:
/usr/lib/python3.12/importlib/__init__.py:90: in import_module
    return _bootstrap._gcd_import(name[level:], package, level)
           ^^^^^^^^^^^^^^^^^^^^^^^^^^^^^^^^^^^^^^^^^^^^^^^^^^^^
tests/test_incident_plane_recovery.py:1: in <module>
    from app.incident_plane.recovery import IncidentRecoveryEngine
E   ImportError: cannot import name 'IncidentRecoveryEngine' from 'app.incident_plane.recovery' (/app/app/incident_plane/recovery.py)
_______ ERROR collecting tests/test_incident_plane_reliability_links.py ________
ImportError while importing test module '/app/tests/test_incident_plane_reliability_links.py'.
Hint: make sure your test modules/packages have valid Python names.
Traceback:
/usr/lib/python3.12/importlib/__init__.py:90: in import_module
    return _bootstrap._gcd_import(name[level:], package, level)
           ^^^^^^^^^^^^^^^^^^^^^^^^^^^^^^^^^^^^^^^^^^^^^^^^^^^^
tests/test_incident_plane_reliability_links.py:1: in <module>
    from app.incident_plane.reliability_links import ReliabilityLink
app/incident_plane/reliability_links.py:1: in <module>
    from pydantic import BaseModel
E   ModuleNotFoundError: No module named 'pydantic'
____________ ERROR collecting tests/test_incident_plane_signals.py _____________
ImportError while importing test module '/app/tests/test_incident_plane_signals.py'.
Hint: make sure your test modules/packages have valid Python names.
Traceback:
/usr/lib/python3.12/importlib/__init__.py:90: in import_module
    return _bootstrap._gcd_import(name[level:], package, level)
           ^^^^^^^^^^^^^^^^^^^^^^^^^^^^^^^^^^^^^^^^^^^^^^^^^^^^
tests/test_incident_plane_signals.py:1: in <module>
    from app.incident_plane.signals import IncidentSignalIntake
E   ImportError: cannot import name 'IncidentSignalIntake' from 'app.incident_plane.signals' (/app/app/incident_plane/signals.py)
_________ ERROR collecting tests/test_incident_plane_stabilization.py __________
ImportError while importing test module '/app/tests/test_incident_plane_stabilization.py'.
Hint: make sure your test modules/packages have valid Python names.
Traceback:
/usr/lib/python3.12/importlib/__init__.py:90: in import_module
    return _bootstrap._gcd_import(name[level:], package, level)
           ^^^^^^^^^^^^^^^^^^^^^^^^^^^^^^^^^^^^^^^^^^^^^^^^^^^^
tests/test_incident_plane_stabilization.py:1: in <module>
    from app.incident_plane.stabilization import IncidentStabilizationEngine
app/incident_plane/stabilization.py:1: in <module>
    from pydantic import BaseModel
E   ModuleNotFoundError: No module named 'pydantic'
_____________ ERROR collecting tests/test_incident_plane_status.py _____________
ImportError while importing test module '/app/tests/test_incident_plane_status.py'.
Hint: make sure your test modules/packages have valid Python names.
Traceback:
/usr/lib/python3.12/importlib/__init__.py:90: in import_module
    return _bootstrap._gcd_import(name[level:], package, level)
           ^^^^^^^^^^^^^^^^^^^^^^^^^^^^^^^^^^^^^^^^^^^^^^^^^^^^
tests/test_incident_plane_status.py:1: in <module>
    from app.incident_plane.status import IncidentStatusMachine
app/incident_plane/status.py:5: in <module>
    from app.incident_plane.models import IncidentStatusEvent
app/incident_plane/models.py:1: in <module>
    from pydantic import BaseModel, Field
E   ModuleNotFoundError: No module named 'pydantic'
____________ ERROR collecting tests/test_incident_plane_storage.py _____________
ImportError while importing test module '/app/tests/test_incident_plane_storage.py'.
Hint: make sure your test modules/packages have valid Python names.
Traceback:
/usr/lib/python3.12/importlib/__init__.py:90: in import_module
    return _bootstrap._gcd_import(name[level:], package, level)
           ^^^^^^^^^^^^^^^^^^^^^^^^^^^^^^^^^^^^^^^^^^^^^^^^^^^^
tests/test_incident_plane_storage.py:2: in <module>
    from app.incident_plane.repository import IncidentRepository
app/incident_plane/repository.py:2: in <module>
    from app.incident_plane.models import IncidentManifest
app/incident_plane/models.py:1: in <module>
    from pydantic import BaseModel, Field
E   ModuleNotFoundError: No module named 'pydantic'
___________ ERROR collecting tests/test_incident_plane_timelines.py ____________
ImportError while importing test module '/app/tests/test_incident_plane_timelines.py'.
Hint: make sure your test modules/packages have valid Python names.
Traceback:
/usr/lib/python3.12/importlib/__init__.py:90: in import_module
    return _bootstrap._gcd_import(name[level:], package, level)
           ^^^^^^^^^^^^^^^^^^^^^^^^^^^^^^^^^^^^^^^^^^^^^^^^^^^^
tests/test_incident_plane_timelines.py:1: in <module>
    from app.incident_plane.timelines import IncidentTimelineEngine
app/incident_plane/timelines.py:1: in <module>
    from pydantic import BaseModel
E   ModuleNotFoundError: No module named 'pydantic'
_____________ ERROR collecting tests/test_incident_plane_triage.py _____________
ImportError while importing test module '/app/tests/test_incident_plane_triage.py'.
Hint: make sure your test modules/packages have valid Python names.
Traceback:
/usr/lib/python3.12/importlib/__init__.py:90: in import_module
    return _bootstrap._gcd_import(name[level:], package, level)
           ^^^^^^^^^^^^^^^^^^^^^^^^^^^^^^^^^^^^^^^^^^^^^^^^^^^^
tests/test_incident_plane_triage.py:1: in <module>
    from app.incident_plane.triage import IncidentTriageEngine
app/incident_plane/triage.py:1: in <module>
    from app.incident_plane.models import IncidentTriageRecord
app/incident_plane/models.py:1: in <module>
    from pydantic import BaseModel, Field
E   ModuleNotFoundError: No module named 'pydantic'
_____________ ERROR collecting tests/test_incident_plane_trust.py ______________
ImportError while importing test module '/app/tests/test_incident_plane_trust.py'.
Hint: make sure your test modules/packages have valid Python names.
Traceback:
/usr/lib/python3.12/importlib/__init__.py:90: in import_module
    return _bootstrap._gcd_import(name[level:], package, level)
           ^^^^^^^^^^^^^^^^^^^^^^^^^^^^^^^^^^^^^^^^^^^^^^^^^^^^
tests/test_incident_plane_trust.py:1: in <module>
    from app.incident_plane.trust import IncidentTrustEngine
app/incident_plane/trust.py:1: in <module>
    from app.incident_plane.models import IncidentManifest
app/incident_plane/models.py:1: in <module>
    from pydantic import BaseModel, Field
E   ModuleNotFoundError: No module named 'pydantic'
__________ ERROR collecting tests/test_incident_plane_verification.py __________
ImportError while importing test module '/app/tests/test_incident_plane_verification.py'.
Hint: make sure your test modules/packages have valid Python names.
Traceback:
/usr/lib/python3.12/importlib/__init__.py:90: in import_module
    return _bootstrap._gcd_import(name[level:], package, level)
           ^^^^^^^^^^^^^^^^^^^^^^^^^^^^^^^^^^^^^^^^^^^^^^^^^^^^
tests/test_incident_plane_verification.py:1: in <module>
    from app.incident_plane.verification import IncidentVerificationEngine
app/incident_plane/verification.py:1: in <module>
    from app.incident_plane.models import RecoveryVerificationRecord
app/incident_plane/models.py:1: in <module>
    from pydantic import BaseModel, Field
E   ModuleNotFoundError: No module named 'pydantic'
_____________ ERROR collecting tests/test_incidents_clustering.py ______________
ImportError while importing test module '/app/tests/test_incidents_clustering.py'.
Hint: make sure your test modules/packages have valid Python names.
Traceback:
/usr/lib/python3.12/importlib/__init__.py:90: in import_module
    return _bootstrap._gcd_import(name[level:], package, level)
           ^^^^^^^^^^^^^^^^^^^^^^^^^^^^^^^^^^^^^^^^^^^^^^^^^^^^
tests/test_incidents_clustering.py:2: in <module>
    from app.incidents.intake import IncidentCommand
app/incidents/intake.py:1: in <module>
    from app.incident_plane.models import IncidentSignal
app/incident_plane/models.py:1: in <module>
    from pydantic import BaseModel, Field
E   ModuleNotFoundError: No module named 'pydantic'
_____________ ERROR collecting tests/test_incidents_containment.py _____________
ImportError while importing test module '/app/tests/test_incidents_containment.py'.
Hint: make sure your test modules/packages have valid Python names.
Traceback:
/usr/lib/python3.12/importlib/__init__.py:90: in import_module
    return _bootstrap._gcd_import(name[level:], package, level)
           ^^^^^^^^^^^^^^^^^^^^^^^^^^^^^^^^^^^^^^^^^^^^^^^^^^^^
tests/test_incidents_containment.py:2: in <module>
    from app.incidents.containment import ContainmentPlanner
app/incidents/containment.py:1: in <module>
    from .models import ContainmentPlan, IncidentRecord
app/incidents/models.py:1: in <module>
    from pydantic import BaseModel, Field
E   ModuleNotFoundError: No module named 'pydantic'
___________ ERROR collecting tests/test_incidents_degraded_modes.py ____________
ImportError while importing test module '/app/tests/test_incidents_degraded_modes.py'.
Hint: make sure your test modules/packages have valid Python names.
Traceback:
/usr/lib/python3.12/importlib/__init__.py:90: in import_module
    return _bootstrap._gcd_import(name[level:], package, level)
           ^^^^^^^^^^^^^^^^^^^^^^^^^^^^^^^^^^^^^^^^^^^^^^^^^^^^
tests/test_incidents_degraded_modes.py:2: in <module>
    from app.incidents.intake import IncidentCommand
app/incidents/intake.py:1: in <module>
    from app.incident_plane.models import IncidentSignal
app/incident_plane/models.py:1: in <module>
    from pydantic import BaseModel, Field
E   ModuleNotFoundError: No module named 'pydantic'
______________ ERROR collecting tests/test_incidents_evidence.py _______________
ImportError while importing test module '/app/tests/test_incidents_evidence.py'.
Hint: make sure your test modules/packages have valid Python names.
Traceback:
/usr/lib/python3.12/importlib/__init__.py:90: in import_module
    return _bootstrap._gcd_import(name[level:], package, level)
           ^^^^^^^^^^^^^^^^^^^^^^^^^^^^^^^^^^^^^^^^^^^^^^^^^^^^
tests/test_incidents_evidence.py:2: in <module>
    from app.incidents.intake import IncidentCommand
app/incidents/intake.py:1: in <module>
    from app.incident_plane.models import IncidentSignal
app/incident_plane/models.py:1: in <module>
    from pydantic import BaseModel, Field
E   ModuleNotFoundError: No module named 'pydantic'
_______________ ERROR collecting tests/test_incidents_history.py _______________
ImportError while importing test module '/app/tests/test_incidents_history.py'.
Hint: make sure your test modules/packages have valid Python names.
Traceback:
/usr/lib/python3.12/importlib/__init__.py:90: in import_module
    return _bootstrap._gcd_import(name[level:], package, level)
           ^^^^^^^^^^^^^^^^^^^^^^^^^^^^^^^^^^^^^^^^^^^^^^^^^^^^
tests/test_incidents_history.py:2: in <module>
    from app.incidents.intake import IncidentCommand
app/incidents/intake.py:1: in <module>
    from app.incident_plane.models import IncidentSignal
app/incident_plane/models.py:1: in <module>
    from pydantic import BaseModel, Field
E   ModuleNotFoundError: No module named 'pydantic'
_______________ ERROR collecting tests/test_incidents_intake.py ________________
ImportError while importing test module '/app/tests/test_incidents_intake.py'.
Hint: make sure your test modules/packages have valid Python names.
Traceback:
/usr/lib/python3.12/importlib/__init__.py:90: in import_module
    return _bootstrap._gcd_import(name[level:], package, level)
           ^^^^^^^^^^^^^^^^^^^^^^^^^^^^^^^^^^^^^^^^^^^^^^^^^^^^
tests/test_incidents_intake.py:2: in <module>
    from app.incidents.intake import IncidentCommand
app/incidents/intake.py:1: in <module>
    from app.incident_plane.models import IncidentSignal
app/incident_plane/models.py:1: in <module>
    from pydantic import BaseModel, Field
E   ModuleNotFoundError: No module named 'pydantic'
_______________ ERROR collecting tests/test_incidents_metrics.py _______________
ImportError while importing test module '/app/tests/test_incidents_metrics.py'.
Hint: make sure your test modules/packages have valid Python names.
Traceback:
/usr/lib/python3.12/importlib/__init__.py:90: in import_module
    return _bootstrap._gcd_import(name[level:], package, level)
           ^^^^^^^^^^^^^^^^^^^^^^^^^^^^^^^^^^^^^^^^^^^^^^^^^^^^
tests/test_incidents_metrics.py:2: in <module>
    from app.incidents.metrics import IncidentMetrics
app/incidents/metrics.py:2: in <module>
    from .models import IncidentRecord
app/incidents/models.py:1: in <module>
    from pydantic import BaseModel, Field
E   ModuleNotFoundError: No module named 'pydantic'
______________ ERROR collecting tests/test_incidents_policies.py _______________
ImportError while importing test module '/app/tests/test_incidents_policies.py'.
Hint: make sure your test modules/packages have valid Python names.
Traceback:
/usr/lib/python3.12/importlib/__init__.py:90: in import_module
    return _bootstrap._gcd_import(name[level:], package, level)
           ^^^^^^^^^^^^^^^^^^^^^^^^^^^^^^^^^^^^^^^^^^^^^^^^^^^^
tests/test_incidents_policies.py:2: in <module>
    from app.incidents.intake import IncidentCommand
app/incidents/intake.py:1: in <module>
    from app.incident_plane.models import IncidentSignal
app/incident_plane/models.py:1: in <module>
    from pydantic import BaseModel, Field
E   ModuleNotFoundError: No module named 'pydantic'
_____________ ERROR collecting tests/test_incidents_postmortems.py _____________
ImportError while importing test module '/app/tests/test_incidents_postmortems.py'.
Hint: make sure your test modules/packages have valid Python names.
Traceback:
/usr/lib/python3.12/importlib/__init__.py:90: in import_module
    return _bootstrap._gcd_import(name[level:], package, level)
           ^^^^^^^^^^^^^^^^^^^^^^^^^^^^^^^^^^^^^^^^^^^^^^^^^^^^
tests/test_incidents_postmortems.py:2: in <module>
    from app.incidents.intake import IncidentCommand
app/incidents/intake.py:1: in <module>
    from app.incident_plane.models import IncidentSignal
app/incident_plane/models.py:1: in <module>
    from pydantic import BaseModel, Field
E   ModuleNotFoundError: No module named 'pydantic'
______________ ERROR collecting tests/test_incidents_recovery.py _______________
ImportError while importing test module '/app/tests/test_incidents_recovery.py'.
Hint: make sure your test modules/packages have valid Python names.
Traceback:
/usr/lib/python3.12/importlib/__init__.py:90: in import_module
    return _bootstrap._gcd_import(name[level:], package, level)
           ^^^^^^^^^^^^^^^^^^^^^^^^^^^^^^^^^^^^^^^^^^^^^^^^^^^^
tests/test_incidents_recovery.py:2: in <module>
    from app.incidents.intake import IncidentCommand
app/incidents/intake.py:1: in <module>
    from app.incident_plane.models import IncidentSignal
app/incident_plane/models.py:1: in <module>
    from pydantic import BaseModel, Field
E   ModuleNotFoundError: No module named 'pydantic'
_______________ ERROR collecting tests/test_incidents_scopes.py ________________
ImportError while importing test module '/app/tests/test_incidents_scopes.py'.
Hint: make sure your test modules/packages have valid Python names.
Traceback:
/usr/lib/python3.12/importlib/__init__.py:90: in import_module
    return _bootstrap._gcd_import(name[level:], package, level)
           ^^^^^^^^^^^^^^^^^^^^^^^^^^^^^^^^^^^^^^^^^^^^^^^^^^^^
tests/test_incidents_scopes.py:2: in <module>
    from app.incidents.scopes import ScopeResolver
app/incidents/scopes.py:1: in <module>
    from .models import IncidentScope, IncidentScopeType
app/incidents/models.py:1: in <module>
    from pydantic import BaseModel, Field
E   ModuleNotFoundError: No module named 'pydantic'
______________ ERROR collecting tests/test_incidents_severity.py _______________
ImportError while importing test module '/app/tests/test_incidents_severity.py'.
Hint: make sure your test modules/packages have valid Python names.
Traceback:
/usr/lib/python3.12/importlib/__init__.py:90: in import_module
    return _bootstrap._gcd_import(name[level:], package, level)
           ^^^^^^^^^^^^^^^^^^^^^^^^^^^^^^^^^^^^^^^^^^^^^^^^^^^^
tests/test_incidents_severity.py:2: in <module>
    from app.incidents.severity import SeverityMatrix
app/incidents/severity.py:2: in <module>
    from .models import IncidentSignal, IncidentScope
app/incidents/models.py:1: in <module>
    from pydantic import BaseModel, Field
E   ModuleNotFoundError: No module named 'pydantic'
_______________ ERROR collecting tests/test_incidents_signals.py _______________
ImportError while importing test module '/app/tests/test_incidents_signals.py'.
Hint: make sure your test modules/packages have valid Python names.
Traceback:
/usr/lib/python3.12/importlib/__init__.py:90: in import_module
    return _bootstrap._gcd_import(name[level:], package, level)
           ^^^^^^^^^^^^^^^^^^^^^^^^^^^^^^^^^^^^^^^^^^^^^^^^^^^^
tests/test_incidents_signals.py:2: in <module>
    from app.incidents.signals import SignalMapper
app/incidents/signals.py:3: in <module>
    from .models import IncidentSignal
app/incidents/models.py:1: in <module>
    from pydantic import BaseModel, Field
E   ModuleNotFoundError: No module named 'pydantic'
______________ ERROR collecting tests/test_incidents_snapshots.py ______________
ImportError while importing test module '/app/tests/test_incidents_snapshots.py'.
Hint: make sure your test modules/packages have valid Python names.
Traceback:
/usr/lib/python3.12/importlib/__init__.py:90: in import_module
    return _bootstrap._gcd_import(name[level:], package, level)
           ^^^^^^^^^^^^^^^^^^^^^^^^^^^^^^^^^^^^^^^^^^^^^^^^^^^^
tests/test_incidents_snapshots.py:2: in <module>
    from app.incidents.intake import IncidentCommand
app/incidents/intake.py:1: in <module>
    from app.incident_plane.models import IncidentSignal
app/incident_plane/models.py:1: in <module>
    from pydantic import BaseModel, Field
E   ModuleNotFoundError: No module named 'pydantic'
_______________ ERROR collecting tests/test_incidents_storage.py _______________
ImportError while importing test module '/app/tests/test_incidents_storage.py'.
Hint: make sure your test modules/packages have valid Python names.
Traceback:
/usr/lib/python3.12/importlib/__init__.py:90: in import_module
    return _bootstrap._gcd_import(name[level:], package, level)
           ^^^^^^^^^^^^^^^^^^^^^^^^^^^^^^^^^^^^^^^^^^^^^^^^^^^^
tests/test_incidents_storage.py:3: in <module>
    from app.incidents.storage import IncidentStorage
app/incidents/storage.py:5: in <module>
    from .models import IncidentRecord
app/incidents/models.py:1: in <module>
    from pydantic import BaseModel, Field
E   ModuleNotFoundError: No module named 'pydantic'
______________ ERROR collecting tests/test_incidents_timeline.py _______________
ImportError while importing test module '/app/tests/test_incidents_timeline.py'.
Hint: make sure your test modules/packages have valid Python names.
Traceback:
/usr/lib/python3.12/importlib/__init__.py:90: in import_module
    return _bootstrap._gcd_import(name[level:], package, level)
           ^^^^^^^^^^^^^^^^^^^^^^^^^^^^^^^^^^^^^^^^^^^^^^^^^^^^
tests/test_incidents_timeline.py:2: in <module>
    from app.incidents.intake import IncidentCommand
app/incidents/intake.py:1: in <module>
    from app.incident_plane.models import IncidentSignal
app/incident_plane/models.py:1: in <module>
    from pydantic import BaseModel, Field
E   ModuleNotFoundError: No module named 'pydantic'
____________ ERROR collecting tests/test_insolvency_integration.py _____________
ImportError while importing test module '/app/tests/test_insolvency_integration.py'.
Hint: make sure your test modules/packages have valid Python names.
Traceback:
/usr/lib/python3.12/importlib/__init__.py:90: in import_module
    return _bootstrap._gcd_import(name[level:], package, level)
           ^^^^^^^^^^^^^^^^^^^^^^^^^^^^^^^^^^^^^^^^^^^^^^^^^^^^
tests/test_insolvency_integration.py:2: in <module>
    from app.insolvency_plane.repository import InsolvencyRepository
app/insolvency_plane/repository.py:2: in <module>
    from app.insolvency_plane.registry import InsolvencyRegistry
app/insolvency_plane/registry.py:2: in <module>
    from app.insolvency_plane.models import InsolvencyObject
app/insolvency_plane/models.py:2: in <module>
    from pydantic import BaseModel, Field
E   ModuleNotFoundError: No module named 'pydantic'
_______________ ERROR collecting tests/test_insolvency_plane.py ________________
ImportError while importing test module '/app/tests/test_insolvency_plane.py'.
Hint: make sure your test modules/packages have valid Python names.
Traceback:
/usr/lib/python3.12/importlib/__init__.py:90: in import_module
    return _bootstrap._gcd_import(name[level:], package, level)
           ^^^^^^^^^^^^^^^^^^^^^^^^^^^^^^^^^^^^^^^^^^^^^^^^^^^^
tests/test_insolvency_plane.py:2: in <module>
    from app.insolvency_plane.repository import InsolvencyRepository
app/insolvency_plane/repository.py:2: in <module>
    from app.insolvency_plane.registry import InsolvencyRegistry
app/insolvency_plane/registry.py:2: in <module>
    from app.insolvency_plane.models import InsolvencyObject
app/insolvency_plane/models.py:2: in <module>
    from pydantic import BaseModel, Field
E   ModuleNotFoundError: No module named 'pydantic'
____________ ERROR collecting tests/test_insolvency_plane_claims.py ____________
ImportError while importing test module '/app/tests/test_insolvency_plane_claims.py'.
Hint: make sure your test modules/packages have valid Python names.
Traceback:
/usr/lib/python3.12/importlib/__init__.py:90: in import_module
    return _bootstrap._gcd_import(name[level:], package, level)
           ^^^^^^^^^^^^^^^^^^^^^^^^^^^^^^^^^^^^^^^^^^^^^^^^^^^^
tests/test_insolvency_plane_claims.py:2: in <module>
    from app.insolvency_plane.repository import InsolvencyRepository
app/insolvency_plane/repository.py:2: in <module>
    from app.insolvency_plane.registry import InsolvencyRegistry
app/insolvency_plane/registry.py:2: in <module>
    from app.insolvency_plane.models import InsolvencyObject
app/insolvency_plane/models.py:2: in <module>
    from pydantic import BaseModel, Field
E   ModuleNotFoundError: No module named 'pydantic'
___________ ERROR collecting tests/test_insolvency_plane_objects.py ____________
ImportError while importing test module '/app/tests/test_insolvency_plane_objects.py'.
Hint: make sure your test modules/packages have valid Python names.
Traceback:
/usr/lib/python3.12/importlib/__init__.py:90: in import_module
    return _bootstrap._gcd_import(name[level:], package, level)
           ^^^^^^^^^^^^^^^^^^^^^^^^^^^^^^^^^^^^^^^^^^^^^^^^^^^^
tests/test_insolvency_plane_objects.py:2: in <module>
    from app.insolvency_plane.objects import create_insolvency_object
app/insolvency_plane/objects.py:3: in <module>
    from app.insolvency_plane.models import InsolvencyObject
app/insolvency_plane/models.py:2: in <module>
    from pydantic import BaseModel, Field
E   ModuleNotFoundError: No module named 'pydantic'
____________ ERROR collecting tests/test_insolvency_plane_plans.py _____________
ImportError while importing test module '/app/tests/test_insolvency_plane_plans.py'.
Hint: make sure your test modules/packages have valid Python names.
Traceback:
/usr/lib/python3.12/importlib/__init__.py:90: in import_module
    return _bootstrap._gcd_import(name[level:], package, level)
           ^^^^^^^^^^^^^^^^^^^^^^^^^^^^^^^^^^^^^^^^^^^^^^^^^^^^
tests/test_insolvency_plane_plans.py:2: in <module>
    from app.insolvency_plane.repository import InsolvencyRepository
app/insolvency_plane/repository.py:2: in <module>
    from app.insolvency_plane.registry import InsolvencyRegistry
app/insolvency_plane/registry.py:2: in <module>
    from app.insolvency_plane.models import InsolvencyObject
app/insolvency_plane/models.py:2: in <module>
    from pydantic import BaseModel, Field
E   ModuleNotFoundError: No module named 'pydantic'
___________ ERROR collecting tests/test_insolvency_plane_registry.py ___________
ImportError while importing test module '/app/tests/test_insolvency_plane_registry.py'.
Hint: make sure your test modules/packages have valid Python names.
Traceback:
/usr/lib/python3.12/importlib/__init__.py:90: in import_module
    return _bootstrap._gcd_import(name[level:], package, level)
           ^^^^^^^^^^^^^^^^^^^^^^^^^^^^^^^^^^^^^^^^^^^^^^^^^^^^
tests/test_insolvency_plane_registry.py:2: in <module>
    from app.insolvency_plane.repository import InsolvencyRepository
app/insolvency_plane/repository.py:2: in <module>
    from app.insolvency_plane.registry import InsolvencyRegistry
app/insolvency_plane/registry.py:2: in <module>
    from app.insolvency_plane.models import InsolvencyObject
app/insolvency_plane/models.py:2: in <module>
    from pydantic import BaseModel, Field
E   ModuleNotFoundError: No module named 'pydantic'
___________ ERROR collecting tests/test_insolvency_plane_triggers.py ___________
ImportError while importing test module '/app/tests/test_insolvency_plane_triggers.py'.
Hint: make sure your test modules/packages have valid Python names.
Traceback:
/usr/lib/python3.12/importlib/__init__.py:90: in import_module
    return _bootstrap._gcd_import(name[level:], package, level)
           ^^^^^^^^^^^^^^^^^^^^^^^^^^^^^^^^^^^^^^^^^^^^^^^^^^^^
tests/test_insolvency_plane_triggers.py:2: in <module>
    from app.insolvency_plane.repository import InsolvencyRepository
app/insolvency_plane/repository.py:2: in <module>
    from app.insolvency_plane.registry import InsolvencyRegistry
app/insolvency_plane/registry.py:2: in <module>
    from app.insolvency_plane.models import InsolvencyObject
app/insolvency_plane/models.py:2: in <module>
    from pydantic import BaseModel, Field
E   ModuleNotFoundError: No module named 'pydantic'
____________ ERROR collecting tests/test_knowledge_applicability.py ____________
ImportError while importing test module '/app/tests/test_knowledge_applicability.py'.
Hint: make sure your test modules/packages have valid Python names.
Traceback:
/usr/lib/python3.12/importlib/__init__.py:90: in import_module
    return _bootstrap._gcd_import(name[level:], package, level)
           ^^^^^^^^^^^^^^^^^^^^^^^^^^^^^^^^^^^^^^^^^^^^^^^^^^^^
tests/test_knowledge_applicability.py:3: in <module>
    from app.knowledge.models import Runbook, KnowledgeOwner, ApplicabilityRule
app/knowledge/models.py:3: in <module>
    from pydantic import BaseModel, Field
E   ModuleNotFoundError: No module named 'pydantic'
_______________ ERROR collecting tests/test_knowledge_catalog.py _______________
ImportError while importing test module '/app/tests/test_knowledge_catalog.py'.
Hint: make sure your test modules/packages have valid Python names.
Traceback:
/usr/lib/python3.12/importlib/__init__.py:90: in import_module
    return _bootstrap._gcd_import(name[level:], package, level)
           ^^^^^^^^^^^^^^^^^^^^^^^^^^^^^^^^^^^^^^^^^^^^^^^^^^^^
tests/test_knowledge_catalog.py:3: in <module>
    from app.knowledge.models import KnowledgeItem, KnowledgeOwner
app/knowledge/models.py:3: in <module>
    from pydantic import BaseModel, Field
E   ModuleNotFoundError: No module named 'pydantic'
______________ ERROR collecting tests/test_knowledge_freshness.py ______________
ImportError while importing test module '/app/tests/test_knowledge_freshness.py'.
Hint: make sure your test modules/packages have valid Python names.
Traceback:
/usr/lib/python3.12/importlib/__init__.py:90: in import_module
    return _bootstrap._gcd_import(name[level:], package, level)
           ^^^^^^^^^^^^^^^^^^^^^^^^^^^^^^^^^^^^^^^^^^^^^^^^^^^^
tests/test_knowledge_freshness.py:3: in <module>
    from app.knowledge.models import KnowledgeItem, KnowledgeOwner
app/knowledge/models.py:3: in <module>
    from pydantic import BaseModel, Field
E   ModuleNotFoundError: No module named 'pydantic'
_______________ ERROR collecting tests/test_knowledge_lessons.py _______________
ImportError while importing test module '/app/tests/test_knowledge_lessons.py'.
Hint: make sure your test modules/packages have valid Python names.
Traceback:
/usr/lib/python3.12/importlib/__init__.py:90: in import_module
    return _bootstrap._gcd_import(name[level:], package, level)
           ^^^^^^^^^^^^^^^^^^^^^^^^^^^^^^^^^^^^^^^^^^^^^^^^^^^^
tests/test_knowledge_lessons.py:3: in <module>
    from app.knowledge.models import LessonLearned, KnowledgeOwner
app/knowledge/models.py:3: in <module>
    from pydantic import BaseModel, Field
E   ModuleNotFoundError: No module named 'pydantic'
________________ ERROR collecting tests/test_knowledge_links.py ________________
ImportError while importing test module '/app/tests/test_knowledge_links.py'.
Hint: make sure your test modules/packages have valid Python names.
Traceback:
/usr/lib/python3.12/importlib/__init__.py:90: in import_module
    return _bootstrap._gcd_import(name[level:], package, level)
           ^^^^^^^^^^^^^^^^^^^^^^^^^^^^^^^^^^^^^^^^^^^^^^^^^^^^
tests/test_knowledge_links.py:2: in <module>
    from app.knowledge.models import KnowledgeLink
app/knowledge/models.py:3: in <module>
    from pydantic import BaseModel, Field
E   ModuleNotFoundError: No module named 'pydantic'
___________ ERROR collecting tests/test_knowledge_plane_registry.py ____________
ImportError while importing test module '/app/tests/test_knowledge_plane_registry.py'.
Hint: make sure your test modules/packages have valid Python names.
Traceback:
/usr/lib/python3.12/importlib/__init__.py:90: in import_module
    return _bootstrap._gcd_import(name[level:], package, level)
           ^^^^^^^^^^^^^^^^^^^^^^^^^^^^^^^^^^^^^^^^^^^^^^^^^^^^
tests/test_knowledge_plane_registry.py:2: in <module>
    from app.knowledge_plane.registry import CanonicalKnowledgeRegistry
app/knowledge_plane/registry.py:2: in <module>
    from .models import KnowledgeObject
app/knowledge_plane/models.py:1: in <module>
    from pydantic import BaseModel, Field
E   ModuleNotFoundError: No module named 'pydantic'
______________ ERROR collecting tests/test_knowledge_playbooks.py ______________
ImportError while importing test module '/app/tests/test_knowledge_playbooks.py'.
Hint: make sure your test modules/packages have valid Python names.
Traceback:
/usr/lib/python3.12/importlib/__init__.py:90: in import_module
    return _bootstrap._gcd_import(name[level:], package, level)
           ^^^^^^^^^^^^^^^^^^^^^^^^^^^^^^^^^^^^^^^^^^^^^^^^^^^^
tests/test_knowledge_playbooks.py:3: in <module>
    from app.knowledge.models import Playbook, KnowledgeOwner
app/knowledge/models.py:3: in <module>
    from pydantic import BaseModel, Field
E   ModuleNotFoundError: No module named 'pydantic'
_______________ ERROR collecting tests/test_knowledge_quizzes.py _______________
ImportError while importing test module '/app/tests/test_knowledge_quizzes.py'.
Hint: make sure your test modules/packages have valid Python names.
Traceback:
/usr/lib/python3.12/importlib/__init__.py:90: in import_module
    return _bootstrap._gcd_import(name[level:], package, level)
           ^^^^^^^^^^^^^^^^^^^^^^^^^^^^^^^^^^^^^^^^^^^^^^^^^^^^
tests/test_knowledge_quizzes.py:2: in <module>
    from app.knowledge.models import ReadinessQuiz, QuizQuestion
app/knowledge/models.py:3: in <module>
    from pydantic import BaseModel, Field
E   ModuleNotFoundError: No module named 'pydantic'
______________ ERROR collecting tests/test_knowledge_readiness.py ______________
ImportError while importing test module '/app/tests/test_knowledge_readiness.py'.
Hint: make sure your test modules/packages have valid Python names.
Traceback:
/usr/lib/python3.12/importlib/__init__.py:90: in import_module
    return _bootstrap._gcd_import(name[level:], package, level)
           ^^^^^^^^^^^^^^^^^^^^^^^^^^^^^^^^^^^^^^^^^^^^^^^^^^^^
tests/test_knowledge_readiness.py:2: in <module>
    from app.knowledge.readiness import OperatorReadinessEvaluator
app/knowledge/readiness.py:3: in <module>
    from app.knowledge.models import OperatorReadinessRecord
app/knowledge/models.py:3: in <module>
    from pydantic import BaseModel, Field
E   ModuleNotFoundError: No module named 'pydantic'
______________ ERROR collecting tests/test_knowledge_runbooks.py _______________
ImportError while importing test module '/app/tests/test_knowledge_runbooks.py'.
Hint: make sure your test modules/packages have valid Python names.
Traceback:
/usr/lib/python3.12/importlib/__init__.py:90: in import_module
    return _bootstrap._gcd_import(name[level:], package, level)
           ^^^^^^^^^^^^^^^^^^^^^^^^^^^^^^^^^^^^^^^^^^^^^^^^^^^^
tests/test_knowledge_runbooks.py:3: in <module>
    from app.knowledge.models import Runbook, KnowledgeOwner
app/knowledge/models.py:3: in <module>
    from pydantic import BaseModel, Field
E   ModuleNotFoundError: No module named 'pydantic'
_______________ ERROR collecting tests/test_knowledge_search.py ________________
ImportError while importing test module '/app/tests/test_knowledge_search.py'.
Hint: make sure your test modules/packages have valid Python names.
Traceback:
/usr/lib/python3.12/importlib/__init__.py:90: in import_module
    return _bootstrap._gcd_import(name[level:], package, level)
           ^^^^^^^^^^^^^^^^^^^^^^^^^^^^^^^^^^^^^^^^^^^^^^^^^^^^
tests/test_knowledge_search.py:3: in <module>
    from app.knowledge.models import KnowledgeItem, KnowledgeOwner
app/knowledge/models.py:3: in <module>
    from pydantic import BaseModel, Field
E   ModuleNotFoundError: No module named 'pydantic'
________________ ERROR collecting tests/test_knowledge_sops.py _________________
ImportError while importing test module '/app/tests/test_knowledge_sops.py'.
Hint: make sure your test modules/packages have valid Python names.
Traceback:
/usr/lib/python3.12/importlib/__init__.py:90: in import_module
    return _bootstrap._gcd_import(name[level:], package, level)
           ^^^^^^^^^^^^^^^^^^^^^^^^^^^^^^^^^^^^^^^^^^^^^^^^^^^^
tests/test_knowledge_sops.py:3: in <module>
    from app.knowledge.models import SopDocument, KnowledgeOwner
app/knowledge/models.py:3: in <module>
    from pydantic import BaseModel, Field
E   ModuleNotFoundError: No module named 'pydantic'
_______________ ERROR collecting tests/test_knowledge_storage.py _______________
ImportError while importing test module '/app/tests/test_knowledge_storage.py'.
Hint: make sure your test modules/packages have valid Python names.
Traceback:
/usr/lib/python3.12/importlib/__init__.py:90: in import_module
    return _bootstrap._gcd_import(name[level:], package, level)
           ^^^^^^^^^^^^^^^^^^^^^^^^^^^^^^^^^^^^^^^^^^^^^^^^^^^^
tests/test_knowledge_storage.py:4: in <module>
    from app.knowledge.models import KnowledgeItem, KnowledgeOwner
app/knowledge/models.py:3: in <module>
    from pydantic import BaseModel, Field
E   ModuleNotFoundError: No module named 'pydantic'
______________ ERROR collecting tests/test_knowledge_training.py _______________
ImportError while importing test module '/app/tests/test_knowledge_training.py'.
Hint: make sure your test modules/packages have valid Python names.
Traceback:
/usr/lib/python3.12/importlib/__init__.py:90: in import_module
    return _bootstrap._gcd_import(name[level:], package, level)
           ^^^^^^^^^^^^^^^^^^^^^^^^^^^^^^^^^^^^^^^^^^^^^^^^^^^^
tests/test_knowledge_training.py:2: in <module>
    from app.knowledge.models import TrainingModule
app/knowledge/models.py:3: in <module>
    from pydantic import BaseModel, Field
E   ModuleNotFoundError: No module named 'pydantic'
________________ ERROR collecting tests/test_leakage_guards.py _________________
ImportError while importing test module '/app/tests/test_leakage_guards.py'.
Hint: make sure your test modules/packages have valid Python names.
Traceback:
/usr/lib/python3.12/importlib/__init__.py:90: in import_module
    return _bootstrap._gcd_import(name[level:], package, level)
           ^^^^^^^^^^^^^^^^^^^^^^^^^^^^^^^^^^^^^^^^^^^^^^^^^^^^
tests/test_leakage_guards.py:2: in <module>
    import pandas as pd
E   ModuleNotFoundError: No module named 'pandas'
__________ ERROR collecting tests/test_learning_plane_equivalence.py ___________
ImportError while importing test module '/app/tests/test_learning_plane_equivalence.py'.
Hint: make sure your test modules/packages have valid Python names.
Traceback:
/usr/lib/python3.12/importlib/__init__.py:90: in import_module
    return _bootstrap._gcd_import(name[level:], package, level)
           ^^^^^^^^^^^^^^^^^^^^^^^^^^^^^^^^^^^^^^^^^^^^^^^^^^^^
tests/test_learning_plane_equivalence.py:2: in <module>
    from app.learning_plane.registry import CanonicalLearningRegistry
app/learning_plane/__init__.py:1: in <module>
    from app.learning_plane.cli_learning_plane import register_cli_args, handle_cli
app/learning_plane/cli_learning_plane.py:4: in <module>
    from app.learning_plane.models import (
app/learning_plane/models.py:1: in <module>
    from pydantic import BaseModel, Field
E   ModuleNotFoundError: No module named 'pydantic'
__________ ERROR collecting tests/test_learning_plane_integrations.py __________
ImportError while importing test module '/app/tests/test_learning_plane_integrations.py'.
Hint: make sure your test modules/packages have valid Python names.
Traceback:
/usr/lib/python3.12/importlib/__init__.py:90: in import_module
    return _bootstrap._gcd_import(name[level:], package, level)
           ^^^^^^^^^^^^^^^^^^^^^^^^^^^^^^^^^^^^^^^^^^^^^^^^^^^^
tests/test_learning_plane_integrations.py:2: in <module>
    from app.learning_plane.registry import CanonicalLearningRegistry
app/learning_plane/__init__.py:1: in <module>
    from app.learning_plane.cli_learning_plane import register_cli_args, handle_cli
app/learning_plane/cli_learning_plane.py:4: in <module>
    from app.learning_plane.models import (
app/learning_plane/models.py:1: in <module>
    from pydantic import BaseModel, Field
E   ModuleNotFoundError: No module named 'pydantic'
____________ ERROR collecting tests/test_learning_plane_registry.py ____________
ImportError while importing test module '/app/tests/test_learning_plane_registry.py'.
Hint: make sure your test modules/packages have valid Python names.
Traceback:
/usr/lib/python3.12/importlib/__init__.py:90: in import_module
    return _bootstrap._gcd_import(name[level:], package, level)
           ^^^^^^^^^^^^^^^^^^^^^^^^^^^^^^^^^^^^^^^^^^^^^^^^^^^^
tests/test_learning_plane_registry.py:2: in <module>
    from app.learning_plane.registry import CanonicalLearningRegistry
app/learning_plane/__init__.py:1: in <module>
    from app.learning_plane.cli_learning_plane import register_cli_args, handle_cli
app/learning_plane/cli_learning_plane.py:4: in <module>
    from app.learning_plane.models import (
app/learning_plane/models.py:1: in <module>
    from pydantic import BaseModel, Field
E   ModuleNotFoundError: No module named 'pydantic'
_____________ ERROR collecting tests/test_learning_plane_trust.py ______________
ImportError while importing test module '/app/tests/test_learning_plane_trust.py'.
Hint: make sure your test modules/packages have valid Python names.
Traceback:
/usr/lib/python3.12/importlib/__init__.py:90: in import_module
    return _bootstrap._gcd_import(name[level:], package, level)
           ^^^^^^^^^^^^^^^^^^^^^^^^^^^^^^^^^^^^^^^^^^^^^^^^^^^^
tests/test_learning_plane_trust.py:2: in <module>
    from app.learning_plane.registry import CanonicalLearningRegistry
app/learning_plane/__init__.py:1: in <module>
    from app.learning_plane.cli_learning_plane import register_cli_args, handle_cli
app/learning_plane/cli_learning_plane.py:4: in <module>
    from app.learning_plane.models import (
app/learning_plane/models.py:1: in <module>
    from pydantic import BaseModel, Field
E   ModuleNotFoundError: No module named 'pydantic'
________________ ERROR collecting tests/test_ledger_accounts.py ________________
ImportError while importing test module '/app/tests/test_ledger_accounts.py'.
Hint: make sure your test modules/packages have valid Python names.
Traceback:
/usr/lib/python3.12/importlib/__init__.py:90: in import_module
    return _bootstrap._gcd_import(name[level:], package, level)
           ^^^^^^^^^^^^^^^^^^^^^^^^^^^^^^^^^^^^^^^^^^^^^^^^^^^^
tests/test_ledger_accounts.py:1: in <module>
    from app.ledger.accounts import LedgerAccountRegistry
app/ledger/accounts.py:1: in <module>
    from app.ledger.models import LedgerAccount, LedgerAccountRef
app/ledger/models.py:1: in <module>
    from pydantic import BaseModel, Field
E   ModuleNotFoundError: No module named 'pydantic'
_______________ ERROR collecting tests/test_ledger_cost_basis.py _______________
ImportError while importing test module '/app/tests/test_ledger_cost_basis.py'.
Hint: make sure your test modules/packages have valid Python names.
Traceback:
/usr/lib/python3.12/importlib/__init__.py:90: in import_module
    return _bootstrap._gcd_import(name[level:], package, level)
           ^^^^^^^^^^^^^^^^^^^^^^^^^^^^^^^^^^^^^^^^^^^^^^^^^^^^
tests/test_ledger_cost_basis.py:1: in <module>
    from app.ledger.cost_basis import CostBasisEngine
app/ledger/cost_basis.py:1: in <module>
    from app.ledger.models import CostBasisLot
app/ledger/models.py:1: in <module>
    from pydantic import BaseModel, Field
E   ModuleNotFoundError: No module named 'pydantic'
________________ ERROR collecting tests/test_ledger_entries.py _________________
ImportError while importing test module '/app/tests/test_ledger_entries.py'.
Hint: make sure your test modules/packages have valid Python names.
Traceback:
/usr/lib/python3.12/importlib/__init__.py:90: in import_module
    return _bootstrap._gcd_import(name[level:], package, level)
           ^^^^^^^^^^^^^^^^^^^^^^^^^^^^^^^^^^^^^^^^^^^^^^^^^^^^
tests/test_ledger_entries.py:1: in <module>
    from app.ledger.entries import LedgerEntryManager
app/ledger/entries.py:1: in <module>
    from app.ledger.models import LedgerEntry, LedgerPosting
app/ledger/models.py:1: in <module>
    from pydantic import BaseModel, Field
E   ModuleNotFoundError: No module named 'pydantic'
_____________ ERROR collecting tests/test_ledger_plane_balances.py _____________
ImportError while importing test module '/app/tests/test_ledger_plane_balances.py'.
Hint: make sure your test modules/packages have valid Python names.
Traceback:
/usr/lib/python3.12/importlib/__init__.py:90: in import_module
    return _bootstrap._gcd_import(name[level:], package, level)
           ^^^^^^^^^^^^^^^^^^^^^^^^^^^^^^^^^^^^^^^^^^^^^^^^^^^^
tests/test_ledger_plane_balances.py:2: in <module>
    from app.ledger_plane.balances import BalanceStateBuilder
app/ledger_plane/balances.py:5: in <module>
    from app.ledger_plane.models import BalanceState, BalanceBucket
app/ledger_plane/models.py:1: in <module>
    from pydantic import BaseModel, Field
E   ModuleNotFoundError: No module named 'pydantic'
_____________ ERROR collecting tests/test_ledger_plane_buckets.py ______________
ImportError while importing test module '/app/tests/test_ledger_plane_buckets.py'.
Hint: make sure your test modules/packages have valid Python names.
Traceback:
/usr/lib/python3.12/importlib/__init__.py:90: in import_module
    return _bootstrap._gcd_import(name[level:], package, level)
           ^^^^^^^^^^^^^^^^^^^^^^^^^^^^^^^^^^^^^^^^^^^^^^^^^^^^
tests/test_ledger_plane_buckets.py:2: in <module>
    from app.ledger_plane.buckets import BalanceBucketBuilder
app/ledger_plane/buckets.py:3: in <module>
    from app.ledger_plane.models import BalanceBucket
app/ledger_plane/models.py:1: in <module>
    from pydantic import BaseModel, Field
E   ModuleNotFoundError: No module named 'pydantic'
____________ ERROR collecting tests/test_ledger_plane_cashflows.py _____________
ImportError while importing test module '/app/tests/test_ledger_plane_cashflows.py'.
Hint: make sure your test modules/packages have valid Python names.
Traceback:
/usr/lib/python3.12/importlib/__init__.py:90: in import_module
    return _bootstrap._gcd_import(name[level:], package, level)
           ^^^^^^^^^^^^^^^^^^^^^^^^^^^^^^^^^^^^^^^^^^^^^^^^^^^^
tests/test_ledger_plane_cashflows.py:2: in <module>
    from app.ledger_plane.cashflows import CashflowBuilder
app/ledger_plane/cashflows.py:6: in <module>
    from app.ledger_plane.models import CashflowRecord
app/ledger_plane/models.py:1: in <module>
    from pydantic import BaseModel, Field
E   ModuleNotFoundError: No module named 'pydantic'
____________ ERROR collecting tests/test_ledger_plane_collateral.py ____________
ImportError while importing test module '/app/tests/test_ledger_plane_collateral.py'.
Hint: make sure your test modules/packages have valid Python names.
Traceback:
/usr/lib/python3.12/importlib/__init__.py:90: in import_module
    return _bootstrap._gcd_import(name[level:], package, level)
           ^^^^^^^^^^^^^^^^^^^^^^^^^^^^^^^^^^^^^^^^^^^^^^^^^^^^
tests/test_ledger_plane_collateral.py:2: in <module>
    from app.ledger_plane.collateral import CollateralTruthBuilder
app/ledger_plane/collateral.py:5: in <module>
    from app.ledger_plane.models import CollateralState
app/ledger_plane/models.py:1: in <module>
    from pydantic import BaseModel, Field
E   ModuleNotFoundError: No module named 'pydantic'
____________ ERROR collecting tests/test_ledger_plane_divergence.py ____________
ImportError while importing test module '/app/tests/test_ledger_plane_divergence.py'.
Hint: make sure your test modules/packages have valid Python names.
Traceback:
/usr/lib/python3.12/importlib/__init__.py:90: in import_module
    return _bootstrap._gcd_import(name[level:], package, level)
           ^^^^^^^^^^^^^^^^^^^^^^^^^^^^^^^^^^^^^^^^^^^^^^^^^^^^
tests/test_ledger_plane_divergence.py:2: in <module>
    from app.ledger_plane.divergence import DivergenceDetector
app/ledger_plane/divergence.py:5: in <module>
    from app.ledger_plane.models import LedgerDivergenceReport
app/ledger_plane/models.py:1: in <module>
    from pydantic import BaseModel, Field
E   ModuleNotFoundError: No module named 'pydantic'
_____________ ERROR collecting tests/test_ledger_plane_entries.py ______________
ImportError while importing test module '/app/tests/test_ledger_plane_entries.py'.
Hint: make sure your test modules/packages have valid Python names.
Traceback:
/usr/lib/python3.12/importlib/__init__.py:90: in import_module
    return _bootstrap._gcd_import(name[level:], package, level)
           ^^^^^^^^^^^^^^^^^^^^^^^^^^^^^^^^^^^^^^^^^^^^^^^^^^^^
tests/test_ledger_plane_entries.py:2: in <module>
    from app.ledger_plane.entries import TypedLedgerEntryBuilder
app/ledger_plane/entries.py:5: in <module>
    from app.ledger_plane.models import LedgerEntry
app/ledger_plane/models.py:1: in <module>
    from pydantic import BaseModel, Field
E   ModuleNotFoundError: No module named 'pydantic'
______________ ERROR collecting tests/test_ledger_plane_equity.py ______________
ImportError while importing test module '/app/tests/test_ledger_plane_equity.py'.
Hint: make sure your test modules/packages have valid Python names.
Traceback:
/usr/lib/python3.12/importlib/__init__.py:90: in import_module
    return _bootstrap._gcd_import(name[level:], package, level)
           ^^^^^^^^^^^^^^^^^^^^^^^^^^^^^^^^^^^^^^^^^^^^^^^^^^^^
tests/test_ledger_plane_equity.py:2: in <module>
    from app.ledger_plane.equity import EquityViewBuilder
app/ledger_plane/equity.py:6: in <module>
    from app.ledger_plane.models import EquityView
app/ledger_plane/models.py:1: in <module>
    from pydantic import BaseModel, Field
E   ModuleNotFoundError: No module named 'pydantic'
___________ ERROR collecting tests/test_ledger_plane_equivalence.py ____________
ImportError while importing test module '/app/tests/test_ledger_plane_equivalence.py'.
Hint: make sure your test modules/packages have valid Python names.
Traceback:
/usr/lib/python3.12/importlib/__init__.py:90: in import_module
    return _bootstrap._gcd_import(name[level:], package, level)
           ^^^^^^^^^^^^^^^^^^^^^^^^^^^^^^^^^^^^^^^^^^^^^^^^^^^^
tests/test_ledger_plane_equivalence.py:2: in <module>
    from app.ledger_plane.equivalence import EquivalenceEvaluator
app/ledger_plane/equivalence.py:5: in <module>
    from app.ledger_plane.models import LedgerEquivalenceReport
app/ledger_plane/models.py:1: in <module>
    from pydantic import BaseModel, Field
E   ModuleNotFoundError: No module named 'pydantic'
____________ ERROR collecting tests/test_ledger_plane_manifests.py _____________
ImportError while importing test module '/app/tests/test_ledger_plane_manifests.py'.
Hint: make sure your test modules/packages have valid Python names.
Traceback:
/usr/lib/python3.12/importlib/__init__.py:90: in import_module
    return _bootstrap._gcd_import(name[level:], package, level)
           ^^^^^^^^^^^^^^^^^^^^^^^^^^^^^^^^^^^^^^^^^^^^^^^^^^^^
tests/test_ledger_plane_manifests.py:2: in <module>
    from app.ledger_plane.manifests import LedgerManifestBuilder
app/ledger_plane/manifests.py:7: in <module>
    from app.ledger_plane.models import LedgerManifest, LedgerManifestEntry
app/ledger_plane/models.py:1: in <module>
    from pydantic import BaseModel, Field
E   ModuleNotFoundError: No module named 'pydantic'
____________ ERROR collecting tests/test_ledger_plane_transfers.py _____________
ImportError while importing test module '/app/tests/test_ledger_plane_transfers.py'.
Hint: make sure your test modules/packages have valid Python names.
Traceback:
/usr/lib/python3.12/importlib/__init__.py:90: in import_module
    return _bootstrap._gcd_import(name[level:], package, level)
           ^^^^^^^^^^^^^^^^^^^^^^^^^^^^^^^^^^^^^^^^^^^^^^^^^^^^
tests/test_ledger_plane_transfers.py:2: in <module>
    from app.ledger_plane.transfers import TransferManager
app/ledger_plane/transfers.py:5: in <module>
    from app.ledger_plane.models import TransferRecord, TransferChain
app/ledger_plane/models.py:1: in <module>
    from pydantic import BaseModel, Field
E   ModuleNotFoundError: No module named 'pydantic'
______________ ERROR collecting tests/test_ledger_plane_trust.py _______________
ImportError while importing test module '/app/tests/test_ledger_plane_trust.py'.
Hint: make sure your test modules/packages have valid Python names.
Traceback:
/usr/lib/python3.12/importlib/__init__.py:90: in import_module
    return _bootstrap._gcd_import(name[level:], package, level)
           ^^^^^^^^^^^^^^^^^^^^^^^^^^^^^^^^^^^^^^^^^^^^^^^^^^^^
tests/test_ledger_plane_trust.py:2: in <module>
    from app.ledger_plane.trust import TrustVerdictEngine
app/ledger_plane/trust.py:5: in <module>
    from app.ledger_plane.models import LedgerTrustVerdict
app/ledger_plane/models.py:1: in <module>
    from pydantic import BaseModel, Field
E   ModuleNotFoundError: No module named 'pydantic'
_____________ ERROR collecting tests/test_ledger_reconciliation.py _____________
ImportError while importing test module '/app/tests/test_ledger_reconciliation.py'.
Hint: make sure your test modules/packages have valid Python names.
Traceback:
/usr/lib/python3.12/importlib/__init__.py:90: in import_module
    return _bootstrap._gcd_import(name[level:], package, level)
           ^^^^^^^^^^^^^^^^^^^^^^^^^^^^^^^^^^^^^^^^^^^^^^^^^^^^
tests/test_ledger_reconciliation.py:1: in <module>
    from app.ledger.reconciliation import ReconciliationEngine
E   ImportError: cannot import name 'ReconciliationEngine' from 'app.ledger.reconciliation' (/app/app/ledger/reconciliation.py)
___________________ ERROR collecting tests/test_leverage.py ____________________
ImportError while importing test module '/app/tests/test_leverage.py'.
Hint: make sure your test modules/packages have valid Python names.
Traceback:
/usr/lib/python3.12/importlib/__init__.py:90: in import_module
    return _bootstrap._gcd_import(name[level:], package, level)
           ^^^^^^^^^^^^^^^^^^^^^^^^^^^^^^^^^^^^^^^^^^^^^^^^^^^^
tests/test_leverage.py:2: in <module>
    from app.products.registry import ProductRegistry
app/products/registry.py:3: in <module>
    from .models import (
app/products/models.py:1: in <module>
    from pydantic import BaseModel, Field
E   ModuleNotFoundError: No module named 'pydantic'
_____________ ERROR collecting tests/test_liability_plane_caps.py ______________
ImportError while importing test module '/app/tests/test_liability_plane_caps.py'.
Hint: make sure your test modules/packages have valid Python names.
Traceback:
/usr/lib/python3.12/importlib/__init__.py:90: in import_module
    return _bootstrap._gcd_import(name[level:], package, level)
           ^^^^^^^^^^^^^^^^^^^^^^^^^^^^^^^^^^^^^^^^^^^^^^^^^^^^
tests/test_liability_plane_caps.py:2: in <module>
    from app.liability_plane.repository import LiabilityRepository
app/liability_plane/__init__.py:1: in <module>
    from .models import *
app/liability_plane/models.py:1: in <module>
    from pydantic import BaseModel, Field
E   ModuleNotFoundError: No module named 'pydantic'
___________ ERROR collecting tests/test_liability_plane_causation.py ___________
ImportError while importing test module '/app/tests/test_liability_plane_causation.py'.
Hint: make sure your test modules/packages have valid Python names.
Traceback:
/usr/lib/python3.12/importlib/__init__.py:90: in import_module
    return _bootstrap._gcd_import(name[level:], package, level)
           ^^^^^^^^^^^^^^^^^^^^^^^^^^^^^^^^^^^^^^^^^^^^^^^^^^^^
tests/test_liability_plane_causation.py:2: in <module>
    from app.liability_plane.repository import LiabilityRepository
app/liability_plane/__init__.py:1: in <module>
    from .models import *
app/liability_plane/models.py:1: in <module>
    from pydantic import BaseModel, Field
E   ModuleNotFoundError: No module named 'pydantic'
__________ ERROR collecting tests/test_liability_plane_liabilities.py __________
ImportError while importing test module '/app/tests/test_liability_plane_liabilities.py'.
Hint: make sure your test modules/packages have valid Python names.
Traceback:
/usr/lib/python3.12/importlib/__init__.py:90: in import_module
    return _bootstrap._gcd_import(name[level:], package, level)
           ^^^^^^^^^^^^^^^^^^^^^^^^^^^^^^^^^^^^^^^^^^^^^^^^^^^^
tests/test_liability_plane_liabilities.py:2: in <module>
    from app.liability_plane.repository import LiabilityRepository
app/liability_plane/__init__.py:1: in <module>
    from .models import *
app/liability_plane/models.py:1: in <module>
    from pydantic import BaseModel, Field
E   ModuleNotFoundError: No module named 'pydantic'
____________ ERROR collecting tests/test_liability_plane_quality.py ____________
ImportError while importing test module '/app/tests/test_liability_plane_quality.py'.
Hint: make sure your test modules/packages have valid Python names.
Traceback:
/usr/lib/python3.12/importlib/__init__.py:90: in import_module
    return _bootstrap._gcd_import(name[level:], package, level)
           ^^^^^^^^^^^^^^^^^^^^^^^^^^^^^^^^^^^^^^^^^^^^^^^^^^^^
tests/test_liability_plane_quality.py:2: in <module>
    from app.liability_plane.repository import LiabilityRepository
app/liability_plane/__init__.py:1: in <module>
    from .models import *
app/liability_plane/models.py:1: in <module>
    from pydantic import BaseModel, Field
E   ModuleNotFoundError: No module named 'pydantic'
___________ ERROR collecting tests/test_liability_plane_registry.py ____________
ImportError while importing test module '/app/tests/test_liability_plane_registry.py'.
Hint: make sure your test modules/packages have valid Python names.
Traceback:
/usr/lib/python3.12/importlib/__init__.py:90: in import_module
    return _bootstrap._gcd_import(name[level:], package, level)
           ^^^^^^^^^^^^^^^^^^^^^^^^^^^^^^^^^^^^^^^^^^^^^^^^^^^^
tests/test_liability_plane_registry.py:2: in <module>
    from app.liability_plane.registry import CanonicalLiabilityRegistry
app/liability_plane/__init__.py:1: in <module>
    from .models import *
app/liability_plane/models.py:1: in <module>
    from pydantic import BaseModel, Field
E   ModuleNotFoundError: No module named 'pydantic'
________ ERROR collecting tests/test_liability_plane_responsibility.py _________
ImportError while importing test module '/app/tests/test_liability_plane_responsibility.py'.
Hint: make sure your test modules/packages have valid Python names.
Traceback:
/usr/lib/python3.12/importlib/__init__.py:90: in import_module
    return _bootstrap._gcd_import(name[level:], package, level)
           ^^^^^^^^^^^^^^^^^^^^^^^^^^^^^^^^^^^^^^^^^^^^^^^^^^^^
tests/test_liability_plane_responsibility.py:2: in <module>
    from app.liability_plane.repository import LiabilityRepository
app/liability_plane/__init__.py:1: in <module>
    from .models import *
app/liability_plane/models.py:1: in <module>
    from pydantic import BaseModel, Field
E   ModuleNotFoundError: No module named 'pydantic'
__________________ ERROR collecting tests/test_liquidation.py __________________
ImportError while importing test module '/app/tests/test_liquidation.py'.
Hint: make sure your test modules/packages have valid Python names.
Traceback:
/usr/lib/python3.12/importlib/__init__.py:90: in import_module
    return _bootstrap._gcd_import(name[level:], package, level)
           ^^^^^^^^^^^^^^^^^^^^^^^^^^^^^^^^^^^^^^^^^^^^^^^^^^^^
tests/test_liquidation.py:2: in <module>
    from app.execution.derivatives.liquidation import LiquidationApproxModel
app/execution/derivatives/liquidation.py:2: in <module>
    from .models import LiquidationSnapshot, MaintenanceMarginSnapshot
app/execution/derivatives/models.py:1: in <module>
    from pydantic import BaseModel, Field
E   ModuleNotFoundError: No module named 'pydantic'
__________________ ERROR collecting tests/test_live_audit.py ___________________
ImportError while importing test module '/app/tests/test_live_audit.py'.
Hint: make sure your test modules/packages have valid Python names.
Traceback:
/usr/lib/python3.12/importlib/__init__.py:90: in import_module
    return _bootstrap._gcd_import(name[level:], package, level)
           ^^^^^^^^^^^^^^^^^^^^^^^^^^^^^^^^^^^^^^^^^^^^^^^^^^^^
tests/test_live_audit.py:2: in <module>
    from app.execution.live_runtime.audit import LiveAuditWriter
app/execution/live_runtime/audit.py:1: in <module>
    from app.execution.live_runtime.base import AuditWriterBase
app/execution/live_runtime/base.py:3: in <module>
    from app.execution.live_runtime.models import (
app/execution/live_runtime/models.py:1: in <module>
    from pydantic import BaseModel, Field
E   ModuleNotFoundError: No module named 'pydantic'
_________________ ERROR collecting tests/test_live_flatten.py __________________
ImportError while importing test module '/app/tests/test_live_flatten.py'.
Hint: make sure your test modules/packages have valid Python names.
Traceback:
/usr/lib/python3.12/importlib/__init__.py:90: in import_module
    return _bootstrap._gcd_import(name[level:], package, level)
           ^^^^^^^^^^^^^^^^^^^^^^^^^^^^^^^^^^^^^^^^^^^^^^^^^^^^
tests/test_live_flatten.py:3: in <module>
    from app.execution.live_runtime.flatten import LiveFlattenController
app/execution/live_runtime/flatten.py:1: in <module>
    from app.execution.live_runtime.base import FlattenControllerBase
app/execution/live_runtime/base.py:3: in <module>
    from app.execution.live_runtime.models import (
app/execution/live_runtime/models.py:1: in <module>
    from pydantic import BaseModel, Field
E   ModuleNotFoundError: No module named 'pydantic'
_____________ ERROR collecting tests/test_live_notifier_bridge.py ______________
ImportError while importing test module '/app/tests/test_live_notifier_bridge.py'.
Hint: make sure your test modules/packages have valid Python names.
Traceback:
/usr/lib/python3.12/importlib/__init__.py:90: in import_module
    return _bootstrap._gcd_import(name[level:], package, level)
           ^^^^^^^^^^^^^^^^^^^^^^^^^^^^^^^^^^^^^^^^^^^^^^^^^^^^
tests/test_live_notifier_bridge.py:3: in <module>
    from app.execution.live_runtime.notifier_bridge import LiveNotifierBridge
app/execution/live_runtime/notifier_bridge.py:1: in <module>
    from app.telegram.notifier import BaseNotifier
E   ImportError: cannot import name 'BaseNotifier' from 'app.telegram.notifier' (/app/app/telegram/notifier.py)
___________________ ERROR collecting tests/test_live_pnl.py ____________________
ImportError while importing test module '/app/tests/test_live_pnl.py'.
Hint: make sure your test modules/packages have valid Python names.
Traceback:
/usr/lib/python3.12/importlib/__init__.py:90: in import_module
    return _bootstrap._gcd_import(name[level:], package, level)
           ^^^^^^^^^^^^^^^^^^^^^^^^^^^^^^^^^^^^^^^^^^^^^^^^^^^^
tests/test_live_pnl.py:2: in <module>
    from app.execution.live_runtime.pnl import LivePnlCalculator
app/execution/live_runtime/pnl.py:1: in <module>
    from app.execution.live_runtime.models import (
app/execution/live_runtime/models.py:1: in <module>
    from pydantic import BaseModel, Field
E   ModuleNotFoundError: No module named 'pydantic'
______________ ERROR collecting tests/test_live_position_book.py _______________
ImportError while importing test module '/app/tests/test_live_position_book.py'.
Hint: make sure your test modules/packages have valid Python names.
Traceback:
/usr/lib/python3.12/importlib/__init__.py:90: in import_module
    return _bootstrap._gcd_import(name[level:], package, level)
           ^^^^^^^^^^^^^^^^^^^^^^^^^^^^^^^^^^^^^^^^^^^^^^^^^^^^
tests/test_live_position_book.py:2: in <module>
    from app.execution.live_runtime.position_book import LivePositionManager
app/execution/live_runtime/position_book.py:1: in <module>
    from app.execution.live_runtime.models import (
app/execution/live_runtime/models.py:1: in <module>
    from pydantic import BaseModel, Field
E   ModuleNotFoundError: No module named 'pydantic'
_________________ ERROR collecting tests/test_live_rollback.py _________________
ImportError while importing test module '/app/tests/test_live_rollback.py'.
Hint: make sure your test modules/packages have valid Python names.
Traceback:
/usr/lib/python3.12/importlib/__init__.py:90: in import_module
    return _bootstrap._gcd_import(name[level:], package, level)
           ^^^^^^^^^^^^^^^^^^^^^^^^^^^^^^^^^^^^^^^^^^^^^^^^^^^^
tests/test_live_rollback.py:2: in <module>
    from app.execution.live_runtime.rollback import LiveRollbackController
app/execution/live_runtime/rollback.py:1: in <module>
    from app.execution.live_runtime.models import LiveRollbackPlan
app/execution/live_runtime/models.py:1: in <module>
    from pydantic import BaseModel, Field
E   ModuleNotFoundError: No module named 'pydantic'
_________________ ERROR collecting tests/test_live_runtime.py __________________
ImportError while importing test module '/app/tests/test_live_runtime.py'.
Hint: make sure your test modules/packages have valid Python names.
Traceback:
/usr/lib/python3.12/importlib/__init__.py:90: in import_module
    return _bootstrap._gcd_import(name[level:], package, level)
           ^^^^^^^^^^^^^^^^^^^^^^^^^^^^^^^^^^^^^^^^^^^^^^^^^^^^
tests/test_live_runtime.py:3: in <module>
    from app.execution.live_runtime.runtime import LiveOrchestrator
E   ImportError: cannot import name 'LiveOrchestrator' from 'app.execution.live_runtime.runtime' (/app/app/execution/live_runtime/runtime.py)
_______________ ERROR collecting tests/test_live_start_gates.py ________________
ImportError while importing test module '/app/tests/test_live_start_gates.py'.
Hint: make sure your test modules/packages have valid Python names.
Traceback:
/usr/lib/python3.12/importlib/__init__.py:90: in import_module
    return _bootstrap._gcd_import(name[level:], package, level)
           ^^^^^^^^^^^^^^^^^^^^^^^^^^^^^^^^^^^^^^^^^^^^^^^^^^^^
tests/test_live_start_gates.py:2: in <module>
    from app.execution.live_runtime.start_gates import LiveStartGateEvaluator
app/execution/live_runtime/start_gates.py:2: in <module>
    from app.execution.live_runtime.models import LiveStartGateReport, LiveSessionConfig
app/execution/live_runtime/models.py:1: in <module>
    from pydantic import BaseModel, Field
E   ModuleNotFoundError: No module named 'pydantic'
_________________ ERROR collecting tests/test_live_storage.py __________________
ImportError while importing test module '/app/tests/test_live_storage.py'.
Hint: make sure your test modules/packages have valid Python names.
Traceback:
/usr/lib/python3.12/importlib/__init__.py:90: in import_module
    return _bootstrap._gcd_import(name[level:], package, level)
           ^^^^^^^^^^^^^^^^^^^^^^^^^^^^^^^^^^^^^^^^^^^^^^^^^^^^
tests/test_live_storage.py:4: in <module>
    from app.execution.live_runtime.storage import LiveStorage
app/execution/live_runtime/storage.py:5: in <module>
    from app.execution.live_runtime.models import (
app/execution/live_runtime/models.py:1: in <module>
    from pydantic import BaseModel, Field
E   ModuleNotFoundError: No module named 'pydantic'
_______________ ERROR collecting tests/test_logging_redaction.py _______________
ImportError while importing test module '/app/tests/test_logging_redaction.py'.
Hint: make sure your test modules/packages have valid Python names.
Traceback:
/usr/lib/python3.12/importlib/__init__.py:90: in import_module
    return _bootstrap._gcd_import(name[level:], package, level)
           ^^^^^^^^^^^^^^^^^^^^^^^^^^^^^^^^^^^^^^^^^^^^^^^^^^^^
tests/test_logging_redaction.py:1: in <module>
    from app.core.logging import redact_secrets
app/core/logging.py:62: in <module>
    from app.observability.telemetry import ingester
app/observability/telemetry.py:3: in <module>
    from app.observability.models import TelemetryEvent
app/observability/models.py:4: in <module>
    from pydantic import BaseModel, Field
E   ModuleNotFoundError: No module named 'pydantic'
_________________ ERROR collecting tests/test_margin_modes.py __________________
ImportError while importing test module '/app/tests/test_margin_modes.py'.
Hint: make sure your test modules/packages have valid Python names.
Traceback:
/usr/lib/python3.12/importlib/__init__.py:90: in import_module
    return _bootstrap._gcd_import(name[level:], package, level)
           ^^^^^^^^^^^^^^^^^^^^^^^^^^^^^^^^^^^^^^^^^^^^^^^^^^^^
tests/test_margin_modes.py:2: in <module>
    from app.products.registry import ProductRegistry
app/products/registry.py:3: in <module>
    from .models import (
app/products/models.py:1: in <module>
    from pydantic import BaseModel, Field
E   ModuleNotFoundError: No module named 'pydantic'
_____________ ERROR collecting tests/test_market_truth_budgets.py ______________
ImportError while importing test module '/app/tests/test_market_truth_budgets.py'.
Hint: make sure your test modules/packages have valid Python names.
Traceback:
/usr/lib/python3.12/importlib/__init__.py:90: in import_module
    return _bootstrap._gcd_import(name[level:], package, level)
           ^^^^^^^^^^^^^^^^^^^^^^^^^^^^^^^^^^^^^^^^^^^^^^^^^^^^
tests/test_market_truth_budgets.py:1: in <module>
    from app.market_truth.budgets import BudgetRegistry
app/market_truth/budgets.py:1: in <module>
    from app.market_truth.models import FreshnessBudget
app/market_truth/models.py:1: in <module>
    from pydantic import BaseModel
E   ModuleNotFoundError: No module named 'pydantic'
______________ ERROR collecting tests/test_market_truth_clock.py _______________
ImportError while importing test module '/app/tests/test_market_truth_clock.py'.
Hint: make sure your test modules/packages have valid Python names.
Traceback:
/usr/lib/python3.12/importlib/__init__.py:90: in import_module
    return _bootstrap._gcd_import(name[level:], package, level)
           ^^^^^^^^^^^^^^^^^^^^^^^^^^^^^^^^^^^^^^^^^^^^^^^^^^^^
tests/test_market_truth_clock.py:3: in <module>
    from app.market_truth.clock import CanonicalMarketClock
app/market_truth/clock.py:3: in <module>
    from app.market_truth.models import MarketClockSnapshot
app/market_truth/models.py:1: in <module>
    from pydantic import BaseModel
E   ModuleNotFoundError: No module named 'pydantic'
___________ ERROR collecting tests/test_market_truth_convergence.py ____________
ImportError while importing test module '/app/tests/test_market_truth_convergence.py'.
Hint: make sure your test modules/packages have valid Python names.
Traceback:
/usr/lib/python3.12/importlib/__init__.py:90: in import_module
    return _bootstrap._gcd_import(name[level:], package, level)
           ^^^^^^^^^^^^^^^^^^^^^^^^^^^^^^^^^^^^^^^^^^^^^^^^^^^^
tests/test_market_truth_convergence.py:1: in <module>
    from app.market_truth.convergence import WebsocketRestConvergenceEngine
app/market_truth/convergence.py:2: in <module>
    from app.market_truth.models import StreamConvergenceReport
app/market_truth/models.py:1: in <module>
    from pydantic import BaseModel
E   ModuleNotFoundError: No module named 'pydantic'
______________ ERROR collecting tests/test_market_truth_dedup.py _______________
ImportError while importing test module '/app/tests/test_market_truth_dedup.py'.
Hint: make sure your test modules/packages have valid Python names.
Traceback:
/usr/lib/python3.12/importlib/__init__.py:90: in import_module
    return _bootstrap._gcd_import(name[level:], package, level)
           ^^^^^^^^^^^^^^^^^^^^^^^^^^^^^^^^^^^^^^^^^^^^^^^^^^^^
tests/test_market_truth_dedup.py:1: in <module>
    from app.market_truth.dedup import DuplicateDetector
app/market_truth/dedup.py:1: in <module>
    from app.market_truth.models import DedupRecord
app/market_truth/models.py:1: in <module>
    from pydantic import BaseModel
E   ModuleNotFoundError: No module named 'pydantic'
____________ ERROR collecting tests/test_market_truth_freshness.py _____________
ImportError while importing test module '/app/tests/test_market_truth_freshness.py'.
Hint: make sure your test modules/packages have valid Python names.
Traceback:
/usr/lib/python3.12/importlib/__init__.py:90: in import_module
    return _bootstrap._gcd_import(name[level:], package, level)
           ^^^^^^^^^^^^^^^^^^^^^^^^^^^^^^^^^^^^^^^^^^^^^^^^^^^^
tests/test_market_truth_freshness.py:1: in <module>
    from app.market_truth.freshness import FreshnessEvaluator
app/market_truth/freshness.py:1: in <module>
    from app.market_truth.models import FreshnessReport
app/market_truth/models.py:1: in <module>
    from pydantic import BaseModel
E   ModuleNotFoundError: No module named 'pydantic'
_______________ ERROR collecting tests/test_market_truth_gaps.py _______________
ImportError while importing test module '/app/tests/test_market_truth_gaps.py'.
Hint: make sure your test modules/packages have valid Python names.
Traceback:
/usr/lib/python3.12/importlib/__init__.py:90: in import_module
    return _bootstrap._gcd_import(name[level:], package, level)
           ^^^^^^^^^^^^^^^^^^^^^^^^^^^^^^^^^^^^^^^^^^^^^^^^^^^^
tests/test_market_truth_gaps.py:1: in <module>
    from app.market_truth.gaps import GapDetector
app/market_truth/gaps.py:1: in <module>
    from app.market_truth.models import GapFinding, GapCluster
app/market_truth/models.py:1: in <module>
    from pydantic import BaseModel
E   ModuleNotFoundError: No module named 'pydantic'
______________ ERROR collecting tests/test_market_truth_klines.py ______________
ImportError while importing test module '/app/tests/test_market_truth_klines.py'.
Hint: make sure your test modules/packages have valid Python names.
Traceback:
/usr/lib/python3.12/importlib/__init__.py:90: in import_module
    return _bootstrap._gcd_import(name[level:], package, level)
           ^^^^^^^^^^^^^^^^^^^^^^^^^^^^^^^^^^^^^^^^^^^^^^^^^^^^
tests/test_market_truth_klines.py:1: in <module>
    from app.market_truth.klines import KlineTruthEvaluator
app/market_truth/klines.py:1: in <module>
    from app.market_truth.models import KlineTruthReport
app/market_truth/models.py:1: in <module>
    from pydantic import BaseModel
E   ModuleNotFoundError: No module named 'pydantic'
______________ ERROR collecting tests/test_market_truth_marks.py _______________
ImportError while importing test module '/app/tests/test_market_truth_marks.py'.
Hint: make sure your test modules/packages have valid Python names.
Traceback:
/usr/lib/python3.12/importlib/__init__.py:90: in import_module
    return _bootstrap._gcd_import(name[level:], package, level)
           ^^^^^^^^^^^^^^^^^^^^^^^^^^^^^^^^^^^^^^^^^^^^^^^^^^^^
tests/test_market_truth_marks.py:1: in <module>
    from app.market_truth.marks import MarkPriceTruthEvaluator
app/market_truth/marks.py:1: in <module>
    from app.market_truth.models import MarkPriceTruthReport
app/market_truth/models.py:1: in <module>
    from pydantic import BaseModel
E   ModuleNotFoundError: No module named 'pydantic'
_____________ ERROR collecting tests/test_market_truth_ordering.py _____________
ImportError while importing test module '/app/tests/test_market_truth_ordering.py'.
Hint: make sure your test modules/packages have valid Python names.
Traceback:
/usr/lib/python3.12/importlib/__init__.py:90: in import_module
    return _bootstrap._gcd_import(name[level:], package, level)
           ^^^^^^^^^^^^^^^^^^^^^^^^^^^^^^^^^^^^^^^^^^^^^^^^^^^^
tests/test_market_truth_ordering.py:1: in <module>
    from app.market_truth.ordering import OrderingEngine
app/market_truth/ordering.py:1: in <module>
    from app.market_truth.models import OrderingViolation
app/market_truth/models.py:1: in <module>
    from pydantic import BaseModel
E   ModuleNotFoundError: No module named 'pydantic'
______________ ERROR collecting tests/test_market_truth_quotes.py ______________
ImportError while importing test module '/app/tests/test_market_truth_quotes.py'.
Hint: make sure your test modules/packages have valid Python names.
Traceback:
/usr/lib/python3.12/importlib/__init__.py:90: in import_module
    return _bootstrap._gcd_import(name[level:], package, level)
           ^^^^^^^^^^^^^^^^^^^^^^^^^^^^^^^^^^^^^^^^^^^^^^^^^^^^
tests/test_market_truth_quotes.py:1: in <module>
    from app.market_truth.quotes import QuoteTruthEvaluator
app/market_truth/quotes.py:1: in <module>
    from app.market_truth.models import QuoteTruthReport
app/market_truth/models.py:1: in <module>
    from pydantic import BaseModel
E   ModuleNotFoundError: No module named 'pydantic'
_____________ ERROR collecting tests/test_market_truth_sequence.py _____________
ImportError while importing test module '/app/tests/test_market_truth_sequence.py'.
Hint: make sure your test modules/packages have valid Python names.
Traceback:
/usr/lib/python3.12/importlib/__init__.py:90: in import_module
    return _bootstrap._gcd_import(name[level:], package, level)
           ^^^^^^^^^^^^^^^^^^^^^^^^^^^^^^^^^^^^^^^^^^^^^^^^^^^^
tests/test_market_truth_sequence.py:1: in <module>
    from app.market_truth.sequence import SequenceIntegrityEngine
app/market_truth/sequence.py:2: in <module>
    from app.market_truth.models import SequenceIntegrityReport, GapCluster
app/market_truth/models.py:1: in <module>
    from pydantic import BaseModel
E   ModuleNotFoundError: No module named 'pydantic'
_____________ ERROR collecting tests/test_market_truth_storage.py ______________
ImportError while importing test module '/app/tests/test_market_truth_storage.py'.
Hint: make sure your test modules/packages have valid Python names.
Traceback:
/usr/lib/python3.12/importlib/__init__.py:90: in import_module
    return _bootstrap._gcd_import(name[level:], package, level)
           ^^^^^^^^^^^^^^^^^^^^^^^^^^^^^^^^^^^^^^^^^^^^^^^^^^^^
tests/test_market_truth_storage.py:1: in <module>
    from app.market_truth.storage import MarketTruthStorage
app/market_truth/storage.py:1: in <module>
    from app.market_truth.models import MarketTruthAuditRecord
app/market_truth/models.py:1: in <module>
    from pydantic import BaseModel
E   ModuleNotFoundError: No module named 'pydantic'
__________ ERROR collecting tests/test_market_truth_symbol_health.py ___________
ImportError while importing test module '/app/tests/test_market_truth_symbol_health.py'.
Hint: make sure your test modules/packages have valid Python names.
Traceback:
/usr/lib/python3.12/importlib/__init__.py:90: in import_module
    return _bootstrap._gcd_import(name[level:], package, level)
           ^^^^^^^^^^^^^^^^^^^^^^^^^^^^^^^^^^^^^^^^^^^^^^^^^^^^
tests/test_market_truth_symbol_health.py:1: in <module>
    from app.market_truth.symbol_health import SymbolHealthAggregator
app/market_truth/symbol_health.py:1: in <module>
    from app.market_truth.models import SymbolFeedHealth
app/market_truth/models.py:1: in <module>
    from pydantic import BaseModel
E   ModuleNotFoundError: No module named 'pydantic'
______________ ERROR collecting tests/test_market_truth_trades.py ______________
ImportError while importing test module '/app/tests/test_market_truth_trades.py'.
Hint: make sure your test modules/packages have valid Python names.
Traceback:
/usr/lib/python3.12/importlib/__init__.py:90: in import_module
    return _bootstrap._gcd_import(name[level:], package, level)
           ^^^^^^^^^^^^^^^^^^^^^^^^^^^^^^^^^^^^^^^^^^^^^^^^^^^^
tests/test_market_truth_trades.py:1: in <module>
    from app.market_truth.trades import TradeTruthEvaluator
app/market_truth/trades.py:1: in <module>
    from app.market_truth.models import TradeTruthReport
app/market_truth/models.py:1: in <module>
    from pydantic import BaseModel
E   ModuleNotFoundError: No module named 'pydantic'
___________ ERROR collecting tests/test_market_truth_truthfulness.py ___________
ImportError while importing test module '/app/tests/test_market_truth_truthfulness.py'.
Hint: make sure your test modules/packages have valid Python names.
Traceback:
/usr/lib/python3.12/importlib/__init__.py:90: in import_module
    return _bootstrap._gcd_import(name[level:], package, level)
           ^^^^^^^^^^^^^^^^^^^^^^^^^^^^^^^^^^^^^^^^^^^^^^^^^^^^
tests/test_market_truth_truthfulness.py:1: in <module>
    from app.market_truth.truthfulness import GlobalTruthfulnessEvaluator
E   ImportError: cannot import name 'GlobalTruthfulnessEvaluator' from 'app.market_truth.truthfulness' (/app/app/market_truth/truthfulness.py)
_____________ ERROR collecting tests/test_mean_reversion_regime.py _____________
ImportError while importing test module '/app/tests/test_mean_reversion_regime.py'.
Hint: make sure your test modules/packages have valid Python names.
Traceback:
/usr/lib/python3.12/importlib/__init__.py:90: in import_module
    return _bootstrap._gcd_import(name[level:], package, level)
           ^^^^^^^^^^^^^^^^^^^^^^^^^^^^^^^^^^^^^^^^^^^^^^^^^^^^
tests/test_mean_reversion_regime.py:2: in <module>
    from app.research.regime.mean_reversion_regime import MeanReversionProneEvaluator
app/research/regime/__init__.py:1: in <module>
    from app.research.regime.registry import regime_registry
app/research/regime/registry.py:2: in <module>
    from app.research.regime.base import BaseRegimeEvaluator
app/research/regime/base.py:4: in <module>
    from app.research.regime.models import RegimeEvaluationResult, RegimeFeatureBundle
app/research/regime/models.py:1: in <module>
    from pydantic import BaseModel, Field
E   ModuleNotFoundError: No module named 'pydantic'
___________ ERROR collecting tests/test_migration_plane_backfills.py ___________
ImportError while importing test module '/app/tests/test_migration_plane_backfills.py'.
Hint: make sure your test modules/packages have valid Python names.
Traceback:
/usr/lib/python3.12/importlib/__init__.py:90: in import_module
    return _bootstrap._gcd_import(name[level:], package, level)
           ^^^^^^^^^^^^^^^^^^^^^^^^^^^^^^^^^^^^^^^^^^^^^^^^^^^^
tests/test_migration_plane_backfills.py:2: in <module>
    from app.migration_plane.backfills import BackfillManager
app/migration_plane/backfills.py:1: in <module>
    from app.migration_plane.models import BackfillExecutionRecord
app/migration_plane/models.py:1: in <module>
    from pydantic import BaseModel, Field
E   ModuleNotFoundError: No module named 'pydantic'
_________ ERROR collecting tests/test_migration_plane_compatibility.py _________
ImportError while importing test module '/app/tests/test_migration_plane_compatibility.py'.
Hint: make sure your test modules/packages have valid Python names.
Traceback:
/usr/lib/python3.12/importlib/__init__.py:90: in import_module
    return _bootstrap._gcd_import(name[level:], package, level)
           ^^^^^^^^^^^^^^^^^^^^^^^^^^^^^^^^^^^^^^^^^^^^^^^^^^^^
tests/test_migration_plane_compatibility.py:2: in <module>
    from app.migration_plane.compatibility import CompatibilityEvaluator
app/migration_plane/compatibility.py:3: in <module>
    from app.migration_plane.models import CompatibilityShim
app/migration_plane/models.py:1: in <module>
    from pydantic import BaseModel, Field
E   ModuleNotFoundError: No module named 'pydantic'
___________ ERROR collecting tests/test_migration_plane_cutovers.py ____________
ImportError while importing test module '/app/tests/test_migration_plane_cutovers.py'.
Hint: make sure your test modules/packages have valid Python names.
Traceback:
/usr/lib/python3.12/importlib/__init__.py:90: in import_module
    return _bootstrap._gcd_import(name[level:], package, level)
           ^^^^^^^^^^^^^^^^^^^^^^^^^^^^^^^^^^^^^^^^^^^^^^^^^^^^
tests/test_migration_plane_cutovers.py:2: in <module>
    from app.migration_plane.cutovers import CutoverManager, CutoverEvaluator
E   ImportError: cannot import name 'CutoverManager' from 'app.migration_plane.cutovers' (/app/app/migration_plane/cutovers.py)
_____________ ERROR collecting tests/test_migration_plane_debt.py ______________
ImportError while importing test module '/app/tests/test_migration_plane_debt.py'.
Hint: make sure your test modules/packages have valid Python names.
Traceback:
/usr/lib/python3.12/importlib/__init__.py:90: in import_module
    return _bootstrap._gcd_import(name[level:], package, level)
           ^^^^^^^^^^^^^^^^^^^^^^^^^^^^^^^^^^^^^^^^^^^^^^^^^^^^
tests/test_migration_plane_debt.py:2: in <module>
    from app.migration_plane.debt import DebtManager
app/migration_plane/debt.py:1: in <module>
    from app.migration_plane.models import MigrationDebtRecord
app/migration_plane/models.py:1: in <module>
    from pydantic import BaseModel, Field
E   ModuleNotFoundError: No module named 'pydantic'
__________ ERROR collecting tests/test_migration_plane_divergence.py ___________
ImportError while importing test module '/app/tests/test_migration_plane_divergence.py'.
Hint: make sure your test modules/packages have valid Python names.
Traceback:
/usr/lib/python3.12/importlib/__init__.py:90: in import_module
    return _bootstrap._gcd_import(name[level:], package, level)
           ^^^^^^^^^^^^^^^^^^^^^^^^^^^^^^^^^^^^^^^^^^^^^^^^^^^^
tests/test_migration_plane_divergence.py:2: in <module>
    from app.migration_plane.divergence import DivergenceManager
app/migration_plane/divergence.py:1: in <module>
    from app.migration_plane.models import MigrationDivergenceReport
app/migration_plane/models.py:1: in <module>
    from pydantic import BaseModel, Field
E   ModuleNotFoundError: No module named 'pydantic'
___________ ERROR collecting tests/test_migration_plane_dry_runs.py ____________
ImportError while importing test module '/app/tests/test_migration_plane_dry_runs.py'.
Hint: make sure your test modules/packages have valid Python names.
Traceback:
/usr/lib/python3.12/importlib/__init__.py:90: in import_module
    return _bootstrap._gcd_import(name[level:], package, level)
           ^^^^^^^^^^^^^^^^^^^^^^^^^^^^^^^^^^^^^^^^^^^^^^^^^^^^
tests/test_migration_plane_dry_runs.py:2: in <module>
    from app.migration_plane.dry_runs import DryRunManager
app/migration_plane/dry_runs.py:2: in <module>
    from app.migration_plane.models import MigrationDryRunRecord
app/migration_plane/models.py:1: in <module>
    from pydantic import BaseModel, Field
E   ModuleNotFoundError: No module named 'pydantic'
__________ ERROR collecting tests/test_migration_plane_dual_write.py ___________
ImportError while importing test module '/app/tests/test_migration_plane_dual_write.py'.
Hint: make sure your test modules/packages have valid Python names.
Traceback:
/usr/lib/python3.12/importlib/__init__.py:90: in import_module
    return _bootstrap._gcd_import(name[level:], package, level)
           ^^^^^^^^^^^^^^^^^^^^^^^^^^^^^^^^^^^^^^^^^^^^^^^^^^^^
tests/test_migration_plane_dual_write.py:3: in <module>
    from app.migration_plane.dual_write import DualWriteManager
app/migration_plane/dual_write.py:2: in <module>
    from app.migration_plane.models import DualWriteRecord
app/migration_plane/models.py:1: in <module>
    from pydantic import BaseModel, Field
E   ModuleNotFoundError: No module named 'pydantic'
__________ ERROR collecting tests/test_migration_plane_equivalence.py __________
ImportError while importing test module '/app/tests/test_migration_plane_equivalence.py'.
Hint: make sure your test modules/packages have valid Python names.
Traceback:
/usr/lib/python3.12/importlib/__init__.py:90: in import_module
    return _bootstrap._gcd_import(name[level:], package, level)
           ^^^^^^^^^^^^^^^^^^^^^^^^^^^^^^^^^^^^^^^^^^^^^^^^^^^^
tests/test_migration_plane_equivalence.py:2: in <module>
    from app.migration_plane.equivalence import EquivalenceManager
app/migration_plane/equivalence.py:1: in <module>
    from app.migration_plane.models import MigrationEquivalenceReport
app/migration_plane/models.py:1: in <module>
    from pydantic import BaseModel, Field
E   ModuleNotFoundError: No module named 'pydantic'
___________ ERROR collecting tests/test_migration_plane_fallbacks.py ___________
ImportError while importing test module '/app/tests/test_migration_plane_fallbacks.py'.
Hint: make sure your test modules/packages have valid Python names.
Traceback:
/usr/lib/python3.12/importlib/__init__.py:90: in import_module
    return _bootstrap._gcd_import(name[level:], package, level)
           ^^^^^^^^^^^^^^^^^^^^^^^^^^^^^^^^^^^^^^^^^^^^^^^^^^^^
tests/test_migration_plane_fallbacks.py:2: in <module>
    from app.migration_plane.fallbacks import FallbackManager
app/migration_plane/fallbacks.py:1: in <module>
    from app.migration_plane.models import FallbackRecord
app/migration_plane/models.py:1: in <module>
    from pydantic import BaseModel, Field
E   ModuleNotFoundError: No module named 'pydantic'
___________ ERROR collecting tests/test_migration_plane_manifests.py ___________
ImportError while importing test module '/app/tests/test_migration_plane_manifests.py'.
Hint: make sure your test modules/packages have valid Python names.
Traceback:
/usr/lib/python3.12/importlib/__init__.py:90: in import_module
    return _bootstrap._gcd_import(name[level:], package, level)
           ^^^^^^^^^^^^^^^^^^^^^^^^^^^^^^^^^^^^^^^^^^^^^^^^^^^^
tests/test_migration_plane_manifests.py:2: in <module>
    from app.migration_plane.manifests import ManifestBuilder
app/migration_plane/manifests.py:2: in <module>
    from app.migration_plane.models import MigrationArtifactManifest
app/migration_plane/models.py:1: in <module>
    from pydantic import BaseModel, Field
E   ModuleNotFoundError: No module named 'pydantic'
___________ ERROR collecting tests/test_migration_plane_prechecks.py ___________
ImportError while importing test module '/app/tests/test_migration_plane_prechecks.py'.
Hint: make sure your test modules/packages have valid Python names.
Traceback:
/usr/lib/python3.12/importlib/__init__.py:90: in import_module
    return _bootstrap._gcd_import(name[level:], package, level)
           ^^^^^^^^^^^^^^^^^^^^^^^^^^^^^^^^^^^^^^^^^^^^^^^^^^^^
tests/test_migration_plane_prechecks.py:2: in <module>
    from app.migration_plane.prechecks import PrecheckManager
E   ImportError: cannot import name 'PrecheckManager' from 'app.migration_plane.prechecks' (/app/app/migration_plane/prechecks.py)
___________ ERROR collecting tests/test_migration_plane_registry.py ____________
ImportError while importing test module '/app/tests/test_migration_plane_registry.py'.
Hint: make sure your test modules/packages have valid Python names.
Traceback:
/usr/lib/python3.12/importlib/__init__.py:90: in import_module
    return _bootstrap._gcd_import(name[level:], package, level)
           ^^^^^^^^^^^^^^^^^^^^^^^^^^^^^^^^^^^^^^^^^^^^^^^^^^^^
tests/test_migration_plane_registry.py:2: in <module>
    from app.migration_plane.models import MigrationDefinition, MigrationVersionPair, TransitionContract
app/migration_plane/models.py:1: in <module>
    from pydantic import BaseModel, Field
E   ModuleNotFoundError: No module named 'pydantic'
__________ ERROR collecting tests/test_migration_plane_rehydration.py __________
ImportError while importing test module '/app/tests/test_migration_plane_rehydration.py'.
Hint: make sure your test modules/packages have valid Python names.
Traceback:
/usr/lib/python3.12/importlib/__init__.py:90: in import_module
    return _bootstrap._gcd_import(name[level:], package, level)
           ^^^^^^^^^^^^^^^^^^^^^^^^^^^^^^^^^^^^^^^^^^^^^^^^^^^^
tests/test_migration_plane_rehydration.py:2: in <module>
    from app.migration_plane.rehydration import RehydrationManager
app/migration_plane/rehydration.py:1: in <module>
    from app.migration_plane.models import RehydrationRecord
app/migration_plane/models.py:1: in <module>
    from pydantic import BaseModel, Field
E   ModuleNotFoundError: No module named 'pydantic'
____________ ERROR collecting tests/test_migration_plane_reindex.py ____________
ImportError while importing test module '/app/tests/test_migration_plane_reindex.py'.
Hint: make sure your test modules/packages have valid Python names.
Traceback:
/usr/lib/python3.12/importlib/__init__.py:90: in import_module
    return _bootstrap._gcd_import(name[level:], package, level)
           ^^^^^^^^^^^^^^^^^^^^^^^^^^^^^^^^^^^^^^^^^^^^^^^^^^^^
tests/test_migration_plane_reindex.py:2: in <module>
    from app.migration_plane.reindex import ReindexManager
app/migration_plane/reindex.py:1: in <module>
    from app.migration_plane.models import ReindexExecutionRecord
app/migration_plane/models.py:1: in <module>
    from pydantic import BaseModel, Field
E   ModuleNotFoundError: No module named 'pydantic'
___________ ERROR collecting tests/test_migration_plane_rollback.py ____________
ImportError while importing test module '/app/tests/test_migration_plane_rollback.py'.
Hint: make sure your test modules/packages have valid Python names.
Traceback:
/usr/lib/python3.12/importlib/__init__.py:90: in import_module
    return _bootstrap._gcd_import(name[level:], package, level)
           ^^^^^^^^^^^^^^^^^^^^^^^^^^^^^^^^^^^^^^^^^^^^^^^^^^^^
tests/test_migration_plane_rollback.py:2: in <module>
    from app.migration_plane.rollback import RollbackManager
app/migration_plane/rollback.py:1: in <module>
    from app.migration_plane.models import RollbackMigrationRecord
app/migration_plane/models.py:1: in <module>
    from pydantic import BaseModel, Field
E   ModuleNotFoundError: No module named 'pydantic'
_____________ ERROR collecting tests/test_migration_plane_shims.py _____________
ImportError while importing test module '/app/tests/test_migration_plane_shims.py'.
Hint: make sure your test modules/packages have valid Python names.
Traceback:
/usr/lib/python3.12/importlib/__init__.py:90: in import_module
    return _bootstrap._gcd_import(name[level:], package, level)
           ^^^^^^^^^^^^^^^^^^^^^^^^^^^^^^^^^^^^^^^^^^^^^^^^^^^^
tests/test_migration_plane_shims.py:2: in <module>
    from app.migration_plane.shims import ShimManager
app/migration_plane/shims.py:1: in <module>
    from app.migration_plane.models import CompatibilityShim
app/migration_plane/models.py:1: in <module>
    from pydantic import BaseModel, Field
E   ModuleNotFoundError: No module named 'pydantic'
____________ ERROR collecting tests/test_migration_plane_storage.py ____________
ImportError while importing test module '/app/tests/test_migration_plane_storage.py'.
Hint: make sure your test modules/packages have valid Python names.
Traceback:
/usr/lib/python3.12/importlib/__init__.py:90: in import_module
    return _bootstrap._gcd_import(name[level:], package, level)
           ^^^^^^^^^^^^^^^^^^^^^^^^^^^^^^^^^^^^^^^^^^^^^^^^^^^^
tests/test_migration_plane_storage.py:3: in <module>
    from app.migration_plane.repository import MigrationRepository
app/migration_plane/repository.py:2: in <module>
    from app.migration_plane.models import MigrationDefinition, MigrationTrustVerdict
app/migration_plane/models.py:1: in <module>
    from pydantic import BaseModel, Field
E   ModuleNotFoundError: No module named 'pydantic'
__________ ERROR collecting tests/test_migration_plane_transitions.py __________
ImportError while importing test module '/app/tests/test_migration_plane_transitions.py'.
Hint: make sure your test modules/packages have valid Python names.
Traceback:
/usr/lib/python3.12/importlib/__init__.py:90: in import_module
    return _bootstrap._gcd_import(name[level:], package, level)
           ^^^^^^^^^^^^^^^^^^^^^^^^^^^^^^^^^^^^^^^^^^^^^^^^^^^^
tests/test_migration_plane_transitions.py:2: in <module>
    from app.migration_plane.models import TransitionContract
app/migration_plane/models.py:1: in <module>
    from pydantic import BaseModel, Field
E   ModuleNotFoundError: No module named 'pydantic'
_____________ ERROR collecting tests/test_migration_plane_trust.py _____________
ImportError while importing test module '/app/tests/test_migration_plane_trust.py'.
Hint: make sure your test modules/packages have valid Python names.
Traceback:
/usr/lib/python3.12/importlib/__init__.py:90: in import_module
    return _bootstrap._gcd_import(name[level:], package, level)
           ^^^^^^^^^^^^^^^^^^^^^^^^^^^^^^^^^^^^^^^^^^^^^^^^^^^^
tests/test_migration_plane_trust.py:2: in <module>
    from app.migration_plane.trust import TrustManager, TrustEvaluator
app/migration_plane/trust.py:2: in <module>
    from app.migration_plane.models import MigrationTrustVerdict
app/migration_plane/models.py:1: in <module>
    from pydantic import BaseModel, Field
E   ModuleNotFoundError: No module named 'pydantic'
_________ ERROR collecting tests/test_migration_plane_verification.py __________
ImportError while importing test module '/app/tests/test_migration_plane_verification.py'.
Hint: make sure your test modules/packages have valid Python names.
Traceback:
/usr/lib/python3.12/importlib/__init__.py:90: in import_module
    return _bootstrap._gcd_import(name[level:], package, level)
           ^^^^^^^^^^^^^^^^^^^^^^^^^^^^^^^^^^^^^^^^^^^^^^^^^^^^
tests/test_migration_plane_verification.py:2: in <module>
    from app.migration_plane.verification import VerificationManager
E   ImportError: cannot import name 'VerificationManager' from 'app.migration_plane.verification' (/app/app/migration_plane/verification.py)
___________ ERROR collecting tests/test_migration_plane_versions.py ____________
ImportError while importing test module '/app/tests/test_migration_plane_versions.py'.
Hint: make sure your test modules/packages have valid Python names.
Traceback:
/usr/lib/python3.12/importlib/__init__.py:90: in import_module
    return _bootstrap._gcd_import(name[level:], package, level)
           ^^^^^^^^^^^^^^^^^^^^^^^^^^^^^^^^^^^^^^^^^^^^^^^^^^^^
tests/test_migration_plane_versions.py:2: in <module>
    from app.migration_plane.models import MigrationVersionPair
app/migration_plane/models.py:1: in <module>
    from pydantic import BaseModel, Field
E   ModuleNotFoundError: No module named 'pydantic'
_______________ ERROR collecting tests/test_migrations_apply.py ________________
ImportError while importing test module '/app/tests/test_migrations_apply.py'.
Hint: make sure your test modules/packages have valid Python names.
Traceback:
/usr/lib/python3.12/importlib/__init__.py:90: in import_module
    return _bootstrap._gcd_import(name[level:], package, level)
           ^^^^^^^^^^^^^^^^^^^^^^^^^^^^^^^^^^^^^^^^^^^^^^^^^^^^
tests/test_migrations_apply.py:2: in <module>
    from app.migrations.apply import ApplyEngine
app/migrations/apply.py:1: in <module>
    from app.migrations.models import MigrationPlan, MigrationApplyResult
app/migrations/models.py:1: in <module>
    from pydantic import BaseModel, Field
E   ModuleNotFoundError: No module named 'pydantic'
___________ ERROR collecting tests/test_migrations_compatibility.py ____________
ImportError while importing test module '/app/tests/test_migrations_compatibility.py'.
Hint: make sure your test modules/packages have valid Python names.
Traceback:
/usr/lib/python3.12/importlib/__init__.py:90: in import_module
    return _bootstrap._gcd_import(name[level:], package, level)
           ^^^^^^^^^^^^^^^^^^^^^^^^^^^^^^^^^^^^^^^^^^^^^^^^^^^^
tests/test_migrations_compatibility.py:1: in <module>
    from app.migrations.compatibility import CompatibilityEvaluator
app/migrations/compatibility.py:1: in <module>
    from app.migrations.models import (
app/migrations/models.py:1: in <module>
    from pydantic import BaseModel, Field
E   ModuleNotFoundError: No module named 'pydantic'
________________ ERROR collecting tests/test_migrations_debt.py ________________
ImportError while importing test module '/app/tests/test_migrations_debt.py'.
Hint: make sure your test modules/packages have valid Python names.
Traceback:
/usr/lib/python3.12/importlib/__init__.py:90: in import_module
    return _bootstrap._gcd_import(name[level:], package, level)
           ^^^^^^^^^^^^^^^^^^^^^^^^^^^^^^^^^^^^^^^^^^^^^^^^^^^^
tests/test_migrations_debt.py:1: in <module>
    from app.migrations.debt import MigrationDebtGovernance
E   ImportError: cannot import name 'MigrationDebtGovernance' from 'app.migrations.debt' (/app/app/migrations/debt.py)
____________ ERROR collecting tests/test_migrations_dependencies.py ____________
ImportError while importing test module '/app/tests/test_migrations_dependencies.py'.
Hint: make sure your test modules/packages have valid Python names.
Traceback:
/usr/lib/python3.12/importlib/__init__.py:90: in import_module
    return _bootstrap._gcd_import(name[level:], package, level)
           ^^^^^^^^^^^^^^^^^^^^^^^^^^^^^^^^^^^^^^^^^^^^^^^^^^^^
tests/test_migrations_dependencies.py:2: in <module>
    from app.migrations.dependencies import MigrationDependencyResolver
app/migrations/dependencies.py:2: in <module>
    from app.migrations.models import MigrationDefinition
app/migrations/models.py:1: in <module>
    from pydantic import BaseModel, Field
E   ModuleNotFoundError: No module named 'pydantic'
______________ ERROR collecting tests/test_migrations_dry_run.py _______________
ImportError while importing test module '/app/tests/test_migrations_dry_run.py'.
Hint: make sure your test modules/packages have valid Python names.
Traceback:
/usr/lib/python3.12/importlib/__init__.py:90: in import_module
    return _bootstrap._gcd_import(name[level:], package, level)
           ^^^^^^^^^^^^^^^^^^^^^^^^^^^^^^^^^^^^^^^^^^^^^^^^^^^^
tests/test_migrations_dry_run.py:1: in <module>
    from app.migrations.dry_run import DryRunEngine
app/migrations/dry_run.py:1: in <module>
    from app.migrations.models import MigrationPlan, MigrationDryRunResult
app/migrations/models.py:1: in <module>
    from pydantic import BaseModel, Field
E   ModuleNotFoundError: No module named 'pydantic'
_______________ ERROR collecting tests/test_migrations_matrix.py _______________
ImportError while importing test module '/app/tests/test_migrations_matrix.py'.
Hint: make sure your test modules/packages have valid Python names.
Traceback:
/usr/lib/python3.12/importlib/__init__.py:90: in import_module
    return _bootstrap._gcd_import(name[level:], package, level)
           ^^^^^^^^^^^^^^^^^^^^^^^^^^^^^^^^^^^^^^^^^^^^^^^^^^^^
tests/test_migrations_matrix.py:1: in <module>
    from app.migrations.matrix import CompatibilityMatrixBuilder
app/migrations/matrix.py:2: in <module>
    from app.migrations.models import CompatibilityMatrix
app/migrations/models.py:1: in <module>
    from pydantic import BaseModel, Field
E   ModuleNotFoundError: No module named 'pydantic'
_____________ ERROR collecting tests/test_migrations_preflight.py ______________
ImportError while importing test module '/app/tests/test_migrations_preflight.py'.
Hint: make sure your test modules/packages have valid Python names.
Traceback:
/usr/lib/python3.12/importlib/__init__.py:90: in import_module
    return _bootstrap._gcd_import(name[level:], package, level)
           ^^^^^^^^^^^^^^^^^^^^^^^^^^^^^^^^^^^^^^^^^^^^^^^^^^^^
tests/test_migrations_preflight.py:1: in <module>
    from app.migrations.preflight import PreflightEngine
app/migrations/preflight.py:1: in <module>
    from app.migrations.models import MigrationPlan, MigrationPreflightReport
app/migrations/models.py:1: in <module>
    from pydantic import BaseModel, Field
E   ModuleNotFoundError: No module named 'pydantic'
______________ ERROR collecting tests/test_migrations_recipes.py _______________
ImportError while importing test module '/app/tests/test_migrations_recipes.py'.
Hint: make sure your test modules/packages have valid Python names.
Traceback:
/usr/lib/python3.12/importlib/__init__.py:90: in import_module
    return _bootstrap._gcd_import(name[level:], package, level)
           ^^^^^^^^^^^^^^^^^^^^^^^^^^^^^^^^^^^^^^^^^^^^^^^^^^^^
tests/test_migrations_recipes.py:1: in <module>
    from app.migrations.recipes import (
app/migrations/recipes.py:1: in <module>
    from app.migrations.definitions import MigrationDSL
app/migrations/definitions.py:1: in <module>
    from app.migrations.models import (
app/migrations/models.py:1: in <module>
    from pydantic import BaseModel, Field
E   ModuleNotFoundError: No module named 'pydantic'
______________ ERROR collecting tests/test_migrations_registry.py ______________
ImportError while importing test module '/app/tests/test_migrations_registry.py'.
Hint: make sure your test modules/packages have valid Python names.
Traceback:
/usr/lib/python3.12/importlib/__init__.py:90: in import_module
    return _bootstrap._gcd_import(name[level:], package, level)
           ^^^^^^^^^^^^^^^^^^^^^^^^^^^^^^^^^^^^^^^^^^^^^^^^^^^^
tests/test_migrations_registry.py:2: in <module>
    from app.migrations.registry import MigrationRegistry
app/migrations/registry.py:2: in <module>
    from app.migrations.models import MigrationDefinition
app/migrations/models.py:1: in <module>
    from pydantic import BaseModel, Field
E   ModuleNotFoundError: No module named 'pydantic'
______________ ERROR collecting tests/test_migrations_rollback.py ______________
ImportError while importing test module '/app/tests/test_migrations_rollback.py'.
Hint: make sure your test modules/packages have valid Python names.
Traceback:
/usr/lib/python3.12/importlib/__init__.py:90: in import_module
    return _bootstrap._gcd_import(name[level:], package, level)
           ^^^^^^^^^^^^^^^^^^^^^^^^^^^^^^^^^^^^^^^^^^^^^^^^^^^^
tests/test_migrations_rollback.py:1: in <module>
    from app.migrations.rollback import RollbackPlanner
app/migrations/rollback.py:1: in <module>
    from app.migrations.models import (
app/migrations/models.py:1: in <module>
    from pydantic import BaseModel, Field
E   ModuleNotFoundError: No module named 'pydantic'
____________ ERROR collecting tests/test_migrations_rollforward.py _____________
ImportError while importing test module '/app/tests/test_migrations_rollforward.py'.
Hint: make sure your test modules/packages have valid Python names.
Traceback:
/usr/lib/python3.12/importlib/__init__.py:90: in import_module
    return _bootstrap._gcd_import(name[level:], package, level)
           ^^^^^^^^^^^^^^^^^^^^^^^^^^^^^^^^^^^^^^^^^^^^^^^^^^^^
tests/test_migrations_rollforward.py:1: in <module>
    from app.migrations.rollforward import RollforwardPlanner
app/migrations/rollforward.py:1: in <module>
    from app.migrations.models import MigrationPlan, MigrationRollforwardPlan
app/migrations/models.py:1: in <module>
    from pydantic import BaseModel, Field
E   ModuleNotFoundError: No module named 'pydantic'
_______________ ERROR collecting tests/test_migrations_scopes.py _______________
ImportError while importing test module '/app/tests/test_migrations_scopes.py'.
Hint: make sure your test modules/packages have valid Python names.
Traceback:
/usr/lib/python3.12/importlib/__init__.py:90: in import_module
    return _bootstrap._gcd_import(name[level:], package, level)
           ^^^^^^^^^^^^^^^^^^^^^^^^^^^^^^^^^^^^^^^^^^^^^^^^^^^^
tests/test_migrations_scopes.py:2: in <module>
    from app.migrations.scopes import ScopeResolver
app/migrations/scopes.py:1: in <module>
    from app.migrations.models import MigrationScope
app/migrations/models.py:1: in <module>
    from pydantic import BaseModel, Field
E   ModuleNotFoundError: No module named 'pydantic'
______________ ERROR collecting tests/test_migrations_storage.py _______________
ImportError while importing test module '/app/tests/test_migrations_storage.py'.
Hint: make sure your test modules/packages have valid Python names.
Traceback:
/usr/lib/python3.12/importlib/__init__.py:90: in import_module
    return _bootstrap._gcd_import(name[level:], package, level)
           ^^^^^^^^^^^^^^^^^^^^^^^^^^^^^^^^^^^^^^^^^^^^^^^^^^^^
tests/test_migrations_storage.py:1: in <module>
    from app.migrations.storage import MigrationStorageEngine
app/migrations/storage.py:2: in <module>
    from pydantic import BaseModel
E   ModuleNotFoundError: No module named 'pydantic'
____________ ERROR collecting tests/test_migrations_verification.py ____________
ImportError while importing test module '/app/tests/test_migrations_verification.py'.
Hint: make sure your test modules/packages have valid Python names.
Traceback:
/usr/lib/python3.12/importlib/__init__.py:90: in import_module
    return _bootstrap._gcd_import(name[level:], package, level)
           ^^^^^^^^^^^^^^^^^^^^^^^^^^^^^^^^^^^^^^^^^^^^^^^^^^^^
tests/test_migrations_verification.py:1: in <module>
    from app.migrations.verification import VerificationEngine
app/migrations/verification.py:1: in <module>
    from app.migrations.models import MigrationPlan, MigrationVerificationResult
app/migrations/models.py:1: in <module>
    from pydantic import BaseModel, Field
E   ModuleNotFoundError: No module named 'pydantic'
________________ ERROR collecting tests/test_ml_calibration.py _________________
ImportError while importing test module '/app/tests/test_ml_calibration.py'.
Hint: make sure your test modules/packages have valid Python names.
Traceback:
/usr/lib/python3.12/importlib/__init__.py:90: in import_module
    return _bootstrap._gcd_import(name[level:], package, level)
           ^^^^^^^^^^^^^^^^^^^^^^^^^^^^^^^^^^^^^^^^^^^^^^^^^^^^
tests/test_ml_calibration.py:1: in <module>
    from app.ml.calibration import Calibrator
app/ml/calibration.py:1: in <module>
    from app.ml.models import CalibrationReport
app/ml/models.py:1: in <module>
    from pydantic import BaseModel, Field
E   ModuleNotFoundError: No module named 'pydantic'
__________________ ERROR collecting tests/test_ml_datasets.py __________________
ImportError while importing test module '/app/tests/test_ml_datasets.py'.
Hint: make sure your test modules/packages have valid Python names.
Traceback:
/usr/lib/python3.12/importlib/__init__.py:90: in import_module
    return _bootstrap._gcd_import(name[level:], package, level)
           ^^^^^^^^^^^^^^^^^^^^^^^^^^^^^^^^^^^^^^^^^^^^^^^^^^^^
tests/test_ml_datasets.py:2: in <module>
    from app.ml.models import DatasetSpec
app/ml/models.py:1: in <module>
    from pydantic import BaseModel, Field
E   ModuleNotFoundError: No module named 'pydantic'
___________________ ERROR collecting tests/test_ml_drift.py ____________________
ImportError while importing test module '/app/tests/test_ml_drift.py'.
Hint: make sure your test modules/packages have valid Python names.
Traceback:
/usr/lib/python3.12/importlib/__init__.py:90: in import_module
    return _bootstrap._gcd_import(name[level:], package, level)
           ^^^^^^^^^^^^^^^^^^^^^^^^^^^^^^^^^^^^^^^^^^^^^^^^^^^^
tests/test_ml_drift.py:1: in <module>
    from app.ml.drift import DriftChecker
app/ml/drift.py:1: in <module>
    from app.ml.models import DriftReport
app/ml/models.py:1: in <module>
    from pydantic import BaseModel, Field
E   ModuleNotFoundError: No module named 'pydantic'
_________________ ERROR collecting tests/test_ml_evaluation.py _________________
ImportError while importing test module '/app/tests/test_ml_evaluation.py'.
Hint: make sure your test modules/packages have valid Python names.
Traceback:
/usr/lib/python3.12/importlib/__init__.py:90: in import_module
    return _bootstrap._gcd_import(name[level:], package, level)
           ^^^^^^^^^^^^^^^^^^^^^^^^^^^^^^^^^^^^^^^^^^^^^^^^^^^^
tests/test_ml_evaluation.py:1: in <module>
    from app.ml.evaluation import Evaluator
app/ml/evaluation.py:1: in <module>
    from app.ml.models import EvaluationReport
app/ml/models.py:1: in <module>
    from pydantic import BaseModel, Field
E   ModuleNotFoundError: No module named 'pydantic'
_________________ ERROR collecting tests/test_ml_importance.py _________________
ImportError while importing test module '/app/tests/test_ml_importance.py'.
Hint: make sure your test modules/packages have valid Python names.
Traceback:
/usr/lib/python3.12/importlib/__init__.py:90: in import_module
    return _bootstrap._gcd_import(name[level:], package, level)
           ^^^^^^^^^^^^^^^^^^^^^^^^^^^^^^^^^^^^^^^^^^^^^^^^^^^^
tests/test_ml_importance.py:1: in <module>
    from app.ml.importance import ImportanceAnalyzer
app/ml/importance.py:1: in <module>
    from app.ml.models import FeatureImportanceSummary
app/ml/models.py:1: in <module>
    from pydantic import BaseModel, Field
E   ModuleNotFoundError: No module named 'pydantic'
_________________ ERROR collecting tests/test_ml_inference.py __________________
ImportError while importing test module '/app/tests/test_ml_inference.py'.
Hint: make sure your test modules/packages have valid Python names.
Traceback:
/usr/lib/python3.12/importlib/__init__.py:90: in import_module
    return _bootstrap._gcd_import(name[level:], package, level)
           ^^^^^^^^^^^^^^^^^^^^^^^^^^^^^^^^^^^^^^^^^^^^^^^^^^^^
tests/test_ml_inference.py:1: in <module>
    from app.ml.inference import InferenceEngine
app/ml/inference.py:1: in <module>
    from app.ml.models import InferenceRequest, InferenceResult
app/ml/models.py:1: in <module>
    from pydantic import BaseModel, Field
E   ModuleNotFoundError: No module named 'pydantic'
___________________ ERROR collecting tests/test_ml_labels.py ___________________
ImportError while importing test module '/app/tests/test_ml_labels.py'.
Hint: make sure your test modules/packages have valid Python names.
Traceback:
/usr/lib/python3.12/importlib/__init__.py:90: in import_module
    return _bootstrap._gcd_import(name[level:], package, level)
           ^^^^^^^^^^^^^^^^^^^^^^^^^^^^^^^^^^^^^^^^^^^^^^^^^^^^
tests/test_ml_labels.py:1: in <module>
    from app.ml.models import LabelSpec
app/ml/models.py:1: in <module>
    from pydantic import BaseModel, Field
E   ModuleNotFoundError: No module named 'pydantic'
_________________ ERROR collecting tests/test_ml_promotion.py __________________
ImportError while importing test module '/app/tests/test_ml_promotion.py'.
Hint: make sure your test modules/packages have valid Python names.
Traceback:
/usr/lib/python3.12/importlib/__init__.py:90: in import_module
    return _bootstrap._gcd_import(name[level:], package, level)
           ^^^^^^^^^^^^^^^^^^^^^^^^^^^^^^^^^^^^^^^^^^^^^^^^^^^^
tests/test_ml_promotion.py:1: in <module>
    from app.ml.promotion import PromotionGate
app/ml/promotion.py:1: in <module>
    from app.ml.models import PromotionReadinessReport
app/ml/models.py:1: in <module>
    from pydantic import BaseModel, Field
E   ModuleNotFoundError: No module named 'pydantic'
__________________ ERROR collecting tests/test_ml_refresh.py ___________________
ImportError while importing test module '/app/tests/test_ml_refresh.py'.
Hint: make sure your test modules/packages have valid Python names.
Traceback:
/usr/lib/python3.12/importlib/__init__.py:90: in import_module
    return _bootstrap._gcd_import(name[level:], package, level)
           ^^^^^^^^^^^^^^^^^^^^^^^^^^^^^^^^^^^^^^^^^^^^^^^^^^^^
tests/test_ml_refresh.py:1: in <module>
    from app.governance.ml_refresh import MLRefreshOrchestrator
app/governance/ml_refresh.py:2: in <module>
    from app.governance.models import RefreshRun
app/governance/models.py:2: in <module>
    from pydantic import BaseModel, Field
E   ModuleNotFoundError: No module named 'pydantic'
__________________ ERROR collecting tests/test_ml_registry.py __________________
ImportError while importing test module '/app/tests/test_ml_registry.py'.
Hint: make sure your test modules/packages have valid Python names.
Traceback:
/usr/lib/python3.12/importlib/__init__.py:90: in import_module
    return _bootstrap._gcd_import(name[level:], package, level)
           ^^^^^^^^^^^^^^^^^^^^^^^^^^^^^^^^^^^^^^^^^^^^^^^^^^^^
tests/test_ml_registry.py:1: in <module>
    from app.ml.registry import ModelRegistry
app/ml/registry.py:1: in <module>
    from app.ml.models import ModelRegistryEntry
app/ml/models.py:1: in <module>
    from pydantic import BaseModel, Field
E   ModuleNotFoundError: No module named 'pydantic'
___________________ ERROR collecting tests/test_ml_splits.py ___________________
ImportError while importing test module '/app/tests/test_ml_splits.py'.
Hint: make sure your test modules/packages have valid Python names.
Traceback:
/usr/lib/python3.12/importlib/__init__.py:90: in import_module
    return _bootstrap._gcd_import(name[level:], package, level)
           ^^^^^^^^^^^^^^^^^^^^^^^^^^^^^^^^^^^^^^^^^^^^^^^^^^^^
tests/test_ml_splits.py:3: in <module>
    from app.ml.splits import SplitEngine
app/ml/splits.py:3: in <module>
    from app.ml.models import TemporalSplitPlan
app/ml/models.py:1: in <module>
    from pydantic import BaseModel, Field
E   ModuleNotFoundError: No module named 'pydantic'
__________________ ERROR collecting tests/test_ml_trainers.py __________________
ImportError while importing test module '/app/tests/test_ml_trainers.py'.
Hint: make sure your test modules/packages have valid Python names.
Traceback:
/usr/lib/python3.12/importlib/__init__.py:90: in import_module
    return _bootstrap._gcd_import(name[level:], package, level)
           ^^^^^^^^^^^^^^^^^^^^^^^^^^^^^^^^^^^^^^^^^^^^^^^^^^^^
tests/test_ml_trainers.py:1: in <module>
    from app.ml.trainers import Trainer
app/ml/trainers.py:2: in <module>
    from app.ml.models import TrainRun, ModelArtifact, ModelCard
app/ml/models.py:1: in <module>
    from pydantic import BaseModel, Field
E   ModuleNotFoundError: No module named 'pydantic'
____________ ERROR collecting tests/test_model_plane_abstention.py _____________
ImportError while importing test module '/app/tests/test_model_plane_abstention.py'.
Hint: make sure your test modules/packages have valid Python names.
Traceback:
/usr/lib/python3.12/importlib/__init__.py:90: in import_module
    return _bootstrap._gcd_import(name[level:], package, level)
           ^^^^^^^^^^^^^^^^^^^^^^^^^^^^^^^^^^^^^^^^^^^^^^^^^^^^
tests/test_model_plane_abstention.py:2: in <module>
    from app.model_plane.abstention import AbstentionPolicyHandler
app/model_plane/abstention.py:2: in <module>
    from app.model_plane.models import AbstentionPolicy, UncertaintyRecord
app/model_plane/models.py:2: in <module>
    from pydantic import BaseModel, ConfigDict
E   ModuleNotFoundError: No module named 'pydantic'
____________ ERROR collecting tests/test_model_plane_calibration.py ____________
ImportError while importing test module '/app/tests/test_model_plane_calibration.py'.
Hint: make sure your test modules/packages have valid Python names.
Traceback:
/usr/lib/python3.12/importlib/__init__.py:90: in import_module
    return _bootstrap._gcd_import(name[level:], package, level)
           ^^^^^^^^^^^^^^^^^^^^^^^^^^^^^^^^^^^^^^^^^^^^^^^^^^^^
tests/test_model_plane_calibration.py:3: in <module>
    from app.model_plane.calibration import CalibrationManager
app/model_plane/calibration.py:3: in <module>
    from app.model_plane.base import CalibrationEvaluatorBase
app/model_plane/base.py:3: in <module>
    from app.model_plane.models import (
app/model_plane/models.py:2: in <module>
    from pydantic import BaseModel, ConfigDict
E   ModuleNotFoundError: No module named 'pydantic'
____________ ERROR collecting tests/test_model_plane_checkpoints.py ____________
ImportError while importing test module '/app/tests/test_model_plane_checkpoints.py'.
Hint: make sure your test modules/packages have valid Python names.
Traceback:
/usr/lib/python3.12/importlib/__init__.py:90: in import_module
    return _bootstrap._gcd_import(name[level:], package, level)
           ^^^^^^^^^^^^^^^^^^^^^^^^^^^^^^^^^^^^^^^^^^^^^^^^^^^^
tests/test_model_plane_checkpoints.py:3: in <module>
    from app.model_plane.checkpoints import ModelCheckpointRegistry
app/model_plane/checkpoints.py:3: in <module>
    from app.model_plane.models import ModelCheckpointRecord
app/model_plane/models.py:2: in <module>
    from pydantic import BaseModel, ConfigDict
E   ModuleNotFoundError: No module named 'pydantic'
_____________ ERROR collecting tests/test_model_plane_contracts.py _____________
ImportError while importing test module '/app/tests/test_model_plane_contracts.py'.
Hint: make sure your test modules/packages have valid Python names.
Traceback:
/usr/lib/python3.12/importlib/__init__.py:90: in import_module
    return _bootstrap._gcd_import(name[level:], package, level)
           ^^^^^^^^^^^^^^^^^^^^^^^^^^^^^^^^^^^^^^^^^^^^^^^^^^^^
tests/test_model_plane_contracts.py:2: in <module>
    from app.model_plane.contracts import InferenceContractRegistry
app/model_plane/contracts.py:2: in <module>
    from app.model_plane.models import InferenceContract, OutputSchema
app/model_plane/models.py:2: in <module>
    from pydantic import BaseModel, ConfigDict
E   ModuleNotFoundError: No module named 'pydantic'
_______________ ERROR collecting tests/test_model_plane_drift.py _______________
ImportError while importing test module '/app/tests/test_model_plane_drift.py'.
Hint: make sure your test modules/packages have valid Python names.
Traceback:
/usr/lib/python3.12/importlib/__init__.py:90: in import_module
    return _bootstrap._gcd_import(name[level:], package, level)
           ^^^^^^^^^^^^^^^^^^^^^^^^^^^^^^^^^^^^^^^^^^^^^^^^^^^^
tests/test_model_plane_drift.py:2: in <module>
    from app.model_plane.drift import ModelDriftEvaluator
E   ImportError: cannot import name 'ModelDriftEvaluator' from 'app.model_plane.drift' (/app/app/model_plane/drift.py)
_____________ ERROR collecting tests/test_model_plane_ensembles.py _____________
ImportError while importing test module '/app/tests/test_model_plane_ensembles.py'.
Hint: make sure your test modules/packages have valid Python names.
Traceback:
/usr/lib/python3.12/importlib/__init__.py:90: in import_module
    return _bootstrap._gcd_import(name[level:], package, level)
           ^^^^^^^^^^^^^^^^^^^^^^^^^^^^^^^^^^^^^^^^^^^^^^^^^^^^
tests/test_model_plane_ensembles.py:2: in <module>
    from app.model_plane.ensembles import EnsembleGovernance
app/model_plane/ensembles.py:2: in <module>
    from app.model_plane.models import EnsemblePolicy
app/model_plane/models.py:2: in <module>
    from pydantic import BaseModel, ConfigDict
E   ModuleNotFoundError: No module named 'pydantic'
____________ ERROR collecting tests/test_model_plane_equivalence.py ____________
ImportError while importing test module '/app/tests/test_model_plane_equivalence.py'.
Hint: make sure your test modules/packages have valid Python names.
Traceback:
/usr/lib/python3.12/importlib/__init__.py:90: in import_module
    return _bootstrap._gcd_import(name[level:], package, level)
           ^^^^^^^^^^^^^^^^^^^^^^^^^^^^^^^^^^^^^^^^^^^^^^^^^^^^
tests/test_model_plane_equivalence.py:2: in <module>
    from app.model_plane.equivalence import InferenceEquivalenceEvaluator
app/model_plane/equivalence.py:4: in <module>
    from app.model_plane.models import InferenceEquivalenceReport
app/model_plane/models.py:2: in <module>
    from pydantic import BaseModel, ConfigDict
E   ModuleNotFoundError: No module named 'pydantic'
_____________ ERROR collecting tests/test_model_plane_freshness.py _____________
ImportError while importing test module '/app/tests/test_model_plane_freshness.py'.
Hint: make sure your test modules/packages have valid Python names.
Traceback:
/usr/lib/python3.12/importlib/__init__.py:90: in import_module
    return _bootstrap._gcd_import(name[level:], package, level)
           ^^^^^^^^^^^^^^^^^^^^^^^^^^^^^^^^^^^^^^^^^^^^^^^^^^^^
tests/test_model_plane_freshness.py:2: in <module>
    from app.model_plane.freshness import ModelFreshnessEvaluator
app/model_plane/freshness.py:2: in <module>
    from app.model_plane.checkpoints import ModelCheckpointRegistry
app/model_plane/checkpoints.py:3: in <module>
    from app.model_plane.models import ModelCheckpointRecord
app/model_plane/models.py:2: in <module>
    from pydantic import BaseModel, ConfigDict
E   ModuleNotFoundError: No module named 'pydantic'
_____________ ERROR collecting tests/test_model_plane_inference.py _____________
ImportError while importing test module '/app/tests/test_model_plane_inference.py'.
Hint: make sure your test modules/packages have valid Python names.
Traceback:
/usr/lib/python3.12/importlib/__init__.py:90: in import_module
    return _bootstrap._gcd_import(name[level:], package, level)
           ^^^^^^^^^^^^^^^^^^^^^^^^^^^^^^^^^^^^^^^^^^^^^^^^^^^^
tests/test_model_plane_inference.py:2: in <module>
    from app.model_plane.inference import InferenceDescriptorLayer, InferenceRequest
app/model_plane/inference.py:3: in <module>
    from pydantic import BaseModel
E   ModuleNotFoundError: No module named 'pydantic'
______________ ERROR collecting tests/test_model_plane_inputs.py _______________
ImportError while importing test module '/app/tests/test_model_plane_inputs.py'.
Hint: make sure your test modules/packages have valid Python names.
Traceback:
/usr/lib/python3.12/importlib/__init__.py:90: in import_module
    return _bootstrap._gcd_import(name[level:], package, level)
           ^^^^^^^^^^^^^^^^^^^^^^^^^^^^^^^^^^^^^^^^^^^^^^^^^^^^
tests/test_model_plane_inputs.py:2: in <module>
    from app.model_plane.inputs import ModelInputRegistry, ModelInputDescriptor
E   ImportError: cannot import name 'ModelInputRegistry' from 'app.model_plane.inputs' (/app/app/model_plane/inputs.py)
_____________ ERROR collecting tests/test_model_plane_manifests.py _____________
ImportError while importing test module '/app/tests/test_model_plane_manifests.py'.
Hint: make sure your test modules/packages have valid Python names.
Traceback:
/usr/lib/python3.12/importlib/__init__.py:90: in import_module
    return _bootstrap._gcd_import(name[level:], package, level)
           ^^^^^^^^^^^^^^^^^^^^^^^^^^^^^^^^^^^^^^^^^^^^^^^^^^^^
tests/test_model_plane_manifests.py:3: in <module>
    from app.model_plane.manifests import InferenceManifestBuilder
app/model_plane/manifests.py:2: in <module>
    from app.model_plane.models import InferenceManifest, InferenceManifestEntry
app/model_plane/models.py:2: in <module>
    from pydantic import BaseModel, ConfigDict
E   ModuleNotFoundError: No module named 'pydantic'
______________ ERROR collecting tests/test_model_plane_offline.py ______________
ImportError while importing test module '/app/tests/test_model_plane_offline.py'.
Hint: make sure your test modules/packages have valid Python names.
Traceback:
/usr/lib/python3.12/importlib/__init__.py:90: in import_module
    return _bootstrap._gcd_import(name[level:], package, level)
           ^^^^^^^^^^^^^^^^^^^^^^^^^^^^^^^^^^^^^^^^^^^^^^^^^^^^
tests/test_model_plane_offline.py:2: in <module>
    from app.model_plane.offline import OfflineEvaluationEngine
app/model_plane/offline.py:2: in <module>
    from app.model_plane.models import InferenceManifest, ModelPlaneBaseModel
app/model_plane/models.py:2: in <module>
    from pydantic import BaseModel, ConfigDict
E   ModuleNotFoundError: No module named 'pydantic'
______________ ERROR collecting tests/test_model_plane_outputs.py ______________
ImportError while importing test module '/app/tests/test_model_plane_outputs.py'.
Hint: make sure your test modules/packages have valid Python names.
Traceback:
/usr/lib/python3.12/importlib/__init__.py:90: in import_module
    return _bootstrap._gcd_import(name[level:], package, level)
           ^^^^^^^^^^^^^^^^^^^^^^^^^^^^^^^^^^^^^^^^^^^^^^^^^^^^
tests/test_model_plane_outputs.py:2: in <module>
    from app.model_plane.outputs import OutputValidator, TypedOutputDescriptor
app/model_plane/outputs.py:2: in <module>
    from pydantic import BaseModel, ConfigDict
E   ModuleNotFoundError: No module named 'pydantic'
______________ ERROR collecting tests/test_model_plane_quality.py ______________
ImportError while importing test module '/app/tests/test_model_plane_quality.py'.
Hint: make sure your test modules/packages have valid Python names.
Traceback:
/usr/lib/python3.12/importlib/__init__.py:90: in import_module
    return _bootstrap._gcd_import(name[level:], package, level)
           ^^^^^^^^^^^^^^^^^^^^^^^^^^^^^^^^^^^^^^^^^^^^^^^^^^^^
tests/test_model_plane_quality.py:2: in <module>
    from app.model_plane.quality import ModelQualityEvaluator
app/model_plane/quality.py:2: in <module>
    from app.model_plane.models import ModelPlaneBaseModel
app/model_plane/models.py:2: in <module>
    from pydantic import BaseModel, ConfigDict
E   ModuleNotFoundError: No module named 'pydantic'
_____________ ERROR collecting tests/test_model_plane_registry.py ______________
ImportError while importing test module '/app/tests/test_model_plane_registry.py'.
Hint: make sure your test modules/packages have valid Python names.
Traceback:
/usr/lib/python3.12/importlib/__init__.py:90: in import_module
    return _bootstrap._gcd_import(name[level:], package, level)
           ^^^^^^^^^^^^^^^^^^^^^^^^^^^^^^^^^^^^^^^^^^^^^^^^^^^^
tests/test_model_plane_registry.py:2: in <module>
    from app.model_plane.registry import CanonicalModelRegistry
app/model_plane/registry.py:2: in <module>
    from app.model_plane.base import ModelRegistryBase
app/model_plane/base.py:3: in <module>
    from app.model_plane.models import (
app/model_plane/models.py:2: in <module>
    from pydantic import BaseModel, ConfigDict
E   ModuleNotFoundError: No module named 'pydantic'
______________ ERROR collecting tests/test_model_plane_replay.py _______________
ImportError while importing test module '/app/tests/test_model_plane_replay.py'.
Hint: make sure your test modules/packages have valid Python names.
Traceback:
/usr/lib/python3.12/importlib/__init__.py:90: in import_module
    return _bootstrap._gcd_import(name[level:], package, level)
           ^^^^^^^^^^^^^^^^^^^^^^^^^^^^^^^^^^^^^^^^^^^^^^^^^^^^
tests/test_model_plane_replay.py:2: in <module>
    from app.model_plane.replay import ReplayContext
app/model_plane/replay.py:2: in <module>
    from app.model_plane.models import InferenceManifest, ModelPlaneBaseModel
app/model_plane/models.py:2: in <module>
    from pydantic import BaseModel, ConfigDict
E   ModuleNotFoundError: No module named 'pydantic'
____________ ERROR collecting tests/test_model_plane_resolution.py _____________
ImportError while importing test module '/app/tests/test_model_plane_resolution.py'.
Hint: make sure your test modules/packages have valid Python names.
Traceback:
/usr/lib/python3.12/importlib/__init__.py:90: in import_module
    return _bootstrap._gcd_import(name[level:], package, level)
           ^^^^^^^^^^^^^^^^^^^^^^^^^^^^^^^^^^^^^^^^^^^^^^^^^^^^
tests/test_model_plane_resolution.py:2: in <module>
    from app.model_plane.resolution import ModelResolutionEngine, ModelResolutionReport
app/model_plane/resolution.py:2: in <module>
    from app.model_plane.models import InferenceManifest
app/model_plane/models.py:2: in <module>
    from pydantic import BaseModel, ConfigDict
E   ModuleNotFoundError: No module named 'pydantic'
______________ ERROR collecting tests/test_model_plane_runtime.py ______________
/home/jules/.local/share/pipx/venvs/pytest/lib/python3.12/site-packages/_pytest/python.py:507: in importtestmodule
    mod = import_path(
/home/jules/.local/share/pipx/venvs/pytest/lib/python3.12/site-packages/_pytest/pathlib.py:587: in import_path
    importlib.import_module(module_name)
/usr/lib/python3.12/importlib/__init__.py:90: in import_module
    return _bootstrap._gcd_import(name[level:], package, level)
           ^^^^^^^^^^^^^^^^^^^^^^^^^^^^^^^^^^^^^^^^^^^^^^^^^^^^
<frozen importlib._bootstrap>:1387: in _gcd_import
    ???
<frozen importlib._bootstrap>:1360: in _find_and_load
    ???
<frozen importlib._bootstrap>:1331: in _find_and_load_unlocked
    ???
<frozen importlib._bootstrap>:935: in _load_unlocked
    ???
/home/jules/.local/share/pipx/venvs/pytest/lib/python3.12/site-packages/_pytest/assertion/rewrite.py:197: in exec_module
    exec(co, module.__dict__)
tests/test_model_plane_runtime.py:2: in <module>
    from app.model_plane.runtime import RuntimeModelContext, RuntimeInferenceSnapshot
E     File "/app/app/model_plane/runtime.py", line 7
E       return True\n
E                   ^
E   SyntaxError: unexpected character after line continuation character
______________ ERROR collecting tests/test_model_plane_schemas.py ______________
ImportError while importing test module '/app/tests/test_model_plane_schemas.py'.
Hint: make sure your test modules/packages have valid Python names.
Traceback:
/usr/lib/python3.12/importlib/__init__.py:90: in import_module
    return _bootstrap._gcd_import(name[level:], package, level)
           ^^^^^^^^^^^^^^^^^^^^^^^^^^^^^^^^^^^^^^^^^^^^^^^^^^^^
tests/test_model_plane_schemas.py:2: in <module>
    from app.model_plane.schemas import ModelSchemaRegistry
app/model_plane/schemas.py:2: in <module>
    from app.model_plane.models import ModelSchema, OutputSchema, ModelSchemaVersion
app/model_plane/models.py:2: in <module>
    from pydantic import BaseModel, ConfigDict
E   ModuleNotFoundError: No module named 'pydantic'
_______________ ERROR collecting tests/test_model_plane_skew.py ________________
ImportError while importing test module '/app/tests/test_model_plane_skew.py'.
Hint: make sure your test modules/packages have valid Python names.
Traceback:
/usr/lib/python3.12/importlib/__init__.py:90: in import_module
    return _bootstrap._gcd_import(name[level:], package, level)
           ^^^^^^^^^^^^^^^^^^^^^^^^^^^^^^^^^^^^^^^^^^^^^^^^^^^^
tests/test_model_plane_skew.py:2: in <module>
    from app.model_plane.skew import ServingSkewEvaluator
app/model_plane/skew.py:4: in <module>
    from app.model_plane.models import ServingSkewReport
app/model_plane/models.py:2: in <module>
    from pydantic import BaseModel, ConfigDict
E   ModuleNotFoundError: No module named 'pydantic'
______________ ERROR collecting tests/test_model_plane_storage.py ______________
ImportError while importing test module '/app/tests/test_model_plane_storage.py'.
Hint: make sure your test modules/packages have valid Python names.
Traceback:
/usr/lib/python3.12/importlib/__init__.py:90: in import_module
    return _bootstrap._gcd_import(name[level:], package, level)
           ^^^^^^^^^^^^^^^^^^^^^^^^^^^^^^^^^^^^^^^^^^^^^^^^^^^^
tests/test_model_plane_storage.py:5: in <module>
    from app.model_plane.storage import ModelPlaneStorage
app/model_plane/storage.py:5: in <module>
    from pydantic import BaseModel
E   ModuleNotFoundError: No module named 'pydantic'
____________ ERROR collecting tests/test_model_plane_thresholds.py _____________
ImportError while importing test module '/app/tests/test_model_plane_thresholds.py'.
Hint: make sure your test modules/packages have valid Python names.
Traceback:
/usr/lib/python3.12/importlib/__init__.py:90: in import_module
    return _bootstrap._gcd_import(name[level:], package, level)
           ^^^^^^^^^^^^^^^^^^^^^^^^^^^^^^^^^^^^^^^^^^^^^^^^^^^^
tests/test_model_plane_thresholds.py:2: in <module>
    from app.model_plane.thresholds import ThresholdPolicyRegistry
app/model_plane/thresholds.py:2: in <module>
    from app.model_plane.models import ThresholdPolicy
app/model_plane/models.py:2: in <module>
    from pydantic import BaseModel, ConfigDict
E   ModuleNotFoundError: No module named 'pydantic'
_______________ ERROR collecting tests/test_model_plane_trust.py _______________
ImportError while importing test module '/app/tests/test_model_plane_trust.py'.
Hint: make sure your test modules/packages have valid Python names.
Traceback:
/usr/lib/python3.12/importlib/__init__.py:90: in import_module
    return _bootstrap._gcd_import(name[level:], package, level)
           ^^^^^^^^^^^^^^^^^^^^^^^^^^^^^^^^^^^^^^^^^^^^^^^^^^^^
tests/test_model_plane_trust.py:2: in <module>
    from app.model_plane.trust import TrustedSignalVerdictEngine
E   ImportError: cannot import name 'TrustedSignalVerdictEngine' from 'app.model_plane.trust' (/app/app/model_plane/trust.py)
____________ ERROR collecting tests/test_model_plane_uncertainty.py ____________
ImportError while importing test module '/app/tests/test_model_plane_uncertainty.py'.
Hint: make sure your test modules/packages have valid Python names.
Traceback:
/usr/lib/python3.12/importlib/__init__.py:90: in import_module
    return _bootstrap._gcd_import(name[level:], package, level)
           ^^^^^^^^^^^^^^^^^^^^^^^^^^^^^^^^^^^^^^^^^^^^^^^^^^^^
tests/test_model_plane_uncertainty.py:3: in <module>
    from app.model_plane.uncertainty import UncertaintyManager
app/model_plane/uncertainty.py:2: in <module>
    from app.model_plane.models import UncertaintyRecord
app/model_plane/models.py:2: in <module>
    from pydantic import BaseModel, ConfigDict
E   ModuleNotFoundError: No module named 'pydantic'
_________________ ERROR collecting tests/test_mtf_alignment.py _________________
ImportError while importing test module '/app/tests/test_mtf_alignment.py'.
Hint: make sure your test modules/packages have valid Python names.
Traceback:
/usr/lib/python3.12/importlib/__init__.py:90: in import_module
    return _bootstrap._gcd_import(name[level:], package, level)
           ^^^^^^^^^^^^^^^^^^^^^^^^^^^^^^^^^^^^^^^^^^^^^^^^^^^^
tests/test_mtf_alignment.py:2: in <module>
    import pandas as pd
E   ModuleNotFoundError: No module named 'pandas'
__________________ ERROR collecting tests/test_mtf_context.py __________________
ImportError while importing test module '/app/tests/test_mtf_context.py'.
Hint: make sure your test modules/packages have valid Python names.
Traceback:
/usr/lib/python3.12/importlib/__init__.py:90: in import_module
    return _bootstrap._gcd_import(name[level:], package, level)
           ^^^^^^^^^^^^^^^^^^^^^^^^^^^^^^^^^^^^^^^^^^^^^^^^^^^^
tests/test_mtf_context.py:2: in <module>
    from app.research.regime.mtf_context import build_mtf_context
app/research/regime/__init__.py:1: in <module>
    from app.research.regime.registry import regime_registry
app/research/regime/registry.py:2: in <module>
    from app.research.regime.base import BaseRegimeEvaluator
app/research/regime/base.py:4: in <module>
    from app.research.regime.models import RegimeEvaluationResult, RegimeFeatureBundle
app/research/regime/models.py:1: in <module>
    from pydantic import BaseModel, Field
E   ModuleNotFoundError: No module named 'pydantic'
___________ ERROR collecting tests/test_normalization_plane_trust.py ___________
ImportError while importing test module '/app/tests/test_normalization_plane_trust.py'.
Hint: make sure your test modules/packages have valid Python names.
Traceback:
/usr/lib/python3.12/importlib/__init__.py:90: in import_module
    return _bootstrap._gcd_import(name[level:], package, level)
           ^^^^^^^^^^^^^^^^^^^^^^^^^^^^^^^^^^^^^^^^^^^^^^^^^^^^
tests/test_normalization_plane_trust.py:2: in <module>
    from app.normalization_plane.trust import TrustVerdictEngine
app/normalization_plane/trust.py:1: in <module>
    from app.normalization_plane.models import NormalizationRecord, NormalizationTrustReport, NormalizationTrustVerdict
app/normalization_plane/models.py:3: in <module>
    from pydantic import BaseModel, Field
E   ModuleNotFoundError: No module named 'pydantic'
_____________ ERROR collecting tests/test_observability_alerts.py ______________
ImportError while importing test module '/app/tests/test_observability_alerts.py'.
Hint: make sure your test modules/packages have valid Python names.
Traceback:
/usr/lib/python3.12/importlib/__init__.py:90: in import_module
    return _bootstrap._gcd_import(name[level:], package, level)
           ^^^^^^^^^^^^^^^^^^^^^^^^^^^^^^^^^^^^^^^^^^^^^^^^^^^^
tests/test_observability_alerts.py:2: in <module>
    from app.observability.alerts import AlertEngine
E   ImportError: cannot import name 'AlertEngine' from 'app.observability.alerts' (/app/app/observability/alerts.py)
___________ ERROR collecting tests/test_observability_correlation.py ___________
ImportError while importing test module '/app/tests/test_observability_correlation.py'.
Hint: make sure your test modules/packages have valid Python names.
Traceback:
/usr/lib/python3.12/importlib/__init__.py:90: in import_module
    return _bootstrap._gcd_import(name[level:], package, level)
           ^^^^^^^^^^^^^^^^^^^^^^^^^^^^^^^^^^^^^^^^^^^^^^^^^^^^
tests/test_observability_correlation.py:2: in <module>
    from app.observability.correlation import AlertCorrelator
app/observability/correlation.py:4: in <module>
    from app.observability.models import AlertEvent, AlertCorrelationGroup
app/observability/models.py:4: in <module>
    from pydantic import BaseModel, Field
E   ModuleNotFoundError: No module named 'pydantic'
_____________ ERROR collecting tests/test_observability_digests.py _____________
ImportError while importing test module '/app/tests/test_observability_digests.py'.
Hint: make sure your test modules/packages have valid Python names.
Traceback:
/usr/lib/python3.12/importlib/__init__.py:90: in import_module
    return _bootstrap._gcd_import(name[level:], package, level)
           ^^^^^^^^^^^^^^^^^^^^^^^^^^^^^^^^^^^^^^^^^^^^^^^^^^^^
tests/test_observability_digests.py:2: in <module>
    from app.observability.digests import DigestBuilder
app/observability/digests.py:3: in <module>
    from app.observability.models import TelemetryDigest, AlertEvent, SloEvaluation
app/observability/models.py:4: in <module>
    from pydantic import BaseModel, Field
E   ModuleNotFoundError: No module named 'pydantic'
___________ ERROR collecting tests/test_observability_enrichment.py ____________
ImportError while importing test module '/app/tests/test_observability_enrichment.py'.
Hint: make sure your test modules/packages have valid Python names.
Traceback:
/usr/lib/python3.12/importlib/__init__.py:90: in import_module
    return _bootstrap._gcd_import(name[level:], package, level)
           ^^^^^^^^^^^^^^^^^^^^^^^^^^^^^^^^^^^^^^^^^^^^^^^^^^^^
tests/test_observability_enrichment.py:2: in <module>
    from app.observability.enrichment import IncidentEnricher
app/observability/enrichment.py:2: in <module>
    from app.observability.models import AlertEvent, EnrichedIncidentHint, RunbookRef
app/observability/models.py:4: in <module>
    from pydantic import BaseModel, Field
E   ModuleNotFoundError: No module named 'pydantic'
_____________ ERROR collecting tests/test_observability_health.py ______________
ImportError while importing test module '/app/tests/test_observability_health.py'.
Hint: make sure your test modules/packages have valid Python names.
Traceback:
/usr/lib/python3.12/importlib/__init__.py:90: in import_module
    return _bootstrap._gcd_import(name[level:], package, level)
           ^^^^^^^^^^^^^^^^^^^^^^^^^^^^^^^^^^^^^^^^^^^^^^^^^^^^
tests/test_observability_health.py:2: in <module>
    from app.observability.health import HealthAggregator
app/observability/health.py:3: in <module>
    from app.observability.models import (
app/observability/models.py:4: in <module>
    from pydantic import BaseModel, Field
E   ModuleNotFoundError: No module named 'pydantic'
_____________ ERROR collecting tests/test_observability_metrics.py _____________
ImportError while importing test module '/app/tests/test_observability_metrics.py'.
Hint: make sure your test modules/packages have valid Python names.
Traceback:
/usr/lib/python3.12/importlib/__init__.py:90: in import_module
    return _bootstrap._gcd_import(name[level:], package, level)
           ^^^^^^^^^^^^^^^^^^^^^^^^^^^^^^^^^^^^^^^^^^^^^^^^^^^^
tests/test_observability_metrics.py:2: in <module>
    from app.observability.metrics import MetricRegistry
E   ImportError: cannot import name 'MetricRegistry' from 'app.observability.metrics' (/app/app/observability/metrics.py)
_________ ERROR collecting tests/test_observability_plane_anomalies.py _________
ImportError while importing test module '/app/tests/test_observability_plane_anomalies.py'.
Hint: make sure your test modules/packages have valid Python names.
Traceback:
/usr/lib/python3.12/importlib/__init__.py:90: in import_module
    return _bootstrap._gcd_import(name[level:], package, level)
           ^^^^^^^^^^^^^^^^^^^^^^^^^^^^^^^^^^^^^^^^^^^^^^^^^^^^
tests/test_observability_plane_anomalies.py:2: in <module>
    from app.observability_plane.anomalies import AnomalyDetectorRegistry
app/observability_plane/anomalies.py:2: in <module>
    from .models import TelemetryAnomalyFinding
app/observability_plane/models.py:1: in <module>
    from pydantic import BaseModel, Field
E   ModuleNotFoundError: No module named 'pydantic'
________ ERROR collecting tests/test_observability_plane_cardinality.py ________
ImportError while importing test module '/app/tests/test_observability_plane_cardinality.py'.
Hint: make sure your test modules/packages have valid Python names.
Traceback:
/usr/lib/python3.12/importlib/__init__.py:90: in import_module
    return _bootstrap._gcd_import(name[level:], package, level)
           ^^^^^^^^^^^^^^^^^^^^^^^^^^^^^^^^^^^^^^^^^^^^^^^^^^^^
tests/test_observability_plane_cardinality.py:2: in <module>
    from app.observability_plane.cardinality import CardinalityTracker
app/observability_plane/cardinality.py:2: in <module>
    from .models import CardinalityCostRecord
app/observability_plane/models.py:1: in <module>
    from pydantic import BaseModel, Field
E   ModuleNotFoundError: No module named 'pydantic'
__________ ERROR collecting tests/test_observability_plane_clocks.py ___________
ImportError while importing test module '/app/tests/test_observability_plane_clocks.py'.
Hint: make sure your test modules/packages have valid Python names.
Traceback:
/usr/lib/python3.12/importlib/__init__.py:90: in import_module
    return _bootstrap._gcd_import(name[level:], package, level)
           ^^^^^^^^^^^^^^^^^^^^^^^^^^^^^^^^^^^^^^^^^^^^^^^^^^^^
tests/test_observability_plane_clocks.py:2: in <module>
    from app.observability_plane.clocks import ClockSemanticsRegistry
app/observability_plane/clocks.py:2: in <module>
    from .models import ClockSemanticRecord
app/observability_plane/models.py:1: in <module>
    from pydantic import BaseModel, Field
E   ModuleNotFoundError: No module named 'pydantic'
________ ERROR collecting tests/test_observability_plane_correlation.py ________
ImportError while importing test module '/app/tests/test_observability_plane_correlation.py'.
Hint: make sure your test modules/packages have valid Python names.
Traceback:
/usr/lib/python3.12/importlib/__init__.py:90: in import_module
    return _bootstrap._gcd_import(name[level:], package, level)
           ^^^^^^^^^^^^^^^^^^^^^^^^^^^^^^^^^^^^^^^^^^^^^^^^^^^^
tests/test_observability_plane_correlation.py:2: in <module>
    from app.observability_plane.correlation import CorrelationEngine
app/observability_plane/correlation.py:2: in <module>
    from .models import TelemetryCorrelationReport
app/observability_plane/models.py:1: in <module>
    from pydantic import BaseModel, Field
E   ModuleNotFoundError: No module named 'pydantic'
________ ERROR collecting tests/test_observability_plane_diagnostics.py ________
ImportError while importing test module '/app/tests/test_observability_plane_diagnostics.py'.
Hint: make sure your test modules/packages have valid Python names.
Traceback:
/usr/lib/python3.12/importlib/__init__.py:90: in import_module
    return _bootstrap._gcd_import(name[level:], package, level)
           ^^^^^^^^^^^^^^^^^^^^^^^^^^^^^^^^^^^^^^^^^^^^^^^^^^^^
tests/test_observability_plane_diagnostics.py:2: in <module>
    from app.observability_plane.diagnostics import DiagnosticSignalBuilder
E   ImportError: cannot import name 'DiagnosticSignalBuilder' from 'app.observability_plane.diagnostics' (/app/app/observability_plane/diagnostics.py)
________ ERROR collecting tests/test_observability_plane_dimensions.py _________
ImportError while importing test module '/app/tests/test_observability_plane_dimensions.py'.
Hint: make sure your test modules/packages have valid Python names.
Traceback:
/usr/lib/python3.12/importlib/__init__.py:90: in import_module
    return _bootstrap._gcd_import(name[level:], package, level)
           ^^^^^^^^^^^^^^^^^^^^^^^^^^^^^^^^^^^^^^^^^^^^^^^^^^^^
tests/test_observability_plane_dimensions.py:2: in <module>
    from app.observability_plane.dimensions import DimensionRegistry
app/observability_plane/dimensions.py:2: in <module>
    from .models import DimensionDefinition
app/observability_plane/models.py:1: in <module>
    from pydantic import BaseModel, Field
E   ModuleNotFoundError: No module named 'pydantic'
________ ERROR collecting tests/test_observability_plane_divergence.py _________
ImportError while importing test module '/app/tests/test_observability_plane_divergence.py'.
Hint: make sure your test modules/packages have valid Python names.
Traceback:
/usr/lib/python3.12/importlib/__init__.py:90: in import_module
    return _bootstrap._gcd_import(name[level:], package, level)
           ^^^^^^^^^^^^^^^^^^^^^^^^^^^^^^^^^^^^^^^^^^^^^^^^^^^^
tests/test_observability_plane_divergence.py:2: in <module>
    from app.observability_plane.divergence import DivergenceAnalyzer
app/observability_plane/divergence.py:2: in <module>
    from .models import ObservabilityDivergenceReport
app/observability_plane/models.py:1: in <module>
    from pydantic import BaseModel, Field
E   ModuleNotFoundError: No module named 'pydantic'
________ ERROR collecting tests/test_observability_plane_equivalence.py ________
ImportError while importing test module '/app/tests/test_observability_plane_equivalence.py'.
Hint: make sure your test modules/packages have valid Python names.
Traceback:
/usr/lib/python3.12/importlib/__init__.py:90: in import_module
    return _bootstrap._gcd_import(name[level:], package, level)
           ^^^^^^^^^^^^^^^^^^^^^^^^^^^^^^^^^^^^^^^^^^^^^^^^^^^^
tests/test_observability_plane_equivalence.py:2: in <module>
    from app.observability_plane.equivalence import EquivalenceAnalyzer
app/observability_plane/equivalence.py:2: in <module>
    from .models import ObservabilityEquivalenceReport
app/observability_plane/models.py:1: in <module>
    from pydantic import BaseModel, Field
E   ModuleNotFoundError: No module named 'pydantic'
__________ ERROR collecting tests/test_observability_plane_events.py ___________
ImportError while importing test module '/app/tests/test_observability_plane_events.py'.
Hint: make sure your test modules/packages have valid Python names.
Traceback:
/usr/lib/python3.12/importlib/__init__.py:90: in import_module
    return _bootstrap._gcd_import(name[level:], package, level)
           ^^^^^^^^^^^^^^^^^^^^^^^^^^^^^^^^^^^^^^^^^^^^^^^^^^^^
tests/test_observability_plane_events.py:2: in <module>
    from app.observability_plane.events import EventRegistry
E   ImportError: cannot import name 'EventRegistry' from 'app.observability_plane.events' (/app/app/observability_plane/events.py)
___________ ERROR collecting tests/test_observability_plane_gaps.py ____________
ImportError while importing test module '/app/tests/test_observability_plane_gaps.py'.
Hint: make sure your test modules/packages have valid Python names.
Traceback:
/usr/lib/python3.12/importlib/__init__.py:90: in import_module
    return _bootstrap._gcd_import(name[level:], package, level)
           ^^^^^^^^^^^^^^^^^^^^^^^^^^^^^^^^^^^^^^^^^^^^^^^^^^^^
tests/test_observability_plane_gaps.py:2: in <module>
    from app.observability_plane.gaps import GapDetectorRegistry
app/observability_plane/gaps.py:2: in <module>
    from .models import TelemetryGapFinding
app/observability_plane/models.py:1: in <module>
    from pydantic import BaseModel, Field
E   ModuleNotFoundError: No module named 'pydantic'
_________ ERROR collecting tests/test_observability_plane_ingestion.py _________
ImportError while importing test module '/app/tests/test_observability_plane_ingestion.py'.
Hint: make sure your test modules/packages have valid Python names.
Traceback:
/usr/lib/python3.12/importlib/__init__.py:90: in import_module
    return _bootstrap._gcd_import(name[level:], package, level)
           ^^^^^^^^^^^^^^^^^^^^^^^^^^^^^^^^^^^^^^^^^^^^^^^^^^^^
tests/test_observability_plane_ingestion.py:2: in <module>
    from app.observability_plane.ingestion import IngestionRegistry
app/observability_plane/ingestion.py:2: in <module>
    from .models import TelemetryIngestionRecord
app/observability_plane/models.py:1: in <module>
    from pydantic import BaseModel, Field
E   ModuleNotFoundError: No module named 'pydantic'
___________ ERROR collecting tests/test_observability_plane_logs.py ____________
ImportError while importing test module '/app/tests/test_observability_plane_logs.py'.
Hint: make sure your test modules/packages have valid Python names.
Traceback:
/usr/lib/python3.12/importlib/__init__.py:90: in import_module
    return _bootstrap._gcd_import(name[level:], package, level)
           ^^^^^^^^^^^^^^^^^^^^^^^^^^^^^^^^^^^^^^^^^^^^^^^^^^^^
tests/test_observability_plane_logs.py:2: in <module>
    from app.observability_plane.logs import LogSchemaRegistry
app/observability_plane/logs.py:2: in <module>
    from .models import LogSchema
app/observability_plane/models.py:1: in <module>
    from pydantic import BaseModel, Field
E   ModuleNotFoundError: No module named 'pydantic'
_________ ERROR collecting tests/test_observability_plane_manifests.py _________
ImportError while importing test module '/app/tests/test_observability_plane_manifests.py'.
Hint: make sure your test modules/packages have valid Python names.
Traceback:
/usr/lib/python3.12/importlib/__init__.py:90: in import_module
    return _bootstrap._gcd_import(name[level:], package, level)
           ^^^^^^^^^^^^^^^^^^^^^^^^^^^^^^^^^^^^^^^^^^^^^^^^^^^^
tests/test_observability_plane_manifests.py:2: in <module>
    from app.observability_plane.manifests import ManifestBuilder
app/observability_plane/manifests.py:2: in <module>
    from .models import ObservabilityArtifactManifest
app/observability_plane/models.py:1: in <module>
    from pydantic import BaseModel, Field
E   ModuleNotFoundError: No module named 'pydantic'
__________ ERROR collecting tests/test_observability_plane_metrics.py __________
ImportError while importing test module '/app/tests/test_observability_plane_metrics.py'.
Hint: make sure your test modules/packages have valid Python names.
Traceback:
/usr/lib/python3.12/importlib/__init__.py:90: in import_module
    return _bootstrap._gcd_import(name[level:], package, level)
           ^^^^^^^^^^^^^^^^^^^^^^^^^^^^^^^^^^^^^^^^^^^^^^^^^^^^
tests/test_observability_plane_metrics.py:2: in <module>
    from app.observability_plane.metrics import MetricRegistry
app/observability_plane/metrics.py:2: in <module>
    from .models import MetricDefinition
app/observability_plane/models.py:1: in <module>
    from pydantic import BaseModel, Field
E   ModuleNotFoundError: No module named 'pydantic'
_______ ERROR collecting tests/test_observability_plane_normalization.py _______
ImportError while importing test module '/app/tests/test_observability_plane_normalization.py'.
Hint: make sure your test modules/packages have valid Python names.
Traceback:
/usr/lib/python3.12/importlib/__init__.py:90: in import_module
    return _bootstrap._gcd_import(name[level:], package, level)
           ^^^^^^^^^^^^^^^^^^^^^^^^^^^^^^^^^^^^^^^^^^^^^^^^^^^^
tests/test_observability_plane_normalization.py:2: in <module>
    from app.observability_plane.normalization import NormalizationRegistry
app/observability_plane/normalization.py:2: in <module>
    from .models import TelemetryNormalizationRecord
app/observability_plane/models.py:1: in <module>
    from pydantic import BaseModel, Field
E   ModuleNotFoundError: No module named 'pydantic'
_________ ERROR collecting tests/test_observability_plane_registry.py __________
ImportError while importing test module '/app/tests/test_observability_plane_registry.py'.
Hint: make sure your test modules/packages have valid Python names.
Traceback:
/usr/lib/python3.12/importlib/__init__.py:90: in import_module
    return _bootstrap._gcd_import(name[level:], package, level)
           ^^^^^^^^^^^^^^^^^^^^^^^^^^^^^^^^^^^^^^^^^^^^^^^^^^^^
tests/test_observability_plane_registry.py:2: in <module>
    from app.observability_plane.registry import CanonicalTelemetryRegistry
app/observability_plane/registry.py:2: in <module>
    from .models import TelemetryDefinition
app/observability_plane/models.py:1: in <module>
    from pydantic import BaseModel, Field
E   ModuleNotFoundError: No module named 'pydantic'
_________ ERROR collecting tests/test_observability_plane_retention.py _________
ImportError while importing test module '/app/tests/test_observability_plane_retention.py'.
Hint: make sure your test modules/packages have valid Python names.
Traceback:
/usr/lib/python3.12/importlib/__init__.py:90: in import_module
    return _bootstrap._gcd_import(name[level:], package, level)
           ^^^^^^^^^^^^^^^^^^^^^^^^^^^^^^^^^^^^^^^^^^^^^^^^^^^^
tests/test_observability_plane_retention.py:2: in <module>
    from app.observability_plane.retention import RetentionRegistry
app/observability_plane/retention.py:2: in <module>
    from .models import RetentionRecord
app/observability_plane/models.py:1: in <module>
    from pydantic import BaseModel, Field
E   ModuleNotFoundError: No module named 'pydantic'
__________ ERROR collecting tests/test_observability_plane_runtime.py __________
ImportError while importing test module '/app/tests/test_observability_plane_runtime.py'.
Hint: make sure your test modules/packages have valid Python names.
Traceback:
/usr/lib/python3.12/importlib/__init__.py:90: in import_module
    return _bootstrap._gcd_import(name[level:], package, level)
           ^^^^^^^^^^^^^^^^^^^^^^^^^^^^^^^^^^^^^^^^^^^^^^^^^^^^
tests/test_observability_plane_runtime.py:2: in <module>
    from app.observability_plane.runtime import RuntimeTelemetryTracker
app/observability_plane/runtime.py:2: in <module>
    from .models import ObservabilityAuditRecord
app/observability_plane/models.py:1: in <module>
    from pydantic import BaseModel, Field
E   ModuleNotFoundError: No module named 'pydantic'
_________ ERROR collecting tests/test_observability_plane_sampling.py __________
ImportError while importing test module '/app/tests/test_observability_plane_sampling.py'.
Hint: make sure your test modules/packages have valid Python names.
Traceback:
/usr/lib/python3.12/importlib/__init__.py:90: in import_module
    return _bootstrap._gcd_import(name[level:], package, level)
           ^^^^^^^^^^^^^^^^^^^^^^^^^^^^^^^^^^^^^^^^^^^^^^^^^^^^
tests/test_observability_plane_sampling.py:2: in <module>
    from app.observability_plane.sampling import SamplingRegistry
app/observability_plane/sampling.py:2: in <module>
    from .models import SamplingRecord
app/observability_plane/models.py:1: in <module>
    from pydantic import BaseModel, Field
E   ModuleNotFoundError: No module named 'pydantic'
___________ ERROR collecting tests/test_observability_plane_slis.py ____________
ImportError while importing test module '/app/tests/test_observability_plane_slis.py'.
Hint: make sure your test modules/packages have valid Python names.
Traceback:
/usr/lib/python3.12/importlib/__init__.py:90: in import_module
    return _bootstrap._gcd_import(name[level:], package, level)
           ^^^^^^^^^^^^^^^^^^^^^^^^^^^^^^^^^^^^^^^^^^^^^^^^^^^^
tests/test_observability_plane_slis.py:2: in <module>
    from app.observability_plane.slis import SliSupportRegistry
app/observability_plane/slis.py:2: in <module>
    from .models import SliSupportRecord
app/observability_plane/models.py:1: in <module>
    from pydantic import BaseModel, Field
E   ModuleNotFoundError: No module named 'pydantic'
__________ ERROR collecting tests/test_observability_plane_storage.py __________
ImportError while importing test module '/app/tests/test_observability_plane_storage.py'.
Hint: make sure your test modules/packages have valid Python names.
Traceback:
/usr/lib/python3.12/importlib/__init__.py:90: in import_module
    return _bootstrap._gcd_import(name[level:], package, level)
           ^^^^^^^^^^^^^^^^^^^^^^^^^^^^^^^^^^^^^^^^^^^^^^^^^^^^
tests/test_observability_plane_storage.py:4: in <module>
    from app.observability_plane.models import ObservabilityArtifactManifest, ObservabilityTrustVerdict
app/observability_plane/models.py:1: in <module>
    from pydantic import BaseModel, Field
E   ModuleNotFoundError: No module named 'pydantic'
___________ ERROR collecting tests/test_observability_plane_tags.py ____________
ImportError while importing test module '/app/tests/test_observability_plane_tags.py'.
Hint: make sure your test modules/packages have valid Python names.
Traceback:
/usr/lib/python3.12/importlib/__init__.py:90: in import_module
    return _bootstrap._gcd_import(name[level:], package, level)
           ^^^^^^^^^^^^^^^^^^^^^^^^^^^^^^^^^^^^^^^^^^^^^^^^^^^^
tests/test_observability_plane_tags.py:2: in <module>
    from app.observability_plane.tags import TagRegistry
app/observability_plane/tags.py:2: in <module>
    from .models import TagDefinition
app/observability_plane/models.py:1: in <module>
    from pydantic import BaseModel, Field
E   ModuleNotFoundError: No module named 'pydantic'
__________ ERROR collecting tests/test_observability_plane_traces.py ___________
ImportError while importing test module '/app/tests/test_observability_plane_traces.py'.
Hint: make sure your test modules/packages have valid Python names.
Traceback:
/usr/lib/python3.12/importlib/__init__.py:90: in import_module
    return _bootstrap._gcd_import(name[level:], package, level)
           ^^^^^^^^^^^^^^^^^^^^^^^^^^^^^^^^^^^^^^^^^^^^^^^^^^^^
tests/test_observability_plane_traces.py:2: in <module>
    from app.observability_plane.traces import TraceRegistry
app/observability_plane/traces.py:2: in <module>
    from .models import TraceDefinition
app/observability_plane/models.py:1: in <module>
    from pydantic import BaseModel, Field
E   ModuleNotFoundError: No module named 'pydantic'
___________ ERROR collecting tests/test_observability_plane_trust.py ___________
ImportError while importing test module '/app/tests/test_observability_plane_trust.py'.
Hint: make sure your test modules/packages have valid Python names.
Traceback:
/usr/lib/python3.12/importlib/__init__.py:90: in import_module
    return _bootstrap._gcd_import(name[level:], package, level)
           ^^^^^^^^^^^^^^^^^^^^^^^^^^^^^^^^^^^^^^^^^^^^^^^^^^^^
tests/test_observability_plane_trust.py:2: in <module>
    from app.observability_plane.trust import TrustVerdictEngine
app/observability_plane/trust.py:2: in <module>
    from .models import ObservabilityTrustVerdict
app/observability_plane/models.py:1: in <module>
    from pydantic import BaseModel, Field
E   ModuleNotFoundError: No module named 'pydantic'
_______________ ERROR collecting tests/test_observability_slo.py _______________
ImportError while importing test module '/app/tests/test_observability_slo.py'.
Hint: make sure your test modules/packages have valid Python names.
Traceback:
/usr/lib/python3.12/importlib/__init__.py:90: in import_module
    return _bootstrap._gcd_import(name[level:], package, level)
           ^^^^^^^^^^^^^^^^^^^^^^^^^^^^^^^^^^^^^^^^^^^^^^^^^^^^
tests/test_observability_slo.py:2: in <module>
    from app.observability.slo import SloEngine
app/observability/slo.py:3: in <module>
    from app.observability.models import (
app/observability/models.py:4: in <module>
    from pydantic import BaseModel, Field
E   ModuleNotFoundError: No module named 'pydantic'
_____________ ERROR collecting tests/test_observability_storage.py _____________
ImportError while importing test module '/app/tests/test_observability_storage.py'.
Hint: make sure your test modules/packages have valid Python names.
Traceback:
/usr/lib/python3.12/importlib/__init__.py:90: in import_module
    return _bootstrap._gcd_import(name[level:], package, level)
           ^^^^^^^^^^^^^^^^^^^^^^^^^^^^^^^^^^^^^^^^^^^^^^^^^^^^
tests/test_observability_storage.py:5: in <module>
    from app.observability.storage import ObservabilityStorage
app/observability/storage.py:6: in <module>
    from app.observability.models import (
app/observability/models.py:4: in <module>
    from pydantic import BaseModel, Field
E   ModuleNotFoundError: No module named 'pydantic'
___________ ERROR collecting tests/test_observability_suppression.py ___________
ImportError while importing test module '/app/tests/test_observability_suppression.py'.
Hint: make sure your test modules/packages have valid Python names.
Traceback:
/usr/lib/python3.12/importlib/__init__.py:90: in import_module
    return _bootstrap._gcd_import(name[level:], package, level)
           ^^^^^^^^^^^^^^^^^^^^^^^^^^^^^^^^^^^^^^^^^^^^^^^^^^^^
tests/test_observability_suppression.py:2: in <module>
    from app.observability.suppression import SuppressionEngine
app/observability/suppression.py:3: in <module>
    from app.observability.models import AlertSuppressionState, AlertEvent
app/observability/models.py:4: in <module>
    from pydantic import BaseModel, Field
E   ModuleNotFoundError: No module named 'pydantic'
____________ ERROR collecting tests/test_observability_telemetry.py ____________
ImportError while importing test module '/app/tests/test_observability_telemetry.py'.
Hint: make sure your test modules/packages have valid Python names.
Traceback:
/usr/lib/python3.12/importlib/__init__.py:90: in import_module
    return _bootstrap._gcd_import(name[level:], package, level)
           ^^^^^^^^^^^^^^^^^^^^^^^^^^^^^^^^^^^^^^^^^^^^^^^^^^^^
tests/test_observability_telemetry.py:2: in <module>
    from app.observability.telemetry import TelemetryIngester
app/observability/telemetry.py:3: in <module>
    from app.observability.models import TelemetryEvent
app/observability/models.py:4: in <module>
    from pydantic import BaseModel, Field
E   ModuleNotFoundError: No module named 'pydantic'
_____________ ERROR collecting tests/test_operating_model_plane.py _____________
ImportError while importing test module '/app/tests/test_operating_model_plane.py'.
Hint: make sure your test modules/packages have valid Python names.
Traceback:
/usr/lib/python3.12/importlib/__init__.py:90: in import_module
    return _bootstrap._gcd_import(name[level:], package, level)
           ^^^^^^^^^^^^^^^^^^^^^^^^^^^^^^^^^^^^^^^^^^^^^^^^^^^^
tests/test_operating_model_plane.py:3: in <module>
    from app.operating_model_plane.registry import CanonicalOperatingModelRegistry
app/operating_model_plane/registry.py:2: in <module>
    from app.operating_model_plane.models import OperatingModelObject
app/operating_model_plane/models.py:1: in <module>
    from pydantic import BaseModel, Field
E   ModuleNotFoundError: No module named 'pydantic'
_______________ ERROR collecting tests/test_ops_go_live_gates.py _______________
ImportError while importing test module '/app/tests/test_ops_go_live_gates.py'.
Hint: make sure your test modules/packages have valid Python names.
Traceback:
/usr/lib/python3.12/importlib/__init__.py:90: in import_module
    return _bootstrap._gcd_import(name[level:], package, level)
           ^^^^^^^^^^^^^^^^^^^^^^^^^^^^^^^^^^^^^^^^^^^^^^^^^^^^
tests/test_ops_go_live_gates.py:1: in <module>
    from app.ops.go_live_gates import GoLiveGate
E   ImportError: cannot import name 'GoLiveGate' from 'app.ops.go_live_gates' (/app/app/ops/go_live_gates.py)
_________________ ERROR collecting tests/test_ops_readiness.py _________________
ImportError while importing test module '/app/tests/test_ops_readiness.py'.
Hint: make sure your test modules/packages have valid Python names.
Traceback:
/usr/lib/python3.12/importlib/__init__.py:90: in import_module
    return _bootstrap._gcd_import(name[level:], package, level)
           ^^^^^^^^^^^^^^^^^^^^^^^^^^^^^^^^^^^^^^^^^^^^^^^^^^^^
tests/test_ops_readiness.py:2: in <module>
    from app.ops.readiness import ReadinessChecker
E   ImportError: cannot import name 'ReadinessChecker' from 'app.ops.readiness' (/app/app/ops/readiness.py)
__________________ ERROR collecting tests/test_ops_storage.py __________________
ImportError while importing test module '/app/tests/test_ops_storage.py'.
Hint: make sure your test modules/packages have valid Python names.
Traceback:
/usr/lib/python3.12/importlib/__init__.py:90: in import_module
    return _bootstrap._gcd_import(name[level:], package, level)
           ^^^^^^^^^^^^^^^^^^^^^^^^^^^^^^^^^^^^^^^^^^^^^^^^^^^^
tests/test_ops_storage.py:2: in <module>
    from app.ops.repository import OpsRepository
app/ops/repository.py:2: in <module>
    from app.ops.models import (
app/ops/models.py:1: in <module>
    from pydantic import BaseModel, Field
E   ModuleNotFoundError: No module named 'pydantic'
________________ ERROR collecting tests/test_ops_supervisor.py _________________
ImportError while importing test module '/app/tests/test_ops_supervisor.py'.
Hint: make sure your test modules/packages have valid Python names.
Traceback:
/usr/lib/python3.12/importlib/__init__.py:90: in import_module
    return _bootstrap._gcd_import(name[level:], package, level)
           ^^^^^^^^^^^^^^^^^^^^^^^^^^^^^^^^^^^^^^^^^^^^^^^^^^^^
tests/test_ops_supervisor.py:2: in <module>
    from app.ops.supervisor import SessionSupervisor
app/ops/supervisor.py:3: in <module>
    from app.ops.models import OpsRun, SupervisorStatus, OpsAuditRecord
app/ops/models.py:1: in <module>
    from pydantic import BaseModel, Field
E   ModuleNotFoundError: No module named 'pydantic'
_______________ ERROR collecting tests/test_optimizer_engine.py ________________
ImportError while importing test module '/app/tests/test_optimizer_engine.py'.
Hint: make sure your test modules/packages have valid Python names.
Traceback:
/usr/lib/python3.12/importlib/__init__.py:90: in import_module
    return _bootstrap._gcd_import(name[level:], package, level)
           ^^^^^^^^^^^^^^^^^^^^^^^^^^^^^^^^^^^^^^^^^^^^^^^^^^^^
tests/test_optimizer_engine.py:3: in <module>
    from app.optimizer.engine import OptimizerEngine
app/optimizer/engine.py:4: in <module>
    from app.optimizer.base import BaseOptimizerEngine
app/optimizer/base.py:3: in <module>
    from app.optimizer.models import (
app/optimizer/models.py:1: in <module>
    from pydantic import BaseModel, Field, root_validator
E   ModuleNotFoundError: No module named 'pydantic'
_______________ ERROR collecting tests/test_optimizer_refresh.py _______________
ImportError while importing test module '/app/tests/test_optimizer_refresh.py'.
Hint: make sure your test modules/packages have valid Python names.
Traceback:
/usr/lib/python3.12/importlib/__init__.py:90: in import_module
    return _bootstrap._gcd_import(name[level:], package, level)
           ^^^^^^^^^^^^^^^^^^^^^^^^^^^^^^^^^^^^^^^^^^^^^^^^^^^^
tests/test_optimizer_refresh.py:1: in <module>
    from app.governance.optimizer_refresh import OptimizerRefreshOrchestrator
app/governance/optimizer_refresh.py:2: in <module>
    from app.governance.models import RefreshRun
app/governance/models.py:2: in <module>
    from pydantic import BaseModel, Field
E   ModuleNotFoundError: No module named 'pydantic'
_______________ ERROR collecting tests/test_optimizer_storage.py _______________
ImportError while importing test module '/app/tests/test_optimizer_storage.py'.
Hint: make sure your test modules/packages have valid Python names.
Traceback:
/usr/lib/python3.12/importlib/__init__.py:90: in import_module
    return _bootstrap._gcd_import(name[level:], package, level)
           ^^^^^^^^^^^^^^^^^^^^^^^^^^^^^^^^^^^^^^^^^^^^^^^^^^^^
tests/test_optimizer_storage.py:3: in <module>
    from app.optimizer.storage import OptimizerStorage
app/optimizer/storage.py:5: in <module>
    from app.optimizer.models import OptimizerRun, TrialArtifactManifest, TrialResult
app/optimizer/models.py:1: in <module>
    from pydantic import BaseModel, Field, root_validator
E   ModuleNotFoundError: No module named 'pydantic'
_____________ ERROR collecting tests/test_order_intent_multileg.py _____________
ImportError while importing test module '/app/tests/test_order_intent_multileg.py'.
Hint: make sure your test modules/packages have valid Python names.
Traceback:
/usr/lib/python3.12/importlib/__init__.py:90: in import_module
    return _bootstrap._gcd_import(name[level:], package, level)
           ^^^^^^^^^^^^^^^^^^^^^^^^^^^^^^^^^^^^^^^^^^^^^^^^^^^^
tests/test_order_intent_multileg.py:2: in <module>
    from app.order_intent.models import HighLevelIntent, IntentContext, AccountModeSnapshot
app/order_intent/__init__.py:2: in <module>
    from .models import (
app/order_intent/models.py:1: in <module>
    from pydantic import BaseModel, Field
E   ModuleNotFoundError: No module named 'pydantic'
___________ ERROR collecting tests/test_order_intent_reduce_only.py ____________
ImportError while importing test module '/app/tests/test_order_intent_reduce_only.py'.
Hint: make sure your test modules/packages have valid Python names.
Traceback:
/usr/lib/python3.12/importlib/__init__.py:90: in import_module
    return _bootstrap._gcd_import(name[level:], package, level)
           ^^^^^^^^^^^^^^^^^^^^^^^^^^^^^^^^^^^^^^^^^^^^^^^^^^^^
tests/test_order_intent_reduce_only.py:2: in <module>
    from app.order_intent.models import CompiledOrderLeg, IntentContext, AccountModeSnapshot
app/order_intent/__init__.py:2: in <module>
    from .models import (
app/order_intent/models.py:1: in <module>
    from pydantic import BaseModel, Field
E   ModuleNotFoundError: No module named 'pydantic'
____________ ERROR collecting tests/test_order_intent_semantics.py _____________
ImportError while importing test module '/app/tests/test_order_intent_semantics.py'.
Hint: make sure your test modules/packages have valid Python names.
Traceback:
/usr/lib/python3.12/importlib/__init__.py:90: in import_module
    return _bootstrap._gcd_import(name[level:], package, level)
           ^^^^^^^^^^^^^^^^^^^^^^^^^^^^^^^^^^^^^^^^^^^^^^^^^^^^
tests/test_order_intent_semantics.py:3: in <module>
    from app.order_intent.semantics import SemanticsResolver
app/order_intent/__init__.py:2: in <module>
    from .models import (
app/order_intent/models.py:1: in <module>
    from pydantic import BaseModel, Field
E   ModuleNotFoundError: No module named 'pydantic'
___________ ERROR collecting tests/test_order_lifecycle_attempts.py ____________
ImportError while importing test module '/app/tests/test_order_lifecycle_attempts.py'.
Hint: make sure your test modules/packages have valid Python names.
Traceback:
/usr/lib/python3.12/importlib/__init__.py:90: in import_module
    return _bootstrap._gcd_import(name[level:], package, level)
           ^^^^^^^^^^^^^^^^^^^^^^^^^^^^^^^^^^^^^^^^^^^^^^^^^^^^
tests/test_order_lifecycle_attempts.py:1: in <module>
    from app.order_lifecycle.attempts import AttemptManager
app/order_lifecycle/attempts.py:2: in <module>
    from app.order_lifecycle.models import (
app/order_lifecycle/models.py:1: in <module>
    from pydantic import BaseModel, Field
E   ModuleNotFoundError: No module named 'pydantic'
____________ ERROR collecting tests/test_order_lifecycle_cancel.py _____________
ImportError while importing test module '/app/tests/test_order_lifecycle_cancel.py'.
Hint: make sure your test modules/packages have valid Python names.
Traceback:
/usr/lib/python3.12/importlib/__init__.py:90: in import_module
    return _bootstrap._gcd_import(name[level:], package, level)
           ^^^^^^^^^^^^^^^^^^^^^^^^^^^^^^^^^^^^^^^^^^^^^^^^^^^^
tests/test_order_lifecycle_cancel.py:1: in <module>
    from app.order_lifecycle.cancel import CancelOrchestrator
app/order_lifecycle/cancel.py:1: in <module>
    from app.order_lifecycle.models import OrderAttempt, CancelRequest, CancelResult
app/order_lifecycle/models.py:1: in <module>
    from pydantic import BaseModel, Field
E   ModuleNotFoundError: No module named 'pydantic'
____________ ERROR collecting tests/test_order_lifecycle_events.py _____________
ImportError while importing test module '/app/tests/test_order_lifecycle_events.py'.
Hint: make sure your test modules/packages have valid Python names.
Traceback:
/usr/lib/python3.12/importlib/__init__.py:90: in import_module
    return _bootstrap._gcd_import(name[level:], package, level)
           ^^^^^^^^^^^^^^^^^^^^^^^^^^^^^^^^^^^^^^^^^^^^^^^^^^^^
tests/test_order_lifecycle_events.py:1: in <module>
    from app.order_lifecycle.events import VenueEventMapper
app/order_lifecycle/events.py:1: in <module>
    from app.order_lifecycle.models import VenueAck, VenueReject, PartialFill, FullFill
app/order_lifecycle/models.py:1: in <module>
    from pydantic import BaseModel, Field
E   ModuleNotFoundError: No module named 'pydantic'
_____________ ERROR collecting tests/test_order_lifecycle_fills.py _____________
ImportError while importing test module '/app/tests/test_order_lifecycle_fills.py'.
Hint: make sure your test modules/packages have valid Python names.
Traceback:
/usr/lib/python3.12/importlib/__init__.py:90: in import_module
    return _bootstrap._gcd_import(name[level:], package, level)
           ^^^^^^^^^^^^^^^^^^^^^^^^^^^^^^^^^^^^^^^^^^^^^^^^^^^^
tests/test_order_lifecycle_fills.py:1: in <module>
    from app.order_lifecycle.fills import FillProcessor
app/order_lifecycle/fills.py:1: in <module>
    from app.order_lifecycle.models import OrderAttempt, PartialFill, FullFill
app/order_lifecycle/models.py:1: in <module>
    from pydantic import BaseModel, Field
E   ModuleNotFoundError: No module named 'pydantic'
__________ ERROR collecting tests/test_order_lifecycle_idempotency.py __________
ImportError while importing test module '/app/tests/test_order_lifecycle_idempotency.py'.
Hint: make sure your test modules/packages have valid Python names.
Traceback:
/usr/lib/python3.12/importlib/__init__.py:90: in import_module
    return _bootstrap._gcd_import(name[level:], package, level)
           ^^^^^^^^^^^^^^^^^^^^^^^^^^^^^^^^^^^^^^^^^^^^^^^^^^^^
tests/test_order_lifecycle_idempotency.py:1: in <module>
    from app.order_lifecycle.idempotency import IdempotencyEngine
app/order_lifecycle/idempotency.py:1: in <module>
    from app.order_lifecycle.models import IdempotencyKey
app/order_lifecycle/models.py:1: in <module>
    from pydantic import BaseModel, Field
E   ModuleNotFoundError: No module named 'pydantic'
____________ ERROR collecting tests/test_order_lifecycle_orphans.py ____________
ImportError while importing test module '/app/tests/test_order_lifecycle_orphans.py'.
Hint: make sure your test modules/packages have valid Python names.
Traceback:
/usr/lib/python3.12/importlib/__init__.py:90: in import_module
    return _bootstrap._gcd_import(name[level:], package, level)
           ^^^^^^^^^^^^^^^^^^^^^^^^^^^^^^^^^^^^^^^^^^^^^^^^^^^^
tests/test_order_lifecycle_orphans.py:1: in <module>
    from app.order_lifecycle.orphans import OrphanManager
app/order_lifecycle/orphans.py:1: in <module>
    from app.order_lifecycle.models import OrphanOrderRecord, DeadLetterEvent
app/order_lifecycle/models.py:1: in <module>
    from pydantic import BaseModel, Field
E   ModuleNotFoundError: No module named 'pydantic'
________ ERROR collecting tests/test_order_lifecycle_reconciliation.py _________
ImportError while importing test module '/app/tests/test_order_lifecycle_reconciliation.py'.
Hint: make sure your test modules/packages have valid Python names.
Traceback:
/usr/lib/python3.12/importlib/__init__.py:90: in import_module
    return _bootstrap._gcd_import(name[level:], package, level)
           ^^^^^^^^^^^^^^^^^^^^^^^^^^^^^^^^^^^^^^^^^^^^^^^^^^^^
tests/test_order_lifecycle_reconciliation.py:1: in <module>
    from app.order_lifecycle.reconciliation import LifecycleReconciler
E   ImportError: cannot import name 'LifecycleReconciler' from 'app.order_lifecycle.reconciliation' (/app/app/order_lifecycle/reconciliation.py)
____________ ERROR collecting tests/test_order_lifecycle_replace.py ____________
ImportError while importing test module '/app/tests/test_order_lifecycle_replace.py'.
Hint: make sure your test modules/packages have valid Python names.
Traceback:
/usr/lib/python3.12/importlib/__init__.py:90: in import_module
    return _bootstrap._gcd_import(name[level:], package, level)
           ^^^^^^^^^^^^^^^^^^^^^^^^^^^^^^^^^^^^^^^^^^^^^^^^^^^^
tests/test_order_lifecycle_replace.py:1: in <module>
    from app.order_lifecycle.replace import ReplaceOrchestrator
app/order_lifecycle/replace.py:1: in <module>
    from app.order_lifecycle.models import OrderAttempt, ReplaceRequest, ReplaceResult
app/order_lifecycle/models.py:1: in <module>
    from pydantic import BaseModel, Field
E   ModuleNotFoundError: No module named 'pydantic'
_________ ERROR collecting tests/test_order_lifecycle_state_machine.py _________
ImportError while importing test module '/app/tests/test_order_lifecycle_state_machine.py'.
Hint: make sure your test modules/packages have valid Python names.
Traceback:
/usr/lib/python3.12/importlib/__init__.py:90: in import_module
    return _bootstrap._gcd_import(name[level:], package, level)
           ^^^^^^^^^^^^^^^^^^^^^^^^^^^^^^^^^^^^^^^^^^^^^^^^^^^^
tests/test_order_lifecycle_state_machine.py:1: in <module>
    from app.order_lifecycle.state_machine import LifecycleStateMachine
app/order_lifecycle/state_machine.py:4: in <module>
    from app.order_lifecycle.models import OrderLifecycleState, LifecycleTransition
app/order_lifecycle/models.py:1: in <module>
    from pydantic import BaseModel, Field
E   ModuleNotFoundError: No module named 'pydantic'
__________ ERROR collecting tests/test_order_lifecycle_submission.py ___________
ImportError while importing test module '/app/tests/test_order_lifecycle_submission.py'.
Hint: make sure your test modules/packages have valid Python names.
Traceback:
/usr/lib/python3.12/importlib/__init__.py:90: in import_module
    return _bootstrap._gcd_import(name[level:], package, level)
           ^^^^^^^^^^^^^^^^^^^^^^^^^^^^^^^^^^^^^^^^^^^^^^^^^^^^
tests/test_order_lifecycle_submission.py:1: in <module>
    from app.order_lifecycle.submission import SubmissionOrchestrator
app/order_lifecycle/submission.py:1: in <module>
    from app.order_lifecycle.models import SubmitRequest, SubmitResult, OrderAttempt
app/order_lifecycle/models.py:1: in <module>
    from pydantic import BaseModel, Field
E   ModuleNotFoundError: No module named 'pydantic'
___________ ERROR collecting tests/test_order_lifecycle_timeouts.py ____________
ImportError while importing test module '/app/tests/test_order_lifecycle_timeouts.py'.
Hint: make sure your test modules/packages have valid Python names.
Traceback:
/usr/lib/python3.12/importlib/__init__.py:90: in import_module
    return _bootstrap._gcd_import(name[level:], package, level)
           ^^^^^^^^^^^^^^^^^^^^^^^^^^^^^^^^^^^^^^^^^^^^^^^^^^^^
tests/test_order_lifecycle_timeouts.py:1: in <module>
    from app.order_lifecycle.timeouts import TimeoutManager
app/order_lifecycle/timeouts.py:1: in <module>
    from app.order_lifecycle.models import OrderAttempt, TimeoutResolution
app/order_lifecycle/models.py:1: in <module>
    from pydantic import BaseModel, Field
E   ModuleNotFoundError: No module named 'pydantic'
_________________ ERROR collecting tests/test_order_router.py __________________
ImportError while importing test module '/app/tests/test_order_router.py'.
Hint: make sure your test modules/packages have valid Python names.
Traceback:
/usr/lib/python3.12/importlib/__init__.py:90: in import_module
    return _bootstrap._gcd_import(name[level:], package, level)
           ^^^^^^^^^^^^^^^^^^^^^^^^^^^^^^^^^^^^^^^^^^^^^^^^^^^^
tests/test_order_router.py:4: in <module>
    from app.execution.live.order_router import OrderRouter
app/execution/live/order_router.py:5: in <module>
    from app.execution.live.base import OrderRouterBase, OrderStateStoreBase
app/execution/live/base.py:3: in <module>
    from app.execution.live.models import (
app/execution/live/models.py:1: in <module>
    from pydantic import BaseModel, Field
E   ModuleNotFoundError: No module named 'pydantic'
_______________ ERROR collecting tests/test_order_state_store.py _______________
ImportError while importing test module '/app/tests/test_order_state_store.py'.
Hint: make sure your test modules/packages have valid Python names.
Traceback:
/usr/lib/python3.12/importlib/__init__.py:90: in import_module
    return _bootstrap._gcd_import(name[level:], package, level)
           ^^^^^^^^^^^^^^^^^^^^^^^^^^^^^^^^^^^^^^^^^^^^^^^^^^^^
tests/test_order_state_store.py:1: in <module>
    from app.execution.live.order_state_store import InMemoryOrderStateStore
app/execution/live/order_state_store.py:2: in <module>
    from app.execution.live.models import OrderStateSnapshot
app/execution/live/models.py:1: in <module>
    from pydantic import BaseModel, Field
E   ModuleNotFoundError: No module named 'pydantic'
_____________ ERROR collecting tests/test_paper_fill_simulator.py ______________
ImportError while importing test module '/app/tests/test_paper_fill_simulator.py'.
Hint: make sure your test modules/packages have valid Python names.
Traceback:
/usr/lib/python3.12/importlib/__init__.py:90: in import_module
    return _bootstrap._gcd_import(name[level:], package, level)
           ^^^^^^^^^^^^^^^^^^^^^^^^^^^^^^^^^^^^^^^^^^^^^^^^^^^^
tests/test_paper_fill_simulator.py:2: in <module>
    from app.execution.paper.models import PaperOrder, PaperOrderStatus, FillTrigger
app/execution/paper/models.py:4: in <module>
    from pydantic import BaseModel, Field
E   ModuleNotFoundError: No module named 'pydantic'
___________________ ERROR collecting tests/test_paper_pnl.py ___________________
ImportError while importing test module '/app/tests/test_paper_pnl.py'.
Hint: make sure your test modules/packages have valid Python names.
Traceback:
/usr/lib/python3.12/importlib/__init__.py:90: in import_module
    return _bootstrap._gcd_import(name[level:], package, level)
           ^^^^^^^^^^^^^^^^^^^^^^^^^^^^^^^^^^^^^^^^^^^^^^^^^^^^
tests/test_paper_pnl.py:2: in <module>
    from app.execution.paper.position_book import PositionBookManager
app/execution/paper/position_book.py:4: in <module>
    from .models import PaperPosition, PaperFill
app/execution/paper/models.py:4: in <module>
    from pydantic import BaseModel, Field
E   ModuleNotFoundError: No module named 'pydantic'
______________ ERROR collecting tests/test_paper_position_book.py ______________
ImportError while importing test module '/app/tests/test_paper_position_book.py'.
Hint: make sure your test modules/packages have valid Python names.
Traceback:
/usr/lib/python3.12/importlib/__init__.py:90: in import_module
    return _bootstrap._gcd_import(name[level:], package, level)
           ^^^^^^^^^^^^^^^^^^^^^^^^^^^^^^^^^^^^^^^^^^^^^^^^^^^^
tests/test_paper_position_book.py:2: in <module>
    from app.execution.paper.models import PaperFill
app/execution/paper/models.py:4: in <module>
    from pydantic import BaseModel, Field
E   ModuleNotFoundError: No module named 'pydantic'
_________________ ERROR collecting tests/test_paper_runtime.py _________________
ImportError while importing test module '/app/tests/test_paper_runtime.py'.
Hint: make sure your test modules/packages have valid Python names.
Traceback:
/usr/lib/python3.12/importlib/__init__.py:90: in import_module
    return _bootstrap._gcd_import(name[level:], package, level)
           ^^^^^^^^^^^^^^^^^^^^^^^^^^^^^^^^^^^^^^^^^^^^^^^^^^^^
tests/test_paper_runtime.py:4: in <module>
    from app.execution.paper.models import PaperSessionConfig, PaperOrderIntent, FillTrigger
app/execution/paper/models.py:4: in <module>
    from pydantic import BaseModel, Field
E   ModuleNotFoundError: No module named 'pydantic'
_________________ ERROR collecting tests/test_paper_storage.py _________________
ImportError while importing test module '/app/tests/test_paper_storage.py'.
Hint: make sure your test modules/packages have valid Python names.
Traceback:
/usr/lib/python3.12/importlib/__init__.py:90: in import_module
    return _bootstrap._gcd_import(name[level:], package, level)
           ^^^^^^^^^^^^^^^^^^^^^^^^^^^^^^^^^^^^^^^^^^^^^^^^^^^^
tests/test_paper_storage.py:4: in <module>
    from app.execution.paper.storage import PaperStorage
app/execution/paper/storage.py:9: in <module>
    from pydantic import BaseModel
E   ModuleNotFoundError: No module named 'pydantic'
________________ ERROR collecting tests/test_perf_admission.py _________________
ImportError while importing test module '/app/tests/test_perf_admission.py'.
Hint: make sure your test modules/packages have valid Python names.
Traceback:
/usr/lib/python3.12/importlib/__init__.py:90: in import_module
    return _bootstrap._gcd_import(name[level:], package, level)
           ^^^^^^^^^^^^^^^^^^^^^^^^^^^^^^^^^^^^^^^^^^^^^^^^^^^^
tests/test_perf_admission.py:1: in <module>
    from app.perf.admission import AdmissionController
app/perf/admission.py:3: in <module>
    from app.perf.models import PerfRecommendation
app/perf/models.py:1: in <module>
    from pydantic import BaseModel, Field
E   ModuleNotFoundError: No module named 'pydantic'
________________ ERROR collecting tests/test_perf_benchmarks.py ________________
ImportError while importing test module '/app/tests/test_perf_benchmarks.py'.
Hint: make sure your test modules/packages have valid Python names.
Traceback:
/usr/lib/python3.12/importlib/__init__.py:90: in import_module
    return _bootstrap._gcd_import(name[level:], package, level)
           ^^^^^^^^^^^^^^^^^^^^^^^^^^^^^^^^^^^^^^^^^^^^^^^^^^^^
tests/test_perf_benchmarks.py:1: in <module>
    from app.perf.benchmarks import DeterministicBenchmarkRunner
app/perf/benchmarks.py:3: in <module>
    from app.perf.models import WorkloadResult
app/perf/models.py:1: in <module>
    from pydantic import BaseModel, Field
E   ModuleNotFoundError: No module named 'pydantic'
_______________ ERROR collecting tests/test_perf_bottlenecks.py ________________
ImportError while importing test module '/app/tests/test_perf_bottlenecks.py'.
Hint: make sure your test modules/packages have valid Python names.
Traceback:
/usr/lib/python3.12/importlib/__init__.py:90: in import_module
    return _bootstrap._gcd_import(name[level:], package, level)
           ^^^^^^^^^^^^^^^^^^^^^^^^^^^^^^^^^^^^^^^^^^^^^^^^^^^^
tests/test_perf_bottlenecks.py:1: in <module>
    from app.perf.bottlenecks import BottleneckAnalyzer
app/perf/bottlenecks.py:2: in <module>
    from app.perf.models import PerfRun, BottleneckReport
app/perf/models.py:1: in <module>
    from pydantic import BaseModel, Field
E   ModuleNotFoundError: No module named 'pydantic'
_________________ ERROR collecting tests/test_perf_budgets.py __________________
ImportError while importing test module '/app/tests/test_perf_budgets.py'.
Hint: make sure your test modules/packages have valid Python names.
Traceback:
/usr/lib/python3.12/importlib/__init__.py:90: in import_module
    return _bootstrap._gcd_import(name[level:], package, level)
           ^^^^^^^^^^^^^^^^^^^^^^^^^^^^^^^^^^^^^^^^^^^^^^^^^^^^
tests/test_perf_budgets.py:1: in <module>
    from app.perf.budgets import BudgetRegistry
app/perf/budgets.py:3: in <module>
    from app.perf.models import ResourceBudget, LatencyBudget, PerfRun
app/perf/models.py:1: in <module>
    from pydantic import BaseModel, Field
E   ModuleNotFoundError: No module named 'pydantic'
_________________ ERROR collecting tests/test_perf_capacity.py _________________
ImportError while importing test module '/app/tests/test_perf_capacity.py'.
Hint: make sure your test modules/packages have valid Python names.
Traceback:
/usr/lib/python3.12/importlib/__init__.py:90: in import_module
    return _bootstrap._gcd_import(name[level:], package, level)
           ^^^^^^^^^^^^^^^^^^^^^^^^^^^^^^^^^^^^^^^^^^^^^^^^^^^^
tests/test_perf_capacity.py:1: in <module>
    from app.perf.capacity import CapacityAnalyzer
app/perf/capacity.py:2: in <module>
    from app.perf.models import CapacityReport
app/perf/models.py:1: in <module>
    from pydantic import BaseModel, Field
E   ModuleNotFoundError: No module named 'pydantic'
_______________ ERROR collecting tests/test_perf_host_classes.py _______________
ImportError while importing test module '/app/tests/test_perf_host_classes.py'.
Hint: make sure your test modules/packages have valid Python names.
Traceback:
/usr/lib/python3.12/importlib/__init__.py:90: in import_module
    return _bootstrap._gcd_import(name[level:], package, level)
           ^^^^^^^^^^^^^^^^^^^^^^^^^^^^^^^^^^^^^^^^^^^^^^^^^^^^
tests/test_perf_host_classes.py:1: in <module>
    from app.perf.host_classes import HostClassRegistry
app/perf/host_classes.py:3: in <module>
    from app.perf.models import HostClassDefinition
app/perf/models.py:1: in <module>
    from pydantic import BaseModel, Field
E   ModuleNotFoundError: No module named 'pydantic'
_________________ ERROR collecting tests/test_perf_latency.py __________________
ImportError while importing test module '/app/tests/test_perf_latency.py'.
Hint: make sure your test modules/packages have valid Python names.
Traceback:
/usr/lib/python3.12/importlib/__init__.py:90: in import_module
    return _bootstrap._gcd_import(name[level:], package, level)
           ^^^^^^^^^^^^^^^^^^^^^^^^^^^^^^^^^^^^^^^^^^^^^^^^^^^^
tests/test_perf_latency.py:1: in <module>
    from app.perf.latency import LatencyTracker
app/perf/latency.py:5: in <module>
    from app.perf.models import ComponentLatencySummary
app/perf/models.py:1: in <module>
    from pydantic import BaseModel, Field
E   ModuleNotFoundError: No module named 'pydantic'
________________ ERROR collecting tests/test_perf_profilers.py _________________
ImportError while importing test module '/app/tests/test_perf_profilers.py'.
Hint: make sure your test modules/packages have valid Python names.
Traceback:
/usr/lib/python3.12/importlib/__init__.py:90: in import_module
    return _bootstrap._gcd_import(name[level:], package, level)
           ^^^^^^^^^^^^^^^^^^^^^^^^^^^^^^^^^^^^^^^^^^^^^^^^^^^^
tests/test_perf_profilers.py:2: in <module>
    from app.perf.profilers import WorkloadProfiler
app/perf/profilers.py:3: in <module>
    from app.perf.base import ProfilerBase
app/perf/base.py:3: in <module>
    from app.perf.models import PerfRun, ResourceUsageSnapshot, WorkloadResult
app/perf/models.py:1: in <module>
    from pydantic import BaseModel, Field
E   ModuleNotFoundError: No module named 'pydantic'
________________ ERROR collecting tests/test_perf_regression.py ________________
ImportError while importing test module '/app/tests/test_perf_regression.py'.
Hint: make sure your test modules/packages have valid Python names.
Traceback:
/usr/lib/python3.12/importlib/__init__.py:90: in import_module
    return _bootstrap._gcd_import(name[level:], package, level)
           ^^^^^^^^^^^^^^^^^^^^^^^^^^^^^^^^^^^^^^^^^^^^^^^^^^^^
tests/test_perf_regression.py:1: in <module>
    from app.perf.regression import RegressionEvaluator
app/perf/regression.py:2: in <module>
    from app.perf.models import PerfRun, PerfRegressionReport, PerfFinding
app/perf/models.py:1: in <module>
    from pydantic import BaseModel, Field
E   ModuleNotFoundError: No module named 'pydantic'
________________ ERROR collecting tests/test_perf_resources.py _________________
ImportError while importing test module '/app/tests/test_perf_resources.py'.
Hint: make sure your test modules/packages have valid Python names.
Traceback:
/usr/lib/python3.12/importlib/__init__.py:90: in import_module
    return _bootstrap._gcd_import(name[level:], package, level)
           ^^^^^^^^^^^^^^^^^^^^^^^^^^^^^^^^^^^^^^^^^^^^^^^^^^^^
tests/test_perf_resources.py:1: in <module>
    from app.perf.resources import ResourceMonitor, ProcessResourceSampler
app/perf/resources.py:1: in <module>
    import psutil
E   ModuleNotFoundError: No module named 'psutil'
_________________ ERROR collecting tests/test_perf_storage.py __________________
ImportError while importing test module '/app/tests/test_perf_storage.py'.
Hint: make sure your test modules/packages have valid Python names.
Traceback:
/usr/lib/python3.12/importlib/__init__.py:90: in import_module
    return _bootstrap._gcd_import(name[level:], package, level)
           ^^^^^^^^^^^^^^^^^^^^^^^^^^^^^^^^^^^^^^^^^^^^^^^^^^^^
tests/test_perf_storage.py:1: in <module>
    from app.perf.storage import PerfStorage
app/perf/storage.py:4: in <module>
    from app.perf.models import PerfRun, PerfRegressionReport, HostQualificationReport
app/perf/models.py:1: in <module>
    from pydantic import BaseModel, Field
E   ModuleNotFoundError: No module named 'pydantic'
________________ ERROR collecting tests/test_perf_workloads.py _________________
ImportError while importing test module '/app/tests/test_perf_workloads.py'.
Hint: make sure your test modules/packages have valid Python names.
Traceback:
/usr/lib/python3.12/importlib/__init__.py:90: in import_module
    return _bootstrap._gcd_import(name[level:], package, level)
           ^^^^^^^^^^^^^^^^^^^^^^^^^^^^^^^^^^^^^^^^^^^^^^^^^^^^
tests/test_perf_workloads.py:1: in <module>
    from app.perf.workloads import WorkloadRegistry
app/perf/workloads.py:3: in <module>
    from app.perf.models import WorkloadDefinition
app/perf/models.py:1: in <module>
    from pydantic import BaseModel, Field
E   ModuleNotFoundError: No module named 'pydantic'
_________ ERROR collecting tests/test_performance_plane_attribution.py _________
ImportError while importing test module '/app/tests/test_performance_plane_attribution.py'.
Hint: make sure your test modules/packages have valid Python names.
Traceback:
/usr/lib/python3.12/importlib/__init__.py:90: in import_module
    return _bootstrap._gcd_import(name[level:], package, level)
           ^^^^^^^^^^^^^^^^^^^^^^^^^^^^^^^^^^^^^^^^^^^^^^^^^^^^
tests/test_performance_plane_attribution.py:4: in <module>
    from app.performance_plane.attribution import AttributionTreeBuilder
E   ImportError: cannot import name 'AttributionTreeBuilder' from 'app.performance_plane.attribution' (/app/app/performance_plane/attribution.py)
__________ ERROR collecting tests/test_performance_plane_baselines.py __________
ImportError while importing test module '/app/tests/test_performance_plane_baselines.py'.
Hint: make sure your test modules/packages have valid Python names.
Traceback:
/usr/lib/python3.12/importlib/__init__.py:90: in import_module
    return _bootstrap._gcd_import(name[level:], package, level)
           ^^^^^^^^^^^^^^^^^^^^^^^^^^^^^^^^^^^^^^^^^^^^^^^^^^^^
tests/test_performance_plane_baselines.py:3: in <module>
    from app.performance_plane.baselines import BaselineEvaluator
app/performance_plane/baselines.py:4: in <module>
    from app.performance_plane.models import (
app/performance_plane/models.py:1: in <module>
    from pydantic import BaseModel, Field
E   ModuleNotFoundError: No module named 'pydantic'
_________ ERROR collecting tests/test_performance_plane_benchmarks.py __________
ImportError while importing test module '/app/tests/test_performance_plane_benchmarks.py'.
Hint: make sure your test modules/packages have valid Python names.
Traceback:
/usr/lib/python3.12/importlib/__init__.py:90: in import_module
    return _bootstrap._gcd_import(name[level:], package, level)
           ^^^^^^^^^^^^^^^^^^^^^^^^^^^^^^^^^^^^^^^^^^^^^^^^^^^^
tests/test_performance_plane_benchmarks.py:1: in <module>
    from app.performance_plane.models import BenchmarkDefinition
app/performance_plane/models.py:1: in <module>
    from pydantic import BaseModel, Field
E   ModuleNotFoundError: No module named 'pydantic'
___________ ERROR collecting tests/test_performance_plane_capture.py ___________
ImportError while importing test module '/app/tests/test_performance_plane_capture.py'.
Hint: make sure your test modules/packages have valid Python names.
Traceback:
/usr/lib/python3.12/importlib/__init__.py:90: in import_module
    return _bootstrap._gcd_import(name[level:], package, level)
           ^^^^^^^^^^^^^^^^^^^^^^^^^^^^^^^^^^^^^^^^^^^^^^^^^^^^
tests/test_performance_plane_capture.py:1: in <module>
    from app.performance_plane.capture import CaptureAnalyzer
app/performance_plane/capture.py:3: in <module>
    from app.performance_plane.models import CaptureRatioRecord
app/performance_plane/models.py:1: in <module>
    from pydantic import BaseModel, Field
E   ModuleNotFoundError: No module named 'pydantic'
___________ ERROR collecting tests/test_performance_plane_cohorts.py ___________
ImportError while importing test module '/app/tests/test_performance_plane_cohorts.py'.
Hint: make sure your test modules/packages have valid Python names.
Traceback:
/usr/lib/python3.12/importlib/__init__.py:90: in import_module
    return _bootstrap._gcd_import(name[level:], package, level)
           ^^^^^^^^^^^^^^^^^^^^^^^^^^^^^^^^^^^^^^^^^^^^^^^^^^^^
tests/test_performance_plane_cohorts.py:2: in <module>
    from app.performance_plane.cohorts import CohortAnalyzer
app/performance_plane/cohorts.py:3: in <module>
    from app.performance_plane.models import CohortContribution
app/performance_plane/models.py:1: in <module>
    from pydantic import BaseModel, Field
E   ModuleNotFoundError: No module named 'pydantic'
_________ ERROR collecting tests/test_performance_plane_components.py __________
ImportError while importing test module '/app/tests/test_performance_plane_components.py'.
Hint: make sure your test modules/packages have valid Python names.
Traceback:
/usr/lib/python3.12/importlib/__init__.py:90: in import_module
    return _bootstrap._gcd_import(name[level:], package, level)
           ^^^^^^^^^^^^^^^^^^^^^^^^^^^^^^^^^^^^^^^^^^^^^^^^^^^^
tests/test_performance_plane_components.py:2: in <module>
    from app.performance_plane.components import ComponentRegistry
app/performance_plane/components.py:5: in <module>
    from app.performance_plane.models import DragComponent
app/performance_plane/models.py:1: in <module>
    from pydantic import BaseModel, Field
E   ModuleNotFoundError: No module named 'pydantic'
________ ERROR collecting tests/test_performance_plane_contributions.py ________
ImportError while importing test module '/app/tests/test_performance_plane_contributions.py'.
Hint: make sure your test modules/packages have valid Python names.
Traceback:
/usr/lib/python3.12/importlib/__init__.py:90: in import_module
    return _bootstrap._gcd_import(name[level:], package, level)
           ^^^^^^^^^^^^^^^^^^^^^^^^^^^^^^^^^^^^^^^^^^^^^^^^^^^^
tests/test_performance_plane_contributions.py:2: in <module>
    from app.performance_plane.cohorts import CohortAnalyzer
app/performance_plane/cohorts.py:3: in <module>
    from app.performance_plane.models import CohortContribution
app/performance_plane/models.py:1: in <module>
    from pydantic import BaseModel, Field
E   ModuleNotFoundError: No module named 'pydantic'
____________ ERROR collecting tests/test_performance_plane_drags.py ____________
ImportError while importing test module '/app/tests/test_performance_plane_drags.py'.
Hint: make sure your test modules/packages have valid Python names.
Traceback:
/usr/lib/python3.12/importlib/__init__.py:90: in import_module
    return _bootstrap._gcd_import(name[level:], package, level)
           ^^^^^^^^^^^^^^^^^^^^^^^^^^^^^^^^^^^^^^^^^^^^^^^^^^^^
tests/test_performance_plane_drags.py:2: in <module>
    from app.performance_plane.drags import DragSurfaceAnalyzer
app/performance_plane/drags.py:2: in <module>
    from app.performance_plane.models import DragComponent
app/performance_plane/models.py:1: in <module>
    from pydantic import BaseModel, Field
E   ModuleNotFoundError: No module named 'pydantic'
_________ ERROR collecting tests/test_performance_plane_equivalence.py _________
ImportError while importing test module '/app/tests/test_performance_plane_equivalence.py'.
Hint: make sure your test modules/packages have valid Python names.
Traceback:
/usr/lib/python3.12/importlib/__init__.py:90: in import_module
    return _bootstrap._gcd_import(name[level:], package, level)
           ^^^^^^^^^^^^^^^^^^^^^^^^^^^^^^^^^^^^^^^^^^^^^^^^^^^^
tests/test_performance_plane_equivalence.py:2: in <module>
    from app.performance_plane.equivalence import EquivalenceChecker
app/performance_plane/equivalence.py:2: in <module>
    from app.performance_plane.models import (
app/performance_plane/models.py:1: in <module>
    from pydantic import BaseModel, Field
E   ModuleNotFoundError: No module named 'pydantic'
__________ ERROR collecting tests/test_performance_plane_manifests.py __________
ImportError while importing test module '/app/tests/test_performance_plane_manifests.py'.
Hint: make sure your test modules/packages have valid Python names.
Traceback:
/usr/lib/python3.12/importlib/__init__.py:90: in import_module
    return _bootstrap._gcd_import(name[level:], package, level)
           ^^^^^^^^^^^^^^^^^^^^^^^^^^^^^^^^^^^^^^^^^^^^^^^^^^^^
tests/test_performance_plane_manifests.py:2: in <module>
    from app.performance_plane.manifests import ManifestBuilder
E   ImportError: cannot import name 'ManifestBuilder' from 'app.performance_plane.manifests' (/app/app/performance_plane/manifests.py)
_________ ERROR collecting tests/test_performance_plane_opportunity.py _________
ImportError while importing test module '/app/tests/test_performance_plane_opportunity.py'.
Hint: make sure your test modules/packages have valid Python names.
Traceback:
/usr/lib/python3.12/importlib/__init__.py:90: in import_module
    return _bootstrap._gcd_import(name[level:], package, level)
           ^^^^^^^^^^^^^^^^^^^^^^^^^^^^^^^^^^^^^^^^^^^^^^^^^^^^
tests/test_performance_plane_opportunity.py:2: in <module>
    from app.performance_plane.opportunity import OpportunitySurfaceBuilder
E   ImportError: cannot import name 'OpportunitySurfaceBuilder' from 'app.performance_plane.opportunity' (/app/app/performance_plane/opportunity.py)
___________ ERROR collecting tests/test_performance_plane_quality.py ___________
ImportError while importing test module '/app/tests/test_performance_plane_quality.py'.
Hint: make sure your test modules/packages have valid Python names.
Traceback:
/usr/lib/python3.12/importlib/__init__.py:90: in import_module
    return _bootstrap._gcd_import(name[level:], package, level)
           ^^^^^^^^^^^^^^^^^^^^^^^^^^^^^^^^^^^^^^^^^^^^^^^^^^^^
tests/test_performance_plane_quality.py:3: in <module>
    from app.performance_plane.quality import PerformanceQualityChecker
app/performance_plane/quality.py:2: in <module>
    from app.performance_plane.models import ReturnSurface, AttributionTree
app/performance_plane/models.py:1: in <module>
    from pydantic import BaseModel, Field
E   ModuleNotFoundError: No module named 'pydantic'
___________ ERROR collecting tests/test_performance_plane_returns.py ___________
ImportError while importing test module '/app/tests/test_performance_plane_returns.py'.
Hint: make sure your test modules/packages have valid Python names.
Traceback:
/usr/lib/python3.12/importlib/__init__.py:90: in import_module
    return _bootstrap._gcd_import(name[level:], package, level)
           ^^^^^^^^^^^^^^^^^^^^^^^^^^^^^^^^^^^^^^^^^^^^^^^^^^^^
tests/test_performance_plane_returns.py:3: in <module>
    from app.performance_plane.returns import ReturnSurfaceBuilder
app/performance_plane/returns.py:5: in <module>
    from app.performance_plane.models import ReturnSurface, PerformanceWindow
app/performance_plane/models.py:1: in <module>
    from pydantic import BaseModel, Field
E   ModuleNotFoundError: No module named 'pydantic'
________ ERROR collecting tests/test_performance_plane_risk_adjusted.py ________
ImportError while importing test module '/app/tests/test_performance_plane_risk_adjusted.py'.
Hint: make sure your test modules/packages have valid Python names.
Traceback:
/usr/lib/python3.12/importlib/__init__.py:90: in import_module
    return _bootstrap._gcd_import(name[level:], package, level)
           ^^^^^^^^^^^^^^^^^^^^^^^^^^^^^^^^^^^^^^^^^^^^^^^^^^^^
tests/test_performance_plane_risk_adjusted.py:3: in <module>
    from app.performance_plane.risk_adjusted import RiskAdjustedEvaluator
app/performance_plane/risk_adjusted.py:3: in <module>
    from app.performance_plane.models import ReturnSurface
app/performance_plane/models.py:1: in <module>
    from pydantic import BaseModel, Field
E   ModuleNotFoundError: No module named 'pydantic'
___________ ERROR collecting tests/test_performance_plane_storage.py ___________
ImportError while importing test module '/app/tests/test_performance_plane_storage.py'.
Hint: make sure your test modules/packages have valid Python names.
Traceback:
/usr/lib/python3.12/importlib/__init__.py:90: in import_module
    return _bootstrap._gcd_import(name[level:], package, level)
           ^^^^^^^^^^^^^^^^^^^^^^^^^^^^^^^^^^^^^^^^^^^^^^^^^^^^
tests/test_performance_plane_storage.py:1: in <module>
    from app.performance_plane.repository import PerformanceRepository
app/performance_plane/repository.py:3: in <module>
    from app.performance_plane.models import PerformanceManifest, ReturnSurface
app/performance_plane/models.py:1: in <module>
    from pydantic import BaseModel, Field
E   ModuleNotFoundError: No module named 'pydantic'
____________ ERROR collecting tests/test_performance_plane_trust.py ____________
ImportError while importing test module '/app/tests/test_performance_plane_trust.py'.
Hint: make sure your test modules/packages have valid Python names.
Traceback:
/usr/lib/python3.12/importlib/__init__.py:90: in import_module
    return _bootstrap._gcd_import(name[level:], package, level)
           ^^^^^^^^^^^^^^^^^^^^^^^^^^^^^^^^^^^^^^^^^^^^^^^^^^^^
tests/test_performance_plane_trust.py:2: in <module>
    from app.performance_plane.trust import TrustEngine
E   ImportError: cannot import name 'TrustEngine' from 'app.performance_plane.trust' (/app/app/performance_plane/trust.py)
___________ ERROR collecting tests/test_performance_plane_windows.py ___________
ImportError while importing test module '/app/tests/test_performance_plane_windows.py'.
Hint: make sure your test modules/packages have valid Python names.
Traceback:
/usr/lib/python3.12/importlib/__init__.py:90: in import_module
    return _bootstrap._gcd_import(name[level:], package, level)
           ^^^^^^^^^^^^^^^^^^^^^^^^^^^^^^^^^^^^^^^^^^^^^^^^^^^^
tests/test_performance_plane_windows.py:3: in <module>
    from app.performance_plane.windows import WindowManager
app/performance_plane/windows.py:2: in <module>
    from app.performance_plane.models import PerformanceWindow
app/performance_plane/models.py:1: in <module>
    from pydantic import BaseModel, Field
E   ModuleNotFoundError: No module named 'pydantic'
________ ERROR collecting tests/test_performance_security_plane_core.py ________
ImportError while importing test module '/app/tests/test_performance_security_plane_core.py'.
Hint: make sure your test modules/packages have valid Python names.
Traceback:
/usr/lib/python3.12/importlib/__init__.py:90: in import_module
    return _bootstrap._gcd_import(name[level:], package, level)
           ^^^^^^^^^^^^^^^^^^^^^^^^^^^^^^^^^^^^^^^^^^^^^^^^^^^^
tests/test_performance_security_plane_core.py:3: in <module>
    from app.performance_security_plane.models import PerformanceSecurityObject
app/performance_security_plane/__init__.py:3: in <module>
    from .models import PerformanceSecurityPlaneConfig, PerformanceSecurityObjectRef, PerformanceSecurityObject, PerformanceSecurityRecord, SecuredObligationRecord, EscrowRecord, ReserveRecord, HoldbackRecord, CollateralRecord, CollateralPoolRecord, PledgedAssetRecord, GuaranteeRecord, SupportUndertakingRecord, BeneficiaryRecord, PriorityRecord, FundingStatusRecord, SegregationRecord, ValuationRecord, ImpairmentRecord, DrawRightRecord, DrawEventRecord, ReleaseTriggerRecord, ReleaseRecord, ReplenishmentDutyRecord, SubstituteCollateralRecord, ExhaustionRecord, ResidualUndersecurityRecord, SecurityComparisonRecord, SecurityObservationReport, SecurityForecastReport, SecurityDebtRecord, SecurityEquivalenceReport, SecurityDivergenceReport, SecurityTrustVerdictRecord, SecurityAuditRecord, SecurityArtifactManifest
app/performance_security_plane/models.py:2: in <module>
    from pydantic import BaseModel, Field
E   ModuleNotFoundError: No module named 'pydantic'
___________________ ERROR collecting tests/test_periodic.py ____________________
ImportError while importing test module '/app/tests/test_periodic.py'.
Hint: make sure your test modules/packages have valid Python names.
Traceback:
/usr/lib/python3.12/importlib/__init__.py:90: in import_module
    return _bootstrap._gcd_import(name[level:], package, level)
           ^^^^^^^^^^^^^^^^^^^^^^^^^^^^^^^^^^^^^^^^^^^^^^^^^^^^
tests/test_periodic.py:2: in <module>
    from app.analytics.periodic import PeriodicSummaryGenerator
app/analytics/periodic.py:3: in <module>
    from app.analytics.models import SessionSummary, PeriodicAggregation
app/analytics/models.py:1: in <module>
    from pydantic import BaseModel, Field
E   ModuleNotFoundError: No module named 'pydantic'
_______________ ERROR collecting tests/test_policy_conflicts.py ________________
ImportError while importing test module '/app/tests/test_policy_conflicts.py'.
Hint: make sure your test modules/packages have valid Python names.
Traceback:
/usr/lib/python3.12/importlib/__init__.py:90: in import_module
    return _bootstrap._gcd_import(name[level:], package, level)
           ^^^^^^^^^^^^^^^^^^^^^^^^^^^^^^^^^^^^^^^^^^^^^^^^^^^^
tests/test_policy_conflicts.py:2: in <module>
    from app.policy_kernel.models import PolicyDecisionNode
app/policy_kernel/__init__.py:2: in <module>
    from app.policy_kernel.context import assemble_policy_context
E   ImportError: cannot import name 'assemble_policy_context' from 'app.policy_kernel.context' (/app/app/policy_kernel/context.py)
________________ ERROR collecting tests/test_policy_context.py _________________
ImportError while importing test module '/app/tests/test_policy_context.py'.
Hint: make sure your test modules/packages have valid Python names.
Traceback:
/usr/lib/python3.12/importlib/__init__.py:90: in import_module
    return _bootstrap._gcd_import(name[level:], package, level)
           ^^^^^^^^^^^^^^^^^^^^^^^^^^^^^^^^^^^^^^^^^^^^^^^^^^^^
tests/test_policy_context.py:2: in <module>
    from app.policy_kernel.context import (
E   ImportError: cannot import name 'assemble_policy_context' from 'app.policy_kernel.context' (/app/app/policy_kernel/context.py)
________________ ERROR collecting tests/test_policy_domains.py _________________
ImportError while importing test module '/app/tests/test_policy_domains.py'.
Hint: make sure your test modules/packages have valid Python names.
Traceback:
/usr/lib/python3.12/importlib/__init__.py:90: in import_module
    return _bootstrap._gcd_import(name[level:], package, level)
           ^^^^^^^^^^^^^^^^^^^^^^^^^^^^^^^^^^^^^^^^^^^^^^^^^^^^
tests/test_policy_domains.py:2: in <module>
    from app.policy_kernel.enums import PolicyDomain
app/policy_kernel/__init__.py:2: in <module>
    from app.policy_kernel.context import assemble_policy_context
E   ImportError: cannot import name 'assemble_policy_context' from 'app.policy_kernel.context' (/app/app/policy_kernel/context.py)
_________________ ERROR collecting tests/test_policy_drift.py __________________
ImportError while importing test module '/app/tests/test_policy_drift.py'.
Hint: make sure your test modules/packages have valid Python names.
Traceback:
/usr/lib/python3.12/importlib/__init__.py:90: in import_module
    return _bootstrap._gcd_import(name[level:], package, level)
           ^^^^^^^^^^^^^^^^^^^^^^^^^^^^^^^^^^^^^^^^^^^^^^^^^^^^
tests/test_policy_drift.py:2: in <module>
    from app.policy_kernel.drift import record_drift, list_drifts
app/policy_kernel/__init__.py:2: in <module>
    from app.policy_kernel.context import assemble_policy_context
E   ImportError: cannot import name 'assemble_policy_context' from 'app.policy_kernel.context' (/app/app/policy_kernel/context.py)
________________ ERROR collecting tests/test_policy_evidence.py ________________
ImportError while importing test module '/app/tests/test_policy_evidence.py'.
Hint: make sure your test modules/packages have valid Python names.
Traceback:
/usr/lib/python3.12/importlib/__init__.py:90: in import_module
    return _bootstrap._gcd_import(name[level:], package, level)
           ^^^^^^^^^^^^^^^^^^^^^^^^^^^^^^^^^^^^^^^^^^^^^^^^^^^^
tests/test_policy_evidence.py:2: in <module>
    from app.policy_kernel.evidence import assemble_evidence_bundle
app/policy_kernel/__init__.py:2: in <module>
    from app.policy_kernel.context import assemble_policy_context
E   ImportError: cannot import name 'assemble_policy_context' from 'app.policy_kernel.context' (/app/app/policy_kernel/context.py)
__________________ ERROR collecting tests/test_policy_gaps.py __________________
ImportError while importing test module '/app/tests/test_policy_gaps.py'.
Hint: make sure your test modules/packages have valid Python names.
Traceback:
/usr/lib/python3.12/importlib/__init__.py:90: in import_module
    return _bootstrap._gcd_import(name[level:], package, level)
           ^^^^^^^^^^^^^^^^^^^^^^^^^^^^^^^^^^^^^^^^^^^^^^^^^^^^
tests/test_policy_gaps.py:2: in <module>
    from app.policy_kernel.gaps import record_gap, list_gaps
app/policy_kernel/__init__.py:2: in <module>
    from app.policy_kernel.context import assemble_policy_context
E   ImportError: cannot import name 'assemble_policy_context' from 'app.policy_kernel.context' (/app/app/policy_kernel/context.py)
_______________ ERROR collecting tests/test_policy_invariants.py _______________
ImportError while importing test module '/app/tests/test_policy_invariants.py'.
Hint: make sure your test modules/packages have valid Python names.
Traceback:
/usr/lib/python3.12/importlib/__init__.py:90: in import_module
    return _bootstrap._gcd_import(name[level:], package, level)
           ^^^^^^^^^^^^^^^^^^^^^^^^^^^^^^^^^^^^^^^^^^^^^^^^^^^^
tests/test_policy_invariants.py:3: in <module>
    from app.policy_kernel.models import PolicyInvariant, PolicyRuleVersion
app/policy_kernel/__init__.py:2: in <module>
    from app.policy_kernel.context import assemble_policy_context
E   ImportError: cannot import name 'assemble_policy_context' from 'app.policy_kernel.context' (/app/app/policy_kernel/context.py)
_________________ ERROR collecting tests/test_policy_kernel.py _________________
ImportError while importing test module '/app/tests/test_policy_kernel.py'.
Hint: make sure your test modules/packages have valid Python names.
Traceback:
/usr/lib/python3.12/importlib/__init__.py:90: in import_module
    return _bootstrap._gcd_import(name[level:], package, level)
           ^^^^^^^^^^^^^^^^^^^^^^^^^^^^^^^^^^^^^^^^^^^^^^^^^^^^
tests/test_policy_kernel.py:3: in <module>
    from app.policy_kernel.models import (
app/policy_kernel/__init__.py:2: in <module>
    from app.policy_kernel.context import assemble_policy_context
E   ImportError: cannot import name 'assemble_policy_context' from 'app.policy_kernel.context' (/app/app/policy_kernel/context.py)
_____________ ERROR collecting tests/test_policy_plane_actions.py ______________
ImportError while importing test module '/app/tests/test_policy_plane_actions.py'.
Hint: make sure your test modules/packages have valid Python names.
Traceback:
/usr/lib/python3.12/importlib/__init__.py:90: in import_module
    return _bootstrap._gcd_import(name[level:], package, level)
           ^^^^^^^^^^^^^^^^^^^^^^^^^^^^^^^^^^^^^^^^^^^^^^^^^^^^
tests/test_policy_plane_actions.py:2: in <module>
    from app.policy_plane.actions import create_execute_action, create_approve_action
app/policy_plane/actions.py:1: in <module>
    from app.policy_plane.models import PolicyAction
app/policy_plane/models.py:1: in <module>
    from pydantic import BaseModel, Field
E   ModuleNotFoundError: No module named 'pydantic'
____________ ERROR collecting tests/test_policy_plane_conflicts.py _____________
ImportError while importing test module '/app/tests/test_policy_plane_conflicts.py'.
Hint: make sure your test modules/packages have valid Python names.
Traceback:
/usr/lib/python3.12/importlib/__init__.py:90: in import_module
    return _bootstrap._gcd_import(name[level:], package, level)
           ^^^^^^^^^^^^^^^^^^^^^^^^^^^^^^^^^^^^^^^^^^^^^^^^^^^^
tests/test_policy_plane_conflicts.py:2: in <module>
    from app.policy_plane.models import PolicyRule
app/policy_plane/models.py:1: in <module>
    from pydantic import BaseModel, Field
E   ModuleNotFoundError: No module named 'pydantic'
_____________ ERROR collecting tests/test_policy_plane_contexts.py _____________
ImportError while importing test module '/app/tests/test_policy_plane_contexts.py'.
Hint: make sure your test modules/packages have valid Python names.
Traceback:
/usr/lib/python3.12/importlib/__init__.py:90: in import_module
    return _bootstrap._gcd_import(name[level:], package, level)
           ^^^^^^^^^^^^^^^^^^^^^^^^^^^^^^^^^^^^^^^^^^^^^^^^^^^^
tests/test_policy_plane_contexts.py:2: in <module>
    from app.policy_plane.contexts import ContextBuilder
app/policy_plane/contexts.py:1: in <module>
    from app.policy_plane.models import PolicyContext
app/policy_plane/models.py:1: in <module>
    from pydantic import BaseModel, Field
E   ModuleNotFoundError: No module named 'pydantic'
_____________ ERROR collecting tests/test_policy_plane_coverage.py _____________
ImportError while importing test module '/app/tests/test_policy_plane_coverage.py'.
Hint: make sure your test modules/packages have valid Python names.
Traceback:
/usr/lib/python3.12/importlib/__init__.py:90: in import_module
    return _bootstrap._gcd_import(name[level:], package, level)
           ^^^^^^^^^^^^^^^^^^^^^^^^^^^^^^^^^^^^^^^^^^^^^^^^^^^^
tests/test_policy_plane_coverage.py:2: in <module>
    from app.policy_plane.coverage import CoverageAnalyzer
app/policy_plane/coverage.py:2: in <module>
    from app.policy_plane.models import PolicyDefinition
app/policy_plane/models.py:1: in <module>
    from pydantic import BaseModel, Field
E   ModuleNotFoundError: No module named 'pydantic'
_______________ ERROR collecting tests/test_policy_plane_debt.py _______________
ImportError while importing test module '/app/tests/test_policy_plane_debt.py'.
Hint: make sure your test modules/packages have valid Python names.
Traceback:
/usr/lib/python3.12/importlib/__init__.py:90: in import_module
    return _bootstrap._gcd_import(name[level:], package, level)
           ^^^^^^^^^^^^^^^^^^^^^^^^^^^^^^^^^^^^^^^^^^^^^^^^^^^^
tests/test_policy_plane_debt.py:2: in <module>
    from app.policy_plane.debt import record_waiver_debt
app/policy_plane/debt.py:1: in <module>
    from app.policy_plane.models import PolicyDebtRecord
app/policy_plane/models.py:1: in <module>
    from pydantic import BaseModel, Field
E   ModuleNotFoundError: No module named 'pydantic'
____________ ERROR collecting tests/test_policy_plane_divergence.py ____________
ImportError while importing test module '/app/tests/test_policy_plane_divergence.py'.
Hint: make sure your test modules/packages have valid Python names.
Traceback:
/usr/lib/python3.12/importlib/__init__.py:90: in import_module
    return _bootstrap._gcd_import(name[level:], package, level)
           ^^^^^^^^^^^^^^^^^^^^^^^^^^^^^^^^^^^^^^^^^^^^^^^^^^^^
tests/test_policy_plane_divergence.py:2: in <module>
    from app.policy_plane.divergence import report_divergence
app/policy_plane/divergence.py:1: in <module>
    from app.policy_plane.models import PolicyDivergenceReport
app/policy_plane/models.py:1: in <module>
    from pydantic import BaseModel, Field
E   ModuleNotFoundError: No module named 'pydantic'
___________ ERROR collecting tests/test_policy_plane_equivalence.py ____________
ImportError while importing test module '/app/tests/test_policy_plane_equivalence.py'.
Hint: make sure your test modules/packages have valid Python names.
Traceback:
/usr/lib/python3.12/importlib/__init__.py:90: in import_module
    return _bootstrap._gcd_import(name[level:], package, level)
           ^^^^^^^^^^^^^^^^^^^^^^^^^^^^^^^^^^^^^^^^^^^^^^^^^^^^
tests/test_policy_plane_equivalence.py:2: in <module>
    from app.policy_plane.equivalence import compare_environments
app/policy_plane/equivalence.py:1: in <module>
    from app.policy_plane.models import PolicyEquivalenceReport, PolicyAction
app/policy_plane/models.py:1: in <module>
    from pydantic import BaseModel, Field
E   ModuleNotFoundError: No module named 'pydantic'
___________ ERROR collecting tests/test_policy_plane_evaluations.py ____________
ImportError while importing test module '/app/tests/test_policy_plane_evaluations.py'.
Hint: make sure your test modules/packages have valid Python names.
Traceback:
/usr/lib/python3.12/importlib/__init__.py:90: in import_module
    return _bootstrap._gcd_import(name[level:], package, level)
           ^^^^^^^^^^^^^^^^^^^^^^^^^^^^^^^^^^^^^^^^^^^^^^^^^^^^
tests/test_policy_plane_evaluations.py:2: in <module>
    from app.policy_plane.evaluations import PolicyEvaluationEngine
E   ImportError: cannot import name 'PolicyEvaluationEngine' from 'app.policy_plane.evaluations' (/app/app/policy_plane/evaluations.py)
________ ERROR collecting tests/test_policy_plane_exceptions_tokens.py _________
ImportError while importing test module '/app/tests/test_policy_plane_exceptions_tokens.py'.
Hint: make sure your test modules/packages have valid Python names.
Traceback:
/usr/lib/python3.12/importlib/__init__.py:90: in import_module
    return _bootstrap._gcd_import(name[level:], package, level)
           ^^^^^^^^^^^^^^^^^^^^^^^^^^^^^^^^^^^^^^^^^^^^^^^^^^^^
tests/test_policy_plane_exceptions_tokens.py:2: in <module>
    from app.policy_plane.exceptions_tokens import issue_scoped_exception
app/policy_plane/exceptions_tokens.py:1: in <module>
    from app.policy_plane.models import PolicyExceptionRecord
app/policy_plane/models.py:1: in <module>
    from pydantic import BaseModel, Field
E   ModuleNotFoundError: No module named 'pydantic'
____________ ERROR collecting tests/test_policy_plane_invariants.py ____________
ImportError while importing test module '/app/tests/test_policy_plane_invariants.py'.
Hint: make sure your test modules/packages have valid Python names.
Traceback:
/usr/lib/python3.12/importlib/__init__.py:90: in import_module
    return _bootstrap._gcd_import(name[level:], package, level)
           ^^^^^^^^^^^^^^^^^^^^^^^^^^^^^^^^^^^^^^^^^^^^^^^^^^^^
tests/test_policy_plane_invariants.py:2: in <module>
    from app.policy_plane.invariants import (
app/policy_plane/invariants.py:1: in <module>
    from app.policy_plane.models import PolicyInvariant
app/policy_plane/models.py:1: in <module>
    from pydantic import BaseModel, Field
E   ModuleNotFoundError: No module named 'pydantic'
____________ ERROR collecting tests/test_policy_plane_manifests.py _____________
ImportError while importing test module '/app/tests/test_policy_plane_manifests.py'.
Hint: make sure your test modules/packages have valid Python names.
Traceback:
/usr/lib/python3.12/importlib/__init__.py:90: in import_module
    return _bootstrap._gcd_import(name[level:], package, level)
           ^^^^^^^^^^^^^^^^^^^^^^^^^^^^^^^^^^^^^^^^^^^^^^^^^^^^
tests/test_policy_plane_manifests.py:2: in <module>
    from app.policy_plane.manifests import generate_manifest
app/policy_plane/manifests.py:1: in <module>
    from app.policy_plane.models import PolicyArtifactManifest
app/policy_plane/models.py:1: in <module>
    from pydantic import BaseModel, Field
E   ModuleNotFoundError: No module named 'pydantic'
___________ ERROR collecting tests/test_policy_plane_obligations.py ____________
ImportError while importing test module '/app/tests/test_policy_plane_obligations.py'.
Hint: make sure your test modules/packages have valid Python names.
Traceback:
/usr/lib/python3.12/importlib/__init__.py:90: in import_module
    return _bootstrap._gcd_import(name[level:], package, level)
           ^^^^^^^^^^^^^^^^^^^^^^^^^^^^^^^^^^^^^^^^^^^^^^^^^^^^
tests/test_policy_plane_obligations.py:2: in <module>
    from app.policy_plane.obligations import (
app/policy_plane/obligations.py:1: in <module>
    from app.policy_plane.models import PolicyObligation
app/policy_plane/models.py:1: in <module>
    from pydantic import BaseModel, Field
E   ModuleNotFoundError: No module named 'pydantic'
____________ ERROR collecting tests/test_policy_plane_precedence.py ____________
ImportError while importing test module '/app/tests/test_policy_plane_precedence.py'.
Hint: make sure your test modules/packages have valid Python names.
Traceback:
/usr/lib/python3.12/importlib/__init__.py:90: in import_module
    return _bootstrap._gcd_import(name[level:], package, level)
           ^^^^^^^^^^^^^^^^^^^^^^^^^^^^^^^^^^^^^^^^^^^^^^^^^^^^
tests/test_policy_plane_precedence.py:2: in <module>
    from app.policy_plane.models import PolicyRule
app/policy_plane/models.py:1: in <module>
    from pydantic import BaseModel, Field
E   ModuleNotFoundError: No module named 'pydantic'
_____________ ERROR collecting tests/test_policy_plane_quality.py ______________
ImportError while importing test module '/app/tests/test_policy_plane_quality.py'.
Hint: make sure your test modules/packages have valid Python names.
Traceback:
/usr/lib/python3.12/importlib/__init__.py:90: in import_module
    return _bootstrap._gcd_import(name[level:], package, level)
           ^^^^^^^^^^^^^^^^^^^^^^^^^^^^^^^^^^^^^^^^^^^^^^^^^^^^
tests/test_policy_plane_quality.py:3: in <module>
    from app.policy_plane.models import PolicyDefinition
app/policy_plane/models.py:1: in <module>
    from pydantic import BaseModel, Field
E   ModuleNotFoundError: No module named 'pydantic'
_____________ ERROR collecting tests/test_policy_plane_registry.py _____________
ImportError while importing test module '/app/tests/test_policy_plane_registry.py'.
Hint: make sure your test modules/packages have valid Python names.
Traceback:
/usr/lib/python3.12/importlib/__init__.py:90: in import_module
    return _bootstrap._gcd_import(name[level:], package, level)
           ^^^^^^^^^^^^^^^^^^^^^^^^^^^^^^^^^^^^^^^^^^^^^^^^^^^^
tests/test_policy_plane_registry.py:2: in <module>
    from app.policy_plane.registry import registry
app/policy_plane/registry.py:2: in <module>
    from app.policy_plane.models import PolicyDefinition
app/policy_plane/models.py:1: in <module>
    from pydantic import BaseModel, Field
E   ModuleNotFoundError: No module named 'pydantic'
____________ ERROR collecting tests/test_policy_plane_resources.py _____________
ImportError while importing test module '/app/tests/test_policy_plane_resources.py'.
Hint: make sure your test modules/packages have valid Python names.
Traceback:
/usr/lib/python3.12/importlib/__init__.py:90: in import_module
    return _bootstrap._gcd_import(name[level:], package, level)
           ^^^^^^^^^^^^^^^^^^^^^^^^^^^^^^^^^^^^^^^^^^^^^^^^^^^^
tests/test_policy_plane_resources.py:2: in <module>
    from app.policy_plane.resources import (
app/policy_plane/resources.py:1: in <module>
    from app.policy_plane.models import PolicyResource
app/policy_plane/models.py:1: in <module>
    from pydantic import BaseModel, Field
E   ModuleNotFoundError: No module named 'pydantic'
______________ ERROR collecting tests/test_policy_plane_rules.py _______________
ImportError while importing test module '/app/tests/test_policy_plane_rules.py'.
Hint: make sure your test modules/packages have valid Python names.
Traceback:
/usr/lib/python3.12/importlib/__init__.py:90: in import_module
    return _bootstrap._gcd_import(name[level:], package, level)
           ^^^^^^^^^^^^^^^^^^^^^^^^^^^^^^^^^^^^^^^^^^^^^^^^^^^^
tests/test_policy_plane_rules.py:2: in <module>
    from app.policy_plane.rules import (
app/policy_plane/rules.py:1: in <module>
    from app.policy_plane.models import PolicyRule
app/policy_plane/models.py:1: in <module>
    from pydantic import BaseModel, Field
E   ModuleNotFoundError: No module named 'pydantic'
_____________ ERROR collecting tests/test_policy_plane_storage.py ______________
ImportError while importing test module '/app/tests/test_policy_plane_storage.py'.
Hint: make sure your test modules/packages have valid Python names.
Traceback:
/usr/lib/python3.12/importlib/__init__.py:90: in import_module
    return _bootstrap._gcd_import(name[level:], package, level)
           ^^^^^^^^^^^^^^^^^^^^^^^^^^^^^^^^^^^^^^^^^^^^^^^^^^^^
tests/test_policy_plane_storage.py:2: in <module>
    from app.policy_plane.repository import PolicyRepository
app/policy_plane/repository.py:2: in <module>
    from app.policy_plane.models import PolicyDefinition
app/policy_plane/models.py:1: in <module>
    from pydantic import BaseModel, Field
E   ModuleNotFoundError: No module named 'pydantic'
_____________ ERROR collecting tests/test_policy_plane_subjects.py _____________
ImportError while importing test module '/app/tests/test_policy_plane_subjects.py'.
Hint: make sure your test modules/packages have valid Python names.
Traceback:
/usr/lib/python3.12/importlib/__init__.py:90: in import_module
    return _bootstrap._gcd_import(name[level:], package, level)
           ^^^^^^^^^^^^^^^^^^^^^^^^^^^^^^^^^^^^^^^^^^^^^^^^^^^^
tests/test_policy_plane_subjects.py:2: in <module>
    from app.policy_plane.subjects import create_human_operator, create_workflow_job
E   ImportError: cannot import name 'create_human_operator' from 'app.policy_plane.subjects' (/app/app/policy_plane/subjects.py)
_____________ ERROR collecting tests/test_policy_plane_temporal.py _____________
ImportError while importing test module '/app/tests/test_policy_plane_temporal.py'.
Hint: make sure your test modules/packages have valid Python names.
Traceback:
/usr/lib/python3.12/importlib/__init__.py:90: in import_module
    return _bootstrap._gcd_import(name[level:], package, level)
           ^^^^^^^^^^^^^^^^^^^^^^^^^^^^^^^^^^^^^^^^^^^^^^^^^^^^
tests/test_policy_plane_temporal.py:2: in <module>
    from app.policy_plane.temporal import is_policy_active
app/policy_plane/temporal.py:2: in <module>
    from app.policy_plane.models import PolicyDefinition
app/policy_plane/models.py:1: in <module>
    from pydantic import BaseModel, Field
E   ModuleNotFoundError: No module named 'pydantic'
______________ ERROR collecting tests/test_policy_plane_trust.py _______________
ImportError while importing test module '/app/tests/test_policy_plane_trust.py'.
Hint: make sure your test modules/packages have valid Python names.
Traceback:
/usr/lib/python3.12/importlib/__init__.py:90: in import_module
    return _bootstrap._gcd_import(name[level:], package, level)
           ^^^^^^^^^^^^^^^^^^^^^^^^^^^^^^^^^^^^^^^^^^^^^^^^^^^^
tests/test_policy_plane_trust.py:2: in <module>
    from app.policy_plane.trust import evaluate_system_trust
app/policy_plane/trust.py:1: in <module>
    from app.policy_plane.models import PolicyTrustVerdict
app/policy_plane/models.py:1: in <module>
    from pydantic import BaseModel, Field
E   ModuleNotFoundError: No module named 'pydantic'
_____________ ERROR collecting tests/test_policy_plane_verdicts.py _____________
ImportError while importing test module '/app/tests/test_policy_plane_verdicts.py'.
Hint: make sure your test modules/packages have valid Python names.
Traceback:
/usr/lib/python3.12/importlib/__init__.py:90: in import_module
    return _bootstrap._gcd_import(name[level:], package, level)
           ^^^^^^^^^^^^^^^^^^^^^^^^^^^^^^^^^^^^^^^^^^^^^^^^^^^^
tests/test_policy_plane_verdicts.py:2: in <module>
    from app.policy_plane.verdicts import create_allow_verdict, create_deny_verdict
app/policy_plane/verdicts.py:1: in <module>
    from app.policy_plane.models import PolicyVerdict
app/policy_plane/models.py:1: in <module>
    from pydantic import BaseModel, Field
E   ModuleNotFoundError: No module named 'pydantic'
_____________ ERROR collecting tests/test_policy_plane_waivers.py ______________
ImportError while importing test module '/app/tests/test_policy_plane_waivers.py'.
Hint: make sure your test modules/packages have valid Python names.
Traceback:
/usr/lib/python3.12/importlib/__init__.py:90: in import_module
    return _bootstrap._gcd_import(name[level:], package, level)
           ^^^^^^^^^^^^^^^^^^^^^^^^^^^^^^^^^^^^^^^^^^^^^^^^^^^^
tests/test_policy_plane_waivers.py:2: in <module>
    from app.policy_plane.waivers import request_waiver, approve_waiver
app/policy_plane/waivers.py:1: in <module>
    from app.policy_plane.models import PolicyWaiverRecord
app/policy_plane/models.py:1: in <module>
    from pydantic import BaseModel, Field
E   ModuleNotFoundError: No module named 'pydantic'
_______________ ERROR collecting tests/test_policy_precedence.py _______________
ImportError while importing test module '/app/tests/test_policy_precedence.py'.
Hint: make sure your test modules/packages have valid Python names.
Traceback:
/usr/lib/python3.12/importlib/__init__.py:90: in import_module
    return _bootstrap._gcd_import(name[level:], package, level)
           ^^^^^^^^^^^^^^^^^^^^^^^^^^^^^^^^^^^^^^^^^^^^^^^^^^^^
tests/test_policy_precedence.py:2: in <module>
    from app.policy_kernel.models import PolicyDecisionNode
app/policy_kernel/__init__.py:2: in <module>
    from app.policy_kernel.context import assemble_policy_context
E   ImportError: cannot import name 'assemble_policy_context' from 'app.policy_kernel.context' (/app/app/policy_kernel/context.py)
_________________ ERROR collecting tests/test_policy_proofs.py _________________
ImportError while importing test module '/app/tests/test_policy_proofs.py'.
Hint: make sure your test modules/packages have valid Python names.
Traceback:
/usr/lib/python3.12/importlib/__init__.py:90: in import_module
    return _bootstrap._gcd_import(name[level:], package, level)
           ^^^^^^^^^^^^^^^^^^^^^^^^^^^^^^^^^^^^^^^^^^^^^^^^^^^^
tests/test_policy_proofs.py:3: in <module>
    from app.policy_kernel.models import (
app/policy_kernel/__init__.py:2: in <module>
    from app.policy_kernel.context import assemble_policy_context
E   ImportError: cannot import name 'assemble_policy_context' from 'app.policy_kernel.context' (/app/app/policy_kernel/context.py)
_________________ ERROR collecting tests/test_policy_rules.py __________________
ImportError while importing test module '/app/tests/test_policy_rules.py'.
Hint: make sure your test modules/packages have valid Python names.
Traceback:
/usr/lib/python3.12/importlib/__init__.py:90: in import_module
    return _bootstrap._gcd_import(name[level:], package, level)
           ^^^^^^^^^^^^^^^^^^^^^^^^^^^^^^^^^^^^^^^^^^^^^^^^^^^^
tests/test_policy_rules.py:3: in <module>
    from app.policy_kernel.models import PolicyRule, PolicyRuleVersion
app/policy_kernel/__init__.py:2: in <module>
    from app.policy_kernel.context import assemble_policy_context
E   ImportError: cannot import name 'assemble_policy_context' from 'app.policy_kernel.context' (/app/app/policy_kernel/context.py)
________________ ERROR collecting tests/test_policy_storage.py _________________
ImportError while importing test module '/app/tests/test_policy_storage.py'.
Hint: make sure your test modules/packages have valid Python names.
Traceback:
/usr/lib/python3.12/importlib/__init__.py:90: in import_module
    return _bootstrap._gcd_import(name[level:], package, level)
           ^^^^^^^^^^^^^^^^^^^^^^^^^^^^^^^^^^^^^^^^^^^^^^^^^^^^
tests/test_policy_storage.py:2: in <module>
    from app.policy_kernel.storage import store_decision, get_decision
app/policy_kernel/__init__.py:2: in <module>
    from app.policy_kernel.context import assemble_policy_context
E   ImportError: cannot import name 'assemble_policy_context' from 'app.policy_kernel.context' (/app/app/policy_kernel/context.py)
________________ ERROR collecting tests/test_policy_waivers.py _________________
ImportError while importing test module '/app/tests/test_policy_waivers.py'.
Hint: make sure your test modules/packages have valid Python names.
Traceback:
/usr/lib/python3.12/importlib/__init__.py:90: in import_module
    return _bootstrap._gcd_import(name[level:], package, level)
           ^^^^^^^^^^^^^^^^^^^^^^^^^^^^^^^^^^^^^^^^^^^^^^^^^^^^
tests/test_policy_waivers.py:3: in <module>
    from app.policy_kernel.models import PolicyWaiverDecision
app/policy_kernel/__init__.py:2: in <module>
    from app.policy_kernel.context import assemble_policy_context
E   ImportError: cannot import name 'assemble_policy_context' from 'app.policy_kernel.context' (/app/app/policy_kernel/context.py)
______________ ERROR collecting tests/test_portfolio_allocator.py ______________
ImportError while importing test module '/app/tests/test_portfolio_allocator.py'.
Hint: make sure your test modules/packages have valid Python names.
Traceback:
/usr/lib/python3.12/importlib/__init__.py:90: in import_module
    return _bootstrap._gcd_import(name[level:], package, level)
           ^^^^^^^^^^^^^^^^^^^^^^^^^^^^^^^^^^^^^^^^^^^^^^^^^^^^
tests/test_portfolio_allocator.py:4: in <module>
    from app.portfolio.models import (
app/portfolio/models.py:2: in <module>
    from pydantic import BaseModel, Field
E   ModuleNotFoundError: No module named 'pydantic'
_____________ ERROR collecting tests/test_portfolio_attribution.py _____________
ImportError while importing test module '/app/tests/test_portfolio_attribution.py'.
Hint: make sure your test modules/packages have valid Python names.
Traceback:
/usr/lib/python3.12/importlib/__init__.py:90: in import_module
    return _bootstrap._gcd_import(name[level:], package, level)
           ^^^^^^^^^^^^^^^^^^^^^^^^^^^^^^^^^^^^^^^^^^^^^^^^^^^^
tests/test_portfolio_attribution.py:2: in <module>
    from app.analytics.portfolio_attribution import PortfolioAttributionAnalyzer
E   ImportError: cannot import name 'PortfolioAttributionAnalyzer' from 'app.analytics.portfolio_attribution' (/app/app/analytics/portfolio_attribution.py)
_______________ ERROR collecting tests/test_portfolio_budgets.py _______________
ImportError while importing test module '/app/tests/test_portfolio_budgets.py'.
Hint: make sure your test modules/packages have valid Python names.
Traceback:
/usr/lib/python3.12/importlib/__init__.py:90: in import_module
    return _bootstrap._gcd_import(name[level:], package, level)
           ^^^^^^^^^^^^^^^^^^^^^^^^^^^^^^^^^^^^^^^^^^^^^^^^^^^^
tests/test_portfolio_budgets.py:3: in <module>
    from app.portfolio.models import PortfolioConfig
app/portfolio/models.py:2: in <module>
    from pydantic import BaseModel, Field
E   ModuleNotFoundError: No module named 'pydantic'
____________ ERROR collecting tests/test_portfolio_concentration.py ____________
ImportError while importing test module '/app/tests/test_portfolio_concentration.py'.
Hint: make sure your test modules/packages have valid Python names.
Traceback:
/usr/lib/python3.12/importlib/__init__.py:90: in import_module
    return _bootstrap._gcd_import(name[level:], package, level)
           ^^^^^^^^^^^^^^^^^^^^^^^^^^^^^^^^^^^^^^^^^^^^^^^^^^^^
tests/test_portfolio_concentration.py:3: in <module>
    from app.portfolio.models import (
app/portfolio/models.py:2: in <module>
    from pydantic import BaseModel, Field
E   ModuleNotFoundError: No module named 'pydantic'
_____________ ERROR collecting tests/test_portfolio_correlation.py _____________
ImportError while importing test module '/app/tests/test_portfolio_correlation.py'.
Hint: make sure your test modules/packages have valid Python names.
Traceback:
/usr/lib/python3.12/importlib/__init__.py:90: in import_module
    return _bootstrap._gcd_import(name[level:], package, level)
           ^^^^^^^^^^^^^^^^^^^^^^^^^^^^^^^^^^^^^^^^^^^^^^^^^^^^
tests/test_portfolio_correlation.py:3: in <module>
    from app.portfolio.correlation import CorrelationEstimator
app/portfolio/correlation.py:3: in <module>
    from app.portfolio.models import CorrelationSnapshot
app/portfolio/models.py:2: in <module>
    from pydantic import BaseModel, Field
E   ModuleNotFoundError: No module named 'pydantic'
_______________ ERROR collecting tests/test_portfolio_engine.py ________________
ImportError while importing test module '/app/tests/test_portfolio_engine.py'.
Hint: make sure your test modules/packages have valid Python names.
Traceback:
/usr/lib/python3.12/importlib/__init__.py:90: in import_module
    return _bootstrap._gcd_import(name[level:], package, level)
           ^^^^^^^^^^^^^^^^^^^^^^^^^^^^^^^^^^^^^^^^^^^^^^^^^^^^
tests/test_portfolio_engine.py:4: in <module>
    from app.portfolio.models import (
app/portfolio/models.py:2: in <module>
    from pydantic import BaseModel, Field
E   ModuleNotFoundError: No module named 'pydantic'
_______________ ERROR collecting tests/test_portfolio_explain.py _______________
ImportError while importing test module '/app/tests/test_portfolio_explain.py'.
Hint: make sure your test modules/packages have valid Python names.
Traceback:
/usr/lib/python3.12/importlib/__init__.py:90: in import_module
    return _bootstrap._gcd_import(name[level:], package, level)
           ^^^^^^^^^^^^^^^^^^^^^^^^^^^^^^^^^^^^^^^^^^^^^^^^^^^^
tests/test_portfolio_explain.py:4: in <module>
    from app.portfolio.models import (
app/portfolio/models.py:2: in <module>
    from pydantic import BaseModel, Field
E   ModuleNotFoundError: No module named 'pydantic'
_______________ ERROR collecting tests/test_portfolio_netting.py _______________
ImportError while importing test module '/app/tests/test_portfolio_netting.py'.
Hint: make sure your test modules/packages have valid Python names.
Traceback:
/usr/lib/python3.12/importlib/__init__.py:90: in import_module
    return _bootstrap._gcd_import(name[level:], package, level)
           ^^^^^^^^^^^^^^^^^^^^^^^^^^^^^^^^^^^^^^^^^^^^^^^^^^^^
tests/test_portfolio_netting.py:4: in <module>
    from app.portfolio.models import (
app/portfolio/models.py:2: in <module>
    from pydantic import BaseModel, Field
E   ModuleNotFoundError: No module named 'pydantic'
_______________ ERROR collecting tests/test_portfolio_overlap.py _______________
ImportError while importing test module '/app/tests/test_portfolio_overlap.py'.
Hint: make sure your test modules/packages have valid Python names.
Traceback:
/usr/lib/python3.12/importlib/__init__.py:90: in import_module
    return _bootstrap._gcd_import(name[level:], package, level)
           ^^^^^^^^^^^^^^^^^^^^^^^^^^^^^^^^^^^^^^^^^^^^^^^^^^^^
tests/test_portfolio_overlap.py:4: in <module>
    from app.portfolio.models import (
app/portfolio/models.py:2: in <module>
    from pydantic import BaseModel, Field
E   ModuleNotFoundError: No module named 'pydantic'
______________ ERROR collecting tests/test_portfolio_policies.py _______________
ImportError while importing test module '/app/tests/test_portfolio_policies.py'.
Hint: make sure your test modules/packages have valid Python names.
Traceback:
/usr/lib/python3.12/importlib/__init__.py:90: in import_module
    return _bootstrap._gcd_import(name[level:], package, level)
           ^^^^^^^^^^^^^^^^^^^^^^^^^^^^^^^^^^^^^^^^^^^^^^^^^^^^
tests/test_portfolio_policies.py:3: in <module>
    from app.portfolio.models import (
app/portfolio/models.py:2: in <module>
    from pydantic import BaseModel, Field
E   ModuleNotFoundError: No module named 'pydantic'
_______________ ERROR collecting tests/test_portfolio_ranking.py _______________
ImportError while importing test module '/app/tests/test_portfolio_ranking.py'.
Hint: make sure your test modules/packages have valid Python names.
Traceback:
/usr/lib/python3.12/importlib/__init__.py:90: in import_module
    return _bootstrap._gcd_import(name[level:], package, level)
           ^^^^^^^^^^^^^^^^^^^^^^^^^^^^^^^^^^^^^^^^^^^^^^^^^^^^
tests/test_portfolio_ranking.py:3: in <module>
    from app.backtest.models import SimulatedOrderIntent
app/backtest/models.py:2: in <module>
    from pydantic import BaseModel, Field
E   ModuleNotFoundError: No module named 'pydantic'
_______________ ERROR collecting tests/test_portfolio_sleeves.py _______________
ImportError while importing test module '/app/tests/test_portfolio_sleeves.py'.
Hint: make sure your test modules/packages have valid Python names.
Traceback:
/usr/lib/python3.12/importlib/__init__.py:90: in import_module
    return _bootstrap._gcd_import(name[level:], package, level)
           ^^^^^^^^^^^^^^^^^^^^^^^^^^^^^^^^^^^^^^^^^^^^^^^^^^^^
tests/test_portfolio_sleeves.py:3: in <module>
    from app.portfolio.models import (
app/portfolio/models.py:2: in <module>
    from pydantic import BaseModel, Field
E   ModuleNotFoundError: No module named 'pydantic'
_______________ ERROR collecting tests/test_portfolio_storage.py _______________
ImportError while importing test module '/app/tests/test_portfolio_storage.py'.
Hint: make sure your test modules/packages have valid Python names.
Traceback:
/usr/lib/python3.12/importlib/__init__.py:90: in import_module
    return _bootstrap._gcd_import(name[level:], package, level)
           ^^^^^^^^^^^^^^^^^^^^^^^^^^^^^^^^^^^^^^^^^^^^^^^^^^^^
tests/test_portfolio_storage.py:4: in <module>
    from app.portfolio.models import (
app/portfolio/models.py:2: in <module>
    from pydantic import BaseModel, Field
E   ModuleNotFoundError: No module named 'pydantic'
________________ ERROR collecting tests/test_position_modes.py _________________
ImportError while importing test module '/app/tests/test_position_modes.py'.
Hint: make sure your test modules/packages have valid Python names.
Traceback:
/usr/lib/python3.12/importlib/__init__.py:90: in import_module
    return _bootstrap._gcd_import(name[level:], package, level)
           ^^^^^^^^^^^^^^^^^^^^^^^^^^^^^^^^^^^^^^^^^^^^^^^^^^^^
tests/test_position_modes.py:2: in <module>
    from app.products.registry import ProductRegistry
app/products/registry.py:3: in <module>
    from .models import (
app/products/models.py:1: in <module>
    from pydantic import BaseModel, Field
E   ModuleNotFoundError: No module named 'pydantic'
___________ ERROR collecting tests/test_position_plane_cost_basis.py ___________
ImportError while importing test module '/app/tests/test_position_plane_cost_basis.py'.
Hint: make sure your test modules/packages have valid Python names.
Traceback:
/usr/lib/python3.12/importlib/__init__.py:90: in import_module
    return _bootstrap._gcd_import(name[level:], package, level)
           ^^^^^^^^^^^^^^^^^^^^^^^^^^^^^^^^^^^^^^^^^^^^^^^^^^^^
tests/test_position_plane_cost_basis.py:3: in <module>
    from app.position_plane.lots import LotManager
app/position_plane/lots.py:6: in <module>
    from app.position_plane.models import PositionLot
app/position_plane/models.py:1: in <module>
    from pydantic import BaseModel, Field
E   ModuleNotFoundError: No module named 'pydantic'
___________ ERROR collecting tests/test_position_plane_exposures.py ____________
ImportError while importing test module '/app/tests/test_position_plane_exposures.py'.
Hint: make sure your test modules/packages have valid Python names.
Traceback:
/usr/lib/python3.12/importlib/__init__.py:90: in import_module
    return _bootstrap._gcd_import(name[level:], package, level)
           ^^^^^^^^^^^^^^^^^^^^^^^^^^^^^^^^^^^^^^^^^^^^^^^^^^^^
tests/test_position_plane_exposures.py:3: in <module>
    from app.position_plane.exposures import ExposureCalculator
app/position_plane/exposures.py:4: in <module>
    from app.position_plane.models import PositionState, PositionExposureView
app/position_plane/models.py:1: in <module>
    from pydantic import BaseModel, Field
E   ModuleNotFoundError: No module named 'pydantic'
___________ ERROR collecting tests/test_position_plane_lifecycle.py ____________
ImportError while importing test module '/app/tests/test_position_plane_lifecycle.py'.
Hint: make sure your test modules/packages have valid Python names.
Traceback:
/usr/lib/python3.12/importlib/__init__.py:90: in import_module
    return _bootstrap._gcd_import(name[level:], package, level)
           ^^^^^^^^^^^^^^^^^^^^^^^^^^^^^^^^^^^^^^^^^^^^^^^^^^^^
tests/test_position_plane_lifecycle.py:3: in <module>
    from app.position_plane.lifecycle import LifecycleManager
app/position_plane/lifecycle.py:7: in <module>
    from app.position_plane.models import PositionState, PositionLifecycleEvent
app/position_plane/models.py:1: in <module>
    from pydantic import BaseModel, Field
E   ModuleNotFoundError: No module named 'pydantic'
______________ ERROR collecting tests/test_position_plane_lots.py ______________
ImportError while importing test module '/app/tests/test_position_plane_lots.py'.
Hint: make sure your test modules/packages have valid Python names.
Traceback:
/usr/lib/python3.12/importlib/__init__.py:90: in import_module
    return _bootstrap._gcd_import(name[level:], package, level)
           ^^^^^^^^^^^^^^^^^^^^^^^^^^^^^^^^^^^^^^^^^^^^^^^^^^^^
tests/test_position_plane_lots.py:3: in <module>
    from app.position_plane.lots import LotManager
app/position_plane/lots.py:6: in <module>
    from app.position_plane.models import PositionLot
app/position_plane/models.py:1: in <module>
    from pydantic import BaseModel, Field
E   ModuleNotFoundError: No module named 'pydantic'
______________ ERROR collecting tests/test_position_plane_pnl.py _______________
ImportError while importing test module '/app/tests/test_position_plane_pnl.py'.
Hint: make sure your test modules/packages have valid Python names.
Traceback:
/usr/lib/python3.12/importlib/__init__.py:90: in import_module
    return _bootstrap._gcd_import(name[level:], package, level)
           ^^^^^^^^^^^^^^^^^^^^^^^^^^^^^^^^^^^^^^^^^^^^^^^^^^^^
tests/test_position_plane_pnl.py:3: in <module>
    from app.position_plane.pnl import PnLOrchestrator
app/position_plane/pnl.py:6: in <module>
    from app.performance_plane.models import PerformanceWindow, ReturnSurface
app/performance_plane/models.py:1: in <module>
    from pydantic import BaseModel, Field
E   ModuleNotFoundError: No module named 'pydantic'
_____________ ERROR collecting tests/test_position_plane_states.py _____________
ImportError while importing test module '/app/tests/test_position_plane_states.py'.
Hint: make sure your test modules/packages have valid Python names.
Traceback:
/usr/lib/python3.12/importlib/__init__.py:90: in import_module
    return _bootstrap._gcd_import(name[level:], package, level)
           ^^^^^^^^^^^^^^^^^^^^^^^^^^^^^^^^^^^^^^^^^^^^^^^^^^^^
tests/test_position_plane_states.py:4: in <module>
    from app.position_plane.states import PositionStateManager
app/position_plane/states.py:5: in <module>
    from app.position_plane.models import PositionState
app/position_plane/models.py:1: in <module>
    from pydantic import BaseModel, Field
E   ModuleNotFoundError: No module named 'pydantic'
________ ERROR collecting tests/test_postmortem_plane_causal_chains.py _________
ImportError while importing test module '/app/tests/test_postmortem_plane_causal_chains.py'.
Hint: make sure your test modules/packages have valid Python names.
Traceback:
/usr/lib/python3.12/importlib/__init__.py:90: in import_module
    return _bootstrap._gcd_import(name[level:], package, level)
           ^^^^^^^^^^^^^^^^^^^^^^^^^^^^^^^^^^^^^^^^^^^^^^^^^^^^
tests/test_postmortem_plane_causal_chains.py:2: in <module>
    from app.postmortem_plane.causal_chains import CausalChainBuilder
app/postmortem_plane/causal_chains.py:2: in <module>
    from app.postmortem_plane.models import CausalChain, CausalNode
app/postmortem_plane/models.py:1: in <module>
    from pydantic import BaseModel, Field
E   ModuleNotFoundError: No module named 'pydantic'
___________ ERROR collecting tests/test_postmortem_plane_closure.py ____________
ImportError while importing test module '/app/tests/test_postmortem_plane_closure.py'.
Hint: make sure your test modules/packages have valid Python names.
Traceback:
/usr/lib/python3.12/importlib/__init__.py:90: in import_module
    return _bootstrap._gcd_import(name[level:], package, level)
           ^^^^^^^^^^^^^^^^^^^^^^^^^^^^^^^^^^^^^^^^^^^^^^^^^^^^
tests/test_postmortem_plane_closure.py:3: in <module>
    from app.postmortem_plane.closure import PostmortemClosureGovernance
app/postmortem_plane/closure.py:3: in <module>
    from app.postmortem_plane.models import PostmortemClosureRecord, PostmortemDefinition
app/postmortem_plane/models.py:1: in <module>
    from pydantic import BaseModel, Field
E   ModuleNotFoundError: No module named 'pydantic'
_________ ERROR collecting tests/test_postmortem_plane_contributors.py _________
ImportError while importing test module '/app/tests/test_postmortem_plane_contributors.py'.
Hint: make sure your test modules/packages have valid Python names.
Traceback:
/usr/lib/python3.12/importlib/__init__.py:90: in import_module
    return _bootstrap._gcd_import(name[level:], package, level)
           ^^^^^^^^^^^^^^^^^^^^^^^^^^^^^^^^^^^^^^^^^^^^^^^^^^^^
tests/test_postmortem_plane_contributors.py:2: in <module>
    from app.postmortem_plane.contributors import ContributorTaxonomy
E   ImportError: cannot import name 'ContributorTaxonomy' from 'app.postmortem_plane.contributors' (/app/app/postmortem_plane/contributors.py)
______ ERROR collecting tests/test_postmortem_plane_corrective_actions.py ______
ImportError while importing test module '/app/tests/test_postmortem_plane_corrective_actions.py'.
Hint: make sure your test modules/packages have valid Python names.
Traceback:
/usr/lib/python3.12/importlib/__init__.py:90: in import_module
    return _bootstrap._gcd_import(name[level:], package, level)
           ^^^^^^^^^^^^^^^^^^^^^^^^^^^^^^^^^^^^^^^^^^^^^^^^^^^^
tests/test_postmortem_plane_corrective_actions.py:3: in <module>
    from app.postmortem_plane.corrective_actions import CorrectiveActionRegistry
app/postmortem_plane/corrective_actions.py:3: in <module>
    from app.postmortem_plane.models import CorrectiveAction, ActionVerificationRecord
app/postmortem_plane/models.py:1: in <module>
    from pydantic import BaseModel, Field
E   ModuleNotFoundError: No module named 'pydantic'
_____________ ERROR collecting tests/test_postmortem_plane_debt.py _____________
ImportError while importing test module '/app/tests/test_postmortem_plane_debt.py'.
Hint: make sure your test modules/packages have valid Python names.
Traceback:
/usr/lib/python3.12/importlib/__init__.py:90: in import_module
    return _bootstrap._gcd_import(name[level:], package, level)
           ^^^^^^^^^^^^^^^^^^^^^^^^^^^^^^^^^^^^^^^^^^^^^^^^^^^^
tests/test_postmortem_plane_debt.py:2: in <module>
    from app.postmortem_plane.debt import RemediationDebtTracker
E   ImportError: cannot import name 'RemediationDebtTracker' from 'app.postmortem_plane.debt' (/app/app/postmortem_plane/debt.py)
__________ ERROR collecting tests/test_postmortem_plane_divergence.py __________
ImportError while importing test module '/app/tests/test_postmortem_plane_divergence.py'.
Hint: make sure your test modules/packages have valid Python names.
Traceback:
/usr/lib/python3.12/importlib/__init__.py:90: in import_module
    return _bootstrap._gcd_import(name[level:], package, level)
           ^^^^^^^^^^^^^^^^^^^^^^^^^^^^^^^^^^^^^^^^^^^^^^^^^^^^
tests/test_postmortem_plane_divergence.py:2: in <module>
    from app.postmortem_plane.divergence import PostmortemDivergenceEvaluator
app/postmortem_plane/divergence.py:2: in <module>
    from app.postmortem_plane.models import PostmortemDivergenceReport
app/postmortem_plane/models.py:1: in <module>
    from pydantic import BaseModel, Field
E   ModuleNotFoundError: No module named 'pydantic'
________ ERROR collecting tests/test_postmortem_plane_effectiveness.py _________
ImportError while importing test module '/app/tests/test_postmortem_plane_effectiveness.py'.
Hint: make sure your test modules/packages have valid Python names.
Traceback:
/usr/lib/python3.12/importlib/__init__.py:90: in import_module
    return _bootstrap._gcd_import(name[level:], package, level)
           ^^^^^^^^^^^^^^^^^^^^^^^^^^^^^^^^^^^^^^^^^^^^^^^^^^^^
tests/test_postmortem_plane_effectiveness.py:2: in <module>
    from app.postmortem_plane.effectiveness import EffectivenessEvaluator
app/postmortem_plane/effectiveness.py:1: in <module>
    from app.postmortem_plane.models import ActionVerificationRecord
app/postmortem_plane/models.py:1: in <module>
    from pydantic import BaseModel, Field
E   ModuleNotFoundError: No module named 'pydantic'
_________ ERROR collecting tests/test_postmortem_plane_equivalence.py __________
ImportError while importing test module '/app/tests/test_postmortem_plane_equivalence.py'.
Hint: make sure your test modules/packages have valid Python names.
Traceback:
/usr/lib/python3.12/importlib/__init__.py:90: in import_module
    return _bootstrap._gcd_import(name[level:], package, level)
           ^^^^^^^^^^^^^^^^^^^^^^^^^^^^^^^^^^^^^^^^^^^^^^^^^^^^
tests/test_postmortem_plane_equivalence.py:2: in <module>
    from app.postmortem_plane.equivalence import PostmortemEquivalenceEvaluator
app/postmortem_plane/equivalence.py:2: in <module>
    from app.postmortem_plane.models import PostmortemEquivalenceReport, PostmortemDefinition
app/postmortem_plane/models.py:1: in <module>
    from pydantic import BaseModel, Field
E   ModuleNotFoundError: No module named 'pydantic'
___________ ERROR collecting tests/test_postmortem_plane_evidence.py ___________
ImportError while importing test module '/app/tests/test_postmortem_plane_evidence.py'.
Hint: make sure your test modules/packages have valid Python names.
Traceback:
/usr/lib/python3.12/importlib/__init__.py:90: in import_module
    return _bootstrap._gcd_import(name[level:], package, level)
           ^^^^^^^^^^^^^^^^^^^^^^^^^^^^^^^^^^^^^^^^^^^^^^^^^^^^
tests/test_postmortem_plane_evidence.py:2: in <module>
    from app.postmortem_plane.evidence import EvidenceBuilder
E   ImportError: cannot import name 'EvidenceBuilder' from 'app.postmortem_plane.evidence' (/app/app/postmortem_plane/evidence.py)
__________ ERROR collecting tests/test_postmortem_plane_incidents.py ___________
ImportError while importing test module '/app/tests/test_postmortem_plane_incidents.py'.
Hint: make sure your test modules/packages have valid Python names.
Traceback:
/usr/lib/python3.12/importlib/__init__.py:90: in import_module
    return _bootstrap._gcd_import(name[level:], package, level)
           ^^^^^^^^^^^^^^^^^^^^^^^^^^^^^^^^^^^^^^^^^^^^^^^^^^^^
tests/test_postmortem_plane_incidents.py:2: in <module>
    from app.postmortem_plane.incidents import IncidentLinker
app/postmortem_plane/incidents.py:2: in <module>
    from app.postmortem_plane.models import SourceIncidentBundle
app/postmortem_plane/models.py:1: in <module>
    from pydantic import BaseModel, Field
E   ModuleNotFoundError: No module named 'pydantic'
___________ ERROR collecting tests/test_postmortem_plane_lessons.py ____________
ImportError while importing test module '/app/tests/test_postmortem_plane_lessons.py'.
Hint: make sure your test modules/packages have valid Python names.
Traceback:
/usr/lib/python3.12/importlib/__init__.py:90: in import_module
    return _bootstrap._gcd_import(name[level:], package, level)
           ^^^^^^^^^^^^^^^^^^^^^^^^^^^^^^^^^^^^^^^^^^^^^^^^^^^^
tests/test_postmortem_plane_lessons.py:2: in <module>
    from app.postmortem_plane.lessons import LessonsLearned
E   ImportError: cannot import name 'LessonsLearned' from 'app.postmortem_plane.lessons' (/app/app/postmortem_plane/lessons.py)
__________ ERROR collecting tests/test_postmortem_plane_manifests.py ___________
ImportError while importing test module '/app/tests/test_postmortem_plane_manifests.py'.
Hint: make sure your test modules/packages have valid Python names.
Traceback:
/usr/lib/python3.12/importlib/__init__.py:90: in import_module
    return _bootstrap._gcd_import(name[level:], package, level)
           ^^^^^^^^^^^^^^^^^^^^^^^^^^^^^^^^^^^^^^^^^^^^^^^^^^^^
tests/test_postmortem_plane_manifests.py:2: in <module>
    from app.postmortem_plane.manifests import PostmortemManifestBuilder
app/postmortem_plane/manifests.py:3: in <module>
    from app.postmortem_plane.models import PostmortemArtifactManifest, PostmortemDefinition
app/postmortem_plane/models.py:1: in <module>
    from pydantic import BaseModel, Field
E   ModuleNotFoundError: No module named 'pydantic'
______ ERROR collecting tests/test_postmortem_plane_preventive_actions.py ______
ImportError while importing test module '/app/tests/test_postmortem_plane_preventive_actions.py'.
Hint: make sure your test modules/packages have valid Python names.
Traceback:
/usr/lib/python3.12/importlib/__init__.py:90: in import_module
    return _bootstrap._gcd_import(name[level:], package, level)
           ^^^^^^^^^^^^^^^^^^^^^^^^^^^^^^^^^^^^^^^^^^^^^^^^^^^^
tests/test_postmortem_plane_preventive_actions.py:3: in <module>
    from app.postmortem_plane.preventive_actions import PreventiveActionRegistry
app/postmortem_plane/preventive_actions.py:3: in <module>
    from app.postmortem_plane.models import PreventiveAction
app/postmortem_plane/models.py:1: in <module>
    from pydantic import BaseModel, Field
E   ModuleNotFoundError: No module named 'pydantic'
_______ ERROR collecting tests/test_postmortem_plane_proximate_causes.py _______
ImportError while importing test module '/app/tests/test_postmortem_plane_proximate_causes.py'.
Hint: make sure your test modules/packages have valid Python names.
Traceback:
/usr/lib/python3.12/importlib/__init__.py:90: in import_module
    return _bootstrap._gcd_import(name[level:], package, level)
           ^^^^^^^^^^^^^^^^^^^^^^^^^^^^^^^^^^^^^^^^^^^^^^^^^^^^
tests/test_postmortem_plane_proximate_causes.py:2: in <module>
    from app.postmortem_plane.proximate_causes import ProximateCauseHandler
app/postmortem_plane/proximate_causes.py:2: in <module>
    from app.postmortem_plane.models import ProximateCauseRecord
app/postmortem_plane/models.py:1: in <module>
    from pydantic import BaseModel, Field
E   ModuleNotFoundError: No module named 'pydantic'
___________ ERROR collecting tests/test_postmortem_plane_quality.py ____________
ImportError while importing test module '/app/tests/test_postmortem_plane_quality.py'.
Hint: make sure your test modules/packages have valid Python names.
Traceback:
/usr/lib/python3.12/importlib/__init__.py:90: in import_module
    return _bootstrap._gcd_import(name[level:], package, level)
           ^^^^^^^^^^^^^^^^^^^^^^^^^^^^^^^^^^^^^^^^^^^^^^^^^^^^
tests/test_postmortem_plane_quality.py:2: in <module>
    from app.postmortem_plane.quality import PostmortemQualityEvaluator
app/postmortem_plane/quality.py:1: in <module>
    from app.postmortem_plane.models import PostmortemDefinition
app/postmortem_plane/models.py:1: in <module>
    from pydantic import BaseModel, Field
E   ModuleNotFoundError: No module named 'pydantic'
__________ ERROR collecting tests/test_postmortem_plane_recurrence.py __________
ImportError while importing test module '/app/tests/test_postmortem_plane_recurrence.py'.
Hint: make sure your test modules/packages have valid Python names.
Traceback:
/usr/lib/python3.12/importlib/__init__.py:90: in import_module
    return _bootstrap._gcd_import(name[level:], package, level)
           ^^^^^^^^^^^^^^^^^^^^^^^^^^^^^^^^^^^^^^^^^^^^^^^^^^^^
tests/test_postmortem_plane_recurrence.py:2: in <module>
    from app.postmortem_plane.recurrence import RecurrenceTracker
app/postmortem_plane/recurrence.py:1: in <module>
    from app.postmortem_plane.models import RecurrenceRecord
app/postmortem_plane/models.py:1: in <module>
    from pydantic import BaseModel, Field
E   ModuleNotFoundError: No module named 'pydantic'
___________ ERROR collecting tests/test_postmortem_plane_registry.py ___________
ImportError while importing test module '/app/tests/test_postmortem_plane_registry.py'.
Hint: make sure your test modules/packages have valid Python names.
Traceback:
/usr/lib/python3.12/importlib/__init__.py:90: in import_module
    return _bootstrap._gcd_import(name[level:], package, level)
           ^^^^^^^^^^^^^^^^^^^^^^^^^^^^^^^^^^^^^^^^^^^^^^^^^^^^
tests/test_postmortem_plane_registry.py:2: in <module>
    from app.postmortem_plane.registry import CanonicalPostmortemRegistry
app/postmortem_plane/registry.py:2: in <module>
    from app.postmortem_plane.base import PostmortemRegistryBase
app/postmortem_plane/base.py:3: in <module>
    from app.postmortem_plane.models import (
app/postmortem_plane/models.py:1: in <module>
    from pydantic import BaseModel, Field
E   ModuleNotFoundError: No module named 'pydantic'
____________ ERROR collecting tests/test_postmortem_plane_reopen.py ____________
ImportError while importing test module '/app/tests/test_postmortem_plane_reopen.py'.
Hint: make sure your test modules/packages have valid Python names.
Traceback:
/usr/lib/python3.12/importlib/__init__.py:90: in import_module
    return _bootstrap._gcd_import(name[level:], package, level)
           ^^^^^^^^^^^^^^^^^^^^^^^^^^^^^^^^^^^^^^^^^^^^^^^^^^^^
tests/test_postmortem_plane_reopen.py:2: in <module>
    from app.postmortem_plane.reopen import PostmortemReopener
app/postmortem_plane/reopen.py:1: in <module>
    from app.postmortem_plane.models import PostmortemDefinition
app/postmortem_plane/models.py:1: in <module>
    from pydantic import BaseModel, Field
E   ModuleNotFoundError: No module named 'pydantic'
___________ ERROR collecting tests/test_postmortem_plane_reviews.py ____________
ImportError while importing test module '/app/tests/test_postmortem_plane_reviews.py'.
Hint: make sure your test modules/packages have valid Python names.
Traceback:
/usr/lib/python3.12/importlib/__init__.py:90: in import_module
    return _bootstrap._gcd_import(name[level:], package, level)
           ^^^^^^^^^^^^^^^^^^^^^^^^^^^^^^^^^^^^^^^^^^^^^^^^^^^^
tests/test_postmortem_plane_reviews.py:2: in <module>
    from app.postmortem_plane.reviews import PostmortemReviewer
E   ImportError: cannot import name 'PostmortemReviewer' from 'app.postmortem_plane.reviews' (/app/app/postmortem_plane/reviews.py)
_________ ERROR collecting tests/test_postmortem_plane_root_causes.py __________
ImportError while importing test module '/app/tests/test_postmortem_plane_root_causes.py'.
Hint: make sure your test modules/packages have valid Python names.
Traceback:
/usr/lib/python3.12/importlib/__init__.py:90: in import_module
    return _bootstrap._gcd_import(name[level:], package, level)
           ^^^^^^^^^^^^^^^^^^^^^^^^^^^^^^^^^^^^^^^^^^^^^^^^^^^^
tests/test_postmortem_plane_root_causes.py:2: in <module>
    from app.postmortem_plane.root_causes import RootCauseDiscipline
app/postmortem_plane/root_causes.py:2: in <module>
    from app.postmortem_plane.models import RootCauseRecord
app/postmortem_plane/models.py:1: in <module>
    from pydantic import BaseModel, Field
E   ModuleNotFoundError: No module named 'pydantic'
___________ ERROR collecting tests/test_postmortem_plane_storage.py ____________
ImportError while importing test module '/app/tests/test_postmortem_plane_storage.py'.
Hint: make sure your test modules/packages have valid Python names.
Traceback:
/usr/lib/python3.12/importlib/__init__.py:90: in import_module
    return _bootstrap._gcd_import(name[level:], package, level)
           ^^^^^^^^^^^^^^^^^^^^^^^^^^^^^^^^^^^^^^^^^^^^^^^^^^^^
tests/test_postmortem_plane_storage.py:2: in <module>
    from app.postmortem_plane.storage import PostmortemStorage
app/postmortem_plane/storage.py:3: in <module>
    from app.postmortem_plane.models import PostmortemDefinition
app/postmortem_plane/models.py:1: in <module>
    from pydantic import BaseModel, Field
E   ModuleNotFoundError: No module named 'pydantic'
____________ ERROR collecting tests/test_postmortem_plane_trust.py _____________
ImportError while importing test module '/app/tests/test_postmortem_plane_trust.py'.
Hint: make sure your test modules/packages have valid Python names.
Traceback:
/usr/lib/python3.12/importlib/__init__.py:90: in import_module
    return _bootstrap._gcd_import(name[level:], package, level)
           ^^^^^^^^^^^^^^^^^^^^^^^^^^^^^^^^^^^^^^^^^^^^^^^^^^^^
tests/test_postmortem_plane_trust.py:3: in <module>
    from app.postmortem_plane.trust import TrustedPostmortemEngine
app/postmortem_plane/trust.py:1: in <module>
    from app.postmortem_plane.models import PostmortemDefinition, PostmortemTrustVerdict
app/postmortem_plane/models.py:1: in <module>
    from pydantic import BaseModel, Field
E   ModuleNotFoundError: No module named 'pydantic'
_________ ERROR collecting tests/test_postmortem_plane_verification.py _________
ImportError while importing test module '/app/tests/test_postmortem_plane_verification.py'.
Hint: make sure your test modules/packages have valid Python names.
Traceback:
/usr/lib/python3.12/importlib/__init__.py:90: in import_module
    return _bootstrap._gcd_import(name[level:], package, level)
           ^^^^^^^^^^^^^^^^^^^^^^^^^^^^^^^^^^^^^^^^^^^^^^^^^^^^
tests/test_postmortem_plane_verification.py:2: in <module>
    from app.postmortem_plane.verification import ActionVerifier
app/postmortem_plane/verification.py:2: in <module>
    from app.postmortem_plane.models import ActionVerificationRecord
app/postmortem_plane/models.py:1: in <module>
    from pydantic import BaseModel, Field
E   ModuleNotFoundError: No module named 'pydantic'
______________ ERROR collecting tests/test_postmortems_actions.py ______________
ImportError while importing test module '/app/tests/test_postmortems_actions.py'.
Hint: make sure your test modules/packages have valid Python names.
Traceback:
/usr/lib/python3.12/importlib/__init__.py:90: in import_module
    return _bootstrap._gcd_import(name[level:], package, level)
           ^^^^^^^^^^^^^^^^^^^^^^^^^^^^^^^^^^^^^^^^^^^^^^^^^^^^
tests/test_postmortems_actions.py:1: in <module>
    from app.postmortems.actions import CAPARegistry
app/postmortems/actions.py:1: in <module>
    from app.postmortems.models import CorrectiveAction, PreventiveAction
app/postmortems/models.py:1: in <module>
    from pydantic import BaseModel
E   ModuleNotFoundError: No module named 'pydantic'
___________ ERROR collecting tests/test_postmortems_causal_graph.py ____________
ImportError while importing test module '/app/tests/test_postmortems_causal_graph.py'.
Hint: make sure your test modules/packages have valid Python names.
Traceback:
/usr/lib/python3.12/importlib/__init__.py:90: in import_module
    return _bootstrap._gcd_import(name[level:], package, level)
           ^^^^^^^^^^^^^^^^^^^^^^^^^^^^^^^^^^^^^^^^^^^^^^^^^^^^
tests/test_postmortems_causal_graph.py:1: in <module>
    from app.postmortems.causal_graph import CausalGraphBuilder
app/postmortems/causal_graph.py:1: in <module>
    from app.postmortems.models import CausalGraph, CausalNode, CausalEdge
app/postmortems/models.py:1: in <module>
    from pydantic import BaseModel
E   ModuleNotFoundError: No module named 'pydantic'
____________ ERROR collecting tests/test_postmortems_chronology.py _____________
ImportError while importing test module '/app/tests/test_postmortems_chronology.py'.
Hint: make sure your test modules/packages have valid Python names.
Traceback:
/usr/lib/python3.12/importlib/__init__.py:90: in import_module
    return _bootstrap._gcd_import(name[level:], package, level)
           ^^^^^^^^^^^^^^^^^^^^^^^^^^^^^^^^^^^^^^^^^^^^^^^^^^^^
tests/test_postmortems_chronology.py:1: in <module>
    from app.postmortems.chronology import ChronologyBuilder
app/postmortems/chronology.py:1: in <module>
    from app.postmortems.models import ChronologyRecord, ChronologyEvent
app/postmortems/models.py:1: in <module>
    from pydantic import BaseModel
E   ModuleNotFoundError: No module named 'pydantic'
___________ ERROR collecting tests/test_postmortems_contributors.py ____________
ImportError while importing test module '/app/tests/test_postmortems_contributors.py'.
Hint: make sure your test modules/packages have valid Python names.
Traceback:
/usr/lib/python3.12/importlib/__init__.py:90: in import_module
    return _bootstrap._gcd_import(name[level:], package, level)
           ^^^^^^^^^^^^^^^^^^^^^^^^^^^^^^^^^^^^^^^^^^^^^^^^^^^^
tests/test_postmortems_contributors.py:1: in <module>
    from app.postmortems.contributors import ContributingFactorsRegistry
E   ImportError: cannot import name 'ContributingFactorsRegistry' from 'app.postmortems.contributors' (/app/app/postmortems/contributors.py)
__________ ERROR collecting tests/test_postmortems_counterfactuals.py __________
ImportError while importing test module '/app/tests/test_postmortems_counterfactuals.py'.
Hint: make sure your test modules/packages have valid Python names.
Traceback:
/usr/lib/python3.12/importlib/__init__.py:90: in import_module
    return _bootstrap._gcd_import(name[level:], package, level)
           ^^^^^^^^^^^^^^^^^^^^^^^^^^^^^^^^^^^^^^^^^^^^^^^^^^^^
tests/test_postmortems_counterfactuals.py:1: in <module>
    from app.postmortems.counterfactuals import CounterfactualAnalyzer
app/postmortems/counterfactuals.py:2: in <module>
    from app.postmortems.models import CounterfactualAssessment
app/postmortems/models.py:1: in <module>
    from pydantic import BaseModel
E   ModuleNotFoundError: No module named 'pydantic'
______________ ERROR collecting tests/test_postmortems_quality.py ______________
ImportError while importing test module '/app/tests/test_postmortems_quality.py'.
Hint: make sure your test modules/packages have valid Python names.
Traceback:
/usr/lib/python3.12/importlib/__init__.py:90: in import_module
    return _bootstrap._gcd_import(name[level:], package, level)
           ^^^^^^^^^^^^^^^^^^^^^^^^^^^^^^^^^^^^^^^^^^^^^^^^^^^^
tests/test_postmortems_quality.py:1: in <module>
    from app.postmortems.quality import QualityChecker
app/postmortems/quality.py:1: in <module>
    from app.postmortems.models import PostmortemRecord
app/postmortems/models.py:1: in <module>
    from pydantic import BaseModel
E   ModuleNotFoundError: No module named 'pydantic'
____________ ERROR collecting tests/test_postmortems_recurrence.py _____________
ImportError while importing test module '/app/tests/test_postmortems_recurrence.py'.
Hint: make sure your test modules/packages have valid Python names.
Traceback:
/usr/lib/python3.12/importlib/__init__.py:90: in import_module
    return _bootstrap._gcd_import(name[level:], package, level)
           ^^^^^^^^^^^^^^^^^^^^^^^^^^^^^^^^^^^^^^^^^^^^^^^^^^^^
tests/test_postmortems_recurrence.py:1: in <module>
    from app.postmortems.recurrence import RecurrenceScorer
app/postmortems/recurrence.py:1: in <module>
    from app.postmortems.models import RecurrenceRiskReport
app/postmortems/models.py:1: in <module>
    from pydantic import BaseModel
E   ModuleNotFoundError: No module named 'pydantic'
____________ ERROR collecting tests/test_postmortems_root_causes.py ____________
ImportError while importing test module '/app/tests/test_postmortems_root_causes.py'.
Hint: make sure your test modules/packages have valid Python names.
Traceback:
/usr/lib/python3.12/importlib/__init__.py:90: in import_module
    return _bootstrap._gcd_import(name[level:], package, level)
           ^^^^^^^^^^^^^^^^^^^^^^^^^^^^^^^^^^^^^^^^^^^^^^^^^^^^
tests/test_postmortems_root_causes.py:1: in <module>
    from app.postmortems.root_causes import RootCauseEvaluator
app/postmortems/root_causes.py:2: in <module>
    from app.postmortems.models import RootCauseCandidate
app/postmortems/models.py:1: in <module>
    from pydantic import BaseModel
E   ModuleNotFoundError: No module named 'pydantic'
_______________ ERROR collecting tests/test_postmortems_seeds.py _______________
ImportError while importing test module '/app/tests/test_postmortems_seeds.py'.
Hint: make sure your test modules/packages have valid Python names.
Traceback:
/usr/lib/python3.12/importlib/__init__.py:90: in import_module
    return _bootstrap._gcd_import(name[level:], package, level)
           ^^^^^^^^^^^^^^^^^^^^^^^^^^^^^^^^^^^^^^^^^^^^^^^^^^^^
tests/test_postmortems_seeds.py:1: in <module>
    from app.postmortems.seeds import IncidentSeedIntake
app/postmortems/seeds.py:1: in <module>
    from app.postmortems.models import PostmortemSeedRef
app/postmortems/models.py:1: in <module>
    from pydantic import BaseModel
E   ModuleNotFoundError: No module named 'pydantic'
_____________ ERROR collecting tests/test_postmortems_tracking.py ______________
ImportError while importing test module '/app/tests/test_postmortems_tracking.py'.
Hint: make sure your test modules/packages have valid Python names.
Traceback:
/usr/lib/python3.12/importlib/__init__.py:90: in import_module
    return _bootstrap._gcd_import(name[level:], package, level)
           ^^^^^^^^^^^^^^^^^^^^^^^^^^^^^^^^^^^^^^^^^^^^^^^^^^^^
tests/test_postmortems_tracking.py:1: in <module>
    from app.postmortems.tracking import ActionTracker
app/postmortems/tracking.py:2: in <module>
    from app.postmortems.models import ActionTrackingRecord
app/postmortems/models.py:1: in <module>
    from pydantic import BaseModel
E   ModuleNotFoundError: No module named 'pydantic'
_____________ ERROR collecting tests/test_postmortems_triggers.py ______________
ImportError while importing test module '/app/tests/test_postmortems_triggers.py'.
Hint: make sure your test modules/packages have valid Python names.
Traceback:
/usr/lib/python3.12/importlib/__init__.py:90: in import_module
    return _bootstrap._gcd_import(name[level:], package, level)
           ^^^^^^^^^^^^^^^^^^^^^^^^^^^^^^^^^^^^^^^^^^^^^^^^^^^^
tests/test_postmortems_triggers.py:1: in <module>
    from app.postmortems.triggers import TriggerDetector
app/postmortems/triggers.py:2: in <module>
    from app.postmortems.models import TriggerEvent
app/postmortems/models.py:1: in <module>
    from pydantic import BaseModel
E   ModuleNotFoundError: No module named 'pydantic'
__________ ERROR collecting tests/test_precedent_plane_adversarial.py __________
ImportError while importing test module '/app/tests/test_precedent_plane_adversarial.py'.
Hint: make sure your test modules/packages have valid Python names.
Traceback:
/usr/lib/python3.12/importlib/__init__.py:90: in import_module
    return _bootstrap._gcd_import(name[level:], package, level)
           ^^^^^^^^^^^^^^^^^^^^^^^^^^^^^^^^^^^^^^^^^^^^^^^^^^^^
tests/test_precedent_plane_adversarial.py:2: in <module>
    from app.precedent_plane.adversarial import *
app/precedent_plane/adversarial.py:2: in <module>
    from app.precedent_plane.models import *
app/precedent_plane/models.py:1: in <module>
    from pydantic import BaseModel, Field
E   ModuleNotFoundError: No module named 'pydantic'
____________ ERROR collecting tests/test_precedent_plane_analogy.py ____________
ImportError while importing test module '/app/tests/test_precedent_plane_analogy.py'.
Hint: make sure your test modules/packages have valid Python names.
Traceback:
/usr/lib/python3.12/importlib/__init__.py:90: in import_module
    return _bootstrap._gcd_import(name[level:], package, level)
           ^^^^^^^^^^^^^^^^^^^^^^^^^^^^^^^^^^^^^^^^^^^^^^^^^^^^
tests/test_precedent_plane_analogy.py:2: in <module>
    from app.precedent_plane.analogy import *
app/precedent_plane/analogy.py:2: in <module>
    from app.precedent_plane.models import *
app/precedent_plane/models.py:1: in <module>
    from pydantic import BaseModel, Field
E   ModuleNotFoundError: No module named 'pydantic'
_________ ERROR collecting tests/test_precedent_plane_applicability.py _________
ImportError while importing test module '/app/tests/test_precedent_plane_applicability.py'.
Hint: make sure your test modules/packages have valid Python names.
Traceback:
/usr/lib/python3.12/importlib/__init__.py:90: in import_module
    return _bootstrap._gcd_import(name[level:], package, level)
           ^^^^^^^^^^^^^^^^^^^^^^^^^^^^^^^^^^^^^^^^^^^^^^^^^^^^
tests/test_precedent_plane_applicability.py:2: in <module>
    from app.precedent_plane.applicability import *
app/precedent_plane/applicability.py:2: in <module>
    from app.precedent_plane.models import *
app/precedent_plane/models.py:1: in <module>
    from pydantic import BaseModel, Field
E   ModuleNotFoundError: No module named 'pydantic'
___________ ERROR collecting tests/test_precedent_plane_autonomy.py ____________
ImportError while importing test module '/app/tests/test_precedent_plane_autonomy.py'.
Hint: make sure your test modules/packages have valid Python names.
Traceback:
/usr/lib/python3.12/importlib/__init__.py:90: in import_module
    return _bootstrap._gcd_import(name[level:], package, level)
           ^^^^^^^^^^^^^^^^^^^^^^^^^^^^^^^^^^^^^^^^^^^^^^^^^^^^
tests/test_precedent_plane_autonomy.py:2: in <module>
    from app.precedent_plane.autonomy import *
app/precedent_plane/autonomy.py:2: in <module>
    from app.precedent_plane.models import *
app/precedent_plane/models.py:1: in <module>
    from pydantic import BaseModel, Field
E   ModuleNotFoundError: No module named 'pydantic'
____________ ERROR collecting tests/test_precedent_plane_binding.py ____________
ImportError while importing test module '/app/tests/test_precedent_plane_binding.py'.
Hint: make sure your test modules/packages have valid Python names.
Traceback:
/usr/lib/python3.12/importlib/__init__.py:90: in import_module
    return _bootstrap._gcd_import(name[level:], package, level)
           ^^^^^^^^^^^^^^^^^^^^^^^^^^^^^^^^^^^^^^^^^^^^^^^^^^^^
tests/test_precedent_plane_binding.py:2: in <module>
    from app.precedent_plane.binding import *
app/precedent_plane/binding.py:2: in <module>
    from app.precedent_plane.models import *
app/precedent_plane/models.py:1: in <module>
    from pydantic import BaseModel, Field
E   ModuleNotFoundError: No module named 'pydantic'
___________ ERROR collecting tests/test_precedent_plane_carveouts.py ___________
ImportError while importing test module '/app/tests/test_precedent_plane_carveouts.py'.
Hint: make sure your test modules/packages have valid Python names.
Traceback:
/usr/lib/python3.12/importlib/__init__.py:90: in import_module
    return _bootstrap._gcd_import(name[level:], package, level)
           ^^^^^^^^^^^^^^^^^^^^^^^^^^^^^^^^^^^^^^^^^^^^^^^^^^^^
tests/test_precedent_plane_carveouts.py:2: in <module>
    from app.precedent_plane.carveouts import *
app/precedent_plane/carveouts.py:2: in <module>
    from app.precedent_plane.models import *
app/precedent_plane/models.py:1: in <module>
    from pydantic import BaseModel, Field
E   ModuleNotFoundError: No module named 'pydantic'
_____________ ERROR collecting tests/test_precedent_plane_cases.py _____________
ImportError while importing test module '/app/tests/test_precedent_plane_cases.py'.
Hint: make sure your test modules/packages have valid Python names.
Traceback:
/usr/lib/python3.12/importlib/__init__.py:90: in import_module
    return _bootstrap._gcd_import(name[level:], package, level)
           ^^^^^^^^^^^^^^^^^^^^^^^^^^^^^^^^^^^^^^^^^^^^^^^^^^^^
tests/test_precedent_plane_cases.py:2: in <module>
    from app.precedent_plane.cases import *
app/precedent_plane/cases.py:1: in <module>
    from app.precedent_plane.models import CaseRecord, HoldingRecord
app/precedent_plane/models.py:1: in <module>
    from pydantic import BaseModel, Field
E   ModuleNotFoundError: No module named 'pydantic'
__________ ERROR collecting tests/test_precedent_plane_commitment.py ___________
ImportError while importing test module '/app/tests/test_precedent_plane_commitment.py'.
Hint: make sure your test modules/packages have valid Python names.
Traceback:
/usr/lib/python3.12/importlib/__init__.py:90: in import_module
    return _bootstrap._gcd_import(name[level:], package, level)
           ^^^^^^^^^^^^^^^^^^^^^^^^^^^^^^^^^^^^^^^^^^^^^^^^^^^^
tests/test_precedent_plane_commitment.py:2: in <module>
    from app.precedent_plane.commitment import *
app/precedent_plane/commitment.py:2: in <module>
    from app.precedent_plane.models import *
app/precedent_plane/models.py:1: in <module>
    from pydantic import BaseModel, Field
E   ModuleNotFoundError: No module named 'pydantic'
__________ ERROR collecting tests/test_precedent_plane_comparisons.py __________
ImportError while importing test module '/app/tests/test_precedent_plane_comparisons.py'.
Hint: make sure your test modules/packages have valid Python names.
Traceback:
/usr/lib/python3.12/importlib/__init__.py:90: in import_module
    return _bootstrap._gcd_import(name[level:], package, level)
           ^^^^^^^^^^^^^^^^^^^^^^^^^^^^^^^^^^^^^^^^^^^^^^^^^^^^
tests/test_precedent_plane_comparisons.py:2: in <module>
    from app.precedent_plane.comparisons import *
app/precedent_plane/comparisons.py:2: in <module>
    from app.precedent_plane.models import *
app/precedent_plane/models.py:1: in <module>
    from pydantic import BaseModel, Field
E   ModuleNotFoundError: No module named 'pydantic'
__________ ERROR collecting tests/test_precedent_plane_compliance.py ___________
ImportError while importing test module '/app/tests/test_precedent_plane_compliance.py'.
Hint: make sure your test modules/packages have valid Python names.
Traceback:
/usr/lib/python3.12/importlib/__init__.py:90: in import_module
    return _bootstrap._gcd_import(name[level:], package, level)
           ^^^^^^^^^^^^^^^^^^^^^^^^^^^^^^^^^^^^^^^^^^^^^^^^^^^^
tests/test_precedent_plane_compliance.py:2: in <module>
    from app.precedent_plane.compliance import *
app/precedent_plane/compliance.py:2: in <module>
    from app.precedent_plane.models import *
app/precedent_plane/models.py:1: in <module>
    from pydantic import BaseModel, Field
E   ModuleNotFoundError: No module named 'pydantic'
___________ ERROR collecting tests/test_precedent_plane_conflicts.py ___________
ImportError while importing test module '/app/tests/test_precedent_plane_conflicts.py'.
Hint: make sure your test modules/packages have valid Python names.
Traceback:
/usr/lib/python3.12/importlib/__init__.py:90: in import_module
    return _bootstrap._gcd_import(name[level:], package, level)
           ^^^^^^^^^^^^^^^^^^^^^^^^^^^^^^^^^^^^^^^^^^^^^^^^^^^^
tests/test_precedent_plane_conflicts.py:2: in <module>
    from app.precedent_plane.conflicts import *
app/precedent_plane/conflicts.py:1: in <module>
    from app.precedent_plane.models import ConflictRecord
app/precedent_plane/models.py:1: in <module>
    from pydantic import BaseModel, Field
E   ModuleNotFoundError: No module named 'pydantic'
__________ ERROR collecting tests/test_precedent_plane_consistency.py __________
ImportError while importing test module '/app/tests/test_precedent_plane_consistency.py'.
Hint: make sure your test modules/packages have valid Python names.
Traceback:
/usr/lib/python3.12/importlib/__init__.py:90: in import_module
    return _bootstrap._gcd_import(name[level:], package, level)
           ^^^^^^^^^^^^^^^^^^^^^^^^^^^^^^^^^^^^^^^^^^^^^^^^^^^^
tests/test_precedent_plane_consistency.py:2: in <module>
    from app.precedent_plane.consistency import *
app/precedent_plane/consistency.py:2: in <module>
    from app.precedent_plane.models import *
app/precedent_plane/models.py:1: in <module>
    from pydantic import BaseModel, Field
E   ModuleNotFoundError: No module named 'pydantic'
_________ ERROR collecting tests/test_precedent_plane_constitution.py __________
ImportError while importing test module '/app/tests/test_precedent_plane_constitution.py'.
Hint: make sure your test modules/packages have valid Python names.
Traceback:
/usr/lib/python3.12/importlib/__init__.py:90: in import_module
    return _bootstrap._gcd_import(name[level:], package, level)
           ^^^^^^^^^^^^^^^^^^^^^^^^^^^^^^^^^^^^^^^^^^^^^^^^^^^^
tests/test_precedent_plane_constitution.py:2: in <module>
    from app.precedent_plane.constitution import *
app/precedent_plane/constitution.py:2: in <module>
    from app.precedent_plane.models import *
app/precedent_plane/models.py:1: in <module>
    from pydantic import BaseModel, Field
E   ModuleNotFoundError: No module named 'pydantic'
___________ ERROR collecting tests/test_precedent_plane_contracts.py ___________
ImportError while importing test module '/app/tests/test_precedent_plane_contracts.py'.
Hint: make sure your test modules/packages have valid Python names.
Traceback:
/usr/lib/python3.12/importlib/__init__.py:90: in import_module
    return _bootstrap._gcd_import(name[level:], package, level)
           ^^^^^^^^^^^^^^^^^^^^^^^^^^^^^^^^^^^^^^^^^^^^^^^^^^^^
tests/test_precedent_plane_contracts.py:2: in <module>
    from app.precedent_plane.contracts import *
app/precedent_plane/contracts.py:2: in <module>
    from app.precedent_plane.models import *
app/precedent_plane/models.py:1: in <module>
    from pydantic import BaseModel, Field
E   ModuleNotFoundError: No module named 'pydantic'
_____________ ERROR collecting tests/test_precedent_plane_core.py ______________
ImportError while importing test module '/app/tests/test_precedent_plane_core.py'.
Hint: make sure your test modules/packages have valid Python names.
Traceback:
/usr/lib/python3.12/importlib/__init__.py:90: in import_module
    return _bootstrap._gcd_import(name[level:], package, level)
           ^^^^^^^^^^^^^^^^^^^^^^^^^^^^^^^^^^^^^^^^^^^^^^^^^^^^
tests/test_precedent_plane_core.py:2: in <module>
    from app.precedent_plane.cases import CasesManager
app/precedent_plane/cases.py:1: in <module>
    from app.precedent_plane.models import CaseRecord, HoldingRecord
app/precedent_plane/models.py:1: in <module>
    from pydantic import BaseModel, Field
E   ModuleNotFoundError: No module named 'pydantic'
_____________ ERROR collecting tests/test_precedent_plane_debt.py ______________
ImportError while importing test module '/app/tests/test_precedent_plane_debt.py'.
Hint: make sure your test modules/packages have valid Python names.
Traceback:
/usr/lib/python3.12/importlib/__init__.py:90: in import_module
    return _bootstrap._gcd_import(name[level:], package, level)
           ^^^^^^^^^^^^^^^^^^^^^^^^^^^^^^^^^^^^^^^^^^^^^^^^^^^^
tests/test_precedent_plane_debt.py:2: in <module>
    from app.precedent_plane.debt import *
app/precedent_plane/debt.py:2: in <module>
    from app.precedent_plane.models import *
app/precedent_plane/models.py:1: in <module>
    from pydantic import BaseModel, Field
E   ModuleNotFoundError: No module named 'pydantic'
_________ ERROR collecting tests/test_precedent_plane_distinctions.py __________
ImportError while importing test module '/app/tests/test_precedent_plane_distinctions.py'.
Hint: make sure your test modules/packages have valid Python names.
Traceback:
/usr/lib/python3.12/importlib/__init__.py:90: in import_module
    return _bootstrap._gcd_import(name[level:], package, level)
           ^^^^^^^^^^^^^^^^^^^^^^^^^^^^^^^^^^^^^^^^^^^^^^^^^^^^
tests/test_precedent_plane_distinctions.py:2: in <module>
    from app.precedent_plane.distinctions import *
app/precedent_plane/distinctions.py:2: in <module>
    from app.precedent_plane.models import *
app/precedent_plane/models.py:1: in <module>
    from pydantic import BaseModel, Field
E   ModuleNotFoundError: No module named 'pydantic'
__________ ERROR collecting tests/test_precedent_plane_divergence.py ___________
ImportError while importing test module '/app/tests/test_precedent_plane_divergence.py'.
Hint: make sure your test modules/packages have valid Python names.
Traceback:
/usr/lib/python3.12/importlib/__init__.py:90: in import_module
    return _bootstrap._gcd_import(name[level:], package, level)
           ^^^^^^^^^^^^^^^^^^^^^^^^^^^^^^^^^^^^^^^^^^^^^^^^^^^^
tests/test_precedent_plane_divergence.py:2: in <module>
    from app.precedent_plane.divergence import *
app/precedent_plane/divergence.py:2: in <module>
    from app.precedent_plane.models import *
app/precedent_plane/models.py:1: in <module>
    from pydantic import BaseModel, Field
E   ModuleNotFoundError: No module named 'pydantic'
___________ ERROR collecting tests/test_precedent_plane_epistemic.py ___________
ImportError while importing test module '/app/tests/test_precedent_plane_epistemic.py'.
Hint: make sure your test modules/packages have valid Python names.
Traceback:
/usr/lib/python3.12/importlib/__init__.py:90: in import_module
    return _bootstrap._gcd_import(name[level:], package, level)
           ^^^^^^^^^^^^^^^^^^^^^^^^^^^^^^^^^^^^^^^^^^^^^^^^^^^^
tests/test_precedent_plane_epistemic.py:2: in <module>
    from app.precedent_plane.epistemic import *
app/precedent_plane/epistemic.py:2: in <module>
    from app.precedent_plane.models import *
app/precedent_plane/models.py:1: in <module>
    from pydantic import BaseModel, Field
E   ModuleNotFoundError: No module named 'pydantic'
__________ ERROR collecting tests/test_precedent_plane_equivalence.py __________
ImportError while importing test module '/app/tests/test_precedent_plane_equivalence.py'.
Hint: make sure your test modules/packages have valid Python names.
Traceback:
/usr/lib/python3.12/importlib/__init__.py:90: in import_module
    return _bootstrap._gcd_import(name[level:], package, level)
           ^^^^^^^^^^^^^^^^^^^^^^^^^^^^^^^^^^^^^^^^^^^^^^^^^^^^
tests/test_precedent_plane_equivalence.py:2: in <module>
    from app.precedent_plane.equivalence import *
app/precedent_plane/equivalence.py:2: in <module>
    from app.precedent_plane.models import *
app/precedent_plane/models.py:1: in <module>
    from pydantic import BaseModel, Field
E   ModuleNotFoundError: No module named 'pydantic'
__________ ERROR collecting tests/test_precedent_plane_exceptions.py ___________
ImportError while importing test module '/app/tests/test_precedent_plane_exceptions.py'.
Hint: make sure your test modules/packages have valid Python names.
Traceback:
/usr/lib/python3.12/importlib/__init__.py:90: in import_module
    return _bootstrap._gcd_import(name[level:], package, level)
           ^^^^^^^^^^^^^^^^^^^^^^^^^^^^^^^^^^^^^^^^^^^^^^^^^^^^
tests/test_precedent_plane_exceptions.py:2: in <module>
    from app.precedent_plane.exceptions import *
app/precedent_plane/exceptions.py:2: in <module>
    from app.precedent_plane.models import *
app/precedent_plane/models.py:1: in <module>
    from pydantic import BaseModel, Field
E   ModuleNotFoundError: No module named 'pydantic'
____________ ERROR collecting tests/test_precedent_plane_factors.py ____________
ImportError while importing test module '/app/tests/test_precedent_plane_factors.py'.
Hint: make sure your test modules/packages have valid Python names.
Traceback:
/usr/lib/python3.12/importlib/__init__.py:90: in import_module
    return _bootstrap._gcd_import(name[level:], package, level)
           ^^^^^^^^^^^^^^^^^^^^^^^^^^^^^^^^^^^^^^^^^^^^^^^^^^^^
tests/test_precedent_plane_factors.py:2: in <module>
    from app.precedent_plane.factors import *
app/precedent_plane/factors.py:2: in <module>
    from app.precedent_plane.models import *
app/precedent_plane/models.py:1: in <module>
    from pydantic import BaseModel, Field
E   ModuleNotFoundError: No module named 'pydantic'
__________ ERROR collecting tests/test_precedent_plane_federation.py ___________
ImportError while importing test module '/app/tests/test_precedent_plane_federation.py'.
Hint: make sure your test modules/packages have valid Python names.
Traceback:
/usr/lib/python3.12/importlib/__init__.py:90: in import_module
    return _bootstrap._gcd_import(name[level:], package, level)
           ^^^^^^^^^^^^^^^^^^^^^^^^^^^^^^^^^^^^^^^^^^^^^^^^^^^^
tests/test_precedent_plane_federation.py:2: in <module>
    from app.precedent_plane.federation import *
app/precedent_plane/federation.py:2: in <module>
    from app.precedent_plane.models import *
app/precedent_plane/models.py:1: in <module>
    from pydantic import BaseModel, Field
E   ModuleNotFoundError: No module named 'pydantic'
___________ ERROR collecting tests/test_precedent_plane_finality.py ____________
ImportError while importing test module '/app/tests/test_precedent_plane_finality.py'.
Hint: make sure your test modules/packages have valid Python names.
Traceback:
/usr/lib/python3.12/importlib/__init__.py:90: in import_module
    return _bootstrap._gcd_import(name[level:], package, level)
           ^^^^^^^^^^^^^^^^^^^^^^^^^^^^^^^^^^^^^^^^^^^^^^^^^^^^
tests/test_precedent_plane_finality.py:2: in <module>
    from app.precedent_plane.finality import *
app/precedent_plane/finality.py:2: in <module>
    from app.precedent_plane.models import *
app/precedent_plane/models.py:1: in <module>
    from pydantic import BaseModel, Field
E   ModuleNotFoundError: No module named 'pydantic'
__________ ERROR collecting tests/test_precedent_plane_forecasting.py __________
ImportError while importing test module '/app/tests/test_precedent_plane_forecasting.py'.
Hint: make sure your test modules/packages have valid Python names.
Traceback:
/usr/lib/python3.12/importlib/__init__.py:90: in import_module
    return _bootstrap._gcd_import(name[level:], package, level)
           ^^^^^^^^^^^^^^^^^^^^^^^^^^^^^^^^^^^^^^^^^^^^^^^^^^^^
tests/test_precedent_plane_forecasting.py:2: in <module>
    from app.precedent_plane.forecasting import *
app/precedent_plane/forecasting.py:2: in <module>
    from app.precedent_plane.models import *
app/precedent_plane/models.py:1: in <module>
    from pydantic import BaseModel, Field
E   ModuleNotFoundError: No module named 'pydantic'
___________ ERROR collecting tests/test_precedent_plane_hierarchy.py ___________
ImportError while importing test module '/app/tests/test_precedent_plane_hierarchy.py'.
Hint: make sure your test modules/packages have valid Python names.
Traceback:
/usr/lib/python3.12/importlib/__init__.py:90: in import_module
    return _bootstrap._gcd_import(name[level:], package, level)
           ^^^^^^^^^^^^^^^^^^^^^^^^^^^^^^^^^^^^^^^^^^^^^^^^^^^^
tests/test_precedent_plane_hierarchy.py:2: in <module>
    from app.precedent_plane.hierarchy import *
app/precedent_plane/hierarchy.py:2: in <module>
    from app.precedent_plane.models import *
app/precedent_plane/models.py:1: in <module>
    from pydantic import BaseModel, Field
E   ModuleNotFoundError: No module named 'pydantic'
___________ ERROR collecting tests/test_precedent_plane_incidents.py ___________
ImportError while importing test module '/app/tests/test_precedent_plane_incidents.py'.
Hint: make sure your test modules/packages have valid Python names.
Traceback:
/usr/lib/python3.12/importlib/__init__.py:90: in import_module
    return _bootstrap._gcd_import(name[level:], package, level)
           ^^^^^^^^^^^^^^^^^^^^^^^^^^^^^^^^^^^^^^^^^^^^^^^^^^^^
tests/test_precedent_plane_incidents.py:2: in <module>
    from app.precedent_plane.incidents import *
app/precedent_plane/incidents.py:2: in <module>
    from app.precedent_plane.models import *
app/precedent_plane/models.py:1: in <module>
    from pydantic import BaseModel, Field
E   ModuleNotFoundError: No module named 'pydantic'
_________ ERROR collecting tests/test_precedent_plane_jurisdiction.py __________
ImportError while importing test module '/app/tests/test_precedent_plane_jurisdiction.py'.
Hint: make sure your test modules/packages have valid Python names.
Traceback:
/usr/lib/python3.12/importlib/__init__.py:90: in import_module
    return _bootstrap._gcd_import(name[level:], package, level)
           ^^^^^^^^^^^^^^^^^^^^^^^^^^^^^^^^^^^^^^^^^^^^^^^^^^^^
tests/test_precedent_plane_jurisdiction.py:2: in <module>
    from app.precedent_plane.jurisdiction import *
app/precedent_plane/jurisdiction.py:2: in <module>
    from app.precedent_plane.models import *
app/precedent_plane/models.py:1: in <module>
    from pydantic import BaseModel, Field
E   ModuleNotFoundError: No module named 'pydantic'
___________ ERROR collecting tests/test_precedent_plane_manifests.py ___________
ImportError while importing test module '/app/tests/test_precedent_plane_manifests.py'.
Hint: make sure your test modules/packages have valid Python names.
Traceback:
/usr/lib/python3.12/importlib/__init__.py:90: in import_module
    return _bootstrap._gcd_import(name[level:], package, level)
           ^^^^^^^^^^^^^^^^^^^^^^^^^^^^^^^^^^^^^^^^^^^^^^^^^^^^
tests/test_precedent_plane_manifests.py:2: in <module>
    from app.precedent_plane.manifests import *
app/precedent_plane/manifests.py:2: in <module>
    from app.precedent_plane.models import *
app/precedent_plane/models.py:1: in <module>
    from pydantic import BaseModel, Field
E   ModuleNotFoundError: No module named 'pydantic'
__________ ERROR collecting tests/test_precedent_plane_migrations.py ___________
ImportError while importing test module '/app/tests/test_precedent_plane_migrations.py'.
Hint: make sure your test modules/packages have valid Python names.
Traceback:
/usr/lib/python3.12/importlib/__init__.py:90: in import_module
    return _bootstrap._gcd_import(name[level:], package, level)
           ^^^^^^^^^^^^^^^^^^^^^^^^^^^^^^^^^^^^^^^^^^^^^^^^^^^^
tests/test_precedent_plane_migrations.py:2: in <module>
    from app.precedent_plane.migrations import *
app/precedent_plane/migrations.py:2: in <module>
    from app.precedent_plane.models import *
app/precedent_plane/models.py:1: in <module>
    from pydantic import BaseModel, Field
E   ModuleNotFoundError: No module named 'pydantic'
____________ ERROR collecting tests/test_precedent_plane_models.py _____________
ImportError while importing test module '/app/tests/test_precedent_plane_models.py'.
Hint: make sure your test modules/packages have valid Python names.
Traceback:
/usr/lib/python3.12/importlib/__init__.py:90: in import_module
    return _bootstrap._gcd_import(name[level:], package, level)
           ^^^^^^^^^^^^^^^^^^^^^^^^^^^^^^^^^^^^^^^^^^^^^^^^^^^^
tests/test_precedent_plane_models.py:2: in <module>
    from app.precedent_plane.models import PrecedentObject, AuthorityClass, ApplicabilityClass, PrecedentClass
app/precedent_plane/models.py:1: in <module>
    from pydantic import BaseModel, Field
E   ModuleNotFoundError: No module named 'pydantic'
____________ ERROR collecting tests/test_precedent_plane_objects.py ____________
ImportError while importing test module '/app/tests/test_precedent_plane_objects.py'.
Hint: make sure your test modules/packages have valid Python names.
Traceback:
/usr/lib/python3.12/importlib/__init__.py:90: in import_module
    return _bootstrap._gcd_import(name[level:], package, level)
           ^^^^^^^^^^^^^^^^^^^^^^^^^^^^^^^^^^^^^^^^^^^^^^^^^^^^
tests/test_precedent_plane_objects.py:2: in <module>
    from app.precedent_plane.objects import *
app/precedent_plane/objects.py:2: in <module>
    from app.precedent_plane.models import *
app/precedent_plane/models.py:1: in <module>
    from pydantic import BaseModel, Field
E   ModuleNotFoundError: No module named 'pydantic'
___________ ERROR collecting tests/test_precedent_plane_overrides.py ___________
ImportError while importing test module '/app/tests/test_precedent_plane_overrides.py'.
Hint: make sure your test modules/packages have valid Python names.
Traceback:
/usr/lib/python3.12/importlib/__init__.py:90: in import_module
    return _bootstrap._gcd_import(name[level:], package, level)
           ^^^^^^^^^^^^^^^^^^^^^^^^^^^^^^^^^^^^^^^^^^^^^^^^^^^^
tests/test_precedent_plane_overrides.py:2: in <module>
    from app.precedent_plane.overrides import *
app/precedent_plane/overrides.py:2: in <module>
    from app.precedent_plane.models import *
app/precedent_plane/models.py:1: in <module>
    from pydantic import BaseModel, Field
E   ModuleNotFoundError: No module named 'pydantic'
___________ ERROR collecting tests/test_precedent_plane_overrules.py ___________
ImportError while importing test module '/app/tests/test_precedent_plane_overrules.py'.
Hint: make sure your test modules/packages have valid Python names.
Traceback:
/usr/lib/python3.12/importlib/__init__.py:90: in import_module
    return _bootstrap._gcd_import(name[level:], package, level)
           ^^^^^^^^^^^^^^^^^^^^^^^^^^^^^^^^^^^^^^^^^^^^^^^^^^^^
tests/test_precedent_plane_overrules.py:2: in <module>
    from app.precedent_plane.overrules import *
app/precedent_plane/overrules.py:2: in <module>
    from app.precedent_plane.models import *
app/precedent_plane/models.py:1: in <module>
    from pydantic import BaseModel, Field
E   ModuleNotFoundError: No module named 'pydantic'
__________ ERROR collecting tests/test_precedent_plane_persuasive.py ___________
ImportError while importing test module '/app/tests/test_precedent_plane_persuasive.py'.
Hint: make sure your test modules/packages have valid Python names.
Traceback:
/usr/lib/python3.12/importlib/__init__.py:90: in import_module
    return _bootstrap._gcd_import(name[level:], package, level)
           ^^^^^^^^^^^^^^^^^^^^^^^^^^^^^^^^^^^^^^^^^^^^^^^^^^^^
tests/test_precedent_plane_persuasive.py:2: in <module>
    from app.precedent_plane.persuasive import *
app/precedent_plane/persuasive.py:2: in <module>
    from app.precedent_plane.models import *
app/precedent_plane/models.py:1: in <module>
    from pydantic import BaseModel, Field
E   ModuleNotFoundError: No module named 'pydantic'
____________ ERROR collecting tests/test_precedent_plane_policy.py _____________
ImportError while importing test module '/app/tests/test_precedent_plane_policy.py'.
Hint: make sure your test modules/packages have valid Python names.
Traceback:
/usr/lib/python3.12/importlib/__init__.py:90: in import_module
    return _bootstrap._gcd_import(name[level:], package, level)
           ^^^^^^^^^^^^^^^^^^^^^^^^^^^^^^^^^^^^^^^^^^^^^^^^^^^^
tests/test_precedent_plane_policy.py:2: in <module>
    from app.precedent_plane.policy import *
app/precedent_plane/policy.py:2: in <module>
    from app.precedent_plane.models import *
app/precedent_plane/models.py:1: in <module>
    from pydantic import BaseModel, Field
E   ModuleNotFoundError: No module named 'pydantic'
__________ ERROR collecting tests/test_precedent_plane_provenance.py ___________
ImportError while importing test module '/app/tests/test_precedent_plane_provenance.py'.
Hint: make sure your test modules/packages have valid Python names.
Traceback:
/usr/lib/python3.12/importlib/__init__.py:90: in import_module
    return _bootstrap._gcd_import(name[level:], package, level)
           ^^^^^^^^^^^^^^^^^^^^^^^^^^^^^^^^^^^^^^^^^^^^^^^^^^^^
tests/test_precedent_plane_provenance.py:2: in <module>
    from app.precedent_plane.provenance import *
app/precedent_plane/provenance.py:2: in <module>
    from app.precedent_plane.models import *
app/precedent_plane/models.py:1: in <module>
    from pydantic import BaseModel, Field
E   ModuleNotFoundError: No module named 'pydantic'
____________ ERROR collecting tests/test_precedent_plane_quality.py ____________
ImportError while importing test module '/app/tests/test_precedent_plane_quality.py'.
Hint: make sure your test modules/packages have valid Python names.
Traceback:
/usr/lib/python3.12/importlib/__init__.py:90: in import_module
    return _bootstrap._gcd_import(name[level:], package, level)
           ^^^^^^^^^^^^^^^^^^^^^^^^^^^^^^^^^^^^^^^^^^^^^^^^^^^^
tests/test_precedent_plane_quality.py:2: in <module>
    from app.precedent_plane.quality import *
app/precedent_plane/quality.py:2: in <module>
    from app.precedent_plane.models import *
app/precedent_plane/models.py:1: in <module>
    from pydantic import BaseModel, Field
E   ModuleNotFoundError: No module named 'pydantic'
__________ ERROR collecting tests/test_precedent_plane_rationales.py ___________
ImportError while importing test module '/app/tests/test_precedent_plane_rationales.py'.
Hint: make sure your test modules/packages have valid Python names.
Traceback:
/usr/lib/python3.12/importlib/__init__.py:90: in import_module
    return _bootstrap._gcd_import(name[level:], package, level)
           ^^^^^^^^^^^^^^^^^^^^^^^^^^^^^^^^^^^^^^^^^^^^^^^^^^^^
tests/test_precedent_plane_rationales.py:2: in <module>
    from app.precedent_plane.rationales import *
app/precedent_plane/rationales.py:2: in <module>
    from app.precedent_plane.models import *
app/precedent_plane/models.py:1: in <module>
    from pydantic import BaseModel, Field
E   ModuleNotFoundError: No module named 'pydantic'
___________ ERROR collecting tests/test_precedent_plane_readiness.py ___________
ImportError while importing test module '/app/tests/test_precedent_plane_readiness.py'.
Hint: make sure your test modules/packages have valid Python names.
Traceback:
/usr/lib/python3.12/importlib/__init__.py:90: in import_module
    return _bootstrap._gcd_import(name[level:], package, level)
           ^^^^^^^^^^^^^^^^^^^^^^^^^^^^^^^^^^^^^^^^^^^^^^^^^^^^
tests/test_precedent_plane_readiness.py:2: in <module>
    from app.precedent_plane.readiness import *
app/precedent_plane/readiness.py:2: in <module>
    from app.precedent_plane.models import *
app/precedent_plane/models.py:1: in <module>
    from pydantic import BaseModel, Field
E   ModuleNotFoundError: No module named 'pydantic'
___________ ERROR collecting tests/test_precedent_plane_registry.py ____________
ImportError while importing test module '/app/tests/test_precedent_plane_registry.py'.
Hint: make sure your test modules/packages have valid Python names.
Traceback:
/usr/lib/python3.12/importlib/__init__.py:90: in import_module
    return _bootstrap._gcd_import(name[level:], package, level)
           ^^^^^^^^^^^^^^^^^^^^^^^^^^^^^^^^^^^^^^^^^^^^^^^^^^^^
tests/test_precedent_plane_registry.py:2: in <module>
    from app.precedent_plane.registry import CanonicalPrecedentRegistry
app/precedent_plane/registry.py:1: in <module>
    from app.precedent_plane.models import PrecedentObject
app/precedent_plane/models.py:1: in <module>
    from pydantic import BaseModel, Field
E   ModuleNotFoundError: No module named 'pydantic'
___________ ERROR collecting tests/test_precedent_plane_releases.py ____________
ImportError while importing test module '/app/tests/test_precedent_plane_releases.py'.
Hint: make sure your test modules/packages have valid Python names.
Traceback:
/usr/lib/python3.12/importlib/__init__.py:90: in import_module
    return _bootstrap._gcd_import(name[level:], package, level)
           ^^^^^^^^^^^^^^^^^^^^^^^^^^^^^^^^^^^^^^^^^^^^^^^^^^^^
tests/test_precedent_plane_releases.py:2: in <module>
    from app.precedent_plane.releases import *
app/precedent_plane/releases.py:2: in <module>
    from app.precedent_plane.models import *
app/precedent_plane/models.py:1: in <module>
    from pydantic import BaseModel, Field
E   ModuleNotFoundError: No module named 'pydantic'
____________ ERROR collecting tests/test_precedent_plane_remedy.py _____________
ImportError while importing test module '/app/tests/test_precedent_plane_remedy.py'.
Hint: make sure your test modules/packages have valid Python names.
Traceback:
/usr/lib/python3.12/importlib/__init__.py:90: in import_module
    return _bootstrap._gcd_import(name[level:], package, level)
           ^^^^^^^^^^^^^^^^^^^^^^^^^^^^^^^^^^^^^^^^^^^^^^^^^^^^
tests/test_precedent_plane_remedy.py:2: in <module>
    from app.precedent_plane.remedy import *
app/precedent_plane/remedy.py:2: in <module>
    from app.precedent_plane.models import *
app/precedent_plane/models.py:1: in <module>
    from pydantic import BaseModel, Field
E   ModuleNotFoundError: No module named 'pydantic'
___________ ERROR collecting tests/test_precedent_plane_scenario.py ____________
ImportError while importing test module '/app/tests/test_precedent_plane_scenario.py'.
Hint: make sure your test modules/packages have valid Python names.
Traceback:
/usr/lib/python3.12/importlib/__init__.py:90: in import_module
    return _bootstrap._gcd_import(name[level:], package, level)
           ^^^^^^^^^^^^^^^^^^^^^^^^^^^^^^^^^^^^^^^^^^^^^^^^^^^^
tests/test_precedent_plane_scenario.py:2: in <module>
    from app.precedent_plane.scenario import *
app/precedent_plane/scenario.py:2: in <module>
    from app.precedent_plane.models import *
app/precedent_plane/models.py:1: in <module>
    from pydantic import BaseModel, Field
E   ModuleNotFoundError: No module named 'pydantic'
___________ ERROR collecting tests/test_precedent_plane_security.py ____________
ImportError while importing test module '/app/tests/test_precedent_plane_security.py'.
Hint: make sure your test modules/packages have valid Python names.
Traceback:
/usr/lib/python3.12/importlib/__init__.py:90: in import_module
    return _bootstrap._gcd_import(name[level:], package, level)
           ^^^^^^^^^^^^^^^^^^^^^^^^^^^^^^^^^^^^^^^^^^^^^^^^^^^^
tests/test_precedent_plane_security.py:2: in <module>
    from app.precedent_plane.security import *
app/precedent_plane/security.py:2: in <module>
    from app.precedent_plane.models import *
app/precedent_plane/models.py:1: in <module>
    from pydantic import BaseModel, Field
E   ModuleNotFoundError: No module named 'pydantic'
___________ ERROR collecting tests/test_precedent_plane_semantic.py ____________
ImportError while importing test module '/app/tests/test_precedent_plane_semantic.py'.
Hint: make sure your test modules/packages have valid Python names.
Traceback:
/usr/lib/python3.12/importlib/__init__.py:90: in import_module
    return _bootstrap._gcd_import(name[level:], package, level)
           ^^^^^^^^^^^^^^^^^^^^^^^^^^^^^^^^^^^^^^^^^^^^^^^^^^^^
tests/test_precedent_plane_semantic.py:2: in <module>
    from app.precedent_plane.semantic import *
app/precedent_plane/semantic.py:2: in <module>
    from app.precedent_plane.models import *
app/precedent_plane/models.py:1: in <module>
    from pydantic import BaseModel, Field
E   ModuleNotFoundError: No module named 'pydantic'
____________ ERROR collecting tests/test_precedent_plane_storage.py ____________
ImportError while importing test module '/app/tests/test_precedent_plane_storage.py'.
Hint: make sure your test modules/packages have valid Python names.
Traceback:
/usr/lib/python3.12/importlib/__init__.py:90: in import_module
    return _bootstrap._gcd_import(name[level:], package, level)
           ^^^^^^^^^^^^^^^^^^^^^^^^^^^^^^^^^^^^^^^^^^^^^^^^^^^^
tests/test_precedent_plane_storage.py:2: in <module>
    from app.precedent_plane.storage import *
app/precedent_plane/storage.py:2: in <module>
    from app.precedent_plane.models import *
app/precedent_plane/models.py:1: in <module>
    from pydantic import BaseModel, Field
E   ModuleNotFoundError: No module named 'pydantic'
_________ ERROR collecting tests/test_precedent_plane_supersession.py __________
ImportError while importing test module '/app/tests/test_precedent_plane_supersession.py'.
Hint: make sure your test modules/packages have valid Python names.
Traceback:
/usr/lib/python3.12/importlib/__init__.py:90: in import_module
    return _bootstrap._gcd_import(name[level:], package, level)
           ^^^^^^^^^^^^^^^^^^^^^^^^^^^^^^^^^^^^^^^^^^^^^^^^^^^^
tests/test_precedent_plane_supersession.py:2: in <module>
    from app.precedent_plane.supersession import *
app/precedent_plane/supersession.py:2: in <module>
    from app.precedent_plane.models import *
app/precedent_plane/models.py:1: in <module>
    from pydantic import BaseModel, Field
E   ModuleNotFoundError: No module named 'pydantic'
___________ ERROR collecting tests/test_precedent_plane_temporal.py ____________
ImportError while importing test module '/app/tests/test_precedent_plane_temporal.py'.
Hint: make sure your test modules/packages have valid Python names.
Traceback:
/usr/lib/python3.12/importlib/__init__.py:90: in import_module
    return _bootstrap._gcd_import(name[level:], package, level)
           ^^^^^^^^^^^^^^^^^^^^^^^^^^^^^^^^^^^^^^^^^^^^^^^^^^^^
tests/test_precedent_plane_temporal.py:2: in <module>
    from app.precedent_plane.temporal import *
app/precedent_plane/temporal.py:2: in <module>
    from app.precedent_plane.models import *
app/precedent_plane/models.py:1: in <module>
    from pydantic import BaseModel, Field
E   ModuleNotFoundError: No module named 'pydantic'
___________ ERROR collecting tests/test_precedent_plane_tradeoff.py ____________
ImportError while importing test module '/app/tests/test_precedent_plane_tradeoff.py'.
Hint: make sure your test modules/packages have valid Python names.
Traceback:
/usr/lib/python3.12/importlib/__init__.py:90: in import_module
    return _bootstrap._gcd_import(name[level:], package, level)
           ^^^^^^^^^^^^^^^^^^^^^^^^^^^^^^^^^^^^^^^^^^^^^^^^^^^^
tests/test_precedent_plane_tradeoff.py:2: in <module>
    from app.precedent_plane.tradeoff import *
app/precedent_plane/tradeoff.py:2: in <module>
    from app.precedent_plane.models import *
app/precedent_plane/models.py:1: in <module>
    from pydantic import BaseModel, Field
E   ModuleNotFoundError: No module named 'pydantic'
_____________ ERROR collecting tests/test_precedent_plane_trust.py _____________
ImportError while importing test module '/app/tests/test_precedent_plane_trust.py'.
Hint: make sure your test modules/packages have valid Python names.
Traceback:
/usr/lib/python3.12/importlib/__init__.py:90: in import_module
    return _bootstrap._gcd_import(name[level:], package, level)
           ^^^^^^^^^^^^^^^^^^^^^^^^^^^^^^^^^^^^^^^^^^^^^^^^^^^^
tests/test_precedent_plane_trust.py:2: in <module>
    from app.precedent_plane.trust import *
app/precedent_plane/trust.py:1: in <module>
    from app.precedent_plane.models import PrecedentTrustVerdictReport
app/precedent_plane/models.py:1: in <module>
    from pydantic import BaseModel, Field
E   ModuleNotFoundError: No module named 'pydantic'
______________ ERROR collecting tests/test_pretrade_validation.py ______________
ImportError while importing test module '/app/tests/test_pretrade_validation.py'.
Hint: make sure your test modules/packages have valid Python names.
Traceback:
/usr/lib/python3.12/importlib/__init__.py:90: in import_module
    return _bootstrap._gcd_import(name[level:], package, level)
           ^^^^^^^^^^^^^^^^^^^^^^^^^^^^^^^^^^^^^^^^^^^^^^^^^^^^
tests/test_pretrade_validation.py:3: in <module>
    from app.execution.live.pretrade_validation import PretradeValidator
E   ImportError: cannot import name 'PretradeValidator' from 'app.execution.live.pretrade_validation' (/app/app/execution/live/pretrade_validation.py)
________________ ERROR collecting tests/test_price_features.py _________________
ImportError while importing test module '/app/tests/test_price_features.py'.
Hint: make sure your test modules/packages have valid Python names.
Traceback:
/usr/lib/python3.12/importlib/__init__.py:90: in import_module
    return _bootstrap._gcd_import(name[level:], package, level)
           ^^^^^^^^^^^^^^^^^^^^^^^^^^^^^^^^^^^^^^^^^^^^^^^^^^^^
tests/test_price_features.py:2: in <module>
    import pandas as pd
E   ModuleNotFoundError: No module named 'pandas'
_______________ ERROR collecting tests/test_products_registry.py _______________
ImportError while importing test module '/app/tests/test_products_registry.py'.
Hint: make sure your test modules/packages have valid Python names.
Traceback:
/usr/lib/python3.12/importlib/__init__.py:90: in import_module
    return _bootstrap._gcd_import(name[level:], package, level)
           ^^^^^^^^^^^^^^^^^^^^^^^^^^^^^^^^^^^^^^^^^^^^^^^^^^^^
tests/test_products_registry.py:2: in <module>
    from app.products.registry import ProductRegistry
app/products/registry.py:3: in <module>
    from .models import (
app/products/models.py:1: in <module>
    from pydantic import BaseModel, Field
E   ModuleNotFoundError: No module named 'pydantic'
___________ ERROR collecting tests/test_program_plane_acceptance.py ____________
ImportError while importing test module '/app/tests/test_program_plane_acceptance.py'.
Hint: make sure your test modules/packages have valid Python names.
Traceback:
/usr/lib/python3.12/importlib/__init__.py:90: in import_module
    return _bootstrap._gcd_import(name[level:], package, level)
           ^^^^^^^^^^^^^^^^^^^^^^^^^^^^^^^^^^^^^^^^^^^^^^^^^^^^
tests/test_program_plane_acceptance.py:2: in <module>
    from app.program_plane.acceptance import AcceptanceManager
E   ImportError: cannot import name 'AcceptanceManager' from 'app.program_plane.acceptance' (/app/app/program_plane/acceptance.py)
____________ ERROR collecting tests/test_program_plane_blockers.py _____________
ImportError while importing test module '/app/tests/test_program_plane_blockers.py'.
Hint: make sure your test modules/packages have valid Python names.
Traceback:
/usr/lib/python3.12/importlib/__init__.py:90: in import_module
    return _bootstrap._gcd_import(name[level:], package, level)
           ^^^^^^^^^^^^^^^^^^^^^^^^^^^^^^^^^^^^^^^^^^^^^^^^^^^^
tests/test_program_plane_blockers.py:2: in <module>
    from app.program_plane.blockers import BlockerHandler
E   ImportError: cannot import name 'BlockerHandler' from 'app.program_plane.blockers' (/app/app/program_plane/blockers.py)
_____________ ERROR collecting tests/test_program_plane_cadence.py _____________
ImportError while importing test module '/app/tests/test_program_plane_cadence.py'.
Hint: make sure your test modules/packages have valid Python names.
Traceback:
/usr/lib/python3.12/importlib/__init__.py:90: in import_module
    return _bootstrap._gcd_import(name[level:], package, level)
           ^^^^^^^^^^^^^^^^^^^^^^^^^^^^^^^^^^^^^^^^^^^^^^^^^^^^
tests/test_program_plane_cadence.py:2: in <module>
    from app.program_plane.cadence import CadenceManager
app/program_plane/cadence.py:1: in <module>
    from app.program_plane.models import CadenceRecord
app/program_plane/models.py:1: in <module>
    from pydantic import BaseModel, Field
E   ModuleNotFoundError: No module named 'pydantic'
___________ ERROR collecting tests/test_program_plane_commitments.py ___________
ImportError while importing test module '/app/tests/test_program_plane_commitments.py'.
Hint: make sure your test modules/packages have valid Python names.
Traceback:
/usr/lib/python3.12/importlib/__init__.py:90: in import_module
    return _bootstrap._gcd_import(name[level:], package, level)
           ^^^^^^^^^^^^^^^^^^^^^^^^^^^^^^^^^^^^^^^^^^^^^^^^^^^^
tests/test_program_plane_commitments.py:2: in <module>
    from app.program_plane.commitments import CommitmentManager
app/program_plane/commitments.py:1: in <module>
    from app.program_plane.models import CommitmentWindow
app/program_plane/models.py:1: in <module>
    from pydantic import BaseModel, Field
E   ModuleNotFoundError: No module named 'pydantic'
__________ ERROR collecting tests/test_program_plane_critical_path.py __________
ImportError while importing test module '/app/tests/test_program_plane_critical_path.py'.
Hint: make sure your test modules/packages have valid Python names.
Traceback:
/usr/lib/python3.12/importlib/__init__.py:90: in import_module
    return _bootstrap._gcd_import(name[level:], package, level)
           ^^^^^^^^^^^^^^^^^^^^^^^^^^^^^^^^^^^^^^^^^^^^^^^^^^^^
tests/test_program_plane_critical_path.py:2: in <module>
    from app.program_plane.critical_path import CriticalPathEngine
app/program_plane/critical_path.py:1: in <module>
    from app.program_plane.models import CriticalPathReport
app/program_plane/models.py:1: in <module>
    from pydantic import BaseModel, Field
E   ModuleNotFoundError: No module named 'pydantic'
______________ ERROR collecting tests/test_program_plane_debt.py _______________
ImportError while importing test module '/app/tests/test_program_plane_debt.py'.
Hint: make sure your test modules/packages have valid Python names.
Traceback:
/usr/lib/python3.12/importlib/__init__.py:90: in import_module
    return _bootstrap._gcd_import(name[level:], package, level)
           ^^^^^^^^^^^^^^^^^^^^^^^^^^^^^^^^^^^^^^^^^^^^^^^^^^^^
tests/test_program_plane_debt.py:2: in <module>
    from app.program_plane.debt import ProgramDebtTracker
app/program_plane/debt.py:1: in <module>
    from app.program_plane.models import ProgramDebtRecord
app/program_plane/models.py:1: in <module>
    from pydantic import BaseModel, Field
E   ModuleNotFoundError: No module named 'pydantic'
__________ ERROR collecting tests/test_program_plane_deliverables.py ___________
ImportError while importing test module '/app/tests/test_program_plane_deliverables.py'.
Hint: make sure your test modules/packages have valid Python names.
Traceback:
/usr/lib/python3.12/importlib/__init__.py:90: in import_module
    return _bootstrap._gcd_import(name[level:], package, level)
           ^^^^^^^^^^^^^^^^^^^^^^^^^^^^^^^^^^^^^^^^^^^^^^^^^^^^
tests/test_program_plane_deliverables.py:2: in <module>
    from app.program_plane.deliverables import DeliverableRegistry
app/program_plane/deliverables.py:2: in <module>
    from app.program_plane.models import DeliverableRecord
app/program_plane/models.py:1: in <module>
    from pydantic import BaseModel, Field
E   ModuleNotFoundError: No module named 'pydantic'
__________ ERROR collecting tests/test_program_plane_dependencies.py ___________
/home/jules/.local/share/pipx/venvs/pytest/lib/python3.12/site-packages/_pytest/python.py:507: in importtestmodule
    mod = import_path(
/home/jules/.local/share/pipx/venvs/pytest/lib/python3.12/site-packages/_pytest/pathlib.py:587: in import_path
    importlib.import_module(module_name)
/usr/lib/python3.12/importlib/__init__.py:90: in import_module
    return _bootstrap._gcd_import(name[level:], package, level)
           ^^^^^^^^^^^^^^^^^^^^^^^^^^^^^^^^^^^^^^^^^^^^^^^^^^^^
<frozen importlib._bootstrap>:1387: in _gcd_import
    ???
<frozen importlib._bootstrap>:1360: in _find_and_load
    ???
<frozen importlib._bootstrap>:1331: in _find_and_load_unlocked
    ???
<frozen importlib._bootstrap>:935: in _load_unlocked
    ???
/home/jules/.local/share/pipx/venvs/pytest/lib/python3.12/site-packages/_pytest/assertion/rewrite.py:197: in exec_module
    exec(co, module.__dict__)
tests/test_program_plane_dependencies.py:2: in <module>
    from app.program_plane.dependencies import DependencyEdgeRegistry
E     File "/app/app/program_plane/dependencies.py", line 7
E       return True\n
E                   ^
E   SyntaxError: unexpected character after line continuation character
___________ ERROR collecting tests/test_program_plane_divergence.py ____________
ImportError while importing test module '/app/tests/test_program_plane_divergence.py'.
Hint: make sure your test modules/packages have valid Python names.
Traceback:
/usr/lib/python3.12/importlib/__init__.py:90: in import_module
    return _bootstrap._gcd_import(name[level:], package, level)
           ^^^^^^^^^^^^^^^^^^^^^^^^^^^^^^^^^^^^^^^^^^^^^^^^^^^^
tests/test_program_plane_divergence.py:2: in <module>
    from app.program_plane.divergence import ProgramDivergenceAnalyzer
app/program_plane/divergence.py:1: in <module>
    from app.program_plane.models import ProgramDivergenceReport
app/program_plane/models.py:1: in <module>
    from pydantic import BaseModel, Field
E   ModuleNotFoundError: No module named 'pydantic'
___________ ERROR collecting tests/test_program_plane_equivalence.py ___________
ImportError while importing test module '/app/tests/test_program_plane_equivalence.py'.
Hint: make sure your test modules/packages have valid Python names.
Traceback:
/usr/lib/python3.12/importlib/__init__.py:90: in import_module
    return _bootstrap._gcd_import(name[level:], package, level)
           ^^^^^^^^^^^^^^^^^^^^^^^^^^^^^^^^^^^^^^^^^^^^^^^^^^^^
tests/test_program_plane_equivalence.py:2: in <module>
    from app.program_plane.equivalence import ProgramEquivalenceAnalyzer
app/program_plane/equivalence.py:1: in <module>
    from app.program_plane.models import ProgramEquivalenceReport
app/program_plane/models.py:1: in <module>
    from pydantic import BaseModel, Field
E   ModuleNotFoundError: No module named 'pydantic'
___________ ERROR collecting tests/test_program_plane_escalations.py ___________
ImportError while importing test module '/app/tests/test_program_plane_escalations.py'.
Hint: make sure your test modules/packages have valid Python names.
Traceback:
/usr/lib/python3.12/importlib/__init__.py:90: in import_module
    return _bootstrap._gcd_import(name[level:], package, level)
           ^^^^^^^^^^^^^^^^^^^^^^^^^^^^^^^^^^^^^^^^^^^^^^^^^^^^
tests/test_program_plane_escalations.py:2: in <module>
    from app.program_plane.escalations import EscalationManager
app/program_plane/escalations.py:1: in <module>
    from app.program_plane.models import EscalationRecord
app/program_plane/models.py:1: in <module>
    from pydantic import BaseModel, Field
E   ModuleNotFoundError: No module named 'pydantic'
___________ ERROR collecting tests/test_program_plane_forecasting.py ___________
ImportError while importing test module '/app/tests/test_program_plane_forecasting.py'.
Hint: make sure your test modules/packages have valid Python names.
Traceback:
/usr/lib/python3.12/importlib/__init__.py:90: in import_module
    return _bootstrap._gcd_import(name[level:], package, level)
           ^^^^^^^^^^^^^^^^^^^^^^^^^^^^^^^^^^^^^^^^^^^^^^^^^^^^
tests/test_program_plane_forecasting.py:2: in <module>
    from app.program_plane.forecasting import ProgramForecaster
app/program_plane/forecasting.py:1: in <module>
    from app.program_plane.models import ProgramForecastReport
app/program_plane/models.py:1: in <module>
    from pydantic import BaseModel, Field
E   ModuleNotFoundError: No module named 'pydantic'
____________ ERROR collecting tests/test_program_plane_handoffs.py _____________
ImportError while importing test module '/app/tests/test_program_plane_handoffs.py'.
Hint: make sure your test modules/packages have valid Python names.
Traceback:
/usr/lib/python3.12/importlib/__init__.py:90: in import_module
    return _bootstrap._gcd_import(name[level:], package, level)
           ^^^^^^^^^^^^^^^^^^^^^^^^^^^^^^^^^^^^^^^^^^^^^^^^^^^^
tests/test_program_plane_handoffs.py:2: in <module>
    from app.program_plane.handoffs import HandoffGovernance
app/program_plane/handoffs.py:2: in <module>
    from app.program_plane.models import HandoffRecord
app/program_plane/models.py:1: in <module>
    from pydantic import BaseModel, Field
E   ModuleNotFoundError: No module named 'pydantic'
____________ ERROR collecting tests/test_program_plane_manifests.py ____________
ImportError while importing test module '/app/tests/test_program_plane_manifests.py'.
Hint: make sure your test modules/packages have valid Python names.
Traceback:
/usr/lib/python3.12/importlib/__init__.py:90: in import_module
    return _bootstrap._gcd_import(name[level:], package, level)
           ^^^^^^^^^^^^^^^^^^^^^^^^^^^^^^^^^^^^^^^^^^^^^^^^^^^^
tests/test_program_plane_manifests.py:2: in <module>
    from app.program_plane.manifests import ProgramManifestBuilder
app/program_plane/manifests.py:1: in <module>
    from app.program_plane.models import ProgramArtifactManifest
app/program_plane/models.py:1: in <module>
    from pydantic import BaseModel, Field
E   ModuleNotFoundError: No module named 'pydantic'
___________ ERROR collecting tests/test_program_plane_milestones.py ____________
ImportError while importing test module '/app/tests/test_program_plane_milestones.py'.
Hint: make sure your test modules/packages have valid Python names.
Traceback:
/usr/lib/python3.12/importlib/__init__.py:90: in import_module
    return _bootstrap._gcd_import(name[level:], package, level)
           ^^^^^^^^^^^^^^^^^^^^^^^^^^^^^^^^^^^^^^^^^^^^^^^^^^^^
tests/test_program_plane_milestones.py:2: in <module>
    from app.program_plane.milestones import MilestoneRegistry
app/program_plane/milestones.py:3: in <module>
    from app.program_plane.models import MilestoneRecord
app/program_plane/models.py:1: in <module>
    from pydantic import BaseModel, Field
E   ModuleNotFoundError: No module named 'pydantic'
_____________ ERROR collecting tests/test_program_plane_objects.py _____________
ImportError while importing test module '/app/tests/test_program_plane_objects.py'.
Hint: make sure your test modules/packages have valid Python names.
Traceback:
/usr/lib/python3.12/importlib/__init__.py:90: in import_module
    return _bootstrap._gcd_import(name[level:], package, level)
           ^^^^^^^^^^^^^^^^^^^^^^^^^^^^^^^^^^^^^^^^^^^^^^^^^^^^
tests/test_program_plane_objects.py:2: in <module>
    from app.program_plane.objects import ProgramObjectManager
app/program_plane/objects.py:1: in <module>
    from app.program_plane.models import ProgramObject
app/program_plane/models.py:1: in <module>
    from pydantic import BaseModel, Field
E   ModuleNotFoundError: No module named 'pydantic'
____________ ERROR collecting tests/test_program_plane_programs.py _____________
ImportError while importing test module '/app/tests/test_program_plane_programs.py'.
Hint: make sure your test modules/packages have valid Python names.
Traceback:
/usr/lib/python3.12/importlib/__init__.py:90: in import_module
    return _bootstrap._gcd_import(name[level:], package, level)
           ^^^^^^^^^^^^^^^^^^^^^^^^^^^^^^^^^^^^^^^^^^^^^^^^^^^^
tests/test_program_plane_programs.py:2: in <module>
    from app.program_plane.programs import ProgramManager
app/program_plane/programs.py:1: in <module>
    from app.program_plane.models import ProgramRecord
app/program_plane/models.py:1: in <module>
    from pydantic import BaseModel, Field
E   ModuleNotFoundError: No module named 'pydantic'
____________ ERROR collecting tests/test_program_plane_registry.py _____________
ImportError while importing test module '/app/tests/test_program_plane_registry.py'.
Hint: make sure your test modules/packages have valid Python names.
Traceback:
/usr/lib/python3.12/importlib/__init__.py:90: in import_module
    return _bootstrap._gcd_import(name[level:], package, level)
           ^^^^^^^^^^^^^^^^^^^^^^^^^^^^^^^^^^^^^^^^^^^^^^^^^^^^
tests/test_program_plane_registry.py:2: in <module>
    from app.program_plane.registry import CanonicalProgramRegistry
app/program_plane/registry.py:2: in <module>
    from app.program_plane.models import ProgramRecord
app/program_plane/models.py:1: in <module>
    from pydantic import BaseModel, Field
E   ModuleNotFoundError: No module named 'pydantic'
_____________ ERROR collecting tests/test_program_plane_replans.py _____________
ImportError while importing test module '/app/tests/test_program_plane_replans.py'.
Hint: make sure your test modules/packages have valid Python names.
Traceback:
/usr/lib/python3.12/importlib/__init__.py:90: in import_module
    return _bootstrap._gcd_import(name[level:], package, level)
           ^^^^^^^^^^^^^^^^^^^^^^^^^^^^^^^^^^^^^^^^^^^^^^^^^^^^
tests/test_program_plane_replans.py:2: in <module>
    from app.program_plane.replans import ReplanGovernance
app/program_plane/replans.py:1: in <module>
    from app.program_plane.models import ReplanRecord
app/program_plane/models.py:1: in <module>
    from pydantic import BaseModel, Field
E   ModuleNotFoundError: No module named 'pydantic'
______________ ERROR collecting tests/test_program_plane_risks.py ______________
ImportError while importing test module '/app/tests/test_program_plane_risks.py'.
Hint: make sure your test modules/packages have valid Python names.
Traceback:
/usr/lib/python3.12/importlib/__init__.py:90: in import_module
    return _bootstrap._gcd_import(name[level:], package, level)
           ^^^^^^^^^^^^^^^^^^^^^^^^^^^^^^^^^^^^^^^^^^^^^^^^^^^^
tests/test_program_plane_risks.py:2: in <module>
    from app.program_plane.risks import DeliveryRiskManager
app/program_plane/risks.py:1: in <module>
    from app.program_plane.models import DeliveryRiskRecord
app/program_plane/models.py:1: in <module>
    from pydantic import BaseModel, Field
E   ModuleNotFoundError: No module named 'pydantic'
______________ ERROR collecting tests/test_program_plane_slack.py ______________
ImportError while importing test module '/app/tests/test_program_plane_slack.py'.
Hint: make sure your test modules/packages have valid Python names.
Traceback:
/usr/lib/python3.12/importlib/__init__.py:90: in import_module
    return _bootstrap._gcd_import(name[level:], package, level)
           ^^^^^^^^^^^^^^^^^^^^^^^^^^^^^^^^^^^^^^^^^^^^^^^^^^^^
tests/test_program_plane_slack.py:2: in <module>
    from app.program_plane.slack import SlackManager
app/program_plane/slack.py:1: in <module>
    from app.program_plane.models import SlackRecord
app/program_plane/models.py:1: in <module>
    from pydantic import BaseModel, Field
E   ModuleNotFoundError: No module named 'pydantic'
____________ ERROR collecting tests/test_program_plane_slippage.py _____________
ImportError while importing test module '/app/tests/test_program_plane_slippage.py'.
Hint: make sure your test modules/packages have valid Python names.
Traceback:
/usr/lib/python3.12/importlib/__init__.py:90: in import_module
    return _bootstrap._gcd_import(name[level:], package, level)
           ^^^^^^^^^^^^^^^^^^^^^^^^^^^^^^^^^^^^^^^^^^^^^^^^^^^^
tests/test_program_plane_slippage.py:2: in <module>
    from app.program_plane.slippage import SlippageHandler
app/program_plane/slippage.py:1: in <module>
    from app.program_plane.models import SlippageRecord
app/program_plane/models.py:1: in <module>
    from pydantic import BaseModel, Field
E   ModuleNotFoundError: No module named 'pydantic'
____________ ERROR collecting tests/test_program_plane_staffing.py _____________
ImportError while importing test module '/app/tests/test_program_plane_staffing.py'.
Hint: make sure your test modules/packages have valid Python names.
Traceback:
/usr/lib/python3.12/importlib/__init__.py:90: in import_module
    return _bootstrap._gcd_import(name[level:], package, level)
           ^^^^^^^^^^^^^^^^^^^^^^^^^^^^^^^^^^^^^^^^^^^^^^^^^^^^
tests/test_program_plane_staffing.py:2: in <module>
    from app.program_plane.staffing import StaffingManager
app/program_plane/staffing.py:1: in <module>
    from app.program_plane.models import StaffingRealityRecord
app/program_plane/models.py:1: in <module>
    from pydantic import BaseModel, Field
E   ModuleNotFoundError: No module named 'pydantic'
______________ ERROR collecting tests/test_program_plane_trust.py ______________
ImportError while importing test module '/app/tests/test_program_plane_trust.py'.
Hint: make sure your test modules/packages have valid Python names.
Traceback:
/usr/lib/python3.12/importlib/__init__.py:90: in import_module
    return _bootstrap._gcd_import(name[level:], package, level)
           ^^^^^^^^^^^^^^^^^^^^^^^^^^^^^^^^^^^^^^^^^^^^^^^^^^^^
tests/test_program_plane_trust.py:2: in <module>
    from app.program_plane.trust import TrustedProgramVerdictEngine
app/program_plane/trust.py:1: in <module>
    from app.program_plane.models import ProgramTrustVerdict
app/program_plane/models.py:1: in <module>
    from pydantic import BaseModel, Field
E   ModuleNotFoundError: No module named 'pydantic'
____________ ERROR collecting tests/test_program_plane_variance.py _____________
ImportError while importing test module '/app/tests/test_program_plane_variance.py'.
Hint: make sure your test modules/packages have valid Python names.
Traceback:
/usr/lib/python3.12/importlib/__init__.py:90: in import_module
    return _bootstrap._gcd_import(name[level:], package, level)
           ^^^^^^^^^^^^^^^^^^^^^^^^^^^^^^^^^^^^^^^^^^^^^^^^^^^^
tests/test_program_plane_variance.py:2: in <module>
    from app.program_plane.variance import ProgramVarianceAnalyzer
app/program_plane/variance.py:1: in <module>
    from app.program_plane.models import ProgramVarianceRecord
app/program_plane/models.py:1: in <module>
    from pydantic import BaseModel, Field
E   ModuleNotFoundError: No module named 'pydantic'
___________________ ERROR collecting tests/test_promotion.py ___________________
ImportError while importing test module '/app/tests/test_promotion.py'.
Hint: make sure your test modules/packages have valid Python names.
Traceback:
/usr/lib/python3.12/importlib/__init__.py:90: in import_module
    return _bootstrap._gcd_import(name[level:], package, level)
           ^^^^^^^^^^^^^^^^^^^^^^^^^^^^^^^^^^^^^^^^^^^^^^^^^^^^
tests/test_promotion.py:1: in <module>
    from app.governance.promotion import PromotionEvaluator
E   ImportError: cannot import name 'PromotionEvaluator' from 'app.governance.promotion' (/app/app/governance/promotion.py)
___________ ERROR collecting tests/test_provenance_plane_actions.py ____________
ImportError while importing test module '/app/tests/test_provenance_plane_actions.py'.
Hint: make sure your test modules/packages have valid Python names.
Traceback:
/usr/lib/python3.12/importlib/__init__.py:90: in import_module
    return _bootstrap._gcd_import(name[level:], package, level)
           ^^^^^^^^^^^^^^^^^^^^^^^^^^^^^^^^^^^^^^^^^^^^^^^^^^^^
tests/test_provenance_plane_actions.py:2: in <module>
    from app.provenance_plane.actions import check_action_lineage
E   ImportError: cannot import name 'check_action_lineage' from 'app.provenance_plane.actions' (/app/app/provenance_plane/actions.py)
__________ ERROR collecting tests/test_provenance_plane_assurance.py ___________
ImportError while importing test module '/app/tests/test_provenance_plane_assurance.py'.
Hint: make sure your test modules/packages have valid Python names.
Traceback:
/usr/lib/python3.12/importlib/__init__.py:90: in import_module
    return _bootstrap._gcd_import(name[level:], package, level)
           ^^^^^^^^^^^^^^^^^^^^^^^^^^^^^^^^^^^^^^^^^^^^^^^^^^^^
tests/test_provenance_plane_assurance.py:2: in <module>
    from app.assurance_plane.evidence import check_assurance_evidence_provenance
app/assurance_plane/evidence.py:1: in <module>
    from app.assurance_plane.models import EvidencePackRecord, EvidenceItemRecord
app/assurance_plane/models.py:1: in <module>
    from pydantic import BaseModel, Field
E   ModuleNotFoundError: No module named 'pydantic'
_________ ERROR collecting tests/test_provenance_plane_attribution.py __________
ImportError while importing test module '/app/tests/test_provenance_plane_attribution.py'.
Hint: make sure your test modules/packages have valid Python names.
Traceback:
/usr/lib/python3.12/importlib/__init__.py:90: in import_module
    return _bootstrap._gcd_import(name[level:], package, level)
           ^^^^^^^^^^^^^^^^^^^^^^^^^^^^^^^^^^^^^^^^^^^^^^^^^^^^
tests/test_provenance_plane_attribution.py:2: in <module>
    from app.provenance_plane.attribution import get_attribution
E   ImportError: cannot import name 'get_attribution' from 'app.provenance_plane.attribution' (/app/app/provenance_plane/attribution.py)
___________ ERROR collecting tests/test_provenance_plane_autonomy.py ___________
ImportError while importing test module '/app/tests/test_provenance_plane_autonomy.py'.
Hint: make sure your test modules/packages have valid Python names.
Traceback:
/usr/lib/python3.12/importlib/__init__.py:90: in import_module
    return _bootstrap._gcd_import(name[level:], package, level)
           ^^^^^^^^^^^^^^^^^^^^^^^^^^^^^^^^^^^^^^^^^^^^^^^^^^^^
tests/test_provenance_plane_autonomy.py:2: in <module>
    from app.autonomy_plane.execution import check_execution_provenance
E   ImportError: cannot import name 'check_execution_provenance' from 'app.autonomy_plane.execution' (/app/app/autonomy_plane/execution.py)
___________ ERROR collecting tests/test_provenance_plane_changes.py ____________
/home/jules/.local/share/pipx/venvs/pytest/lib/python3.12/site-packages/_pytest/python.py:507: in importtestmodule
    mod = import_path(
/home/jules/.local/share/pipx/venvs/pytest/lib/python3.12/site-packages/_pytest/pathlib.py:587: in import_path
    importlib.import_module(module_name)
/usr/lib/python3.12/importlib/__init__.py:90: in import_module
    return _bootstrap._gcd_import(name[level:], package, level)
           ^^^^^^^^^^^^^^^^^^^^^^^^^^^^^^^^^^^^^^^^^^^^^^^^^^^^
<frozen importlib._bootstrap>:1387: in _gcd_import
    ???
<frozen importlib._bootstrap>:1360: in _find_and_load
    ???
<frozen importlib._bootstrap>:1331: in _find_and_load_unlocked
    ???
<frozen importlib._bootstrap>:935: in _load_unlocked
    ???
/home/jules/.local/share/pipx/venvs/pytest/lib/python3.12/site-packages/_pytest/assertion/rewrite.py:197: in exec_module
    exec(co, module.__dict__)
tests/test_provenance_plane_changes.py:2: in <module>
    from app.change_plane.verification import verify_change_provenance
E     File "/app/app/change_plane/verification.py", line 1
E       mkdir -p app/change_plane
E                ^^^
E   SyntaxError: invalid syntax
__________ ERROR collecting tests/test_provenance_plane_compliance.py __________
ImportError while importing test module '/app/tests/test_provenance_plane_compliance.py'.
Hint: make sure your test modules/packages have valid Python names.
Traceback:
/usr/lib/python3.12/importlib/__init__.py:90: in import_module
    return _bootstrap._gcd_import(name[level:], package, level)
           ^^^^^^^^^^^^^^^^^^^^^^^^^^^^^^^^^^^^^^^^^^^^^^^^^^^^
tests/test_provenance_plane_compliance.py:2: in <module>
    from app.compliance_plane.findings import check_compliance_provenance
app/compliance_plane/__init__.py:1: in <module>
    from app.compliance_plane.models import (
app/compliance_plane/models.py:1: in <module>
    from pydantic import BaseModel, Field
E   ModuleNotFoundError: No module named 'pydantic'
___________ ERROR collecting tests/test_provenance_plane_custody.py ____________
ImportError while importing test module '/app/tests/test_provenance_plane_custody.py'.
Hint: make sure your test modules/packages have valid Python names.
Traceback:
/usr/lib/python3.12/importlib/__init__.py:90: in import_module
    return _bootstrap._gcd_import(name[level:], package, level)
           ^^^^^^^^^^^^^^^^^^^^^^^^^^^^^^^^^^^^^^^^^^^^^^^^^^^^
tests/test_provenance_plane_custody.py:2: in <module>
    from app.provenance_plane.custody import get_custody_chain
E   ImportError: cannot import name 'get_custody_chain' from 'app.provenance_plane.custody' (/app/app/provenance_plane/custody.py)
_________ ERROR collecting tests/test_provenance_plane_custody_gaps.py _________
ImportError while importing test module '/app/tests/test_provenance_plane_custody_gaps.py'.
Hint: make sure your test modules/packages have valid Python names.
Traceback:
/usr/lib/python3.12/importlib/__init__.py:90: in import_module
    return _bootstrap._gcd_import(name[level:], package, level)
           ^^^^^^^^^^^^^^^^^^^^^^^^^^^^^^^^^^^^^^^^^^^^^^^^^^^^
tests/test_provenance_plane_custody_gaps.py:2: in <module>
    from app.provenance_plane.custody_gaps import check_custody_gaps
E   ImportError: cannot import name 'check_custody_gaps' from 'app.provenance_plane.custody_gaps' (/app/app/provenance_plane/custody_gaps.py)
_________ ERROR collecting tests/test_provenance_plane_environments.py _________
ImportError while importing test module '/app/tests/test_provenance_plane_environments.py'.
Hint: make sure your test modules/packages have valid Python names.
Traceback:
/usr/lib/python3.12/importlib/__init__.py:90: in import_module
    return _bootstrap._gcd_import(name[level:], package, level)
           ^^^^^^^^^^^^^^^^^^^^^^^^^^^^^^^^^^^^^^^^^^^^^^^^^^^^
tests/test_provenance_plane_environments.py:2: in <module>
    from app.environment_plane.observations import check_env_observation_provenance
app/environment_plane/__init__.py:1: in <module>
    from app.environment_plane.models import (
app/environment_plane/models.py:1: in <module>
    from pydantic import BaseModel, Field
E   ModuleNotFoundError: No module named 'pydantic'
________ ERROR collecting tests/test_provenance_plane_explainability.py ________
ImportError while importing test module '/app/tests/test_provenance_plane_explainability.py'.
Hint: make sure your test modules/packages have valid Python names.
Traceback:
/usr/lib/python3.12/importlib/__init__.py:90: in import_module
    return _bootstrap._gcd_import(name[level:], package, level)
           ^^^^^^^^^^^^^^^^^^^^^^^^^^^^^^^^^^^^^^^^^^^^^^^^^^^^
tests/test_provenance_plane_explainability.py:2: in <module>
    from app.provenance_plane.explainability import check_explainability
E   ImportError: cannot import name 'check_explainability' from 'app.provenance_plane.explainability' (/app/app/provenance_plane/explainability.py)
__________ ERROR collecting tests/test_provenance_plane_federation.py __________
ImportError while importing test module '/app/tests/test_provenance_plane_federation.py'.
Hint: make sure your test modules/packages have valid Python names.
Traceback:
/usr/lib/python3.12/importlib/__init__.py:90: in import_module
    return _bootstrap._gcd_import(name[level:], package, level)
           ^^^^^^^^^^^^^^^^^^^^^^^^^^^^^^^^^^^^^^^^^^^^^^^^^^^^
tests/test_provenance_plane_federation.py:2: in <module>
    from app.federation_plane.portability import check_portability_provenance
E   ImportError: cannot import name 'check_portability_provenance' from 'app.federation_plane.portability' (/app/app/federation_plane/portability.py)
___________ ERROR collecting tests/test_provenance_plane_learning.py ___________
ImportError while importing test module '/app/tests/test_provenance_plane_learning.py'.
Hint: make sure your test modules/packages have valid Python names.
Traceback:
/usr/lib/python3.12/importlib/__init__.py:90: in import_module
    return _bootstrap._gcd_import(name[level:], package, level)
           ^^^^^^^^^^^^^^^^^^^^^^^^^^^^^^^^^^^^^^^^^^^^^^^^^^^^
tests/test_provenance_plane_learning.py:2: in <module>
    from app.learning_plane.validated_causes import check_validated_cause_provenance
app/learning_plane/__init__.py:1: in <module>
    from app.learning_plane.cli_learning_plane import register_cli_args, handle_cli
app/learning_plane/cli_learning_plane.py:4: in <module>
    from app.learning_plane.models import (
app/learning_plane/models.py:1: in <module>
    from pydantic import BaseModel, Field
E   ModuleNotFoundError: No module named 'pydantic'
__________ ERROR collecting tests/test_provenance_plane_migrations.py __________
ImportError while importing test module '/app/tests/test_provenance_plane_migrations.py'.
Hint: make sure your test modules/packages have valid Python names.
Traceback:
/usr/lib/python3.12/importlib/__init__.py:90: in import_module
    return _bootstrap._gcd_import(name[level:], package, level)
           ^^^^^^^^^^^^^^^^^^^^^^^^^^^^^^^^^^^^^^^^^^^^^^^^^^^^
tests/test_provenance_plane_migrations.py:2: in <module>
    from app.migration_plane.verification import check_migration_provenance
E   ImportError: cannot import name 'check_migration_provenance' from 'app.migration_plane.verification' (/app/app/migration_plane/verification.py)
___________ ERROR collecting tests/test_provenance_plane_objects.py ____________
ImportError while importing test module '/app/tests/test_provenance_plane_objects.py'.
Hint: make sure your test modules/packages have valid Python names.
Traceback:
/usr/lib/python3.12/importlib/__init__.py:90: in import_module
    return _bootstrap._gcd_import(name[level:], package, level)
           ^^^^^^^^^^^^^^^^^^^^^^^^^^^^^^^^^^^^^^^^^^^^^^^^^^^^
tests/test_provenance_plane_objects.py:2: in <module>
    from app.provenance_plane.objects import BaseProvenanceObject
app/provenance_plane/objects.py:1: in <module>
    from pydantic import BaseModel
E   ModuleNotFoundError: No module named 'pydantic'
___________ ERROR collecting tests/test_provenance_plane_releases.py ___________
ImportError while importing test module '/app/tests/test_provenance_plane_releases.py'.
Hint: make sure your test modules/packages have valid Python names.
Traceback:
/usr/lib/python3.12/importlib/__init__.py:90: in import_module
    return _bootstrap._gcd_import(name[level:], package, level)
           ^^^^^^^^^^^^^^^^^^^^^^^^^^^^^^^^^^^^^^^^^^^^^^^^^^^^
tests/test_provenance_plane_releases.py:2: in <module>
    from app.release_plane.rollouts import check_rollout_provenance
E   ImportError: cannot import name 'check_rollout_provenance' from 'app.release_plane.rollouts' (/app/app/release_plane/rollouts.py)
___________ ERROR collecting tests/test_provenance_plane_security.py ___________
ImportError while importing test module '/app/tests/test_provenance_plane_security.py'.
Hint: make sure your test modules/packages have valid Python names.
Traceback:
/usr/lib/python3.12/importlib/__init__.py:90: in import_module
    return _bootstrap._gcd_import(name[level:], package, level)
           ^^^^^^^^^^^^^^^^^^^^^^^^^^^^^^^^^^^^^^^^^^^^^^^^^^^^
tests/test_provenance_plane_security.py:2: in <module>
    from app.security_plane.readiness import check_security_provenance
E   ImportError: cannot import name 'check_security_provenance' from 'app.security_plane.readiness' (/app/app/security_plane/readiness.py)
____________ ERROR collecting tests/test_qualification_contracts.py ____________
ImportError while importing test module '/app/tests/test_qualification_contracts.py'.
Hint: make sure your test modules/packages have valid Python names.
Traceback:
/usr/lib/python3.12/importlib/__init__.py:90: in import_module
    return _bootstrap._gcd_import(name[level:], package, level)
           ^^^^^^^^^^^^^^^^^^^^^^^^^^^^^^^^^^^^^^^^^^^^^^^^^^^^
tests/test_qualification_contracts.py:1: in <module>
    from app.qualification.contracts import ContractVerifier
app/qualification/contracts.py:2: in <module>
    from app.qualification.models import ContractCheckResult
app/qualification/models.py:1: in <module>
    from pydantic import BaseModel, Field
E   ModuleNotFoundError: No module named 'pydantic'
____________ ERROR collecting tests/test_qualification_evidence.py _____________
ImportError while importing test module '/app/tests/test_qualification_evidence.py'.
Hint: make sure your test modules/packages have valid Python names.
Traceback:
/usr/lib/python3.12/importlib/__init__.py:90: in import_module
    return _bootstrap._gcd_import(name[level:], package, level)
           ^^^^^^^^^^^^^^^^^^^^^^^^^^^^^^^^^^^^^^^^^^^^^^^^^^^^
tests/test_qualification_evidence.py:1: in <module>
    from app.qualification.evidence import EvidenceCollector
app/qualification/evidence.py:2: in <module>
    from app.qualification.models import QualificationEvidenceRef
app/qualification/models.py:1: in <module>
    from pydantic import BaseModel, Field
E   ModuleNotFoundError: No module named 'pydantic'
__________ ERROR collecting tests/test_qualification_evidence_pack.py __________
ImportError while importing test module '/app/tests/test_qualification_evidence_pack.py'.
Hint: make sure your test modules/packages have valid Python names.
Traceback:
/usr/lib/python3.12/importlib/__init__.py:90: in import_module
    return _bootstrap._gcd_import(name[level:], package, level)
           ^^^^^^^^^^^^^^^^^^^^^^^^^^^^^^^^^^^^^^^^^^^^^^^^^^^^
tests/test_qualification_evidence_pack.py:1: in <module>
    from app.qualification.evidence_pack import EvidencePackAssembler
E   ImportError: cannot import name 'EvidencePackAssembler' from 'app.qualification.evidence_pack' (/app/app/qualification/evidence_pack.py)
____________ ERROR collecting tests/test_qualification_negative.py _____________
ImportError while importing test module '/app/tests/test_qualification_negative.py'.
Hint: make sure your test modules/packages have valid Python names.
Traceback:
/usr/lib/python3.12/importlib/__init__.py:90: in import_module
    return _bootstrap._gcd_import(name[level:], package, level)
           ^^^^^^^^^^^^^^^^^^^^^^^^^^^^^^^^^^^^^^^^^^^^^^^^^^^^
tests/test_qualification_negative.py:1: in <module>
    from app.qualification.negative import ForbiddenActionRunner
app/qualification/negative.py:2: in <module>
    from app.qualification.models import ForbiddenActionCheck
app/qualification/models.py:1: in <module>
    from pydantic import BaseModel, Field
E   ModuleNotFoundError: No module named 'pydantic'
____________ ERROR collecting tests/test_qualification_profiles.py _____________
ImportError while importing test module '/app/tests/test_qualification_profiles.py'.
Hint: make sure your test modules/packages have valid Python names.
Traceback:
/usr/lib/python3.12/importlib/__init__.py:90: in import_module
    return _bootstrap._gcd_import(name[level:], package, level)
           ^^^^^^^^^^^^^^^^^^^^^^^^^^^^^^^^^^^^^^^^^^^^^^^^^^^^
tests/test_qualification_profiles.py:1: in <module>
    from app.qualification.profiles import get_profile_definition
E   ImportError: cannot import name 'get_profile_definition' from 'app.qualification.profiles' (/app/app/qualification/profiles.py)
__________ ERROR collecting tests/test_qualification_requirements.py ___________
ImportError while importing test module '/app/tests/test_qualification_requirements.py'.
Hint: make sure your test modules/packages have valid Python names.
Traceback:
/usr/lib/python3.12/importlib/__init__.py:90: in import_module
    return _bootstrap._gcd_import(name[level:], package, level)
           ^^^^^^^^^^^^^^^^^^^^^^^^^^^^^^^^^^^^^^^^^^^^^^^^^^^^
tests/test_qualification_requirements.py:1: in <module>
    from app.qualification.requirements import get_requirement, get_all_requirements
app/qualification/requirements.py:3: in <module>
    from app.qualification.models import RequirementRef
app/qualification/models.py:1: in <module>
    from pydantic import BaseModel, Field
E   ModuleNotFoundError: No module named 'pydantic'
____________ ERROR collecting tests/test_qualification_scenarios.py ____________
ImportError while importing test module '/app/tests/test_qualification_scenarios.py'.
Hint: make sure your test modules/packages have valid Python names.
Traceback:
/usr/lib/python3.12/importlib/__init__.py:90: in import_module
    return _bootstrap._gcd_import(name[level:], package, level)
           ^^^^^^^^^^^^^^^^^^^^^^^^^^^^^^^^^^^^^^^^^^^^^^^^^^^^
tests/test_qualification_scenarios.py:1: in <module>
    from app.qualification.scenarios import GoldenPathRunner
app/qualification/scenarios.py:2: in <module>
    from app.qualification.models import QualificationScenario, ScenarioResult
app/qualification/models.py:1: in <module>
    from pydantic import BaseModel, Field
E   ModuleNotFoundError: No module named 'pydantic'
_____________ ERROR collecting tests/test_qualification_scoring.py _____________
ImportError while importing test module '/app/tests/test_qualification_scoring.py'.
Hint: make sure your test modules/packages have valid Python names.
Traceback:
/usr/lib/python3.12/importlib/__init__.py:90: in import_module
    return _bootstrap._gcd_import(name[level:], package, level)
           ^^^^^^^^^^^^^^^^^^^^^^^^^^^^^^^^^^^^^^^^^^^^^^^^^^^^
tests/test_qualification_scoring.py:1: in <module>
    from app.qualification.scoring import calculate_score
app/qualification/scoring.py:2: in <module>
    from app.qualification.models import (
app/qualification/models.py:1: in <module>
    from pydantic import BaseModel, Field
E   ModuleNotFoundError: No module named 'pydantic'
_____________ ERROR collecting tests/test_qualification_storage.py _____________
ImportError while importing test module '/app/tests/test_qualification_storage.py'.
Hint: make sure your test modules/packages have valid Python names.
Traceback:
/usr/lib/python3.12/importlib/__init__.py:90: in import_module
    return _bootstrap._gcd_import(name[level:], package, level)
           ^^^^^^^^^^^^^^^^^^^^^^^^^^^^^^^^^^^^^^^^^^^^^^^^^^^^
tests/test_qualification_storage.py:1: in <module>
    from app.qualification.storage import QualificationStorage
app/qualification/storage.py:4: in <module>
    from app.qualification.models import QualificationRun
app/qualification/models.py:1: in <module>
    from pydantic import BaseModel, Field
E   ModuleNotFoundError: No module named 'pydantic'
__________ ERROR collecting tests/test_qualification_traceability.py ___________
ImportError while importing test module '/app/tests/test_qualification_traceability.py'.
Hint: make sure your test modules/packages have valid Python names.
Traceback:
/usr/lib/python3.12/importlib/__init__.py:90: in import_module
    return _bootstrap._gcd_import(name[level:], package, level)
           ^^^^^^^^^^^^^^^^^^^^^^^^^^^^^^^^^^^^^^^^^^^^^^^^^^^^
tests/test_qualification_traceability.py:1: in <module>
    from app.qualification.traceability import (
app/qualification/traceability.py:1: in <module>
    from app.data_governance.models import DataContract, TrustVerdict
app/data_governance/__init__.py:3: in <module>
    from app.data_governance.models import *
app/data_governance/models.py:1: in <module>
    from pydantic import BaseModel, Field
E   ModuleNotFoundError: No module named 'pydantic'
____________ ERROR collecting tests/test_qualification_verdicts.py _____________
ImportError while importing test module '/app/tests/test_qualification_verdicts.py'.
Hint: make sure your test modules/packages have valid Python names.
Traceback:
/usr/lib/python3.12/importlib/__init__.py:90: in import_module
    return _bootstrap._gcd_import(name[level:], package, level)
           ^^^^^^^^^^^^^^^^^^^^^^^^^^^^^^^^^^^^^^^^^^^^^^^^^^^^
tests/test_qualification_verdicts.py:1: in <module>
    from app.qualification.verdicts import evaluate_verdict
app/qualification/verdicts.py:1: in <module>
    from app.qualification.models import QualificationScore, QualificationVerdict
app/qualification/models.py:1: in <module>
    from pydantic import BaseModel, Field
E   ModuleNotFoundError: No module named 'pydantic'
_____________ ERROR collecting tests/test_qualification_waivers.py _____________
ImportError while importing test module '/app/tests/test_qualification_waivers.py'.
Hint: make sure your test modules/packages have valid Python names.
Traceback:
/usr/lib/python3.12/importlib/__init__.py:90: in import_module
    return _bootstrap._gcd_import(name[level:], package, level)
           ^^^^^^^^^^^^^^^^^^^^^^^^^^^^^^^^^^^^^^^^^^^^^^^^^^^^
tests/test_qualification_waivers.py:1: in <module>
    from app.qualification.waivers import WaiverManager
app/qualification/waivers.py:3: in <module>
    from app.qualification.models import WaiverRecord
app/qualification/models.py:1: in <module>
    from pydantic import BaseModel, Field
E   ModuleNotFoundError: No module named 'pydantic'
_________ ERROR collecting tests/test_readiness_board_admissibility.py _________
ImportError while importing test module '/app/tests/test_readiness_board_admissibility.py'.
Hint: make sure your test modules/packages have valid Python names.
Traceback:
/usr/lib/python3.12/importlib/__init__.py:90: in import_module
    return _bootstrap._gcd_import(name[level:], package, level)
           ^^^^^^^^^^^^^^^^^^^^^^^^^^^^^^^^^^^^^^^^^^^^^^^^^^^^
tests/test_readiness_board_admissibility.py:2: in <module>
    from app.readiness_board.models import ReadinessBoardConfig, EvidenceSubmission
app/readiness_board/__init__.py:1: in <module>
    from app.readiness_board.storage import ReadinessBoardStorage
app/readiness_board/storage.py:2: in <module>
    from app.readiness_board.models import (
app/readiness_board/models.py:3: in <module>
    from pydantic import BaseModel, Field
E   ModuleNotFoundError: No module named 'pydantic'
__________ ERROR collecting tests/test_readiness_board_candidates.py ___________
ImportError while importing test module '/app/tests/test_readiness_board_candidates.py'.
Hint: make sure your test modules/packages have valid Python names.
Traceback:
/usr/lib/python3.12/importlib/__init__.py:90: in import_module
    return _bootstrap._gcd_import(name[level:], package, level)
           ^^^^^^^^^^^^^^^^^^^^^^^^^^^^^^^^^^^^^^^^^^^^^^^^^^^^
tests/test_readiness_board_candidates.py:1: in <module>
    from app.readiness_board.storage import ReadinessBoardStorage
app/readiness_board/__init__.py:1: in <module>
    from app.readiness_board.storage import ReadinessBoardStorage
app/readiness_board/storage.py:2: in <module>
    from app.readiness_board.models import (
app/readiness_board/models.py:3: in <module>
    from pydantic import BaseModel, Field
E   ModuleNotFoundError: No module named 'pydantic'
__________ ERROR collecting tests/test_readiness_board_conditional.py __________
ImportError while importing test module '/app/tests/test_readiness_board_conditional.py'.
Hint: make sure your test modules/packages have valid Python names.
Traceback:
/usr/lib/python3.12/importlib/__init__.py:90: in import_module
    return _bootstrap._gcd_import(name[level:], package, level)
           ^^^^^^^^^^^^^^^^^^^^^^^^^^^^^^^^^^^^^^^^^^^^^^^^^^^^
tests/test_readiness_board_conditional.py:1: in <module>
    from app.readiness_board.decisions import DecisionEngine
app/readiness_board/__init__.py:1: in <module>
    from app.readiness_board.storage import ReadinessBoardStorage
app/readiness_board/storage.py:2: in <module>
    from app.readiness_board.models import (
app/readiness_board/models.py:3: in <module>
    from pydantic import BaseModel, Field
E   ModuleNotFoundError: No module named 'pydantic'
________ ERROR collecting tests/test_readiness_board_contradictions.py _________
ImportError while importing test module '/app/tests/test_readiness_board_contradictions.py'.
Hint: make sure your test modules/packages have valid Python names.
Traceback:
/usr/lib/python3.12/importlib/__init__.py:90: in import_module
    return _bootstrap._gcd_import(name[level:], package, level)
           ^^^^^^^^^^^^^^^^^^^^^^^^^^^^^^^^^^^^^^^^^^^^^^^^^^^^
tests/test_readiness_board_contradictions.py:1: in <module>
    from app.readiness_board.contradictions import ContradictionDetector
app/readiness_board/__init__.py:1: in <module>
    from app.readiness_board.storage import ReadinessBoardStorage
app/readiness_board/storage.py:2: in <module>
    from app.readiness_board.models import (
app/readiness_board/models.py:3: in <module>
    from pydantic import BaseModel, Field
E   ModuleNotFoundError: No module named 'pydantic'
___________ ERROR collecting tests/test_readiness_board_decisions.py ___________
ImportError while importing test module '/app/tests/test_readiness_board_decisions.py'.
Hint: make sure your test modules/packages have valid Python names.
Traceback:
/usr/lib/python3.12/importlib/__init__.py:90: in import_module
    return _bootstrap._gcd_import(name[level:], package, level)
           ^^^^^^^^^^^^^^^^^^^^^^^^^^^^^^^^^^^^^^^^^^^^^^^^^^^^
tests/test_readiness_board_decisions.py:1: in <module>
    from app.readiness_board.decisions import DecisionEngine
app/readiness_board/__init__.py:1: in <module>
    from app.readiness_board.storage import ReadinessBoardStorage
app/readiness_board/storage.py:2: in <module>
    from app.readiness_board.models import (
app/readiness_board/models.py:3: in <module>
    from pydantic import BaseModel, Field
E   ModuleNotFoundError: No module named 'pydantic'
____________ ERROR collecting tests/test_readiness_board_domains.py ____________
ImportError while importing test module '/app/tests/test_readiness_board_domains.py'.
Hint: make sure your test modules/packages have valid Python names.
Traceback:
/usr/lib/python3.12/importlib/__init__.py:90: in import_module
    return _bootstrap._gcd_import(name[level:], package, level)
           ^^^^^^^^^^^^^^^^^^^^^^^^^^^^^^^^^^^^^^^^^^^^^^^^^^^^
tests/test_readiness_board_domains.py:1: in <module>
    from app.readiness_board.domains import DomainEvaluator
app/readiness_board/__init__.py:1: in <module>
    from app.readiness_board.storage import ReadinessBoardStorage
app/readiness_board/storage.py:2: in <module>
    from app.readiness_board.models import (
app/readiness_board/models.py:3: in <module>
    from pydantic import BaseModel, Field
E   ModuleNotFoundError: No module named 'pydantic'
____________ ERROR collecting tests/test_readiness_board_dossier.py ____________
ImportError while importing test module '/app/tests/test_readiness_board_dossier.py'.
Hint: make sure your test modules/packages have valid Python names.
Traceback:
/usr/lib/python3.12/importlib/__init__.py:90: in import_module
    return _bootstrap._gcd_import(name[level:], package, level)
           ^^^^^^^^^^^^^^^^^^^^^^^^^^^^^^^^^^^^^^^^^^^^^^^^^^^^
tests/test_readiness_board_dossier.py:1: in <module>
    from app.readiness_board.dossier import DossierBuilder
app/readiness_board/__init__.py:1: in <module>
    from app.readiness_board.storage import ReadinessBoardStorage
app/readiness_board/storage.py:2: in <module>
    from app.readiness_board.models import (
app/readiness_board/models.py:3: in <module>
    from pydantic import BaseModel, Field
E   ModuleNotFoundError: No module named 'pydantic'
___________ ERROR collecting tests/test_readiness_board_evidence.py ____________
ImportError while importing test module '/app/tests/test_readiness_board_evidence.py'.
Hint: make sure your test modules/packages have valid Python names.
Traceback:
/usr/lib/python3.12/importlib/__init__.py:90: in import_module
    return _bootstrap._gcd_import(name[level:], package, level)
           ^^^^^^^^^^^^^^^^^^^^^^^^^^^^^^^^^^^^^^^^^^^^^^^^^^^^
tests/test_readiness_board_evidence.py:1: in <module>
    from app.readiness_board.storage import ReadinessBoardStorage
app/readiness_board/__init__.py:1: in <module>
    from app.readiness_board.storage import ReadinessBoardStorage
app/readiness_board/storage.py:2: in <module>
    from app.readiness_board.models import (
app/readiness_board/models.py:3: in <module>
    from pydantic import BaseModel, Field
E   ModuleNotFoundError: No module named 'pydantic'
____________ ERROR collecting tests/test_readiness_board_freeze.py _____________
ImportError while importing test module '/app/tests/test_readiness_board_freeze.py'.
Hint: make sure your test modules/packages have valid Python names.
Traceback:
/usr/lib/python3.12/importlib/__init__.py:90: in import_module
    return _bootstrap._gcd_import(name[level:], package, level)
           ^^^^^^^^^^^^^^^^^^^^^^^^^^^^^^^^^^^^^^^^^^^^^^^^^^^^
tests/test_readiness_board_freeze.py:2: in <module>
    from app.readiness_board.storage import ReadinessBoardStorage
app/readiness_board/__init__.py:1: in <module>
    from app.readiness_board.storage import ReadinessBoardStorage
app/readiness_board/storage.py:2: in <module>
    from app.readiness_board.models import (
app/readiness_board/models.py:3: in <module>
    from pydantic import BaseModel, Field
E   ModuleNotFoundError: No module named 'pydantic'
____________ ERROR collecting tests/test_readiness_board_history.py ____________
ImportError while importing test module '/app/tests/test_readiness_board_history.py'.
Hint: make sure your test modules/packages have valid Python names.
Traceback:
/usr/lib/python3.12/importlib/__init__.py:90: in import_module
    return _bootstrap._gcd_import(name[level:], package, level)
           ^^^^^^^^^^^^^^^^^^^^^^^^^^^^^^^^^^^^^^^^^^^^^^^^^^^^
tests/test_readiness_board_history.py:1: in <module>
    from app.readiness_board.history import HistoryManager
app/readiness_board/__init__.py:1: in <module>
    from app.readiness_board.storage import ReadinessBoardStorage
app/readiness_board/storage.py:2: in <module>
    from app.readiness_board.models import (
app/readiness_board/models.py:3: in <module>
    from pydantic import BaseModel, Field
E   ModuleNotFoundError: No module named 'pydantic'
_____________ ERROR collecting tests/test_readiness_board_memos.py _____________
ImportError while importing test module '/app/tests/test_readiness_board_memos.py'.
Hint: make sure your test modules/packages have valid Python names.
Traceback:
/usr/lib/python3.12/importlib/__init__.py:90: in import_module
    return _bootstrap._gcd_import(name[level:], package, level)
           ^^^^^^^^^^^^^^^^^^^^^^^^^^^^^^^^^^^^^^^^^^^^^^^^^^^^
tests/test_readiness_board_memos.py:1: in <module>
    from app.readiness_board.memos import MemoBuilder
app/readiness_board/__init__.py:1: in <module>
    from app.readiness_board.storage import ReadinessBoardStorage
app/readiness_board/storage.py:2: in <module>
    from app.readiness_board.models import (
app/readiness_board/models.py:3: in <module>
    from pydantic import BaseModel, Field
E   ModuleNotFoundError: No module named 'pydantic'
__________ ERROR collecting tests/test_readiness_board_promotions.py ___________
ImportError while importing test module '/app/tests/test_readiness_board_promotions.py'.
Hint: make sure your test modules/packages have valid Python names.
Traceback:
/usr/lib/python3.12/importlib/__init__.py:90: in import_module
    return _bootstrap._gcd_import(name[level:], package, level)
           ^^^^^^^^^^^^^^^^^^^^^^^^^^^^^^^^^^^^^^^^^^^^^^^^^^^^
tests/test_readiness_board_promotions.py:1: in <module>
    from app.readiness_board.promotions import PromotionManager
app/readiness_board/__init__.py:1: in <module>
    from app.readiness_board.storage import ReadinessBoardStorage
app/readiness_board/storage.py:2: in <module>
    from app.readiness_board.models import (
app/readiness_board/models.py:3: in <module>
    from pydantic import BaseModel, Field
E   ModuleNotFoundError: No module named 'pydantic'
__________ ERROR collecting tests/test_readiness_board_resolution.py ___________
ImportError while importing test module '/app/tests/test_readiness_board_resolution.py'.
Hint: make sure your test modules/packages have valid Python names.
Traceback:
/usr/lib/python3.12/importlib/__init__.py:90: in import_module
    return _bootstrap._gcd_import(name[level:], package, level)
           ^^^^^^^^^^^^^^^^^^^^^^^^^^^^^^^^^^^^^^^^^^^^^^^^^^^^
tests/test_readiness_board_resolution.py:1: in <module>
    from app.readiness_board.resolution import ContradictionResolver
app/readiness_board/__init__.py:1: in <module>
    from app.readiness_board.storage import ReadinessBoardStorage
app/readiness_board/storage.py:2: in <module>
    from app.readiness_board.models import (
app/readiness_board/models.py:3: in <module>
    from pydantic import BaseModel, Field
E   ModuleNotFoundError: No module named 'pydantic'
____________ ERROR collecting tests/test_readiness_board_storage.py ____________
ImportError while importing test module '/app/tests/test_readiness_board_storage.py'.
Hint: make sure your test modules/packages have valid Python names.
Traceback:
/usr/lib/python3.12/importlib/__init__.py:90: in import_module
    return _bootstrap._gcd_import(name[level:], package, level)
           ^^^^^^^^^^^^^^^^^^^^^^^^^^^^^^^^^^^^^^^^^^^^^^^^^^^^
tests/test_readiness_board_storage.py:1: in <module>
    from app.readiness_board.storage import ReadinessBoardStorage
app/readiness_board/__init__.py:1: in <module>
    from app.readiness_board.storage import ReadinessBoardStorage
app/readiness_board/storage.py:2: in <module>
    from app.readiness_board.models import (
app/readiness_board/models.py:3: in <module>
    from pydantic import BaseModel, Field
E   ModuleNotFoundError: No module named 'pydantic'
______ ERROR collecting tests/test_recapitalization_plane_adversarial.py _______
ImportError while importing test module '/app/tests/test_recapitalization_plane_adversarial.py'.
Hint: make sure your test modules/packages have valid Python names.
Traceback:
/usr/lib/python3.12/importlib/__init__.py:90: in import_module
    return _bootstrap._gcd_import(name[level:], package, level)
           ^^^^^^^^^^^^^^^^^^^^^^^^^^^^^^^^^^^^^^^^^^^^^^^^^^^^
tests/test_recapitalization_plane_adversarial.py:2: in <module>
    from app.recapitalization_plane.models import RecapitalizationObject
app/recapitalization_plane/models.py:1: in <module>
    from pydantic import BaseModel, Field
E   ModuleNotFoundError: No module named 'pydantic'
______ ERROR collecting tests/test_recapitalization_plane_antidilution.py ______
ImportError while importing test module '/app/tests/test_recapitalization_plane_antidilution.py'.
Hint: make sure your test modules/packages have valid Python names.
Traceback:
/usr/lib/python3.12/importlib/__init__.py:90: in import_module
    return _bootstrap._gcd_import(name[level:], package, level)
           ^^^^^^^^^^^^^^^^^^^^^^^^^^^^^^^^^^^^^^^^^^^^^^^^^^^^
tests/test_recapitalization_plane_antidilution.py:2: in <module>
    from app.recapitalization_plane.models import RecapitalizationObject
app/recapitalization_plane/models.py:1: in <module>
    from pydantic import BaseModel, Field
E   ModuleNotFoundError: No module named 'pydantic'
_______ ERROR collecting tests/test_recapitalization_plane_authority.py ________
ImportError while importing test module '/app/tests/test_recapitalization_plane_authority.py'.
Hint: make sure your test modules/packages have valid Python names.
Traceback:
/usr/lib/python3.12/importlib/__init__.py:90: in import_module
    return _bootstrap._gcd_import(name[level:], package, level)
           ^^^^^^^^^^^^^^^^^^^^^^^^^^^^^^^^^^^^^^^^^^^^^^^^^^^^
tests/test_recapitalization_plane_authority.py:2: in <module>
    from app.recapitalization_plane.models import RecapitalizationObject
app/recapitalization_plane/models.py:1: in <module>
    from pydantic import BaseModel, Field
E   ModuleNotFoundError: No module named 'pydantic'
________ ERROR collecting tests/test_recapitalization_plane_autonomy.py ________
ImportError while importing test module '/app/tests/test_recapitalization_plane_autonomy.py'.
Hint: make sure your test modules/packages have valid Python names.
Traceback:
/usr/lib/python3.12/importlib/__init__.py:90: in import_module
    return _bootstrap._gcd_import(name[level:], package, level)
           ^^^^^^^^^^^^^^^^^^^^^^^^^^^^^^^^^^^^^^^^^^^^^^^^^^^^
tests/test_recapitalization_plane_autonomy.py:2: in <module>
    from app.recapitalization_plane.models import RecapitalizationObject
app/recapitalization_plane/models.py:1: in <module>
    from pydantic import BaseModel, Field
E   ModuleNotFoundError: No module named 'pydantic'
_______ ERROR collecting tests/test_recapitalization_plane_backstops.py ________
ImportError while importing test module '/app/tests/test_recapitalization_plane_backstops.py'.
Hint: make sure your test modules/packages have valid Python names.
Traceback:
/usr/lib/python3.12/importlib/__init__.py:90: in import_module
    return _bootstrap._gcd_import(name[level:], package, level)
           ^^^^^^^^^^^^^^^^^^^^^^^^^^^^^^^^^^^^^^^^^^^^^^^^^^^^
tests/test_recapitalization_plane_backstops.py:2: in <module>
    from app.recapitalization_plane.models import RecapitalizationObject
app/recapitalization_plane/models.py:1: in <module>
    from pydantic import BaseModel, Field
E   ModuleNotFoundError: No module named 'pydantic'
_____ ERROR collecting tests/test_recapitalization_plane_capital_calls.py ______
ImportError while importing test module '/app/tests/test_recapitalization_plane_capital_calls.py'.
Hint: make sure your test modules/packages have valid Python names.
Traceback:
/usr/lib/python3.12/importlib/__init__.py:90: in import_module
    return _bootstrap._gcd_import(name[level:], package, level)
           ^^^^^^^^^^^^^^^^^^^^^^^^^^^^^^^^^^^^^^^^^^^^^^^^^^^^
tests/test_recapitalization_plane_capital_calls.py:2: in <module>
    from app.recapitalization_plane.models import RecapitalizationObject
app/recapitalization_plane/models.py:1: in <module>
    from pydantic import BaseModel, Field
E   ModuleNotFoundError: No module named 'pydantic'
_____ ERROR collecting tests/test_recapitalization_plane_capital_stack.py ______
ImportError while importing test module '/app/tests/test_recapitalization_plane_capital_stack.py'.
Hint: make sure your test modules/packages have valid Python names.
Traceback:
/usr/lib/python3.12/importlib/__init__.py:90: in import_module
    return _bootstrap._gcd_import(name[level:], package, level)
           ^^^^^^^^^^^^^^^^^^^^^^^^^^^^^^^^^^^^^^^^^^^^^^^^^^^^
tests/test_recapitalization_plane_capital_stack.py:2: in <module>
    from app.recapitalization_plane.models import RecapitalizationObject
app/recapitalization_plane/models.py:1: in <module>
    from pydantic import BaseModel, Field
E   ModuleNotFoundError: No module named 'pydantic'
_______ ERROR collecting tests/test_recapitalization_plane_commitment.py _______
ImportError while importing test module '/app/tests/test_recapitalization_plane_commitment.py'.
Hint: make sure your test modules/packages have valid Python names.
Traceback:
/usr/lib/python3.12/importlib/__init__.py:90: in import_module
    return _bootstrap._gcd_import(name[level:], package, level)
           ^^^^^^^^^^^^^^^^^^^^^^^^^^^^^^^^^^^^^^^^^^^^^^^^^^^^
tests/test_recapitalization_plane_commitment.py:2: in <module>
    from app.recapitalization_plane.models import RecapitalizationObject
app/recapitalization_plane/models.py:1: in <module>
    from pydantic import BaseModel, Field
E   ModuleNotFoundError: No module named 'pydantic'
______ ERROR collecting tests/test_recapitalization_plane_commitments.py _______
ImportError while importing test module '/app/tests/test_recapitalization_plane_commitments.py'.
Hint: make sure your test modules/packages have valid Python names.
Traceback:
/usr/lib/python3.12/importlib/__init__.py:90: in import_module
    return _bootstrap._gcd_import(name[level:], package, level)
           ^^^^^^^^^^^^^^^^^^^^^^^^^^^^^^^^^^^^^^^^^^^^^^^^^^^^
tests/test_recapitalization_plane_commitments.py:2: in <module>
    from app.recapitalization_plane.models import RecapitalizationObject
app/recapitalization_plane/models.py:1: in <module>
    from pydantic import BaseModel, Field
E   ModuleNotFoundError: No module named 'pydantic'
_________ ERROR collecting tests/test_recapitalization_plane_common.py _________
ImportError while importing test module '/app/tests/test_recapitalization_plane_common.py'.
Hint: make sure your test modules/packages have valid Python names.
Traceback:
/usr/lib/python3.12/importlib/__init__.py:90: in import_module
    return _bootstrap._gcd_import(name[level:], package, level)
           ^^^^^^^^^^^^^^^^^^^^^^^^^^^^^^^^^^^^^^^^^^^^^^^^^^^^
tests/test_recapitalization_plane_common.py:2: in <module>
    from app.recapitalization_plane.models import RecapitalizationObject
app/recapitalization_plane/models.py:1: in <module>
    from pydantic import BaseModel, Field
E   ModuleNotFoundError: No module named 'pydantic'
______ ERROR collecting tests/test_recapitalization_plane_comparisons.py _______
ImportError while importing test module '/app/tests/test_recapitalization_plane_comparisons.py'.
Hint: make sure your test modules/packages have valid Python names.
Traceback:
/usr/lib/python3.12/importlib/__init__.py:90: in import_module
    return _bootstrap._gcd_import(name[level:], package, level)
           ^^^^^^^^^^^^^^^^^^^^^^^^^^^^^^^^^^^^^^^^^^^^^^^^^^^^
tests/test_recapitalization_plane_comparisons.py:2: in <module>
    from app.recapitalization_plane.models import RecapitalizationObject
app/recapitalization_plane/models.py:1: in <module>
    from pydantic import BaseModel, Field
E   ModuleNotFoundError: No module named 'pydantic'
_______ ERROR collecting tests/test_recapitalization_plane_compliance.py _______
ImportError while importing test module '/app/tests/test_recapitalization_plane_compliance.py'.
Hint: make sure your test modules/packages have valid Python names.
Traceback:
/usr/lib/python3.12/importlib/__init__.py:90: in import_module
    return _bootstrap._gcd_import(name[level:], package, level)
           ^^^^^^^^^^^^^^^^^^^^^^^^^^^^^^^^^^^^^^^^^^^^^^^^^^^^
tests/test_recapitalization_plane_compliance.py:2: in <module>
    from app.recapitalization_plane.models import RecapitalizationObject
app/recapitalization_plane/models.py:1: in <module>
    from pydantic import BaseModel, Field
E   ModuleNotFoundError: No module named 'pydantic'
______ ERROR collecting tests/test_recapitalization_plane_constitution.py ______
ImportError while importing test module '/app/tests/test_recapitalization_plane_constitution.py'.
Hint: make sure your test modules/packages have valid Python names.
Traceback:
/usr/lib/python3.12/importlib/__init__.py:90: in import_module
    return _bootstrap._gcd_import(name[level:], package, level)
           ^^^^^^^^^^^^^^^^^^^^^^^^^^^^^^^^^^^^^^^^^^^^^^^^^^^^
tests/test_recapitalization_plane_constitution.py:2: in <module>
    from app.recapitalization_plane.models import RecapitalizationObject
app/recapitalization_plane/models.py:1: in <module>
    from pydantic import BaseModel, Field
E   ModuleNotFoundError: No module named 'pydantic'
_______ ERROR collecting tests/test_recapitalization_plane_contracts.py ________
ImportError while importing test module '/app/tests/test_recapitalization_plane_contracts.py'.
Hint: make sure your test modules/packages have valid Python names.
Traceback:
/usr/lib/python3.12/importlib/__init__.py:90: in import_module
    return _bootstrap._gcd_import(name[level:], package, level)
           ^^^^^^^^^^^^^^^^^^^^^^^^^^^^^^^^^^^^^^^^^^^^^^^^^^^^
tests/test_recapitalization_plane_contracts.py:2: in <module>
    from app.recapitalization_plane.models import RecapitalizationObject
app/recapitalization_plane/models.py:1: in <module>
    from pydantic import BaseModel, Field
E   ModuleNotFoundError: No module named 'pydantic'
________ ERROR collecting tests/test_recapitalization_plane_control.py _________
ImportError while importing test module '/app/tests/test_recapitalization_plane_control.py'.
Hint: make sure your test modules/packages have valid Python names.
Traceback:
/usr/lib/python3.12/importlib/__init__.py:90: in import_module
    return _bootstrap._gcd_import(name[level:], package, level)
           ^^^^^^^^^^^^^^^^^^^^^^^^^^^^^^^^^^^^^^^^^^^^^^^^^^^^
tests/test_recapitalization_plane_control.py:2: in <module>
    from app.recapitalization_plane.models import RecapitalizationObject
app/recapitalization_plane/models.py:1: in <module>
    from pydantic import BaseModel, Field
E   ModuleNotFoundError: No module named 'pydantic'
______ ERROR collecting tests/test_recapitalization_plane_conversions.py _______
ImportError while importing test module '/app/tests/test_recapitalization_plane_conversions.py'.
Hint: make sure your test modules/packages have valid Python names.
Traceback:
/usr/lib/python3.12/importlib/__init__.py:90: in import_module
    return _bootstrap._gcd_import(name[level:], package, level)
           ^^^^^^^^^^^^^^^^^^^^^^^^^^^^^^^^^^^^^^^^^^^^^^^^^^^^
tests/test_recapitalization_plane_conversions.py:2: in <module>
    from app.recapitalization_plane.models import RecapitalizationObject
app/recapitalization_plane/models.py:1: in <module>
    from pydantic import BaseModel, Field
E   ModuleNotFoundError: No module named 'pydantic'
______ ERROR collecting tests/test_recapitalization_plane_convertibles.py ______
ImportError while importing test module '/app/tests/test_recapitalization_plane_convertibles.py'.
Hint: make sure your test modules/packages have valid Python names.
Traceback:
/usr/lib/python3.12/importlib/__init__.py:90: in import_module
    return _bootstrap._gcd_import(name[level:], package, level)
           ^^^^^^^^^^^^^^^^^^^^^^^^^^^^^^^^^^^^^^^^^^^^^^^^^^^^
tests/test_recapitalization_plane_convertibles.py:2: in <module>
    from app.recapitalization_plane.models import RecapitalizationObject
app/recapitalization_plane/models.py:1: in <module>
    from pydantic import BaseModel, Field
E   ModuleNotFoundError: No module named 'pydantic'
__________ ERROR collecting tests/test_recapitalization_plane_debt.py __________
ImportError while importing test module '/app/tests/test_recapitalization_plane_debt.py'.
Hint: make sure your test modules/packages have valid Python names.
Traceback:
/usr/lib/python3.12/importlib/__init__.py:90: in import_module
    return _bootstrap._gcd_import(name[level:], package, level)
           ^^^^^^^^^^^^^^^^^^^^^^^^^^^^^^^^^^^^^^^^^^^^^^^^^^^^
tests/test_recapitalization_plane_debt.py:2: in <module>
    from app.recapitalization_plane.models import RecapitalizationObject
app/recapitalization_plane/models.py:1: in <module>
    from pydantic import BaseModel, Field
E   ModuleNotFoundError: No module named 'pydantic'
________ ERROR collecting tests/test_recapitalization_plane_dilution.py ________
ImportError while importing test module '/app/tests/test_recapitalization_plane_dilution.py'.
Hint: make sure your test modules/packages have valid Python names.
Traceback:
/usr/lib/python3.12/importlib/__init__.py:90: in import_module
    return _bootstrap._gcd_import(name[level:], package, level)
           ^^^^^^^^^^^^^^^^^^^^^^^^^^^^^^^^^^^^^^^^^^^^^^^^^^^^
tests/test_recapitalization_plane_dilution.py:2: in <module>
    from app.recapitalization_plane.models import RecapitalizationObject
app/recapitalization_plane/models.py:1: in <module>
    from pydantic import BaseModel, Field
E   ModuleNotFoundError: No module named 'pydantic'
_______ ERROR collecting tests/test_recapitalization_plane_divergence.py _______
ImportError while importing test module '/app/tests/test_recapitalization_plane_divergence.py'.
Hint: make sure your test modules/packages have valid Python names.
Traceback:
/usr/lib/python3.12/importlib/__init__.py:90: in import_module
    return _bootstrap._gcd_import(name[level:], package, level)
           ^^^^^^^^^^^^^^^^^^^^^^^^^^^^^^^^^^^^^^^^^^^^^^^^^^^^
tests/test_recapitalization_plane_divergence.py:2: in <module>
    from app.recapitalization_plane.models import RecapitalizationObject
app/recapitalization_plane/models.py:1: in <module>
    from pydantic import BaseModel, Field
E   ModuleNotFoundError: No module named 'pydantic'
_______ ERROR collecting tests/test_recapitalization_plane_epistemic.py ________
ImportError while importing test module '/app/tests/test_recapitalization_plane_epistemic.py'.
Hint: make sure your test modules/packages have valid Python names.
Traceback:
/usr/lib/python3.12/importlib/__init__.py:90: in import_module
    return _bootstrap._gcd_import(name[level:], package, level)
           ^^^^^^^^^^^^^^^^^^^^^^^^^^^^^^^^^^^^^^^^^^^^^^^^^^^^
tests/test_recapitalization_plane_epistemic.py:2: in <module>
    from app.recapitalization_plane.models import RecapitalizationObject
app/recapitalization_plane/models.py:1: in <module>
    from pydantic import BaseModel, Field
E   ModuleNotFoundError: No module named 'pydantic'
_________ ERROR collecting tests/test_recapitalization_plane_equity.py _________
ImportError while importing test module '/app/tests/test_recapitalization_plane_equity.py'.
Hint: make sure your test modules/packages have valid Python names.
Traceback:
/usr/lib/python3.12/importlib/__init__.py:90: in import_module
    return _bootstrap._gcd_import(name[level:], package, level)
           ^^^^^^^^^^^^^^^^^^^^^^^^^^^^^^^^^^^^^^^^^^^^^^^^^^^^
tests/test_recapitalization_plane_equity.py:2: in <module>
    from app.recapitalization_plane.models import RecapitalizationObject
app/recapitalization_plane/models.py:1: in <module>
    from pydantic import BaseModel, Field
E   ModuleNotFoundError: No module named 'pydantic'
______ ERROR collecting tests/test_recapitalization_plane_equivalence.py _______
ImportError while importing test module '/app/tests/test_recapitalization_plane_equivalence.py'.
Hint: make sure your test modules/packages have valid Python names.
Traceback:
/usr/lib/python3.12/importlib/__init__.py:90: in import_module
    return _bootstrap._gcd_import(name[level:], package, level)
           ^^^^^^^^^^^^^^^^^^^^^^^^^^^^^^^^^^^^^^^^^^^^^^^^^^^^
tests/test_recapitalization_plane_equivalence.py:2: in <module>
    from app.recapitalization_plane.models import RecapitalizationObject
app/recapitalization_plane/models.py:1: in <module>
    from pydantic import BaseModel, Field
E   ModuleNotFoundError: No module named 'pydantic'
______ ERROR collecting tests/test_recapitalization_plane_exit_capital.py ______
ImportError while importing test module '/app/tests/test_recapitalization_plane_exit_capital.py'.
Hint: make sure your test modules/packages have valid Python names.
Traceback:
/usr/lib/python3.12/importlib/__init__.py:90: in import_module
    return _bootstrap._gcd_import(name[level:], package, level)
           ^^^^^^^^^^^^^^^^^^^^^^^^^^^^^^^^^^^^^^^^^^^^^^^^^^^^
tests/test_recapitalization_plane_exit_capital.py:2: in <module>
    from app.recapitalization_plane.models import RecapitalizationObject
app/recapitalization_plane/models.py:1: in <module>
    from pydantic import BaseModel, Field
E   ModuleNotFoundError: No module named 'pydantic'
_______ ERROR collecting tests/test_recapitalization_plane_federation.py _______
ImportError while importing test module '/app/tests/test_recapitalization_plane_federation.py'.
Hint: make sure your test modules/packages have valid Python names.
Traceback:
/usr/lib/python3.12/importlib/__init__.py:90: in import_module
    return _bootstrap._gcd_import(name[level:], package, level)
           ^^^^^^^^^^^^^^^^^^^^^^^^^^^^^^^^^^^^^^^^^^^^^^^^^^^^
tests/test_recapitalization_plane_federation.py:2: in <module>
    from app.recapitalization_plane.models import RecapitalizationObject
app/recapitalization_plane/models.py:1: in <module>
    from pydantic import BaseModel, Field
E   ModuleNotFoundError: No module named 'pydantic'
________ ERROR collecting tests/test_recapitalization_plane_finality.py ________
ImportError while importing test module '/app/tests/test_recapitalization_plane_finality.py'.
Hint: make sure your test modules/packages have valid Python names.
Traceback:
/usr/lib/python3.12/importlib/__init__.py:90: in import_module
    return _bootstrap._gcd_import(name[level:], package, level)
           ^^^^^^^^^^^^^^^^^^^^^^^^^^^^^^^^^^^^^^^^^^^^^^^^^^^^
tests/test_recapitalization_plane_finality.py:2: in <module>
    from app.recapitalization_plane.models import RecapitalizationObject
app/recapitalization_plane/models.py:1: in <module>
    from pydantic import BaseModel, Field
E   ModuleNotFoundError: No module named 'pydantic'
______ ERROR collecting tests/test_recapitalization_plane_forecasting.py _______
ImportError while importing test module '/app/tests/test_recapitalization_plane_forecasting.py'.
Hint: make sure your test modules/packages have valid Python names.
Traceback:
/usr/lib/python3.12/importlib/__init__.py:90: in import_module
    return _bootstrap._gcd_import(name[level:], package, level)
           ^^^^^^^^^^^^^^^^^^^^^^^^^^^^^^^^^^^^^^^^^^^^^^^^^^^^
tests/test_recapitalization_plane_forecasting.py:2: in <module>
    from app.recapitalization_plane.models import RecapitalizationObject
app/recapitalization_plane/models.py:1: in <module>
    from pydantic import BaseModel, Field
E   ModuleNotFoundError: No module named 'pydantic'
________ ERROR collecting tests/test_recapitalization_plane_funding.py _________
ImportError while importing test module '/app/tests/test_recapitalization_plane_funding.py'.
Hint: make sure your test modules/packages have valid Python names.
Traceback:
/usr/lib/python3.12/importlib/__init__.py:90: in import_module
    return _bootstrap._gcd_import(name[level:], package, level)
           ^^^^^^^^^^^^^^^^^^^^^^^^^^^^^^^^^^^^^^^^^^^^^^^^^^^^
tests/test_recapitalization_plane_funding.py:2: in <module>
    from app.recapitalization_plane.models import RecapitalizationObject
app/recapitalization_plane/models.py:1: in <module>
    from pydantic import BaseModel, Field
E   ModuleNotFoundError: No module named 'pydantic'
_______ ERROR collecting tests/test_recapitalization_plane_incidents.py ________
ImportError while importing test module '/app/tests/test_recapitalization_plane_incidents.py'.
Hint: make sure your test modules/packages have valid Python names.
Traceback:
/usr/lib/python3.12/importlib/__init__.py:90: in import_module
    return _bootstrap._gcd_import(name[level:], package, level)
           ^^^^^^^^^^^^^^^^^^^^^^^^^^^^^^^^^^^^^^^^^^^^^^^^^^^^
tests/test_recapitalization_plane_incidents.py:2: in <module>
    from app.recapitalization_plane.models import RecapitalizationObject
app/recapitalization_plane/models.py:1: in <module>
    from pydantic import BaseModel, Field
E   ModuleNotFoundError: No module named 'pydantic'
_______ ERROR collecting tests/test_recapitalization_plane_insolvency.py _______
ImportError while importing test module '/app/tests/test_recapitalization_plane_insolvency.py'.
Hint: make sure your test modules/packages have valid Python names.
Traceback:
/usr/lib/python3.12/importlib/__init__.py:90: in import_module
    return _bootstrap._gcd_import(name[level:], package, level)
           ^^^^^^^^^^^^^^^^^^^^^^^^^^^^^^^^^^^^^^^^^^^^^^^^^^^^
tests/test_recapitalization_plane_insolvency.py:2: in <module>
    from app.recapitalization_plane.models import RecapitalizationObject
app/recapitalization_plane/models.py:1: in <module>
    from pydantic import BaseModel, Field
E   ModuleNotFoundError: No module named 'pydantic'
______ ERROR collecting tests/test_recapitalization_plane_instruments.py _______
ImportError while importing test module '/app/tests/test_recapitalization_plane_instruments.py'.
Hint: make sure your test modules/packages have valid Python names.
Traceback:
/usr/lib/python3.12/importlib/__init__.py:90: in import_module
    return _bootstrap._gcd_import(name[level:], package, level)
           ^^^^^^^^^^^^^^^^^^^^^^^^^^^^^^^^^^^^^^^^^^^^^^^^^^^^
tests/test_recapitalization_plane_instruments.py:2: in <module>
    from app.recapitalization_plane.models import RecapitalizationObject
app/recapitalization_plane/models.py:1: in <module>
    from pydantic import BaseModel, Field
E   ModuleNotFoundError: No module named 'pydantic'
_____ ERROR collecting tests/test_recapitalization_plane_interpretation.py _____
ImportError while importing test module '/app/tests/test_recapitalization_plane_interpretation.py'.
Hint: make sure your test modules/packages have valid Python names.
Traceback:
/usr/lib/python3.12/importlib/__init__.py:90: in import_module
    return _bootstrap._gcd_import(name[level:], package, level)
           ^^^^^^^^^^^^^^^^^^^^^^^^^^^^^^^^^^^^^^^^^^^^^^^^^^^^
tests/test_recapitalization_plane_interpretation.py:2: in <module>
    from app.recapitalization_plane.models import RecapitalizationObject
app/recapitalization_plane/models.py:1: in <module>
    from pydantic import BaseModel, Field
E   ModuleNotFoundError: No module named 'pydantic'
________ ERROR collecting tests/test_recapitalization_plane_issuance.py ________
ImportError while importing test module '/app/tests/test_recapitalization_plane_issuance.py'.
Hint: make sure your test modules/packages have valid Python names.
Traceback:
/usr/lib/python3.12/importlib/__init__.py:90: in import_module
    return _bootstrap._gcd_import(name[level:], package, level)
           ^^^^^^^^^^^^^^^^^^^^^^^^^^^^^^^^^^^^^^^^^^^^^^^^^^^^
tests/test_recapitalization_plane_issuance.py:2: in <module>
    from app.recapitalization_plane.models import RecapitalizationObject
app/recapitalization_plane/models.py:1: in <module>
    from pydantic import BaseModel, Field
E   ModuleNotFoundError: No module named 'pydantic'
______ ERROR collecting tests/test_recapitalization_plane_jurisdiction.py ______
ImportError while importing test module '/app/tests/test_recapitalization_plane_jurisdiction.py'.
Hint: make sure your test modules/packages have valid Python names.
Traceback:
/usr/lib/python3.12/importlib/__init__.py:90: in import_module
    return _bootstrap._gcd_import(name[level:], package, level)
           ^^^^^^^^^^^^^^^^^^^^^^^^^^^^^^^^^^^^^^^^^^^^^^^^^^^^
tests/test_recapitalization_plane_jurisdiction.py:2: in <module>
    from app.recapitalization_plane.models import RecapitalizationObject
app/recapitalization_plane/models.py:1: in <module>
    from pydantic import BaseModel, Field
E   ModuleNotFoundError: No module named 'pydantic'
_______ ERROR collecting tests/test_recapitalization_plane_liability.py ________
ImportError while importing test module '/app/tests/test_recapitalization_plane_liability.py'.
Hint: make sure your test modules/packages have valid Python names.
Traceback:
/usr/lib/python3.12/importlib/__init__.py:90: in import_module
    return _bootstrap._gcd_import(name[level:], package, level)
           ^^^^^^^^^^^^^^^^^^^^^^^^^^^^^^^^^^^^^^^^^^^^^^^^^^^^
tests/test_recapitalization_plane_liability.py:2: in <module>
    from app.recapitalization_plane.models import RecapitalizationObject
app/recapitalization_plane/models.py:1: in <module>
    from pydantic import BaseModel, Field
E   ModuleNotFoundError: No module named 'pydantic'
_______ ERROR collecting tests/test_recapitalization_plane_manifests.py ________
ImportError while importing test module '/app/tests/test_recapitalization_plane_manifests.py'.
Hint: make sure your test modules/packages have valid Python names.
Traceback:
/usr/lib/python3.12/importlib/__init__.py:90: in import_module
    return _bootstrap._gcd_import(name[level:], package, level)
           ^^^^^^^^^^^^^^^^^^^^^^^^^^^^^^^^^^^^^^^^^^^^^^^^^^^^
tests/test_recapitalization_plane_manifests.py:2: in <module>
    from app.recapitalization_plane.models import RecapitalizationObject
app/recapitalization_plane/models.py:1: in <module>
    from pydantic import BaseModel, Field
E   ModuleNotFoundError: No module named 'pydantic'
_______ ERROR collecting tests/test_recapitalization_plane_migrations.py _______
ImportError while importing test module '/app/tests/test_recapitalization_plane_migrations.py'.
Hint: make sure your test modules/packages have valid Python names.
Traceback:
/usr/lib/python3.12/importlib/__init__.py:90: in import_module
    return _bootstrap._gcd_import(name[level:], package, level)
           ^^^^^^^^^^^^^^^^^^^^^^^^^^^^^^^^^^^^^^^^^^^^^^^^^^^^
tests/test_recapitalization_plane_migrations.py:2: in <module>
    from app.recapitalization_plane.models import RecapitalizationObject
app/recapitalization_plane/models.py:1: in <module>
    from pydantic import BaseModel, Field
E   ModuleNotFoundError: No module named 'pydantic'
____ ERROR collecting tests/test_recapitalization_plane_minimum_capital.py _____
ImportError while importing test module '/app/tests/test_recapitalization_plane_minimum_capital.py'.
Hint: make sure your test modules/packages have valid Python names.
Traceback:
/usr/lib/python3.12/importlib/__init__.py:90: in import_module
    return _bootstrap._gcd_import(name[level:], package, level)
           ^^^^^^^^^^^^^^^^^^^^^^^^^^^^^^^^^^^^^^^^^^^^^^^^^^^^
tests/test_recapitalization_plane_minimum_capital.py:2: in <module>
    from app.recapitalization_plane.models import RecapitalizationObject
app/recapitalization_plane/models.py:1: in <module>
    from pydantic import BaseModel, Field
E   ModuleNotFoundError: No module named 'pydantic'
________ ERROR collecting tests/test_recapitalization_plane_objects.py _________
ImportError while importing test module '/app/tests/test_recapitalization_plane_objects.py'.
Hint: make sure your test modules/packages have valid Python names.
Traceback:
/usr/lib/python3.12/importlib/__init__.py:90: in import_module
    return _bootstrap._gcd_import(name[level:], package, level)
           ^^^^^^^^^^^^^^^^^^^^^^^^^^^^^^^^^^^^^^^^^^^^^^^^^^^^
tests/test_recapitalization_plane_objects.py:2: in <module>
    from app.recapitalization_plane.models import RecapitalizationObject
app/recapitalization_plane/models.py:1: in <module>
    from pydantic import BaseModel, Field
E   ModuleNotFoundError: No module named 'pydantic'
______ ERROR collecting tests/test_recapitalization_plane_obligations.py _______
ImportError while importing test module '/app/tests/test_recapitalization_plane_obligations.py'.
Hint: make sure your test modules/packages have valid Python names.
Traceback:
/usr/lib/python3.12/importlib/__init__.py:90: in import_module
    return _bootstrap._gcd_import(name[level:], package, level)
           ^^^^^^^^^^^^^^^^^^^^^^^^^^^^^^^^^^^^^^^^^^^^^^^^^^^^
tests/test_recapitalization_plane_obligations.py:2: in <module>
    from app.recapitalization_plane.models import RecapitalizationObject
app/recapitalization_plane/models.py:1: in <module>
    from pydantic import BaseModel, Field
E   ModuleNotFoundError: No module named 'pydantic'
___ ERROR collecting tests/test_recapitalization_plane_oversubscriptions.py ____
ImportError while importing test module '/app/tests/test_recapitalization_plane_oversubscriptions.py'.
Hint: make sure your test modules/packages have valid Python names.
Traceback:
/usr/lib/python3.12/importlib/__init__.py:90: in import_module
    return _bootstrap._gcd_import(name[level:], package, level)
           ^^^^^^^^^^^^^^^^^^^^^^^^^^^^^^^^^^^^^^^^^^^^^^^^^^^^
tests/test_recapitalization_plane_oversubscriptions.py:2: in <module>
    from app.recapitalization_plane.models import RecapitalizationObject
app/recapitalization_plane/models.py:1: in <module>
    from pydantic import BaseModel, Field
E   ModuleNotFoundError: No module named 'pydantic'
_______ ERROR collecting tests/test_recapitalization_plane_ownership.py ________
ImportError while importing test module '/app/tests/test_recapitalization_plane_ownership.py'.
Hint: make sure your test modules/packages have valid Python names.
Traceback:
/usr/lib/python3.12/importlib/__init__.py:90: in import_module
    return _bootstrap._gcd_import(name[level:], package, level)
           ^^^^^^^^^^^^^^^^^^^^^^^^^^^^^^^^^^^^^^^^^^^^^^^^^^^^
tests/test_recapitalization_plane_ownership.py:2: in <module>
    from app.recapitalization_plane.models import RecapitalizationObject
app/recapitalization_plane/models.py:1: in <module>
    from pydantic import BaseModel, Field
E   ModuleNotFoundError: No module named 'pydantic'
_________ ERROR collecting tests/test_recapitalization_plane_policy.py _________
ImportError while importing test module '/app/tests/test_recapitalization_plane_policy.py'.
Hint: make sure your test modules/packages have valid Python names.
Traceback:
/usr/lib/python3.12/importlib/__init__.py:90: in import_module
    return _bootstrap._gcd_import(name[level:], package, level)
           ^^^^^^^^^^^^^^^^^^^^^^^^^^^^^^^^^^^^^^^^^^^^^^^^^^^^
tests/test_recapitalization_plane_policy.py:2: in <module>
    from app.recapitalization_plane.models import RecapitalizationObject
app/recapitalization_plane/models.py:1: in <module>
    from pydantic import BaseModel, Field
E   ModuleNotFoundError: No module named 'pydantic'
_______ ERROR collecting tests/test_recapitalization_plane_precedent.py ________
ImportError while importing test module '/app/tests/test_recapitalization_plane_precedent.py'.
Hint: make sure your test modules/packages have valid Python names.
Traceback:
/usr/lib/python3.12/importlib/__init__.py:90: in import_module
    return _bootstrap._gcd_import(name[level:], package, level)
           ^^^^^^^^^^^^^^^^^^^^^^^^^^^^^^^^^^^^^^^^^^^^^^^^^^^^
tests/test_recapitalization_plane_precedent.py:2: in <module>
    from app.recapitalization_plane.models import RecapitalizationObject
app/recapitalization_plane/models.py:1: in <module>
    from pydantic import BaseModel, Field
E   ModuleNotFoundError: No module named 'pydantic'
_______ ERROR collecting tests/test_recapitalization_plane_preferred.py ________
ImportError while importing test module '/app/tests/test_recapitalization_plane_preferred.py'.
Hint: make sure your test modules/packages have valid Python names.
Traceback:
/usr/lib/python3.12/importlib/__init__.py:90: in import_module
    return _bootstrap._gcd_import(name[level:], package, level)
           ^^^^^^^^^^^^^^^^^^^^^^^^^^^^^^^^^^^^^^^^^^^^^^^^^^^^
tests/test_recapitalization_plane_preferred.py:2: in <module>
    from app.recapitalization_plane.models import RecapitalizationObject
app/recapitalization_plane/models.py:1: in <module>
    from pydantic import BaseModel, Field
E   ModuleNotFoundError: No module named 'pydantic'
_______ ERROR collecting tests/test_recapitalization_plane_provenance.py _______
ImportError while importing test module '/app/tests/test_recapitalization_plane_provenance.py'.
Hint: make sure your test modules/packages have valid Python names.
Traceback:
/usr/lib/python3.12/importlib/__init__.py:90: in import_module
    return _bootstrap._gcd_import(name[level:], package, level)
           ^^^^^^^^^^^^^^^^^^^^^^^^^^^^^^^^^^^^^^^^^^^^^^^^^^^^
tests/test_recapitalization_plane_provenance.py:2: in <module>
    from app.recapitalization_plane.models import RecapitalizationObject
app/recapitalization_plane/models.py:1: in <module>
    from pydantic import BaseModel, Field
E   ModuleNotFoundError: No module named 'pydantic'
________ ERROR collecting tests/test_recapitalization_plane_quality.py _________
ImportError while importing test module '/app/tests/test_recapitalization_plane_quality.py'.
Hint: make sure your test modules/packages have valid Python names.
Traceback:
/usr/lib/python3.12/importlib/__init__.py:90: in import_module
    return _bootstrap._gcd_import(name[level:], package, level)
           ^^^^^^^^^^^^^^^^^^^^^^^^^^^^^^^^^^^^^^^^^^^^^^^^^^^^
tests/test_recapitalization_plane_quality.py:2: in <module>
    from app.recapitalization_plane.models import RecapitalizationObject
app/recapitalization_plane/models.py:1: in <module>
    from pydantic import BaseModel, Field
E   ModuleNotFoundError: No module named 'pydantic'
_______ ERROR collecting tests/test_recapitalization_plane_readiness.py ________
ImportError while importing test module '/app/tests/test_recapitalization_plane_readiness.py'.
Hint: make sure your test modules/packages have valid Python names.
Traceback:
/usr/lib/python3.12/importlib/__init__.py:90: in import_module
    return _bootstrap._gcd_import(name[level:], package, level)
           ^^^^^^^^^^^^^^^^^^^^^^^^^^^^^^^^^^^^^^^^^^^^^^^^^^^^
tests/test_recapitalization_plane_readiness.py:2: in <module>
    from app.recapitalization_plane.models import RecapitalizationObject
app/recapitalization_plane/models.py:1: in <module>
    from pydantic import BaseModel, Field
E   ModuleNotFoundError: No module named 'pydantic'
___ ERROR collecting tests/test_recapitalization_plane_recapitalizations.py ____
ImportError while importing test module '/app/tests/test_recapitalization_plane_recapitalizations.py'.
Hint: make sure your test modules/packages have valid Python names.
Traceback:
/usr/lib/python3.12/importlib/__init__.py:90: in import_module
    return _bootstrap._gcd_import(name[level:], package, level)
           ^^^^^^^^^^^^^^^^^^^^^^^^^^^^^^^^^^^^^^^^^^^^^^^^^^^^
tests/test_recapitalization_plane_recapitalizations.py:2: in <module>
    from app.recapitalization_plane.models import RecapitalizationObject
app/recapitalization_plane/models.py:1: in <module>
    from pydantic import BaseModel, Field
E   ModuleNotFoundError: No module named 'pydantic'
________ ERROR collecting tests/test_recapitalization_plane_recovery.py ________
ImportError while importing test module '/app/tests/test_recapitalization_plane_recovery.py'.
Hint: make sure your test modules/packages have valid Python names.
Traceback:
/usr/lib/python3.12/importlib/__init__.py:90: in import_module
    return _bootstrap._gcd_import(name[level:], package, level)
           ^^^^^^^^^^^^^^^^^^^^^^^^^^^^^^^^^^^^^^^^^^^^^^^^^^^^
tests/test_recapitalization_plane_recovery.py:2: in <module>
    from app.recapitalization_plane.models import RecapitalizationObject
app/recapitalization_plane/models.py:1: in <module>
    from pydantic import BaseModel, Field
E   ModuleNotFoundError: No module named 'pydantic'
________ ERROR collecting tests/test_recapitalization_plane_registry.py ________
ImportError while importing test module '/app/tests/test_recapitalization_plane_registry.py'.
Hint: make sure your test modules/packages have valid Python names.
Traceback:
/usr/lib/python3.12/importlib/__init__.py:90: in import_module
    return _bootstrap._gcd_import(name[level:], package, level)
           ^^^^^^^^^^^^^^^^^^^^^^^^^^^^^^^^^^^^^^^^^^^^^^^^^^^^
tests/test_recapitalization_plane_registry.py:2: in <module>
    from app.recapitalization_plane.models import RecapitalizationObject
app/recapitalization_plane/models.py:1: in <module>
    from pydantic import BaseModel, Field
E   ModuleNotFoundError: No module named 'pydantic'
____ ERROR collecting tests/test_recapitalization_plane_releases_domain.py _____
ImportError while importing test module '/app/tests/test_recapitalization_plane_releases_domain.py'.
Hint: make sure your test modules/packages have valid Python names.
Traceback:
/usr/lib/python3.12/importlib/__init__.py:90: in import_module
    return _bootstrap._gcd_import(name[level:], package, level)
           ^^^^^^^^^^^^^^^^^^^^^^^^^^^^^^^^^^^^^^^^^^^^^^^^^^^^
tests/test_recapitalization_plane_releases_domain.py:2: in <module>
    from app.recapitalization_plane.models import RecapitalizationObject
app/recapitalization_plane/models.py:1: in <module>
    from pydantic import BaseModel, Field
E   ModuleNotFoundError: No module named 'pydantic'
_________ ERROR collecting tests/test_recapitalization_plane_remedy.py _________
ImportError while importing test module '/app/tests/test_recapitalization_plane_remedy.py'.
Hint: make sure your test modules/packages have valid Python names.
Traceback:
/usr/lib/python3.12/importlib/__init__.py:90: in import_module
    return _bootstrap._gcd_import(name[level:], package, level)
           ^^^^^^^^^^^^^^^^^^^^^^^^^^^^^^^^^^^^^^^^^^^^^^^^^^^^
tests/test_recapitalization_plane_remedy.py:2: in <module>
    from app.recapitalization_plane.models import RecapitalizationObject
app/recapitalization_plane/models.py:1: in <module>
    from pydantic import BaseModel, Field
E   ModuleNotFoundError: No module named 'pydantic'
_____ ERROR collecting tests/test_recapitalization_plane_representation.py _____
ImportError while importing test module '/app/tests/test_recapitalization_plane_representation.py'.
Hint: make sure your test modules/packages have valid Python names.
Traceback:
/usr/lib/python3.12/importlib/__init__.py:90: in import_module
    return _bootstrap._gcd_import(name[level:], package, level)
           ^^^^^^^^^^^^^^^^^^^^^^^^^^^^^^^^^^^^^^^^^^^^^^^^^^^^
tests/test_recapitalization_plane_representation.py:2: in <module>
    from app.recapitalization_plane.models import RecapitalizationObject
app/recapitalization_plane/models.py:1: in <module>
    from pydantic import BaseModel, Field
E   ModuleNotFoundError: No module named 'pydantic'
____ ERROR collecting tests/test_recapitalization_plane_reserved_matters.py ____
ImportError while importing test module '/app/tests/test_recapitalization_plane_reserved_matters.py'.
Hint: make sure your test modules/packages have valid Python names.
Traceback:
/usr/lib/python3.12/importlib/__init__.py:90: in import_module
    return _bootstrap._gcd_import(name[level:], package, level)
           ^^^^^^^^^^^^^^^^^^^^^^^^^^^^^^^^^^^^^^^^^^^^^^^^^^^^
tests/test_recapitalization_plane_reserved_matters.py:2: in <module>
    from app.recapitalization_plane.models import RecapitalizationObject
app/recapitalization_plane/models.py:1: in <module>
    from pydantic import BaseModel, Field
E   ModuleNotFoundError: No module named 'pydantic'
_______ ERROR collecting tests/test_recapitalization_plane_resolution.py _______
ImportError while importing test module '/app/tests/test_recapitalization_plane_resolution.py'.
Hint: make sure your test modules/packages have valid Python names.
Traceback:
/usr/lib/python3.12/importlib/__init__.py:90: in import_module
    return _bootstrap._gcd_import(name[level:], package, level)
           ^^^^^^^^^^^^^^^^^^^^^^^^^^^^^^^^^^^^^^^^^^^^^^^^^^^^
tests/test_recapitalization_plane_resolution.py:2: in <module>
    from app.recapitalization_plane.models import RecapitalizationObject
app/recapitalization_plane/models.py:1: in <module>
    from pydantic import BaseModel, Field
E   ModuleNotFoundError: No module named 'pydantic'
_________ ERROR collecting tests/test_recapitalization_plane_rights.py _________
ImportError while importing test module '/app/tests/test_recapitalization_plane_rights.py'.
Hint: make sure your test modules/packages have valid Python names.
Traceback:
/usr/lib/python3.12/importlib/__init__.py:90: in import_module
    return _bootstrap._gcd_import(name[level:], package, level)
           ^^^^^^^^^^^^^^^^^^^^^^^^^^^^^^^^^^^^^^^^^^^^^^^^^^^^
tests/test_recapitalization_plane_rights.py:2: in <module>
    from app.recapitalization_plane.models import RecapitalizationObject
app/recapitalization_plane/models.py:1: in <module>
    from pydantic import BaseModel, Field
E   ModuleNotFoundError: No module named 'pydantic'
________ ERROR collecting tests/test_recapitalization_plane_scenario.py ________
ImportError while importing test module '/app/tests/test_recapitalization_plane_scenario.py'.
Hint: make sure your test modules/packages have valid Python names.
Traceback:
/usr/lib/python3.12/importlib/__init__.py:90: in import_module
    return _bootstrap._gcd_import(name[level:], package, level)
           ^^^^^^^^^^^^^^^^^^^^^^^^^^^^^^^^^^^^^^^^^^^^^^^^^^^^
tests/test_recapitalization_plane_scenario.py:2: in <module>
    from app.recapitalization_plane.models import RecapitalizationObject
app/recapitalization_plane/models.py:1: in <module>
    from pydantic import BaseModel, Field
E   ModuleNotFoundError: No module named 'pydantic'
________ ERROR collecting tests/test_recapitalization_plane_security.py ________
ImportError while importing test module '/app/tests/test_recapitalization_plane_security.py'.
Hint: make sure your test modules/packages have valid Python names.
Traceback:
/usr/lib/python3.12/importlib/__init__.py:90: in import_module
    return _bootstrap._gcd_import(name[level:], package, level)
           ^^^^^^^^^^^^^^^^^^^^^^^^^^^^^^^^^^^^^^^^^^^^^^^^^^^^
tests/test_recapitalization_plane_security.py:2: in <module>
    from app.recapitalization_plane.models import RecapitalizationObject
app/recapitalization_plane/models.py:1: in <module>
    from pydantic import BaseModel, Field
E   ModuleNotFoundError: No module named 'pydantic'
________ ERROR collecting tests/test_recapitalization_plane_semantic.py ________
ImportError while importing test module '/app/tests/test_recapitalization_plane_semantic.py'.
Hint: make sure your test modules/packages have valid Python names.
Traceback:
/usr/lib/python3.12/importlib/__init__.py:90: in import_module
    return _bootstrap._gcd_import(name[level:], package, level)
           ^^^^^^^^^^^^^^^^^^^^^^^^^^^^^^^^^^^^^^^^^^^^^^^^^^^^
tests/test_recapitalization_plane_semantic.py:2: in <module>
    from app.recapitalization_plane.models import RecapitalizationObject
app/recapitalization_plane/models.py:1: in <module>
    from pydantic import BaseModel, Field
E   ModuleNotFoundError: No module named 'pydantic'
_______ ERROR collecting tests/test_recapitalization_plane_settlement.py _______
ImportError while importing test module '/app/tests/test_recapitalization_plane_settlement.py'.
Hint: make sure your test modules/packages have valid Python names.
Traceback:
/usr/lib/python3.12/importlib/__init__.py:90: in import_module
    return _bootstrap._gcd_import(name[level:], package, level)
           ^^^^^^^^^^^^^^^^^^^^^^^^^^^^^^^^^^^^^^^^^^^^^^^^^^^^
tests/test_recapitalization_plane_settlement.py:2: in <module>
    from app.recapitalization_plane.models import RecapitalizationObject
app/recapitalization_plane/models.py:1: in <module>
    from pydantic import BaseModel, Field
E   ModuleNotFoundError: No module named 'pydantic'
_______ ERROR collecting tests/test_recapitalization_plane_shortfalls.py _______
ImportError while importing test module '/app/tests/test_recapitalization_plane_shortfalls.py'.
Hint: make sure your test modules/packages have valid Python names.
Traceback:
/usr/lib/python3.12/importlib/__init__.py:90: in import_module
    return _bootstrap._gcd_import(name[level:], package, level)
           ^^^^^^^^^^^^^^^^^^^^^^^^^^^^^^^^^^^^^^^^^^^^^^^^^^^^
tests/test_recapitalization_plane_shortfalls.py:2: in <module>
    from app.recapitalization_plane.models import RecapitalizationObject
app/recapitalization_plane/models.py:1: in <module>
    from pydantic import BaseModel, Field
E   ModuleNotFoundError: No module named 'pydantic'
________ ERROR collecting tests/test_recapitalization_plane_solvency.py ________
ImportError while importing test module '/app/tests/test_recapitalization_plane_solvency.py'.
Hint: make sure your test modules/packages have valid Python names.
Traceback:
/usr/lib/python3.12/importlib/__init__.py:90: in import_module
    return _bootstrap._gcd_import(name[level:], package, level)
           ^^^^^^^^^^^^^^^^^^^^^^^^^^^^^^^^^^^^^^^^^^^^^^^^^^^^
tests/test_recapitalization_plane_solvency.py:2: in <module>
    from app.recapitalization_plane.models import RecapitalizationObject
app/recapitalization_plane/models.py:1: in <module>
    from pydantic import BaseModel, Field
E   ModuleNotFoundError: No module named 'pydantic'
________ ERROR collecting tests/test_recapitalization_plane_storage.py _________
ImportError while importing test module '/app/tests/test_recapitalization_plane_storage.py'.
Hint: make sure your test modules/packages have valid Python names.
Traceback:
/usr/lib/python3.12/importlib/__init__.py:90: in import_module
    return _bootstrap._gcd_import(name[level:], package, level)
           ^^^^^^^^^^^^^^^^^^^^^^^^^^^^^^^^^^^^^^^^^^^^^^^^^^^^
tests/test_recapitalization_plane_storage.py:2: in <module>
    from app.recapitalization_plane.models import RecapitalizationObject
app/recapitalization_plane/models.py:1: in <module>
    from pydantic import BaseModel, Field
E   ModuleNotFoundError: No module named 'pydantic'
_____ ERROR collecting tests/test_recapitalization_plane_subscriptions.py ______
ImportError while importing test module '/app/tests/test_recapitalization_plane_subscriptions.py'.
Hint: make sure your test modules/packages have valid Python names.
Traceback:
/usr/lib/python3.12/importlib/__init__.py:90: in import_module
    return _bootstrap._gcd_import(name[level:], package, level)
           ^^^^^^^^^^^^^^^^^^^^^^^^^^^^^^^^^^^^^^^^^^^^^^^^^^^^
tests/test_recapitalization_plane_subscriptions.py:2: in <module>
    from app.recapitalization_plane.models import RecapitalizationObject
app/recapitalization_plane/models.py:1: in <module>
    from pydantic import BaseModel, Field
E   ModuleNotFoundError: No module named 'pydantic'
________ ERROR collecting tests/test_recapitalization_plane_temporal.py ________
ImportError while importing test module '/app/tests/test_recapitalization_plane_temporal.py'.
Hint: make sure your test modules/packages have valid Python names.
Traceback:
/usr/lib/python3.12/importlib/__init__.py:90: in import_module
    return _bootstrap._gcd_import(name[level:], package, level)
           ^^^^^^^^^^^^^^^^^^^^^^^^^^^^^^^^^^^^^^^^^^^^^^^^^^^^
tests/test_recapitalization_plane_temporal.py:2: in <module>
    from app.recapitalization_plane.models import RecapitalizationObject
app/recapitalization_plane/models.py:1: in <module>
    from pydantic import BaseModel, Field
E   ModuleNotFoundError: No module named 'pydantic'
________ ERROR collecting tests/test_recapitalization_plane_tradeoff.py ________
ImportError while importing test module '/app/tests/test_recapitalization_plane_tradeoff.py'.
Hint: make sure your test modules/packages have valid Python names.
Traceback:
/usr/lib/python3.12/importlib/__init__.py:90: in import_module
    return _bootstrap._gcd_import(name[level:], package, level)
           ^^^^^^^^^^^^^^^^^^^^^^^^^^^^^^^^^^^^^^^^^^^^^^^^^^^^
tests/test_recapitalization_plane_tradeoff.py:2: in <module>
    from app.recapitalization_plane.models import RecapitalizationObject
app/recapitalization_plane/models.py:1: in <module>
    from pydantic import BaseModel, Field
E   ModuleNotFoundError: No module named 'pydantic'
_________ ERROR collecting tests/test_recapitalization_plane_trust.py __________
ImportError while importing test module '/app/tests/test_recapitalization_plane_trust.py'.
Hint: make sure your test modules/packages have valid Python names.
Traceback:
/usr/lib/python3.12/importlib/__init__.py:90: in import_module
    return _bootstrap._gcd_import(name[level:], package, level)
           ^^^^^^^^^^^^^^^^^^^^^^^^^^^^^^^^^^^^^^^^^^^^^^^^^^^^
tests/test_recapitalization_plane_trust.py:2: in <module>
    from app.recapitalization_plane.models import RecapitalizationObject
app/recapitalization_plane/models.py:1: in <module>
    from pydantic import BaseModel, Field
E   ModuleNotFoundError: No module named 'pydantic'
_____ ERROR collecting tests/test_recapitalization_plane_trust_specific.py _____
ImportError while importing test module '/app/tests/test_recapitalization_plane_trust_specific.py'.
Hint: make sure your test modules/packages have valid Python names.
Traceback:
/usr/lib/python3.12/importlib/__init__.py:90: in import_module
    return _bootstrap._gcd_import(name[level:], package, level)
           ^^^^^^^^^^^^^^^^^^^^^^^^^^^^^^^^^^^^^^^^^^^^^^^^^^^^
tests/test_recapitalization_plane_trust_specific.py:2: in <module>
    from app.recapitalization_plane.models import RecapitalizationObject, FundingRecord, ControlRightRecord, DilutionRecord
app/recapitalization_plane/models.py:1: in <module>
    from pydantic import BaseModel, Field
E   ModuleNotFoundError: No module named 'pydantic'
_________ ERROR collecting tests/test_recapitalization_plane_voting.py _________
ImportError while importing test module '/app/tests/test_recapitalization_plane_voting.py'.
Hint: make sure your test modules/packages have valid Python names.
Traceback:
/usr/lib/python3.12/importlib/__init__.py:90: in import_module
    return _bootstrap._gcd_import(name[level:], package, level)
           ^^^^^^^^^^^^^^^^^^^^^^^^^^^^^^^^^^^^^^^^^^^^^^^^^^^^
tests/test_recapitalization_plane_voting.py:2: in <module>
    from app.recapitalization_plane.models import RecapitalizationObject
app/recapitalization_plane/models.py:1: in <module>
    from pydantic import BaseModel, Field
E   ModuleNotFoundError: No module named 'pydantic'
________ ERROR collecting tests/test_recapitalization_plane_warrants.py ________
ImportError while importing test module '/app/tests/test_recapitalization_plane_warrants.py'.
Hint: make sure your test modules/packages have valid Python names.
Traceback:
/usr/lib/python3.12/importlib/__init__.py:90: in import_module
    return _bootstrap._gcd_import(name[level:], package, level)
           ^^^^^^^^^^^^^^^^^^^^^^^^^^^^^^^^^^^^^^^^^^^^^^^^^^^^
tests/test_recapitalization_plane_warrants.py:2: in <module>
    from app.recapitalization_plane.models import RecapitalizationObject
app/recapitalization_plane/models.py:1: in <module>
    from pydantic import BaseModel, Field
E   ModuleNotFoundError: No module named 'pydantic'
________________ ERROR collecting tests/test_reconciliation.py _________________
ImportError while importing test module '/app/tests/test_reconciliation.py'.
Hint: make sure your test modules/packages have valid Python names.
Traceback:
/usr/lib/python3.12/importlib/__init__.py:90: in import_module
    return _bootstrap._gcd_import(name[level:], package, level)
           ^^^^^^^^^^^^^^^^^^^^^^^^^^^^^^^^^^^^^^^^^^^^^^^^^^^^
tests/test_reconciliation.py:2: in <module>
    from app.execution.live.reconciliation import ReconciliationEngine
app/execution/live/reconciliation.py:5: in <module>
    from app.execution.live.base import ReconciliationEngineBase, OrderStateStoreBase
app/execution/live/base.py:3: in <module>
    from app.execution.live.models import (
app/execution/live/models.py:1: in <module>
    from pydantic import BaseModel, Field
E   ModuleNotFoundError: No module named 'pydantic'
__________________ ERROR collecting tests/test_reduce_only.py __________________
ImportError while importing test module '/app/tests/test_reduce_only.py'.
Hint: make sure your test modules/packages have valid Python names.
Traceback:
/usr/lib/python3.12/importlib/__init__.py:90: in import_module
    return _bootstrap._gcd_import(name[level:], package, level)
           ^^^^^^^^^^^^^^^^^^^^^^^^^^^^^^^^^^^^^^^^^^^^^^^^^^^^
tests/test_reduce_only.py:2: in <module>
    from app.execution.derivatives.reduce_only import (
app/execution/derivatives/reduce_only.py:1: in <module>
    from .models import DerivativeExecutionIntent, ReduceOnlyExecutionRequest
app/execution/derivatives/models.py:1: in <module>
    from pydantic import BaseModel, Field
E   ModuleNotFoundError: No module named 'pydantic'
_________________ ERROR collecting tests/test_refresh_plans.py _________________
ImportError while importing test module '/app/tests/test_refresh_plans.py'.
Hint: make sure your test modules/packages have valid Python names.
Traceback:
/usr/lib/python3.12/importlib/__init__.py:90: in import_module
    return _bootstrap._gcd_import(name[level:], package, level)
           ^^^^^^^^^^^^^^^^^^^^^^^^^^^^^^^^^^^^^^^^^^^^^^^^^^^^
tests/test_refresh_plans.py:2: in <module>
    from app.governance.refresh_plans import get_fast_refresh_plan, get_deep_refresh_plan
app/governance/refresh_plans.py:1: in <module>
    from app.governance.models import RefreshPlan
app/governance/models.py:2: in <module>
    from pydantic import BaseModel, Field
E   ModuleNotFoundError: No module named 'pydantic'
______________ ERROR collecting tests/test_regime_attribution.py _______________
ImportError while importing test module '/app/tests/test_regime_attribution.py'.
Hint: make sure your test modules/packages have valid Python names.
Traceback:
/usr/lib/python3.12/importlib/__init__.py:90: in import_module
    return _bootstrap._gcd_import(name[level:], package, level)
           ^^^^^^^^^^^^^^^^^^^^^^^^^^^^^^^^^^^^^^^^^^^^^^^^^^^^
tests/test_regime_attribution.py:2: in <module>
    from app.analytics.regime_attribution import RegimeAttributionAnalyzer
app/analytics/regime_attribution.py:2: in <module>
    from app.analytics.base import AttributionAnalyzerBase
app/analytics/base.py:3: in <module>
    from app.analytics.models import AnalyticsRun
app/analytics/models.py:1: in <module>
    from pydantic import BaseModel, Field
E   ModuleNotFoundError: No module named 'pydantic'
_________________ ERROR collecting tests/test_regime_engine.py _________________
ImportError while importing test module '/app/tests/test_regime_engine.py'.
Hint: make sure your test modules/packages have valid Python names.
Traceback:
/usr/lib/python3.12/importlib/__init__.py:90: in import_module
    return _bootstrap._gcd_import(name[level:], package, level)
           ^^^^^^^^^^^^^^^^^^^^^^^^^^^^^^^^^^^^^^^^^^^^^^^^^^^^
tests/test_regime_engine.py:2: in <module>
    from app.research.regime.engine import RegimeEngine
app/research/regime/__init__.py:1: in <module>
    from app.research.regime.registry import regime_registry
app/research/regime/registry.py:2: in <module>
    from app.research.regime.base import BaseRegimeEvaluator
app/research/regime/base.py:4: in <module>
    from app.research.regime.models import RegimeEvaluationResult, RegimeFeatureBundle
app/research/regime/models.py:1: in <module>
    from pydantic import BaseModel, Field
E   ModuleNotFoundError: No module named 'pydantic'
________________ ERROR collecting tests/test_regime_registry.py ________________
ImportError while importing test module '/app/tests/test_regime_registry.py'.
Hint: make sure your test modules/packages have valid Python names.
Traceback:
/usr/lib/python3.12/importlib/__init__.py:90: in import_module
    return _bootstrap._gcd_import(name[level:], package, level)
           ^^^^^^^^^^^^^^^^^^^^^^^^^^^^^^^^^^^^^^^^^^^^^^^^^^^^
tests/test_regime_registry.py:2: in <module>
    from app.research.regime.registry import RegimeRegistry
app/research/regime/__init__.py:1: in <module>
    from app.research.regime.registry import regime_registry
app/research/regime/registry.py:2: in <module>
    from app.research.regime.base import BaseRegimeEvaluator
app/research/regime/base.py:4: in <module>
    from app.research.regime.models import RegimeEvaluationResult, RegimeFeatureBundle
app/research/regime/models.py:1: in <module>
    from pydantic import BaseModel, Field
E   ModuleNotFoundError: No module named 'pydantic'
________________ ERROR collecting tests/test_regime_storage.py _________________
ImportError while importing test module '/app/tests/test_regime_storage.py'.
Hint: make sure your test modules/packages have valid Python names.
Traceback:
/usr/lib/python3.12/importlib/__init__.py:90: in import_module
    return _bootstrap._gcd_import(name[level:], package, level)
           ^^^^^^^^^^^^^^^^^^^^^^^^^^^^^^^^^^^^^^^^^^^^^^^^^^^^
tests/test_regime_storage.py:3: in <module>
    from app.research.regime.storage import RegimeStorage
app/research/regime/__init__.py:1: in <module>
    from app.research.regime.registry import regime_registry
app/research/regime/registry.py:2: in <module>
    from app.research.regime.base import BaseRegimeEvaluator
app/research/regime/base.py:4: in <module>
    from app.research.regime.models import RegimeEvaluationResult, RegimeFeatureBundle
app/research/regime/models.py:1: in <module>
    from pydantic import BaseModel, Field
E   ModuleNotFoundError: No module named 'pydantic'
_______________ ERROR collecting tests/test_release_bootstrap.py _______________
ImportError while importing test module '/app/tests/test_release_bootstrap.py'.
Hint: make sure your test modules/packages have valid Python names.
Traceback:
/usr/lib/python3.12/importlib/__init__.py:90: in import_module
    return _bootstrap._gcd_import(name[level:], package, level)
           ^^^^^^^^^^^^^^^^^^^^^^^^^^^^^^^^^^^^^^^^^^^^^^^^^^^^
tests/test_release_bootstrap.py:2: in <module>
    from app.release.bootstrap import Bootstrapper
app/release/__init__.py:1: in <module>
    from .models import *
app/release/models.py:1: in <module>
    from pydantic import BaseModel, Field
E   ModuleNotFoundError: No module named 'pydantic'
________________ ERROR collecting tests/test_release_bundle.py _________________
ImportError while importing test module '/app/tests/test_release_bundle.py'.
Hint: make sure your test modules/packages have valid Python names.
Traceback:
/usr/lib/python3.12/importlib/__init__.py:90: in import_module
    return _bootstrap._gcd_import(name[level:], package, level)
           ^^^^^^^^^^^^^^^^^^^^^^^^^^^^^^^^^^^^^^^^^^^^^^^^^^^^
tests/test_release_bundle.py:3: in <module>
    from app.release.bundle import BundleGenerator
app/release/__init__.py:1: in <module>
    from .models import *
app/release/models.py:1: in <module>
    from pydantic import BaseModel, Field
E   ModuleNotFoundError: No module named 'pydantic'
_______________ ERROR collecting tests/test_release_checksums.py _______________
ImportError while importing test module '/app/tests/test_release_checksums.py'.
Hint: make sure your test modules/packages have valid Python names.
Traceback:
/usr/lib/python3.12/importlib/__init__.py:90: in import_module
    return _bootstrap._gcd_import(name[level:], package, level)
           ^^^^^^^^^^^^^^^^^^^^^^^^^^^^^^^^^^^^^^^^^^^^^^^^^^^^
tests/test_release_checksums.py:3: in <module>
    from app.release.checksums import ChecksumManager
app/release/__init__.py:1: in <module>
    from .models import *
app/release/models.py:1: in <module>
    from pydantic import BaseModel, Field
E   ModuleNotFoundError: No module named 'pydantic'
_____________ ERROR collecting tests/test_release_compatibility.py _____________
ImportError while importing test module '/app/tests/test_release_compatibility.py'.
Hint: make sure your test modules/packages have valid Python names.
Traceback:
/usr/lib/python3.12/importlib/__init__.py:90: in import_module
    return _bootstrap._gcd_import(name[level:], package, level)
           ^^^^^^^^^^^^^^^^^^^^^^^^^^^^^^^^^^^^^^^^^^^^^^^^^^^^
tests/test_release_compatibility.py:2: in <module>
    from app.release.compatibility import CompatibilityChecker
app/release/__init__.py:1: in <module>
    from .models import *
app/release/models.py:1: in <module>
    from pydantic import BaseModel, Field
E   ModuleNotFoundError: No module named 'pydantic'
_____________ ERROR collecting tests/test_release_dependencies.py ______________
ImportError while importing test module '/app/tests/test_release_dependencies.py'.
Hint: make sure your test modules/packages have valid Python names.
Traceback:
/usr/lib/python3.12/importlib/__init__.py:90: in import_module
    return _bootstrap._gcd_import(name[level:], package, level)
           ^^^^^^^^^^^^^^^^^^^^^^^^^^^^^^^^^^^^^^^^^^^^^^^^^^^^
tests/test_release_dependencies.py:2: in <module>
    from app.release.dependencies import DependencyManager
app/release/__init__.py:1: in <module>
    from .models import *
app/release/models.py:1: in <module>
    from pydantic import BaseModel, Field
E   ModuleNotFoundError: No module named 'pydantic'
______________ ERROR collecting tests/test_release_host_probe.py _______________
ImportError while importing test module '/app/tests/test_release_host_probe.py'.
Hint: make sure your test modules/packages have valid Python names.
Traceback:
/usr/lib/python3.12/importlib/__init__.py:90: in import_module
    return _bootstrap._gcd_import(name[level:], package, level)
           ^^^^^^^^^^^^^^^^^^^^^^^^^^^^^^^^^^^^^^^^^^^^^^^^^^^^
tests/test_release_host_probe.py:2: in <module>
    from app.release.host_probe import HostProbe
app/release/__init__.py:1: in <module>
    from .models import *
app/release/models.py:1: in <module>
    from pydantic import BaseModel, Field
E   ModuleNotFoundError: No module named 'pydantic'
_______________ ERROR collecting tests/test_release_installer.py _______________
ImportError while importing test module '/app/tests/test_release_installer.py'.
Hint: make sure your test modules/packages have valid Python names.
Traceback:
/usr/lib/python3.12/importlib/__init__.py:90: in import_module
    return _bootstrap._gcd_import(name[level:], package, level)
           ^^^^^^^^^^^^^^^^^^^^^^^^^^^^^^^^^^^^^^^^^^^^^^^^^^^^
tests/test_release_installer.py:2: in <module>
    from app.release.installer import Installer
app/release/__init__.py:1: in <module>
    from .models import *
app/release/models.py:1: in <module>
    from pydantic import BaseModel, Field
E   ModuleNotFoundError: No module named 'pydantic'
_______________ ERROR collecting tests/test_release_manifest.py ________________
ImportError while importing test module '/app/tests/test_release_manifest.py'.
Hint: make sure your test modules/packages have valid Python names.
Traceback:
/usr/lib/python3.12/importlib/__init__.py:90: in import_module
    return _bootstrap._gcd_import(name[level:], package, level)
           ^^^^^^^^^^^^^^^^^^^^^^^^^^^^^^^^^^^^^^^^^^^^^^^^^^^^
tests/test_release_manifest.py:2: in <module>
    from app.release.manifest import ManifestGenerator
app/release/__init__.py:1: in <module>
    from .models import *
app/release/models.py:1: in <module>
    from pydantic import BaseModel, Field
E   ModuleNotFoundError: No module named 'pydantic'
__________ ERROR collecting tests/test_release_migration_registry.py ___________
ImportError while importing test module '/app/tests/test_release_migration_registry.py'.
Hint: make sure your test modules/packages have valid Python names.
Traceback:
/usr/lib/python3.12/importlib/__init__.py:90: in import_module
    return _bootstrap._gcd_import(name[level:], package, level)
           ^^^^^^^^^^^^^^^^^^^^^^^^^^^^^^^^^^^^^^^^^^^^^^^^^^^^
tests/test_release_migration_registry.py:2: in <module>
    from app.release.migration_registry import MigrationRegistry, MigrationDef
app/release/__init__.py:1: in <module>
    from .models import *
app/release/models.py:1: in <module>
    from pydantic import BaseModel, Field
E   ModuleNotFoundError: No module named 'pydantic'
______________ ERROR collecting tests/test_release_migrations.py _______________
ImportError while importing test module '/app/tests/test_release_migrations.py'.
Hint: make sure your test modules/packages have valid Python names.
Traceback:
/usr/lib/python3.12/importlib/__init__.py:90: in import_module
    return _bootstrap._gcd_import(name[level:], package, level)
           ^^^^^^^^^^^^^^^^^^^^^^^^^^^^^^^^^^^^^^^^^^^^^^^^^^^^
tests/test_release_migrations.py:2: in <module>
    from app.release.migrations import MigrationExecutor
app/release/__init__.py:1: in <module>
    from .models import *
app/release/models.py:1: in <module>
    from pydantic import BaseModel, Field
E   ModuleNotFoundError: No module named 'pydantic'
________ ERROR collecting tests/test_release_plane_activation_links.py _________
ImportError while importing test module '/app/tests/test_release_plane_activation_links.py'.
Hint: make sure your test modules/packages have valid Python names.
Traceback:
/usr/lib/python3.12/importlib/__init__.py:90: in import_module
    return _bootstrap._gcd_import(name[level:], package, level)
           ^^^^^^^^^^^^^^^^^^^^^^^^^^^^^^^^^^^^^^^^^^^^^^^^^^^^
tests/test_release_plane_activation_links.py:2: in <module>
    from app.release_plane.activation_links import ActivationLinkManager
app/release_plane/activation_links.py:2: in <module>
    from app.release_plane.models import ReleaseRef
app/release_plane/models.py:1: in <module>
    from pydantic import BaseModel, Field
E   ModuleNotFoundError: No module named 'pydantic'
_____________ ERROR collecting tests/test_release_plane_bundles.py _____________
ImportError while importing test module '/app/tests/test_release_plane_bundles.py'.
Hint: make sure your test modules/packages have valid Python names.
Traceback:
/usr/lib/python3.12/importlib/__init__.py:90: in import_module
    return _bootstrap._gcd_import(name[level:], package, level)
           ^^^^^^^^^^^^^^^^^^^^^^^^^^^^^^^^^^^^^^^^^^^^^^^^^^^^
tests/test_release_plane_bundles.py:2: in <module>
    from app.release_plane.bundles import BundleBuilder
E   ImportError: cannot import name 'BundleBuilder' from 'app.release_plane.bundles' (/app/app/release_plane/bundles.py)
____________ ERROR collecting tests/test_release_plane_canaries.py _____________
ImportError while importing test module '/app/tests/test_release_plane_canaries.py'.
Hint: make sure your test modules/packages have valid Python names.
Traceback:
/usr/lib/python3.12/importlib/__init__.py:90: in import_module
    return _bootstrap._gcd_import(name[level:], package, level)
           ^^^^^^^^^^^^^^^^^^^^^^^^^^^^^^^^^^^^^^^^^^^^^^^^^^^^
tests/test_release_plane_canaries.py:2: in <module>
    from app.release_plane.canaries import CanaryManager
app/release_plane/canaries.py:2: in <module>
    from app.release_plane.models import CanaryRecord, ReleaseCandidateRef
app/release_plane/models.py:1: in <module>
    from pydantic import BaseModel, Field
E   ModuleNotFoundError: No module named 'pydantic'
___________ ERROR collecting tests/test_release_plane_candidates.py ____________
ImportError while importing test module '/app/tests/test_release_plane_candidates.py'.
Hint: make sure your test modules/packages have valid Python names.
Traceback:
/usr/lib/python3.12/importlib/__init__.py:90: in import_module
    return _bootstrap._gcd_import(name[level:], package, level)
           ^^^^^^^^^^^^^^^^^^^^^^^^^^^^^^^^^^^^^^^^^^^^^^^^^^^^
tests/test_release_plane_candidates.py:4: in <module>
    from app.release_plane.candidates import ReleaseCandidateRegistry
app/release_plane/candidates.py:4: in <module>
    from app.release_plane.models import ReleaseCandidate, ReleaseCandidateRef
app/release_plane/models.py:1: in <module>
    from pydantic import BaseModel, Field
E   ModuleNotFoundError: No module named 'pydantic'
__________ ERROR collecting tests/test_release_plane_compatibility.py __________
ImportError while importing test module '/app/tests/test_release_plane_compatibility.py'.
Hint: make sure your test modules/packages have valid Python names.
Traceback:
/usr/lib/python3.12/importlib/__init__.py:90: in import_module
    return _bootstrap._gcd_import(name[level:], package, level)
           ^^^^^^^^^^^^^^^^^^^^^^^^^^^^^^^^^^^^^^^^^^^^^^^^^^^^
tests/test_release_plane_compatibility.py:2: in <module>
    from app.release_plane.compatibility import StandardCompatibilityEvaluator
app/release_plane/compatibility.py:1: in <module>
    from app.policy_plane.evaluations import PolicyEvaluationEngine
E   ImportError: cannot import name 'PolicyEvaluationEngine' from 'app.policy_plane.evaluations' (/app/app/policy_plane/evaluations.py)
____________ ERROR collecting tests/test_release_plane_controls.py _____________
ImportError while importing test module '/app/tests/test_release_plane_controls.py'.
Hint: make sure your test modules/packages have valid Python names.
Traceback:
/usr/lib/python3.12/importlib/__init__.py:90: in import_module
    return _bootstrap._gcd_import(name[level:], package, level)
           ^^^^^^^^^^^^^^^^^^^^^^^^^^^^^^^^^^^^^^^^^^^^^^^^^^^^
tests/test_release_plane_controls.py:2: in <module>
    from app.release_plane.controls import ReleaseControlManager
E   ImportError: cannot import name 'ReleaseControlManager' from 'app.release_plane.controls' (/app/app/release_plane/controls.py)
______________ ERROR collecting tests/test_release_plane_diffs.py ______________
ImportError while importing test module '/app/tests/test_release_plane_diffs.py'.
Hint: make sure your test modules/packages have valid Python names.
Traceback:
/usr/lib/python3.12/importlib/__init__.py:90: in import_module
    return _bootstrap._gcd_import(name[level:], package, level)
           ^^^^^^^^^^^^^^^^^^^^^^^^^^^^^^^^^^^^^^^^^^^^^^^^^^^^
tests/test_release_plane_diffs.py:2: in <module>
    from app.release_plane.diffs import ReleaseDiffEngine
app/release_plane/diffs.py:1: in <module>
    from app.release_plane.models import ReleaseCandidate, ReleaseDefinition, ReleaseDiffRecord, ReleaseCandidateRef, ReleaseRef
app/release_plane/models.py:1: in <module>
    from pydantic import BaseModel, Field
E   ModuleNotFoundError: No module named 'pydantic'
___________ ERROR collecting tests/test_release_plane_divergence.py ____________
ImportError while importing test module '/app/tests/test_release_plane_divergence.py'.
Hint: make sure your test modules/packages have valid Python names.
Traceback:
/usr/lib/python3.12/importlib/__init__.py:90: in import_module
    return _bootstrap._gcd_import(name[level:], package, level)
           ^^^^^^^^^^^^^^^^^^^^^^^^^^^^^^^^^^^^^^^^^^^^^^^^^^^^
tests/test_release_plane_divergence.py:2: in <module>
    from app.release_plane.divergence import ReleaseDivergenceAnalyzer
app/release_plane/divergence.py:1: in <module>
    from app.release_plane.models import ReleaseDivergenceReport, ReleaseCandidateRef
app/release_plane/models.py:1: in <module>
    from pydantic import BaseModel, Field
E   ModuleNotFoundError: No module named 'pydantic'
__________ ERROR collecting tests/test_release_plane_environments.py ___________
ImportError while importing test module '/app/tests/test_release_plane_environments.py'.
Hint: make sure your test modules/packages have valid Python names.
Traceback:
/usr/lib/python3.12/importlib/__init__.py:90: in import_module
    return _bootstrap._gcd_import(name[level:], package, level)
           ^^^^^^^^^^^^^^^^^^^^^^^^^^^^^^^^^^^^^^^^^^^^^^^^^^^^
tests/test_release_plane_environments.py:2: in <module>
    from app.release_plane.environments import env_registry
app/release_plane/environments.py:2: in <module>
    from app.release_plane.models import EnvironmentTarget
app/release_plane/models.py:1: in <module>
    from pydantic import BaseModel, Field
E   ModuleNotFoundError: No module named 'pydantic'
___________ ERROR collecting tests/test_release_plane_equivalence.py ___________
ImportError while importing test module '/app/tests/test_release_plane_equivalence.py'.
Hint: make sure your test modules/packages have valid Python names.
Traceback:
/usr/lib/python3.12/importlib/__init__.py:90: in import_module
    return _bootstrap._gcd_import(name[level:], package, level)
           ^^^^^^^^^^^^^^^^^^^^^^^^^^^^^^^^^^^^^^^^^^^^^^^^^^^^
tests/test_release_plane_equivalence.py:2: in <module>
    from app.release_plane.equivalence import ReleaseEquivalenceEvaluator
app/release_plane/equivalence.py:1: in <module>
    from app.release_plane.models import ReleaseEquivalenceReport, ReleaseCandidateRef
app/release_plane/models.py:1: in <module>
    from pydantic import BaseModel, Field
E   ModuleNotFoundError: No module named 'pydantic'
______________ ERROR collecting tests/test_release_plane_holds.py ______________
ImportError while importing test module '/app/tests/test_release_plane_holds.py'.
Hint: make sure your test modules/packages have valid Python names.
Traceback:
/usr/lib/python3.12/importlib/__init__.py:90: in import_module
    return _bootstrap._gcd_import(name[level:], package, level)
           ^^^^^^^^^^^^^^^^^^^^^^^^^^^^^^^^^^^^^^^^^^^^^^^^^^^^
tests/test_release_plane_holds.py:2: in <module>
    from app.release_plane.holds import HoldManager
app/release_plane/holds.py:56: in <module>
    from app.postmortem_plane.models import PostmortemDefinition
app/postmortem_plane/models.py:1: in <module>
    from pydantic import BaseModel, Field
E   ModuleNotFoundError: No module named 'pydantic'
____________ ERROR collecting tests/test_release_plane_hotfixes.py _____________
ImportError while importing test module '/app/tests/test_release_plane_hotfixes.py'.
Hint: make sure your test modules/packages have valid Python names.
Traceback:
/usr/lib/python3.12/importlib/__init__.py:90: in import_module
    return _bootstrap._gcd_import(name[level:], package, level)
           ^^^^^^^^^^^^^^^^^^^^^^^^^^^^^^^^^^^^^^^^^^^^^^^^^^^^
tests/test_release_plane_hotfixes.py:2: in <module>
    from app.release_plane.hotfixes import HotfixManager
app/release_plane/hotfixes.py:1: in <module>
    from app.release_plane.models import HotfixRecord, ReleaseCandidateRef
app/release_plane/models.py:1: in <module>
    from pydantic import BaseModel, Field
E   ModuleNotFoundError: No module named 'pydantic'
____________ ERROR collecting tests/test_release_plane_manifests.py ____________
ImportError while importing test module '/app/tests/test_release_plane_manifests.py'.
Hint: make sure your test modules/packages have valid Python names.
Traceback:
/usr/lib/python3.12/importlib/__init__.py:90: in import_module
    return _bootstrap._gcd_import(name[level:], package, level)
           ^^^^^^^^^^^^^^^^^^^^^^^^^^^^^^^^^^^^^^^^^^^^^^^^^^^^
tests/test_release_plane_manifests.py:2: in <module>
    from app.release_plane.manifests import ManifestBuilder
app/release_plane/manifests.py:1: in <module>
    from app.release_plane.models import ReleaseArtifactManifest, ReleaseCandidate, BundlePin
app/release_plane/models.py:1: in <module>
    from pydantic import BaseModel, Field
E   ModuleNotFoundError: No module named 'pydantic'
______________ ERROR collecting tests/test_release_plane_pins.py _______________
ImportError while importing test module '/app/tests/test_release_plane_pins.py'.
Hint: make sure your test modules/packages have valid Python names.
Traceback:
/usr/lib/python3.12/importlib/__init__.py:90: in import_module
    return _bootstrap._gcd_import(name[level:], package, level)
           ^^^^^^^^^^^^^^^^^^^^^^^^^^^^^^^^^^^^^^^^^^^^^^^^^^^^
tests/test_release_plane_pins.py:2: in <module>
    from app.release_plane.pins import PinValidator
app/release_plane/pins.py:2: in <module>
    from app.release_plane.models import BundlePin
app/release_plane/models.py:1: in <module>
    from pydantic import BaseModel, Field
E   ModuleNotFoundError: No module named 'pydantic'
_____________ ERROR collecting tests/test_release_plane_quality.py _____________
ImportError while importing test module '/app/tests/test_release_plane_quality.py'.
Hint: make sure your test modules/packages have valid Python names.
Traceback:
/usr/lib/python3.12/importlib/__init__.py:90: in import_module
    return _bootstrap._gcd_import(name[level:], package, level)
           ^^^^^^^^^^^^^^^^^^^^^^^^^^^^^^^^^^^^^^^^^^^^^^^^^^^^
tests/test_release_plane_quality.py:2: in <module>
    from app.release_plane.quality import ReleaseQualityChecker
app/release_plane/quality.py:1: in <module>
    from app.release_plane.models import ReleaseCandidateRef
app/release_plane/models.py:1: in <module>
    from pydantic import BaseModel, Field
E   ModuleNotFoundError: No module named 'pydantic'
____________ ERROR collecting tests/test_release_plane_readiness.py ____________
ImportError while importing test module '/app/tests/test_release_plane_readiness.py'.
Hint: make sure your test modules/packages have valid Python names.
Traceback:
/usr/lib/python3.12/importlib/__init__.py:90: in import_module
    return _bootstrap._gcd_import(name[level:], package, level)
           ^^^^^^^^^^^^^^^^^^^^^^^^^^^^^^^^^^^^^^^^^^^^^^^^^^^^
tests/test_release_plane_readiness.py:2: in <module>
    from app.release_plane.readiness import ReleaseReadinessAggregator
E   ImportError: cannot import name 'ReleaseReadinessAggregator' from 'app.release_plane.readiness' (/app/app/release_plane/readiness.py)
____________ ERROR collecting tests/test_release_plane_registry.py _____________
ImportError while importing test module '/app/tests/test_release_plane_registry.py'.
Hint: make sure your test modules/packages have valid Python names.
Traceback:
/usr/lib/python3.12/importlib/__init__.py:90: in import_module
    return _bootstrap._gcd_import(name[level:], package, level)
           ^^^^^^^^^^^^^^^^^^^^^^^^^^^^^^^^^^^^^^^^^^^^^^^^^^^^
tests/test_release_plane_registry.py:2: in <module>
    from app.release_plane.registry import CanonicalReleaseRegistry
app/release_plane/registry.py:2: in <module>
    from app.release_plane.models import ReleaseDefinition
app/release_plane/models.py:1: in <module>
    from pydantic import BaseModel, Field
E   ModuleNotFoundError: No module named 'pydantic'
____________ ERROR collecting tests/test_release_plane_rollback.py _____________
ImportError while importing test module '/app/tests/test_release_plane_rollback.py'.
Hint: make sure your test modules/packages have valid Python names.
Traceback:
/usr/lib/python3.12/importlib/__init__.py:90: in import_module
    return _bootstrap._gcd_import(name[level:], package, level)
           ^^^^^^^^^^^^^^^^^^^^^^^^^^^^^^^^^^^^^^^^^^^^^^^^^^^^
tests/test_release_plane_rollback.py:2: in <module>
    from app.release_plane.rollback import RollbackManager
app/release_plane/rollback.py:2: in <module>
    from app.release_plane.models import RollbackPackage, ReleaseRef, RollbackExecutionRecord
app/release_plane/models.py:1: in <module>
    from pydantic import BaseModel, Field
E   ModuleNotFoundError: No module named 'pydantic'
____________ ERROR collecting tests/test_release_plane_rollouts.py _____________
ImportError while importing test module '/app/tests/test_release_plane_rollouts.py'.
Hint: make sure your test modules/packages have valid Python names.
Traceback:
/usr/lib/python3.12/importlib/__init__.py:90: in import_module
    return _bootstrap._gcd_import(name[level:], package, level)
           ^^^^^^^^^^^^^^^^^^^^^^^^^^^^^^^^^^^^^^^^^^^^^^^^^^^^
tests/test_release_plane_rollouts.py:2: in <module>
    from app.release_plane.rollouts import GovernanceRolloutEvaluator
E   ImportError: cannot import name 'GovernanceRolloutEvaluator' from 'app.release_plane.rollouts' (/app/app/release_plane/rollouts.py)
__________ ERROR collecting tests/test_release_plane_supersession.py ___________
ImportError while importing test module '/app/tests/test_release_plane_supersession.py'.
Hint: make sure your test modules/packages have valid Python names.
Traceback:
/usr/lib/python3.12/importlib/__init__.py:90: in import_module
    return _bootstrap._gcd_import(name[level:], package, level)
           ^^^^^^^^^^^^^^^^^^^^^^^^^^^^^^^^^^^^^^^^^^^^^^^^^^^^
tests/test_release_plane_supersession.py:2: in <module>
    from app.release_plane.supersession import SupersessionManager
app/release_plane/supersession.py:1: in <module>
    from app.release_plane.models import SupersessionRecord, ReleaseRef
app/release_plane/models.py:1: in <module>
    from pydantic import BaseModel, Field
E   ModuleNotFoundError: No module named 'pydantic'
______________ ERROR collecting tests/test_release_plane_trust.py ______________
ImportError while importing test module '/app/tests/test_release_plane_trust.py'.
Hint: make sure your test modules/packages have valid Python names.
Traceback:
/usr/lib/python3.12/importlib/__init__.py:90: in import_module
    return _bootstrap._gcd_import(name[level:], package, level)
           ^^^^^^^^^^^^^^^^^^^^^^^^^^^^^^^^^^^^^^^^^^^^^^^^^^^^
tests/test_release_plane_trust.py:2: in <module>
    from app.release_plane.trust import ReleaseTrustEngine
app/release_plane/trust.py:1: in <module>
    from app.release_plane.models import ReleaseTrustVerdict, ReleaseCandidateRef
app/release_plane/models.py:1: in <module>
    from pydantic import BaseModel, Field
E   ModuleNotFoundError: No module named 'pydantic'
_______________ ERROR collecting tests/test_release_rollback.py ________________
ImportError while importing test module '/app/tests/test_release_rollback.py'.
Hint: make sure your test modules/packages have valid Python names.
Traceback:
/usr/lib/python3.12/importlib/__init__.py:90: in import_module
    return _bootstrap._gcd_import(name[level:], package, level)
           ^^^^^^^^^^^^^^^^^^^^^^^^^^^^^^^^^^^^^^^^^^^^^^^^^^^^
tests/test_release_rollback.py:2: in <module>
    from app.release.rollback import RollbackPlanner
app/release/__init__.py:1: in <module>
    from .models import *
app/release/models.py:1: in <module>
    from pydantic import BaseModel, Field
E   ModuleNotFoundError: No module named 'pydantic'
________________ ERROR collecting tests/test_release_storage.py ________________
ImportError while importing test module '/app/tests/test_release_storage.py'.
Hint: make sure your test modules/packages have valid Python names.
Traceback:
/usr/lib/python3.12/importlib/__init__.py:90: in import_module
    return _bootstrap._gcd_import(name[level:], package, level)
           ^^^^^^^^^^^^^^^^^^^^^^^^^^^^^^^^^^^^^^^^^^^^^^^^^^^^
tests/test_release_storage.py:2: in <module>
    from app.release.storage import ReleaseStorage
app/release/__init__.py:1: in <module>
    from .models import *
app/release/models.py:1: in <module>
    from pydantic import BaseModel, Field
E   ModuleNotFoundError: No module named 'pydantic'
________________ ERROR collecting tests/test_release_upgrade.py ________________
ImportError while importing test module '/app/tests/test_release_upgrade.py'.
Hint: make sure your test modules/packages have valid Python names.
Traceback:
/usr/lib/python3.12/importlib/__init__.py:90: in import_module
    return _bootstrap._gcd_import(name[level:], package, level)
           ^^^^^^^^^^^^^^^^^^^^^^^^^^^^^^^^^^^^^^^^^^^^^^^^^^^^
tests/test_release_upgrade.py:2: in <module>
    from app.release.upgrade import UpgradePlanner
app/release/__init__.py:1: in <module>
    from .models import *
app/release/models.py:1: in <module>
    from pydantic import BaseModel, Field
E   ModuleNotFoundError: No module named 'pydantic'
______________ ERROR collecting tests/test_release_versioning.py _______________
ImportError while importing test module '/app/tests/test_release_versioning.py'.
Hint: make sure your test modules/packages have valid Python names.
Traceback:
/usr/lib/python3.12/importlib/__init__.py:90: in import_module
    return _bootstrap._gcd_import(name[level:], package, level)
           ^^^^^^^^^^^^^^^^^^^^^^^^^^^^^^^^^^^^^^^^^^^^^^^^^^^^
tests/test_release_versioning.py:2: in <module>
    from app.release.versioning import VersionManager
app/release/__init__.py:1: in <module>
    from .models import *
app/release/models.py:1: in <module>
    from pydantic import BaseModel, Field
E   ModuleNotFoundError: No module named 'pydantic'
______________ ERROR collecting tests/test_reliability_budgets.py ______________
ImportError while importing test module '/app/tests/test_reliability_budgets.py'.
Hint: make sure your test modules/packages have valid Python names.
Traceback:
/usr/lib/python3.12/importlib/__init__.py:90: in import_module
    return _bootstrap._gcd_import(name[level:], package, level)
           ^^^^^^^^^^^^^^^^^^^^^^^^^^^^^^^^^^^^^^^^^^^^^^^^^^^^
tests/test_reliability_budgets.py:1: in <module>
    from app.reliability.budgets import ErrorBudgetRegistry
app/reliability/budgets.py:4: in <module>
    from app.reliability.models import ErrorBudget, ErrorBudgetConsumption
app/reliability/models.py:1: in <module>
    from pydantic import BaseModel, Field
E   ModuleNotFoundError: No module named 'pydantic'
_______________ ERROR collecting tests/test_reliability_burn.py ________________
ImportError while importing test module '/app/tests/test_reliability_burn.py'.
Hint: make sure your test modules/packages have valid Python names.
Traceback:
/usr/lib/python3.12/importlib/__init__.py:90: in import_module
    return _bootstrap._gcd_import(name[level:], package, level)
           ^^^^^^^^^^^^^^^^^^^^^^^^^^^^^^^^^^^^^^^^^^^^^^^^^^^^
tests/test_reliability_burn.py:1: in <module>
    from app.reliability.burn import BurnRateAnalytics
app/reliability/burn.py:5: in <module>
    from app.reliability.models import BurnRateReport, ErrorBudget
app/reliability/models.py:1: in <module>
    from pydantic import BaseModel, Field
E   ModuleNotFoundError: No module named 'pydantic'
______________ ERROR collecting tests/test_reliability_cadence.py ______________
ImportError while importing test module '/app/tests/test_reliability_cadence.py'.
Hint: make sure your test modules/packages have valid Python names.
Traceback:
/usr/lib/python3.12/importlib/__init__.py:90: in import_module
    return _bootstrap._gcd_import(name[level:], package, level)
           ^^^^^^^^^^^^^^^^^^^^^^^^^^^^^^^^^^^^^^^^^^^^^^^^^^^^
tests/test_reliability_cadence.py:1: in <module>
    from app.reliability.cadence import OperationalCadenceArtifactBuilder
app/reliability/cadence.py:3: in <module>
    from app.reliability.base import CadenceArtifactBuilderBase
app/reliability/base.py:3: in <module>
    from app.reliability.models import (
app/reliability/models.py:1: in <module>
    from pydantic import BaseModel, Field
E   ModuleNotFoundError: No module named 'pydantic'
_______________ ERROR collecting tests/test_reliability_decay.py _______________
ImportError while importing test module '/app/tests/test_reliability_decay.py'.
Hint: make sure your test modules/packages have valid Python names.
Traceback:
/usr/lib/python3.12/importlib/__init__.py:90: in import_module
    return _bootstrap._gcd_import(name[level:], package, level)
           ^^^^^^^^^^^^^^^^^^^^^^^^^^^^^^^^^^^^^^^^^^^^^^^^^^^^
tests/test_reliability_decay.py:1: in <module>
    from app.reliability.decay import ReadinessDecayEngine
app/reliability/decay.py:4: in <module>
    from app.reliability.models import ReadinessDecayRecord
app/reliability/models.py:1: in <module>
    from pydantic import BaseModel, Field
E   ModuleNotFoundError: No module named 'pydantic'
______________ ERROR collecting tests/test_reliability_domains.py ______________
ImportError while importing test module '/app/tests/test_reliability_domains.py'.
Hint: make sure your test modules/packages have valid Python names.
Traceback:
/usr/lib/python3.12/importlib/__init__.py:90: in import_module
    return _bootstrap._gcd_import(name[level:], package, level)
           ^^^^^^^^^^^^^^^^^^^^^^^^^^^^^^^^^^^^^^^^^^^^^^^^^^^^
tests/test_reliability_domains.py:1: in <module>
    from app.reliability.domains import ReliabilityDomainRegistry
E   ImportError: cannot import name 'ReliabilityDomainRegistry' from 'app.reliability.domains' (/app/app/reliability/domains.py)
_____________ ERROR collecting tests/test_reliability_evidence.py ______________
ImportError while importing test module '/app/tests/test_reliability_evidence.py'.
Hint: make sure your test modules/packages have valid Python names.
Traceback:
/usr/lib/python3.12/importlib/__init__.py:90: in import_module
    return _bootstrap._gcd_import(name[level:], package, level)
           ^^^^^^^^^^^^^^^^^^^^^^^^^^^^^^^^^^^^^^^^^^^^^^^^^^^^
tests/test_reliability_evidence.py:1: in <module>
    from app.reliability.evidence import ReliabilityEvidenceBundleAssembly
app/reliability/evidence.py:3: in <module>
    from app.reliability.models import ReliabilityEvidenceBundle, HealthScorecard
app/reliability/models.py:1: in <module>
    from pydantic import BaseModel, Field
E   ModuleNotFoundError: No module named 'pydantic'
______________ ERROR collecting tests/test_reliability_freeze.py _______________
ImportError while importing test module '/app/tests/test_reliability_freeze.py'.
Hint: make sure your test modules/packages have valid Python names.
Traceback:
/usr/lib/python3.12/importlib/__init__.py:90: in import_module
    return _bootstrap._gcd_import(name[level:], package, level)
           ^^^^^^^^^^^^^^^^^^^^^^^^^^^^^^^^^^^^^^^^^^^^^^^^^^^^
tests/test_reliability_freeze.py:1: in <module>
    from app.reliability.freeze import ChangeFreezeRecommendationEngine
app/reliability/freeze.py:4: in <module>
    from app.reliability.models import FreezeRecommendation, HealthScorecard, BurnRateReport
app/reliability/models.py:1: in <module>
    from pydantic import BaseModel, Field
E   ModuleNotFoundError: No module named 'pydantic'
_______________ ERROR collecting tests/test_reliability_holds.py _______________
ImportError while importing test module '/app/tests/test_reliability_holds.py'.
Hint: make sure your test modules/packages have valid Python names.
Traceback:
/usr/lib/python3.12/importlib/__init__.py:90: in import_module
    return _bootstrap._gcd_import(name[level:], package, level)
           ^^^^^^^^^^^^^^^^^^^^^^^^^^^^^^^^^^^^^^^^^^^^^^^^^^^^
tests/test_reliability_holds.py:1: in <module>
    from app.reliability.holds import OperationalHoldRecommendationEngine
app/reliability/holds.py:4: in <module>
    from app.reliability.models import HoldRecommendation, HealthScorecard
app/reliability/models.py:1: in <module>
    from pydantic import BaseModel, Field
E   ModuleNotFoundError: No module named 'pydantic'
___________ ERROR collecting tests/test_reliability_plane_budgets.py ___________
ImportError while importing test module '/app/tests/test_reliability_plane_budgets.py'.
Hint: make sure your test modules/packages have valid Python names.
Traceback:
/usr/lib/python3.12/importlib/__init__.py:90: in import_module
    return _bootstrap._gcd_import(name[level:], package, level)
           ^^^^^^^^^^^^^^^^^^^^^^^^^^^^^^^^^^^^^^^^^^^^^^^^^^^^
tests/test_reliability_plane_budgets.py:3: in <module>
    from app.reliability_plane.budgets import ErrorBudgetManager
app/reliability_plane/__init__.py:1: in <module>
    from .base import *
app/reliability_plane/base.py:3: in <module>
    from pydantic import BaseModel
E   ModuleNotFoundError: No module named 'pydantic'
__________ ERROR collecting tests/test_reliability_plane_registry.py ___________
ImportError while importing test module '/app/tests/test_reliability_plane_registry.py'.
Hint: make sure your test modules/packages have valid Python names.
Traceback:
/usr/lib/python3.12/importlib/__init__.py:90: in import_module
    return _bootstrap._gcd_import(name[level:], package, level)
           ^^^^^^^^^^^^^^^^^^^^^^^^^^^^^^^^^^^^^^^^^^^^^^^^^^^^
tests/test_reliability_plane_registry.py:3: in <module>
    from app.reliability_plane.enums import ReliabilityServiceClass
app/reliability_plane/__init__.py:1: in <module>
    from .base import *
app/reliability_plane/base.py:3: in <module>
    from pydantic import BaseModel
E   ModuleNotFoundError: No module named 'pydantic'
____________ ERROR collecting tests/test_reliability_plane_slos.py _____________
ImportError while importing test module '/app/tests/test_reliability_plane_slos.py'.
Hint: make sure your test modules/packages have valid Python names.
Traceback:
/usr/lib/python3.12/importlib/__init__.py:90: in import_module
    return _bootstrap._gcd_import(name[level:], package, level)
           ^^^^^^^^^^^^^^^^^^^^^^^^^^^^^^^^^^^^^^^^^^^^^^^^^^^^
tests/test_reliability_plane_slos.py:3: in <module>
    from app.reliability_plane.enums import (ReliabilityServiceClass, SLIClass,
app/reliability_plane/__init__.py:1: in <module>
    from .base import *
app/reliability_plane/base.py:3: in <module>
    from pydantic import BaseModel
E   ModuleNotFoundError: No module named 'pydantic'
____________ ERROR collecting tests/test_reliability_scorecards.py _____________
ImportError while importing test module '/app/tests/test_reliability_scorecards.py'.
Hint: make sure your test modules/packages have valid Python names.
Traceback:
/usr/lib/python3.12/importlib/__init__.py:90: in import_module
    return _bootstrap._gcd_import(name[level:], package, level)
           ^^^^^^^^^^^^^^^^^^^^^^^^^^^^^^^^^^^^^^^^^^^^^^^^^^^^
tests/test_reliability_scorecards.py:1: in <module>
    from app.reliability.scorecards import DomainHealthScorecardBuilder
app/reliability/scorecards.py:4: in <module>
    from app.reliability.models import HealthScorecard, BurnRateReport, ReadinessDecayRecord
app/reliability/models.py:1: in <module>
    from pydantic import BaseModel, Field
E   ModuleNotFoundError: No module named 'pydantic'
_______________ ERROR collecting tests/test_reliability_slos.py ________________
ImportError while importing test module '/app/tests/test_reliability_slos.py'.
Hint: make sure your test modules/packages have valid Python names.
Traceback:
/usr/lib/python3.12/importlib/__init__.py:90: in import_module
    return _bootstrap._gcd_import(name[level:], package, level)
           ^^^^^^^^^^^^^^^^^^^^^^^^^^^^^^^^^^^^^^^^^^^^^^^^^^^^
tests/test_reliability_slos.py:1: in <module>
    from app.reliability.slos import SLORegistry
E   ImportError: cannot import name 'SLORegistry' from 'app.reliability.slos' (/app/app/reliability/slos.py)
______________ ERROR collecting tests/test_reliability_storage.py ______________
ImportError while importing test module '/app/tests/test_reliability_storage.py'.
Hint: make sure your test modules/packages have valid Python names.
Traceback:
/usr/lib/python3.12/importlib/__init__.py:90: in import_module
    return _bootstrap._gcd_import(name[level:], package, level)
           ^^^^^^^^^^^^^^^^^^^^^^^^^^^^^^^^^^^^^^^^^^^^^^^^^^^^
tests/test_reliability_storage.py:1: in <module>
    from app.reliability.repository import ReliabilityRepository
app/reliability/repository.py:2: in <module>
    from app.reliability.storage import storage
app/reliability/storage.py:3: in <module>
    from pydantic import BaseModel
E   ModuleNotFoundError: No module named 'pydantic'
______________ ERROR collecting tests/test_reliability_trends.py _______________
ImportError while importing test module '/app/tests/test_reliability_trends.py'.
Hint: make sure your test modules/packages have valid Python names.
Traceback:
/usr/lib/python3.12/importlib/__init__.py:90: in import_module
    return _bootstrap._gcd_import(name[level:], package, level)
           ^^^^^^^^^^^^^^^^^^^^^^^^^^^^^^^^^^^^^^^^^^^^^^^^^^^^
tests/test_reliability_trends.py:1: in <module>
    from app.reliability.trends import HistoricalReliabilityTrendAnalysis
app/reliability/trends.py:4: in <module>
    from app.reliability.models import ReliabilityTrendReport, HealthScorecard
app/reliability/models.py:1: in <module>
    from pydantic import BaseModel, Field
E   ModuleNotFoundError: No module named 'pydantic'
______________ ERROR collecting tests/test_reliability_windows.py ______________
ImportError while importing test module '/app/tests/test_reliability_windows.py'.
Hint: make sure your test modules/packages have valid Python names.
Traceback:
/usr/lib/python3.12/importlib/__init__.py:90: in import_module
    return _bootstrap._gcd_import(name[level:], package, level)
           ^^^^^^^^^^^^^^^^^^^^^^^^^^^^^^^^^^^^^^^^^^^^^^^^^^^^
tests/test_reliability_windows.py:2: in <module>
    from app.reliability.windows import WindowEvaluator
app/reliability/windows.py:3: in <module>
    from app.reliability.models import SLOWindow
app/reliability/models.py:1: in <module>
    from pydantic import BaseModel, Field
E   ModuleNotFoundError: No module named 'pydantic'
_______________ ERROR collecting tests/test_remediation_apply.py _______________
ImportError while importing test module '/app/tests/test_remediation_apply.py'.
Hint: make sure your test modules/packages have valid Python names.
Traceback:
/usr/lib/python3.12/importlib/__init__.py:90: in import_module
    return _bootstrap._gcd_import(name[level:], package, level)
           ^^^^^^^^^^^^^^^^^^^^^^^^^^^^^^^^^^^^^^^^^^^^^^^^^^^^
tests/test_remediation_apply.py:1: in <module>
    from app.remediation.apply import ApplyExecutor
app/remediation/apply.py:2: in <module>
    from app.remediation.models import RemediationPack, ApplyResult
app/remediation/models.py:1: in <module>
    from pydantic import BaseModel, Field
E   ModuleNotFoundError: No module named 'pydantic'
___________ ERROR collecting tests/test_remediation_blast_radius.py ____________
ImportError while importing test module '/app/tests/test_remediation_blast_radius.py'.
Hint: make sure your test modules/packages have valid Python names.
Traceback:
/usr/lib/python3.12/importlib/__init__.py:90: in import_module
    return _bootstrap._gcd_import(name[level:], package, level)
           ^^^^^^^^^^^^^^^^^^^^^^^^^^^^^^^^^^^^^^^^^^^^^^^^^^^^
tests/test_remediation_blast_radius.py:1: in <module>
    from app.remediation.blast_radius import BlastRadiusAnalyzer
app/remediation/blast_radius.py:1: in <module>
    from app.remediation.models import RemediationPack, BlastRadiusReport
app/remediation/models.py:1: in <module>
    from pydantic import BaseModel, Field
E   ModuleNotFoundError: No module named 'pydantic'
____________ ERROR collecting tests/test_remediation_changesets.py _____________
ImportError while importing test module '/app/tests/test_remediation_changesets.py'.
Hint: make sure your test modules/packages have valid Python names.
Traceback:
/usr/lib/python3.12/importlib/__init__.py:90: in import_module
    return _bootstrap._gcd_import(name[level:], package, level)
           ^^^^^^^^^^^^^^^^^^^^^^^^^^^^^^^^^^^^^^^^^^^^^^^^^^^^
tests/test_remediation_changesets.py:1: in <module>
    from app.remediation.changesets import RemediationChangeSet
app/remediation/changesets.py:2: in <module>
    from app.remediation.models import RemediationPack
app/remediation/models.py:1: in <module>
    from pydantic import BaseModel, Field
E   ModuleNotFoundError: No module named 'pydantic'
_____________ ERROR collecting tests/test_remediation_compiler.py ______________
ImportError while importing test module '/app/tests/test_remediation_compiler.py'.
Hint: make sure your test modules/packages have valid Python names.
Traceback:
/usr/lib/python3.12/importlib/__init__.py:90: in import_module
    return _bootstrap._gcd_import(name[level:], package, level)
           ^^^^^^^^^^^^^^^^^^^^^^^^^^^^^^^^^^^^^^^^^^^^^^^^^^^^
tests/test_remediation_compiler.py:2: in <module>
    from app.remediation.compiler import RemediationCompiler
app/remediation/compiler.py:6: in <module>
    from app.remediation.models import (
app/remediation/models.py:1: in <module>
    from pydantic import BaseModel, Field
E   ModuleNotFoundError: No module named 'pydantic'
_______________ ERROR collecting tests/test_remediation_core.py ________________
ImportError while importing test module '/app/tests/test_remediation_core.py'.
Hint: make sure your test modules/packages have valid Python names.
Traceback:
/usr/lib/python3.12/importlib/__init__.py:90: in import_module
    return _bootstrap._gcd_import(name[level:], package, level)
           ^^^^^^^^^^^^^^^^^^^^^^^^^^^^^^^^^^^^^^^^^^^^^^^^^^^^
tests/test_remediation_core.py:2: in <module>
    from app.remediation.models import RemediationFindingRef
app/remediation/models.py:1: in <module>
    from pydantic import BaseModel, Field
E   ModuleNotFoundError: No module named 'pydantic'
_______________ ERROR collecting tests/test_remediation_debt.py ________________
ImportError while importing test module '/app/tests/test_remediation_debt.py'.
Hint: make sure your test modules/packages have valid Python names.
Traceback:
/usr/lib/python3.12/importlib/__init__.py:90: in import_module
    return _bootstrap._gcd_import(name[level:], package, level)
           ^^^^^^^^^^^^^^^^^^^^^^^^^^^^^^^^^^^^^^^^^^^^^^^^^^^^
tests/test_remediation_debt.py:1: in <module>
    from app.remediation.debt import DebtGovernance
E   ImportError: cannot import name 'DebtGovernance' from 'app.remediation.debt' (/app/app/remediation/debt.py). Did you mean: 'governance'?
___________ ERROR collecting tests/test_remediation_dependencies.py ____________
ImportError while importing test module '/app/tests/test_remediation_dependencies.py'.
Hint: make sure your test modules/packages have valid Python names.
Traceback:
/usr/lib/python3.12/importlib/__init__.py:90: in import_module
    return _bootstrap._gcd_import(name[level:], package, level)
           ^^^^^^^^^^^^^^^^^^^^^^^^^^^^^^^^^^^^^^^^^^^^^^^^^^^^
tests/test_remediation_dependencies.py:1: in <module>
    from app.remediation.dependencies import DependencyAnalyzer
app/remediation/dependencies.py:2: in <module>
    from app.remediation.models import RemediationPack
app/remediation/models.py:1: in <module>
    from pydantic import BaseModel, Field
E   ModuleNotFoundError: No module named 'pydantic'
_____________ ERROR collecting tests/test_remediation_findings.py ______________
ImportError while importing test module '/app/tests/test_remediation_findings.py'.
Hint: make sure your test modules/packages have valid Python names.
Traceback:
/usr/lib/python3.12/importlib/__init__.py:90: in import_module
    return _bootstrap._gcd_import(name[level:], package, level)
           ^^^^^^^^^^^^^^^^^^^^^^^^^^^^^^^^^^^^^^^^^^^^^^^^^^^^
tests/test_remediation_findings.py:1: in <module>
    from app.remediation.findings import FindingIntake
E   ImportError: cannot import name 'FindingIntake' from 'app.remediation.findings' (/app/app/remediation/findings.py)
_____________ ERROR collecting tests/test_remediation_preflight.py _____________
ImportError while importing test module '/app/tests/test_remediation_preflight.py'.
Hint: make sure your test modules/packages have valid Python names.
Traceback:
/usr/lib/python3.12/importlib/__init__.py:90: in import_module
    return _bootstrap._gcd_import(name[level:], package, level)
           ^^^^^^^^^^^^^^^^^^^^^^^^^^^^^^^^^^^^^^^^^^^^^^^^^^^^
tests/test_remediation_preflight.py:1: in <module>
    from app.remediation.preflight import PreflightEngine
app/remediation/preflight.py:2: in <module>
    from app.remediation.models import RemediationPack
app/remediation/models.py:1: in <module>
    from pydantic import BaseModel, Field
E   ModuleNotFoundError: No module named 'pydantic'
______________ ERROR collecting tests/test_remediation_recipes.py ______________
ImportError while importing test module '/app/tests/test_remediation_recipes.py'.
Hint: make sure your test modules/packages have valid Python names.
Traceback:
/usr/lib/python3.12/importlib/__init__.py:90: in import_module
    return _bootstrap._gcd_import(name[level:], package, level)
           ^^^^^^^^^^^^^^^^^^^^^^^^^^^^^^^^^^^^^^^^^^^^^^^^^^^^
tests/test_remediation_recipes.py:1: in <module>
    from app.remediation.recipes import RecipeRegistry
E   ImportError: cannot import name 'RecipeRegistry' from 'app.remediation.recipes' (/app/app/remediation/recipes.py)
_____________ ERROR collecting tests/test_remediation_rollback.py ______________
ImportError while importing test module '/app/tests/test_remediation_rollback.py'.
Hint: make sure your test modules/packages have valid Python names.
Traceback:
/usr/lib/python3.12/importlib/__init__.py:90: in import_module
    return _bootstrap._gcd_import(name[level:], package, level)
           ^^^^^^^^^^^^^^^^^^^^^^^^^^^^^^^^^^^^^^^^^^^^^^^^^^^^
tests/test_remediation_rollback.py:1: in <module>
    from app.remediation.rollback import RollbackPlanner
app/remediation/rollback.py:1: in <module>
    from app.remediation.models import RemediationPack, RollbackPlan
app/remediation/models.py:1: in <module>
    from pydantic import BaseModel, Field
E   ModuleNotFoundError: No module named 'pydantic'
______________ ERROR collecting tests/test_remediation_scopes.py _______________
ImportError while importing test module '/app/tests/test_remediation_scopes.py'.
Hint: make sure your test modules/packages have valid Python names.
Traceback:
/usr/lib/python3.12/importlib/__init__.py:90: in import_module
    return _bootstrap._gcd_import(name[level:], package, level)
           ^^^^^^^^^^^^^^^^^^^^^^^^^^^^^^^^^^^^^^^^^^^^^^^^^^^^
tests/test_remediation_scopes.py:1: in <module>
    from app.remediation.scopes import ScopeResolver
app/remediation/scopes.py:1: in <module>
    from app.remediation.models import RemediationScope
app/remediation/models.py:1: in <module>
    from pydantic import BaseModel, Field
E   ModuleNotFoundError: No module named 'pydantic'
____________ ERROR collecting tests/test_remediation_simulation.py _____________
ImportError while importing test module '/app/tests/test_remediation_simulation.py'.
Hint: make sure your test modules/packages have valid Python names.
Traceback:
/usr/lib/python3.12/importlib/__init__.py:90: in import_module
    return _bootstrap._gcd_import(name[level:], package, level)
           ^^^^^^^^^^^^^^^^^^^^^^^^^^^^^^^^^^^^^^^^^^^^^^^^^^^^
tests/test_remediation_simulation.py:1: in <module>
    from app.remediation.simulation import DryRunEngine
app/remediation/simulation.py:1: in <module>
    from app.remediation.models import RemediationPack, SimulationResult
app/remediation/models.py:1: in <module>
    from pydantic import BaseModel, Field
E   ModuleNotFoundError: No module named 'pydantic'
______________ ERROR collecting tests/test_remediation_storage.py ______________
ImportError while importing test module '/app/tests/test_remediation_storage.py'.
Hint: make sure your test modules/packages have valid Python names.
Traceback:
/usr/lib/python3.12/importlib/__init__.py:90: in import_module
    return _bootstrap._gcd_import(name[level:], package, level)
           ^^^^^^^^^^^^^^^^^^^^^^^^^^^^^^^^^^^^^^^^^^^^^^^^^^^^
tests/test_remediation_storage.py:1: in <module>
    from app.remediation.storage import RemediationStorage
app/remediation/storage.py:2: in <module>
    from app.remediation.models import RemediationPack, RemediationDebtRecord
app/remediation/models.py:1: in <module>
    from pydantic import BaseModel, Field
E   ModuleNotFoundError: No module named 'pydantic'
____________ ERROR collecting tests/test_remediation_validation.py _____________
ImportError while importing test module '/app/tests/test_remediation_validation.py'.
Hint: make sure your test modules/packages have valid Python names.
Traceback:
/usr/lib/python3.12/importlib/__init__.py:90: in import_module
    return _bootstrap._gcd_import(name[level:], package, level)
           ^^^^^^^^^^^^^^^^^^^^^^^^^^^^^^^^^^^^^^^^^^^^^^^^^^^^
tests/test_remediation_validation.py:2: in <module>
    from app.remediation.validation import PackValidator
app/remediation/validation.py:1: in <module>
    from app.remediation.models import RemediationPack
app/remediation/models.py:1: in <module>
    from pydantic import BaseModel, Field
E   ModuleNotFoundError: No module named 'pydantic'
___________ ERROR collecting tests/test_remediation_verification.py ____________
ImportError while importing test module '/app/tests/test_remediation_verification.py'.
Hint: make sure your test modules/packages have valid Python names.
Traceback:
/usr/lib/python3.12/importlib/__init__.py:90: in import_module
    return _bootstrap._gcd_import(name[level:], package, level)
           ^^^^^^^^^^^^^^^^^^^^^^^^^^^^^^^^^^^^^^^^^^^^^^^^^^^^
tests/test_remediation_verification.py:1: in <module>
    from app.remediation.verification import VerificationEngine
app/remediation/verification.py:1: in <module>
    from app.remediation.models import RemediationPack, VerificationResult
app/remediation/models.py:1: in <module>
    from pydantic import BaseModel, Field
E   ModuleNotFoundError: No module named 'pydantic'
____________ ERROR collecting tests/test_replay_counterfactuals.py _____________
ImportError while importing test module '/app/tests/test_replay_counterfactuals.py'.
Hint: make sure your test modules/packages have valid Python names.
Traceback:
/usr/lib/python3.12/importlib/__init__.py:90: in import_module
    return _bootstrap._gcd_import(name[level:], package, level)
           ^^^^^^^^^^^^^^^^^^^^^^^^^^^^^^^^^^^^^^^^^^^^^^^^^^^^
tests/test_replay_counterfactuals.py:1: in <module>
    from app.replay.counterfactuals import DummyCounterfactualEngine
app/replay/__init__.py:1: in <module>
    from .engine import DefaultReplayEngine
app/replay/engine.py:4: in <module>
    from app.replay.models import ReplayConfig, DecisionReplayResult, ReproducibilityVerdict
app/replay/models.py:3: in <module>
    from pydantic import BaseModel, Field
E   ModuleNotFoundError: No module named 'pydantic'
_____________ ERROR collecting tests/test_replay_decision_path.py ______________
ImportError while importing test module '/app/tests/test_replay_decision_path.py'.
Hint: make sure your test modules/packages have valid Python names.
Traceback:
/usr/lib/python3.12/importlib/__init__.py:90: in import_module
    return _bootstrap._gcd_import(name[level:], package, level)
           ^^^^^^^^^^^^^^^^^^^^^^^^^^^^^^^^^^^^^^^^^^^^^^^^^^^^
tests/test_replay_decision_path.py:1: in <module>
    from app.replay.decision_path import DummyDecisionPathBuilder
app/replay/__init__.py:1: in <module>
    from .engine import DefaultReplayEngine
app/replay/engine.py:4: in <module>
    from app.replay.models import ReplayConfig, DecisionReplayResult, ReproducibilityVerdict
app/replay/models.py:3: in <module>
    from pydantic import BaseModel, Field
E   ModuleNotFoundError: No module named 'pydantic'
__________________ ERROR collecting tests/test_replay_diff.py __________________
ImportError while importing test module '/app/tests/test_replay_diff.py'.
Hint: make sure your test modules/packages have valid Python names.
Traceback:
/usr/lib/python3.12/importlib/__init__.py:90: in import_module
    return _bootstrap._gcd_import(name[level:], package, level)
           ^^^^^^^^^^^^^^^^^^^^^^^^^^^^^^^^^^^^^^^^^^^^^^^^^^^^
tests/test_replay_diff.py:1: in <module>
    from app.replay.diff import DummyDiffEngine
app/replay/__init__.py:1: in <module>
    from .engine import DefaultReplayEngine
app/replay/engine.py:4: in <module>
    from app.replay.models import ReplayConfig, DecisionReplayResult, ReproducibilityVerdict
app/replay/models.py:3: in <module>
    from pydantic import BaseModel, Field
E   ModuleNotFoundError: No module named 'pydantic'
_________________ ERROR collecting tests/test_replay_engine.py _________________
ImportError while importing test module '/app/tests/test_replay_engine.py'.
Hint: make sure your test modules/packages have valid Python names.
Traceback:
/usr/lib/python3.12/importlib/__init__.py:90: in import_module
    return _bootstrap._gcd_import(name[level:], package, level)
           ^^^^^^^^^^^^^^^^^^^^^^^^^^^^^^^^^^^^^^^^^^^^^^^^^^^^
tests/test_replay_engine.py:1: in <module>
    from app.replay.engine import DefaultReplayEngine
app/replay/__init__.py:1: in <module>
    from .engine import DefaultReplayEngine
app/replay/engine.py:4: in <module>
    from app.replay.models import ReplayConfig, DecisionReplayResult, ReproducibilityVerdict
app/replay/models.py:3: in <module>
    from pydantic import BaseModel, Field
E   ModuleNotFoundError: No module named 'pydantic'
_______________ ERROR collecting tests/test_replay_forensics.py ________________
ImportError while importing test module '/app/tests/test_replay_forensics.py'.
Hint: make sure your test modules/packages have valid Python names.
Traceback:
/usr/lib/python3.12/importlib/__init__.py:90: in import_module
    return _bootstrap._gcd_import(name[level:], package, level)
           ^^^^^^^^^^^^^^^^^^^^^^^^^^^^^^^^^^^^^^^^^^^^^^^^^^^^
tests/test_replay_forensics.py:1: in <module>
    from app.replay.forensics import DummyForensicCollector
app/replay/__init__.py:1: in <module>
    from .engine import DefaultReplayEngine
app/replay/engine.py:4: in <module>
    from app.replay.models import ReplayConfig, DecisionReplayResult, ReproducibilityVerdict
app/replay/models.py:3: in <module>
    from pydantic import BaseModel, Field
E   ModuleNotFoundError: No module named 'pydantic'
_________________ ERROR collecting tests/test_replay_models.py _________________
ImportError while importing test module '/app/tests/test_replay_models.py'.
Hint: make sure your test modules/packages have valid Python names.
Traceback:
/usr/lib/python3.12/importlib/__init__.py:90: in import_module
    return _bootstrap._gcd_import(name[level:], package, level)
           ^^^^^^^^^^^^^^^^^^^^^^^^^^^^^^^^^^^^^^^^^^^^^^^^^^^^
tests/test_replay_models.py:1: in <module>
    from app.replay.models import (
app/replay/__init__.py:1: in <module>
    from .engine import DefaultReplayEngine
app/replay/engine.py:4: in <module>
    from app.replay.models import ReplayConfig, DecisionReplayResult, ReproducibilityVerdict
app/replay/models.py:3: in <module>
    from pydantic import BaseModel, Field
E   ModuleNotFoundError: No module named 'pydantic'
_______________ ERROR collecting tests/test_replay_repository.py _______________
ImportError while importing test module '/app/tests/test_replay_repository.py'.
Hint: make sure your test modules/packages have valid Python names.
Traceback:
/usr/lib/python3.12/importlib/__init__.py:90: in import_module
    return _bootstrap._gcd_import(name[level:], package, level)
           ^^^^^^^^^^^^^^^^^^^^^^^^^^^^^^^^^^^^^^^^^^^^^^^^^^^^
tests/test_replay_repository.py:1: in <module>
    from app.replay.repository import replay_repository
app/replay/__init__.py:1: in <module>
    from .engine import DefaultReplayEngine
app/replay/engine.py:4: in <module>
    from app.replay.models import ReplayConfig, DecisionReplayResult, ReproducibilityVerdict
app/replay/models.py:3: in <module>
    from pydantic import BaseModel, Field
E   ModuleNotFoundError: No module named 'pydantic'
________________ ERROR collecting tests/test_replay_scoring.py _________________
ImportError while importing test module '/app/tests/test_replay_scoring.py'.
Hint: make sure your test modules/packages have valid Python names.
Traceback:
/usr/lib/python3.12/importlib/__init__.py:90: in import_module
    return _bootstrap._gcd_import(name[level:], package, level)
           ^^^^^^^^^^^^^^^^^^^^^^^^^^^^^^^^^^^^^^^^^^^^^^^^^^^^
tests/test_replay_scoring.py:1: in <module>
    from app.replay.scoring import DummyScorer
app/replay/__init__.py:1: in <module>
    from .engine import DefaultReplayEngine
app/replay/engine.py:4: in <module>
    from app.replay.models import ReplayConfig, DecisionReplayResult, ReproducibilityVerdict
app/replay/models.py:3: in <module>
    from pydantic import BaseModel, Field
E   ModuleNotFoundError: No module named 'pydantic'
_______________ ERROR collecting tests/test_replay_snapshots.py ________________
ImportError while importing test module '/app/tests/test_replay_snapshots.py'.
Hint: make sure your test modules/packages have valid Python names.
Traceback:
/usr/lib/python3.12/importlib/__init__.py:90: in import_module
    return _bootstrap._gcd_import(name[level:], package, level)
           ^^^^^^^^^^^^^^^^^^^^^^^^^^^^^^^^^^^^^^^^^^^^^^^^^^^^
tests/test_replay_snapshots.py:1: in <module>
    from app.replay.models import ReplayConfig, ReplayScope, EventTimeline
app/replay/__init__.py:1: in <module>
    from .engine import DefaultReplayEngine
app/replay/engine.py:4: in <module>
    from app.replay.models import ReplayConfig, DecisionReplayResult, ReproducibilityVerdict
app/replay/models.py:3: in <module>
    from pydantic import BaseModel, Field
E   ModuleNotFoundError: No module named 'pydantic'
________________ ERROR collecting tests/test_replay_sources.py _________________
ImportError while importing test module '/app/tests/test_replay_sources.py'.
Hint: make sure your test modules/packages have valid Python names.
Traceback:
/usr/lib/python3.12/importlib/__init__.py:90: in import_module
    return _bootstrap._gcd_import(name[level:], package, level)
           ^^^^^^^^^^^^^^^^^^^^^^^^^^^^^^^^^^^^^^^^^^^^^^^^^^^^
tests/test_replay_sources.py:2: in <module>
    from app.replay.sources import DummyReplaySourceResolver
app/replay/__init__.py:1: in <module>
    from .engine import DefaultReplayEngine
app/replay/engine.py:4: in <module>
    from app.replay.models import ReplayConfig, DecisionReplayResult, ReproducibilityVerdict
app/replay/models.py:3: in <module>
    from pydantic import BaseModel, Field
E   ModuleNotFoundError: No module named 'pydantic'
________________ ERROR collecting tests/test_replay_storage.py _________________
ImportError while importing test module '/app/tests/test_replay_storage.py'.
Hint: make sure your test modules/packages have valid Python names.
Traceback:
/usr/lib/python3.12/importlib/__init__.py:90: in import_module
    return _bootstrap._gcd_import(name[level:], package, level)
           ^^^^^^^^^^^^^^^^^^^^^^^^^^^^^^^^^^^^^^^^^^^^^^^^^^^^
tests/test_replay_storage.py:1: in <module>
    from app.replay.storage import DummyReplayStorage
app/replay/__init__.py:1: in <module>
    from .engine import DefaultReplayEngine
app/replay/engine.py:4: in <module>
    from app.replay.models import ReplayConfig, DecisionReplayResult, ReproducibilityVerdict
app/replay/models.py:3: in <module>
    from pydantic import BaseModel, Field
E   ModuleNotFoundError: No module named 'pydantic'
________________ ERROR collecting tests/test_replay_timeline.py ________________
ImportError while importing test module '/app/tests/test_replay_timeline.py'.
Hint: make sure your test modules/packages have valid Python names.
Traceback:
/usr/lib/python3.12/importlib/__init__.py:90: in import_module
    return _bootstrap._gcd_import(name[level:], package, level)
           ^^^^^^^^^^^^^^^^^^^^^^^^^^^^^^^^^^^^^^^^^^^^^^^^^^^^
tests/test_replay_timeline.py:1: in <module>
    from app.replay.models import (
app/replay/__init__.py:1: in <module>
    from .engine import DefaultReplayEngine
app/replay/engine.py:4: in <module>
    from app.replay.models import ReplayConfig, DecisionReplayResult, ReproducibilityVerdict
app/replay/models.py:3: in <module>
    from pydantic import BaseModel, Field
E   ModuleNotFoundError: No module named 'pydantic'
___________ ERROR collecting tests/test_representation_plane_core.py ___________
ImportError while importing test module '/app/tests/test_representation_plane_core.py'.
Hint: make sure your test modules/packages have valid Python names.
Traceback:
/usr/lib/python3.12/importlib/__init__.py:90: in import_module
    return _bootstrap._gcd_import(name[level:], package, level)
           ^^^^^^^^^^^^^^^^^^^^^^^^^^^^^^^^^^^^^^^^^^^^^^^^^^^^
tests/test_representation_plane_core.py:2: in <module>
    from app.representation_plane.models import RepresentationObject, CaveatRecord, DisclaimerRecord, CorrectionRecord
app/representation_plane/models.py:1: in <module>
    from pydantic import BaseModel, Field
E   ModuleNotFoundError: No module named 'pydantic'
________________ ERROR collecting tests/test_research_plane.py _________________
ImportError while importing test module '/app/tests/test_research_plane.py'.
Hint: make sure your test modules/packages have valid Python names.
Traceback:
/usr/lib/python3.12/importlib/__init__.py:90: in import_module
    return _bootstrap._gcd_import(name[level:], package, level)
           ^^^^^^^^^^^^^^^^^^^^^^^^^^^^^^^^^^^^^^^^^^^^^^^^^^^^
tests/test_research_plane.py:5: in <module>
    from app.research_plane.models import (
app/research_plane/models.py:3: in <module>
    from pydantic import BaseModel, Field
E   ModuleNotFoundError: No module named 'pydantic'
_____________ ERROR collecting tests/test_resilience_assertions.py _____________
ImportError while importing test module '/app/tests/test_resilience_assertions.py'.
Hint: make sure your test modules/packages have valid Python names.
Traceback:
/usr/lib/python3.12/importlib/__init__.py:90: in import_module
    return _bootstrap._gcd_import(name[level:], package, level)
           ^^^^^^^^^^^^^^^^^^^^^^^^^^^^^^^^^^^^^^^^^^^^^^^^^^^^
tests/test_resilience_assertions.py:2: in <module>
    from app.resilience.assertions import AssertionEvaluator
app/resilience/__init__.py:1: in <module>
    from app.resilience.scenarios import get_scenario, list_scenarios
app/resilience/scenarios.py:1: in <module>
    from app.resilience.models import (
app/resilience/models.py:1: in <module>
    from pydantic import BaseModel, Field
E   ModuleNotFoundError: No module named 'pydantic'
_______________ ERROR collecting tests/test_resilience_faults.py _______________
ImportError while importing test module '/app/tests/test_resilience_faults.py'.
Hint: make sure your test modules/packages have valid Python names.
Traceback:
/usr/lib/python3.12/importlib/__init__.py:90: in import_module
    return _bootstrap._gcd_import(name[level:], package, level)
           ^^^^^^^^^^^^^^^^^^^^^^^^^^^^^^^^^^^^^^^^^^^^^^^^^^^^
tests/test_resilience_faults.py:3: in <module>
    from app.resilience.faults import FaultInjector
app/resilience/__init__.py:1: in <module>
    from app.resilience.scenarios import get_scenario, list_scenarios
app/resilience/scenarios.py:1: in <module>
    from app.resilience.models import (
app/resilience/models.py:1: in <module>
    from pydantic import BaseModel, Field
E   ModuleNotFoundError: No module named 'pydantic'
_______________ ERROR collecting tests/test_resilience_gates.py ________________
ImportError while importing test module '/app/tests/test_resilience_gates.py'.
Hint: make sure your test modules/packages have valid Python names.
Traceback:
/usr/lib/python3.12/importlib/__init__.py:90: in import_module
    return _bootstrap._gcd_import(name[level:], package, level)
           ^^^^^^^^^^^^^^^^^^^^^^^^^^^^^^^^^^^^^^^^^^^^^^^^^^^^
tests/test_resilience_gates.py:2: in <module>
    from app.resilience.gates import SafetyGate
app/resilience/__init__.py:1: in <module>
    from app.resilience.scenarios import get_scenario, list_scenarios
app/resilience/scenarios.py:1: in <module>
    from app.resilience.models import (
app/resilience/models.py:1: in <module>
    from pydantic import BaseModel, Field
E   ModuleNotFoundError: No module named 'pydantic'
__________ ERROR collecting tests/test_resilience_recovery_checks.py ___________
ImportError while importing test module '/app/tests/test_resilience_recovery_checks.py'.
Hint: make sure your test modules/packages have valid Python names.
Traceback:
/usr/lib/python3.12/importlib/__init__.py:90: in import_module
    return _bootstrap._gcd_import(name[level:], package, level)
           ^^^^^^^^^^^^^^^^^^^^^^^^^^^^^^^^^^^^^^^^^^^^^^^^^^^^
tests/test_resilience_recovery_checks.py:2: in <module>
    from app.resilience.recovery_checks import RecoveryEvaluator
app/resilience/__init__.py:1: in <module>
    from app.resilience.scenarios import get_scenario, list_scenarios
app/resilience/scenarios.py:1: in <module>
    from app.resilience.models import (
app/resilience/models.py:1: in <module>
    from pydantic import BaseModel, Field
E   ModuleNotFoundError: No module named 'pydantic'
_____________ ERROR collecting tests/test_resilience_reporting.py ______________
ImportError while importing test module '/app/tests/test_resilience_reporting.py'.
Hint: make sure your test modules/packages have valid Python names.
Traceback:
/usr/lib/python3.12/importlib/__init__.py:90: in import_module
    return _bootstrap._gcd_import(name[level:], package, level)
           ^^^^^^^^^^^^^^^^^^^^^^^^^^^^^^^^^^^^^^^^^^^^^^^^^^^^
tests/test_resilience_reporting.py:1: in <module>
    from app.resilience.reporting import Reporter
app/resilience/__init__.py:1: in <module>
    from app.resilience.scenarios import get_scenario, list_scenarios
app/resilience/scenarios.py:1: in <module>
    from app.resilience.models import (
app/resilience/models.py:1: in <module>
    from pydantic import BaseModel, Field
E   ModuleNotFoundError: No module named 'pydantic'
_____________ ERROR collecting tests/test_resilience_repository.py _____________
ImportError while importing test module '/app/tests/test_resilience_repository.py'.
Hint: make sure your test modules/packages have valid Python names.
Traceback:
/usr/lib/python3.12/importlib/__init__.py:90: in import_module
    return _bootstrap._gcd_import(name[level:], package, level)
           ^^^^^^^^^^^^^^^^^^^^^^^^^^^^^^^^^^^^^^^^^^^^^^^^^^^^
tests/test_resilience_repository.py:2: in <module>
    from app.resilience.repository import ExperimentRunner
app/resilience/__init__.py:1: in <module>
    from app.resilience.scenarios import get_scenario, list_scenarios
app/resilience/scenarios.py:1: in <module>
    from app.resilience.models import (
app/resilience/models.py:1: in <module>
    from pydantic import BaseModel, Field
E   ModuleNotFoundError: No module named 'pydantic'
_____________ ERROR collecting tests/test_resilience_scenarios.py ______________
ImportError while importing test module '/app/tests/test_resilience_scenarios.py'.
Hint: make sure your test modules/packages have valid Python names.
Traceback:
/usr/lib/python3.12/importlib/__init__.py:90: in import_module
    return _bootstrap._gcd_import(name[level:], package, level)
           ^^^^^^^^^^^^^^^^^^^^^^^^^^^^^^^^^^^^^^^^^^^^^^^^^^^^
tests/test_resilience_scenarios.py:2: in <module>
    from app.resilience.scenarios import get_scenario, list_scenarios
app/resilience/__init__.py:1: in <module>
    from app.resilience.scenarios import get_scenario, list_scenarios
app/resilience/scenarios.py:1: in <module>
    from app.resilience.models import (
app/resilience/models.py:1: in <module>
    from pydantic import BaseModel, Field
E   ModuleNotFoundError: No module named 'pydantic'
______________ ERROR collecting tests/test_resilience_scoring.py _______________
ImportError while importing test module '/app/tests/test_resilience_scoring.py'.
Hint: make sure your test modules/packages have valid Python names.
Traceback:
/usr/lib/python3.12/importlib/__init__.py:90: in import_module
    return _bootstrap._gcd_import(name[level:], package, level)
           ^^^^^^^^^^^^^^^^^^^^^^^^^^^^^^^^^^^^^^^^^^^^^^^^^^^^
tests/test_resilience_scoring.py:1: in <module>
    from app.resilience.scoring import ResilienceScorer
app/resilience/__init__.py:1: in <module>
    from app.resilience.scenarios import get_scenario, list_scenarios
app/resilience/scenarios.py:1: in <module>
    from app.resilience.models import (
app/resilience/models.py:1: in <module>
    from pydantic import BaseModel, Field
E   ModuleNotFoundError: No module named 'pydantic'
______________ ERROR collecting tests/test_resilience_storage.py _______________
ImportError while importing test module '/app/tests/test_resilience_storage.py'.
Hint: make sure your test modules/packages have valid Python names.
Traceback:
/usr/lib/python3.12/importlib/__init__.py:90: in import_module
    return _bootstrap._gcd_import(name[level:], package, level)
           ^^^^^^^^^^^^^^^^^^^^^^^^^^^^^^^^^^^^^^^^^^^^^^^^^^^^
tests/test_resilience_storage.py:1: in <module>
    from app.resilience.storage import StorageLayer
app/resilience/__init__.py:1: in <module>
    from app.resilience.scenarios import get_scenario, list_scenarios
app/resilience/scenarios.py:1: in <module>
    from app.resilience.models import (
app/resilience/models.py:1: in <module>
    from pydantic import BaseModel, Field
E   ModuleNotFoundError: No module named 'pydantic'
_______________ ERROR collecting tests/test_resilience_stress.py _______________
ImportError while importing test module '/app/tests/test_resilience_stress.py'.
Hint: make sure your test modules/packages have valid Python names.
Traceback:
/usr/lib/python3.12/importlib/__init__.py:90: in import_module
    return _bootstrap._gcd_import(name[level:], package, level)
           ^^^^^^^^^^^^^^^^^^^^^^^^^^^^^^^^^^^^^^^^^^^^^^^^^^^^
tests/test_resilience_stress.py:3: in <module>
    from app.resilience.stress import StressGenerator
app/resilience/__init__.py:1: in <module>
    from app.resilience.scenarios import get_scenario, list_scenarios
app/resilience/scenarios.py:1: in <module>
    from app.resilience.models import (
app/resilience/models.py:1: in <module>
    from pydantic import BaseModel, Field
E   ModuleNotFoundError: No module named 'pydantic'
_____________ ERROR collecting tests/test_resilience_telemetry.py ______________
ImportError while importing test module '/app/tests/test_resilience_telemetry.py'.
Hint: make sure your test modules/packages have valid Python names.
Traceback:
/usr/lib/python3.12/importlib/__init__.py:90: in import_module
    return _bootstrap._gcd_import(name[level:], package, level)
           ^^^^^^^^^^^^^^^^^^^^^^^^^^^^^^^^^^^^^^^^^^^^^^^^^^^^
tests/test_resilience_telemetry.py:1: in <module>
    from app.resilience.telemetry import ExperimentTelemetry
app/resilience/__init__.py:1: in <module>
    from app.resilience.scenarios import get_scenario, list_scenarios
app/resilience/scenarios.py:1: in <module>
    from app.resilience.models import (
app/resilience/models.py:1: in <module>
    from pydantic import BaseModel, Field
E   ModuleNotFoundError: No module named 'pydantic'
___________ ERROR collecting tests/test_resolution_plane_objects.py ____________
ImportError while importing test module '/app/tests/test_resolution_plane_objects.py'.
Hint: make sure your test modules/packages have valid Python names.
Traceback:
/usr/lib/python3.12/importlib/__init__.py:90: in import_module
    return _bootstrap._gcd_import(name[level:], package, level)
           ^^^^^^^^^^^^^^^^^^^^^^^^^^^^^^^^^^^^^^^^^^^^^^^^^^^^
tests/test_resolution_plane_objects.py:2: in <module>
    from app.resolution_plane.models import ResolutionObject, ResolutionRecord
app/resolution_plane/models.py:1: in <module>
    from pydantic import BaseModel, Field
E   ModuleNotFoundError: No module named 'pydantic'
___________ ERROR collecting tests/test_resolution_plane_registry.py ___________
ImportError while importing test module '/app/tests/test_resolution_plane_registry.py'.
Hint: make sure your test modules/packages have valid Python names.
Traceback:
/usr/lib/python3.12/importlib/__init__.py:90: in import_module
    return _bootstrap._gcd_import(name[level:], package, level)
           ^^^^^^^^^^^^^^^^^^^^^^^^^^^^^^^^^^^^^^^^^^^^^^^^^^^^
tests/test_resolution_plane_registry.py:2: in <module>
    from app.resolution_plane.registry import CanonicalResolutionRegistry
app/resolution_plane/registry.py:2: in <module>
    from app.resolution_plane.base import ResolutionRegistryBase
app/resolution_plane/base.py:3: in <module>
    from app.resolution_plane.models import ResolutionObject, ResolutionTrustVerdict
app/resolution_plane/models.py:1: in <module>
    from pydantic import BaseModel, Field
E   ModuleNotFoundError: No module named 'pydantic'
_________ ERROR collecting tests/test_resolution_plane_resolutions.py __________
ImportError while importing test module '/app/tests/test_resolution_plane_resolutions.py'.
Hint: make sure your test modules/packages have valid Python names.
Traceback:
/usr/lib/python3.12/importlib/__init__.py:90: in import_module
    return _bootstrap._gcd_import(name[level:], package, level)
           ^^^^^^^^^^^^^^^^^^^^^^^^^^^^^^^^^^^^^^^^^^^^^^^^^^^^
tests/test_resolution_plane_resolutions.py:2: in <module>
    from app.resolution_plane.models import ResolutionRecord
app/resolution_plane/models.py:1: in <module>
    from pydantic import BaseModel, Field
E   ModuleNotFoundError: No module named 'pydantic'
____________ ERROR collecting tests/test_resolution_plane_trust.py _____________
ImportError while importing test module '/app/tests/test_resolution_plane_trust.py'.
Hint: make sure your test modules/packages have valid Python names.
Traceback:
/usr/lib/python3.12/importlib/__init__.py:90: in import_module
    return _bootstrap._gcd_import(name[level:], package, level)
           ^^^^^^^^^^^^^^^^^^^^^^^^^^^^^^^^^^^^^^^^^^^^^^^^^^^^
tests/test_resolution_plane_trust.py:2: in <module>
    from app.resolution_plane.registry import CanonicalResolutionRegistry
app/resolution_plane/registry.py:2: in <module>
    from app.resolution_plane.base import ResolutionRegistryBase
app/resolution_plane/base.py:3: in <module>
    from app.resolution_plane.models import ResolutionObject, ResolutionTrustVerdict
app/resolution_plane/models.py:1: in <module>
    from pydantic import BaseModel, Field
E   ModuleNotFoundError: No module named 'pydantic'
_____________ ERROR collecting tests/test_reviews_adjudication.py ______________
ImportError while importing test module '/app/tests/test_reviews_adjudication.py'.
Hint: make sure your test modules/packages have valid Python names.
Traceback:
/usr/lib/python3.12/importlib/__init__.py:90: in import_module
    return _bootstrap._gcd_import(name[level:], package, level)
           ^^^^^^^^^^^^^^^^^^^^^^^^^^^^^^^^^^^^^^^^^^^^^^^^^^^^
tests/test_reviews_adjudication.py:2: in <module>
    from app.reviews.adjudication import AdjudicationEngine
app/reviews/adjudication.py:1: in <module>
    from app.reviews.models import ReviewAdjudication, QueueItem, ReviewDecisionRecord
app/reviews/models.py:1: in <module>
    from pydantic import BaseModel, Field
E   ModuleNotFoundError: No module named 'pydantic'
______________ ERROR collecting tests/test_reviews_assignments.py ______________
ImportError while importing test module '/app/tests/test_reviews_assignments.py'.
Hint: make sure your test modules/packages have valid Python names.
Traceback:
/usr/lib/python3.12/importlib/__init__.py:90: in import_module
    return _bootstrap._gcd_import(name[level:], package, level)
           ^^^^^^^^^^^^^^^^^^^^^^^^^^^^^^^^^^^^^^^^^^^^^^^^^^^^
tests/test_reviews_assignments.py:3: in <module>
    from app.reviews.assignments import AssignmentEngine
app/reviews/assignments.py:1: in <module>
    from app.reviews.models import ReviewAssignment, QueueItem
app/reviews/models.py:1: in <module>
    from pydantic import BaseModel, Field
E   ModuleNotFoundError: No module named 'pydantic'
______________ ERROR collecting tests/test_reviews_checklists.py _______________
ImportError while importing test module '/app/tests/test_reviews_checklists.py'.
Hint: make sure your test modules/packages have valid Python names.
Traceback:
/usr/lib/python3.12/importlib/__init__.py:90: in import_module
    return _bootstrap._gcd_import(name[level:], package, level)
           ^^^^^^^^^^^^^^^^^^^^^^^^^^^^^^^^^^^^^^^^^^^^^^^^^^^^
tests/test_reviews_checklists.py:2: in <module>
    from app.reviews.checklists import (
app/reviews/checklists.py:1: in <module>
    from app.reviews.models import ReviewChecklist, ChecklistItem
app/reviews/models.py:1: in <module>
    from pydantic import BaseModel, Field
E   ModuleNotFoundError: No module named 'pydantic'
______________ ERROR collecting tests/test_reviews_escalations.py ______________
ImportError while importing test module '/app/tests/test_reviews_escalations.py'.
Hint: make sure your test modules/packages have valid Python names.
Traceback:
/usr/lib/python3.12/importlib/__init__.py:90: in import_module
    return _bootstrap._gcd_import(name[level:], package, level)
           ^^^^^^^^^^^^^^^^^^^^^^^^^^^^^^^^^^^^^^^^^^^^^^^^^^^^
tests/test_reviews_escalations.py:2: in <module>
    from app.reviews.escalations import EscalationEngine
app/reviews/escalations.py:1: in <module>
    from app.reviews.models import ReviewEscalation
app/reviews/models.py:1: in <module>
    from pydantic import BaseModel, Field
E   ModuleNotFoundError: No module named 'pydantic'
_______________ ERROR collecting tests/test_reviews_evidence.py ________________
ImportError while importing test module '/app/tests/test_reviews_evidence.py'.
Hint: make sure your test modules/packages have valid Python names.
Traceback:
/usr/lib/python3.12/importlib/__init__.py:90: in import_module
    return _bootstrap._gcd_import(name[level:], package, level)
           ^^^^^^^^^^^^^^^^^^^^^^^^^^^^^^^^^^^^^^^^^^^^^^^^^^^^
tests/test_reviews_evidence.py:2: in <module>
    from app.reviews.evidence import EvidenceEngine
app/reviews/evidence.py:1: in <module>
    from app.reviews.models import ReviewEvidencePackRef
app/reviews/models.py:1: in <module>
    from pydantic import BaseModel, Field
E   ModuleNotFoundError: No module named 'pydantic'
_______________ ERROR collecting tests/test_reviews_handoffs.py ________________
ImportError while importing test module '/app/tests/test_reviews_handoffs.py'.
Hint: make sure your test modules/packages have valid Python names.
Traceback:
/usr/lib/python3.12/importlib/__init__.py:90: in import_module
    return _bootstrap._gcd_import(name[level:], package, level)
           ^^^^^^^^^^^^^^^^^^^^^^^^^^^^^^^^^^^^^^^^^^^^^^^^^^^^
tests/test_reviews_handoffs.py:2: in <module>
    from app.reviews.handoffs import HandoffEngine
app/reviews/handoffs.py:1: in <module>
    from app.reviews.models import ReviewHandoff
app/reviews/models.py:1: in <module>
    from pydantic import BaseModel, Field
E   ModuleNotFoundError: No module named 'pydantic'
________________ ERROR collecting tests/test_reviews_history.py ________________
ImportError while importing test module '/app/tests/test_reviews_history.py'.
Hint: make sure your test modules/packages have valid Python names.
Traceback:
/usr/lib/python3.12/importlib/__init__.py:90: in import_module
    return _bootstrap._gcd_import(name[level:], package, level)
           ^^^^^^^^^^^^^^^^^^^^^^^^^^^^^^^^^^^^^^^^^^^^^^^^^^^^
tests/test_reviews_history.py:2: in <module>
    from app.reviews.history import HistoryEngine
app/reviews/history.py:1: in <module>
    from app.reviews.models import ReviewHistoryRecord
app/reviews/models.py:1: in <module>
    from pydantic import BaseModel, Field
E   ModuleNotFoundError: No module named 'pydantic'
______________ ERROR collecting tests/test_reviews_priorities.py _______________
ImportError while importing test module '/app/tests/test_reviews_priorities.py'.
Hint: make sure your test modules/packages have valid Python names.
Traceback:
/usr/lib/python3.12/importlib/__init__.py:90: in import_module
    return _bootstrap._gcd_import(name[level:], package, level)
           ^^^^^^^^^^^^^^^^^^^^^^^^^^^^^^^^^^^^^^^^^^^^^^^^^^^^
tests/test_reviews_priorities.py:2: in <module>
    from app.reviews.models import ReviewRequest, ReviewScope
app/reviews/models.py:1: in <module>
    from pydantic import BaseModel, Field
E   ModuleNotFoundError: No module named 'pydantic'
________________ ERROR collecting tests/test_reviews_queues.py _________________
ImportError while importing test module '/app/tests/test_reviews_queues.py'.
Hint: make sure your test modules/packages have valid Python names.
Traceback:
/usr/lib/python3.12/importlib/__init__.py:90: in import_module
    return _bootstrap._gcd_import(name[level:], package, level)
           ^^^^^^^^^^^^^^^^^^^^^^^^^^^^^^^^^^^^^^^^^^^^^^^^^^^^
tests/test_reviews_queues.py:2: in <module>
    from app.reviews.models import ReviewScope
app/reviews/models.py:1: in <module>
    from pydantic import BaseModel, Field
E   ModuleNotFoundError: No module named 'pydantic'
_______________ ERROR collecting tests/test_reviews_requests.py ________________
ImportError while importing test module '/app/tests/test_reviews_requests.py'.
Hint: make sure your test modules/packages have valid Python names.
Traceback:
/usr/lib/python3.12/importlib/__init__.py:90: in import_module
    return _bootstrap._gcd_import(name[level:], package, level)
           ^^^^^^^^^^^^^^^^^^^^^^^^^^^^^^^^^^^^^^^^^^^^^^^^^^^^
tests/test_reviews_requests.py:3: in <module>
    from app.reviews.models import ReviewScope
app/reviews/models.py:1: in <module>
    from pydantic import BaseModel, Field
E   ModuleNotFoundError: No module named 'pydantic'
________________ ERROR collecting tests/test_reviews_scopes.py _________________
ImportError while importing test module '/app/tests/test_reviews_scopes.py'.
Hint: make sure your test modules/packages have valid Python names.
Traceback:
/usr/lib/python3.12/importlib/__init__.py:90: in import_module
    return _bootstrap._gcd_import(name[level:], package, level)
           ^^^^^^^^^^^^^^^^^^^^^^^^^^^^^^^^^^^^^^^^^^^^^^^^^^^^
tests/test_reviews_scopes.py:2: in <module>
    from app.reviews.models import ReviewScope
app/reviews/models.py:1: in <module>
    from pydantic import BaseModel, Field
E   ModuleNotFoundError: No module named 'pydantic'
______________ ERROR collecting tests/test_reviews_separation.py _______________
ImportError while importing test module '/app/tests/test_reviews_separation.py'.
Hint: make sure your test modules/packages have valid Python names.
Traceback:
/usr/lib/python3.12/importlib/__init__.py:90: in import_module
    return _bootstrap._gcd_import(name[level:], package, level)
           ^^^^^^^^^^^^^^^^^^^^^^^^^^^^^^^^^^^^^^^^^^^^^^^^^^^^
tests/test_reviews_separation.py:2: in <module>
    from app.reviews.separation import SeparationOfDutiesEngine
app/reviews/separation.py:1: in <module>
    from app.reviews.models import QueueItem, SeparationOfDutiesCheck
app/reviews/models.py:1: in <module>
    from pydantic import BaseModel, Field
E   ModuleNotFoundError: No module named 'pydantic'
_________________ ERROR collecting tests/test_reviews_slas.py __________________
ImportError while importing test module '/app/tests/test_reviews_slas.py'.
Hint: make sure your test modules/packages have valid Python names.
Traceback:
/usr/lib/python3.12/importlib/__init__.py:90: in import_module
    return _bootstrap._gcd_import(name[level:], package, level)
           ^^^^^^^^^^^^^^^^^^^^^^^^^^^^^^^^^^^^^^^^^^^^^^^^^^^^
tests/test_reviews_slas.py:3: in <module>
    from app.reviews.slas import get_sla_for_class
app/reviews/slas.py:2: in <module>
    from app.reviews.models import ReviewSLA
app/reviews/models.py:1: in <module>
    from pydantic import BaseModel, Field
E   ModuleNotFoundError: No module named 'pydantic'
________________ ERROR collecting tests/test_reviews_storage.py ________________
ImportError while importing test module '/app/tests/test_reviews_storage.py'.
Hint: make sure your test modules/packages have valid Python names.
Traceback:
/usr/lib/python3.12/importlib/__init__.py:90: in import_module
    return _bootstrap._gcd_import(name[level:], package, level)
           ^^^^^^^^^^^^^^^^^^^^^^^^^^^^^^^^^^^^^^^^^^^^^^^^^^^^
tests/test_reviews_storage.py:2: in <module>
    from app.reviews.storage import InMemoryReviewStorage
app/reviews/storage.py:2: in <module>
    from app.reviews.models import ReviewRequest, QueueItem, ReviewDecisionRecord
app/reviews/models.py:1: in <module>
    from pydantic import BaseModel, Field
E   ModuleNotFoundError: No module named 'pydantic'
_____________ ERROR collecting tests/test_rights_plane_waivers.py ______________
ImportError while importing test module '/app/tests/test_rights_plane_waivers.py'.
Hint: make sure your test modules/packages have valid Python names.
Traceback:
/usr/lib/python3.12/importlib/__init__.py:90: in import_module
    return _bootstrap._gcd_import(name[level:], package, level)
           ^^^^^^^^^^^^^^^^^^^^^^^^^^^^^^^^^^^^^^^^^^^^^^^^^^^^
tests/test_rights_plane_waivers.py:3: in <module>
    from app.rights_plane.waivers import apply_waiver
app/rights_plane/waivers.py:1: in <module>
    from app.rights_plane.models import WaiverRecord, RightRecord
app/rights_plane/models.py:1: in <module>
    from pydantic import BaseModel, Field
E   ModuleNotFoundError: No module named 'pydantic'
_________________ ERROR collecting tests/test_risk_drawdown.py _________________
ImportError while importing test module '/app/tests/test_risk_drawdown.py'.
Hint: make sure your test modules/packages have valid Python names.
Traceback:
/usr/lib/python3.12/importlib/__init__.py:90: in import_module
    return _bootstrap._gcd_import(name[level:], package, level)
           ^^^^^^^^^^^^^^^^^^^^^^^^^^^^^^^^^^^^^^^^^^^^^^^^^^^^
tests/test_risk_drawdown.py:2: in <module>
    from app.risk.drawdown import DrawdownTracker
app/risk/drawdown.py:3: in <module>
    from app.risk.models import DrawdownStateModel, RiskConfig
app/risk/models.py:2: in <module>
    from pydantic import BaseModel, Field
E   ModuleNotFoundError: No module named 'pydantic'
__________________ ERROR collecting tests/test_risk_engine.py __________________
ImportError while importing test module '/app/tests/test_risk_engine.py'.
Hint: make sure your test modules/packages have valid Python names.
Traceback:
/usr/lib/python3.12/importlib/__init__.py:90: in import_module
    return _bootstrap._gcd_import(name[level:], package, level)
           ^^^^^^^^^^^^^^^^^^^^^^^^^^^^^^^^^^^^^^^^^^^^^^^^^^^^
tests/test_risk_engine.py:3: in <module>
    from app.risk.models import (
app/risk/models.py:2: in <module>
    from pydantic import BaseModel, Field
E   ModuleNotFoundError: No module named 'pydantic'
_________________ ERROR collecting tests/test_risk_explain.py __________________
ImportError while importing test module '/app/tests/test_risk_explain.py'.
Hint: make sure your test modules/packages have valid Python names.
Traceback:
/usr/lib/python3.12/importlib/__init__.py:90: in import_module
    return _bootstrap._gcd_import(name[level:], package, level)
           ^^^^^^^^^^^^^^^^^^^^^^^^^^^^^^^^^^^^^^^^^^^^^^^^^^^^
tests/test_risk_explain.py:1: in <module>
    from app.risk.explain import RiskExplainer
app/risk/explain.py:1: in <module>
    from app.risk.models import RiskDecision
app/risk/models.py:2: in <module>
    from pydantic import BaseModel, Field
E   ModuleNotFoundError: No module named 'pydantic'
_________________ ERROR collecting tests/test_risk_exposure.py _________________
ImportError while importing test module '/app/tests/test_risk_exposure.py'.
Hint: make sure your test modules/packages have valid Python names.
Traceback:
/usr/lib/python3.12/importlib/__init__.py:90: in import_module
    return _bootstrap._gcd_import(name[level:], package, level)
           ^^^^^^^^^^^^^^^^^^^^^^^^^^^^^^^^^^^^^^^^^^^^^^^^^^^^
tests/test_risk_exposure.py:2: in <module>
    from app.risk.exposure import ExposureCalculator
app/risk/exposure.py:3: in <module>
    from app.risk.models import ExposureSnapshot
app/risk/models.py:2: in <module>
    from pydantic import BaseModel, Field
E   ModuleNotFoundError: No module named 'pydantic'
__________________ ERROR collecting tests/test_risk_guards.py __________________
ImportError while importing test module '/app/tests/test_risk_guards.py'.
Hint: make sure your test modules/packages have valid Python names.
Traceback:
/usr/lib/python3.12/importlib/__init__.py:90: in import_module
    return _bootstrap._gcd_import(name[level:], package, level)
           ^^^^^^^^^^^^^^^^^^^^^^^^^^^^^^^^^^^^^^^^^^^^^^^^^^^^
tests/test_risk_guards.py:2: in <module>
    from app.risk.guards import DrawdownGuard
app/risk/guards.py:2: in <module>
    from app.risk.base import BaseRiskGuard
app/risk/base.py:3: in <module>
    from app.risk.models import (
app/risk/models.py:2: in <module>
    from pydantic import BaseModel, Field
E   ModuleNotFoundError: No module named 'pydantic'
______________ ERROR collecting tests/test_risk_kill_switches.py _______________
ImportError while importing test module '/app/tests/test_risk_kill_switches.py'.
Hint: make sure your test modules/packages have valid Python names.
Traceback:
/usr/lib/python3.12/importlib/__init__.py:90: in import_module
    return _bootstrap._gcd_import(name[level:], package, level)
           ^^^^^^^^^^^^^^^^^^^^^^^^^^^^^^^^^^^^^^^^^^^^^^^^^^^^
tests/test_risk_kill_switches.py:2: in <module>
    from app.risk.kill_switches import KillSwitchEvaluator
app/risk/kill_switches.py:3: in <module>
    from app.risk.models import KillSwitchState, RiskContext, RiskConfig
app/risk/models.py:2: in <module>
    from pydantic import BaseModel, Field
E   ModuleNotFoundError: No module named 'pydantic'
______________ ERROR collecting tests/test_risk_plane_breaches.py ______________
ImportError while importing test module '/app/tests/test_risk_plane_breaches.py'.
Hint: make sure your test modules/packages have valid Python names.
Traceback:
/usr/lib/python3.12/importlib/__init__.py:90: in import_module
    return _bootstrap._gcd_import(name[level:], package, level)
           ^^^^^^^^^^^^^^^^^^^^^^^^^^^^^^^^^^^^^^^^^^^^^^^^^^^^
tests/test_risk_plane_breaches.py:1: in <module>
    from app.risk_plane.breaches import CanonicalBreachClassifier
E   ImportError: cannot import name 'CanonicalBreachClassifier' from 'app.risk_plane.breaches' (/app/app/risk_plane/breaches.py)
_____________ ERROR collecting tests/test_risk_plane_drawdowns.py ______________
ImportError while importing test module '/app/tests/test_risk_plane_drawdowns.py'.
Hint: make sure your test modules/packages have valid Python names.
Traceback:
/usr/lib/python3.12/importlib/__init__.py:90: in import_module
    return _bootstrap._gcd_import(name[level:], package, level)
           ^^^^^^^^^^^^^^^^^^^^^^^^^^^^^^^^^^^^^^^^^^^^^^^^^^^^
tests/test_risk_plane_drawdowns.py:1: in <module>
    from app.risk_plane.drawdowns import calculate_drawdown_state
app/risk_plane/drawdowns.py:1: in <module>
    from .models import DrawdownState
app/risk_plane/models.py:1: in <module>
    from pydantic import BaseModel
E   ModuleNotFoundError: No module named 'pydantic'
_____________ ERROR collecting tests/test_risk_plane_exposures.py ______________
ImportError while importing test module '/app/tests/test_risk_plane_exposures.py'.
Hint: make sure your test modules/packages have valid Python names.
Traceback:
/usr/lib/python3.12/importlib/__init__.py:90: in import_module
    return _bootstrap._gcd_import(name[level:], package, level)
           ^^^^^^^^^^^^^^^^^^^^^^^^^^^^^^^^^^^^^^^^^^^^^^^^^^^^
tests/test_risk_plane_exposures.py:1: in <module>
    from app.risk_plane.exposures import calculate_risk_facing_exposure
app/risk_plane/exposures.py:2: in <module>
    from pydantic import BaseModel
E   ModuleNotFoundError: No module named 'pydantic'
_______________ ERROR collecting tests/test_risk_plane_limits.py _______________
ImportError while importing test module '/app/tests/test_risk_plane_limits.py'.
Hint: make sure your test modules/packages have valid Python names.
Traceback:
/usr/lib/python3.12/importlib/__init__.py:90: in import_module
    return _bootstrap._gcd_import(name[level:], package, level)
           ^^^^^^^^^^^^^^^^^^^^^^^^^^^^^^^^^^^^^^^^^^^^^^^^^^^^
tests/test_risk_plane_limits.py:1: in <module>
    from app.risk_plane.limits import RiskLimitRegistry
E   ImportError: cannot import name 'RiskLimitRegistry' from 'app.risk_plane.limits' (/app/app/risk_plane/limits.py)
____________ ERROR collecting tests/test_risk_plane_liquidation.py _____________
ImportError while importing test module '/app/tests/test_risk_plane_liquidation.py'.
Hint: make sure your test modules/packages have valid Python names.
Traceback:
/usr/lib/python3.12/importlib/__init__.py:90: in import_module
    return _bootstrap._gcd_import(name[level:], package, level)
           ^^^^^^^^^^^^^^^^^^^^^^^^^^^^^^^^^^^^^^^^^^^^^^^^^^^^
tests/test_risk_plane_liquidation.py:2: in <module>
    from app.risk_plane.liquidation import calculate_liquidation_proximity
app/risk_plane/liquidation.py:1: in <module>
    from .models import LiquidationProximityState
app/risk_plane/models.py:1: in <module>
    from pydantic import BaseModel
E   ModuleNotFoundError: No module named 'pydantic'
______________ ERROR collecting tests/test_risk_plane_margins.py _______________
ImportError while importing test module '/app/tests/test_risk_plane_margins.py'.
Hint: make sure your test modules/packages have valid Python names.
Traceback:
/usr/lib/python3.12/importlib/__init__.py:90: in import_module
    return _bootstrap._gcd_import(name[level:], package, level)
           ^^^^^^^^^^^^^^^^^^^^^^^^^^^^^^^^^^^^^^^^^^^^^^^^^^^^
tests/test_risk_plane_margins.py:1: in <module>
    from app.risk_plane.margins import calculate_margin_state
app/risk_plane/margins.py:2: in <module>
    from .models import MarginState
app/risk_plane/models.py:1: in <module>
    from pydantic import BaseModel
E   ModuleNotFoundError: No module named 'pydantic'
_____________ ERROR collecting tests/test_risk_plane_responses.py ______________
ImportError while importing test module '/app/tests/test_risk_plane_responses.py'.
Hint: make sure your test modules/packages have valid Python names.
Traceback:
/usr/lib/python3.12/importlib/__init__.py:90: in import_module
    return _bootstrap._gcd_import(name[level:], package, level)
           ^^^^^^^^^^^^^^^^^^^^^^^^^^^^^^^^^^^^^^^^^^^^^^^^^^^^
tests/test_risk_plane_responses.py:1: in <module>
    from app.risk_plane.responses import ResponseIntentEngine
app/risk_plane/responses.py:1: in <module>
    from app.risk_plane.models import RiskState, DrawdownState, MarginState
app/risk_plane/models.py:1: in <module>
    from pydantic import BaseModel
E   ModuleNotFoundError: No module named 'pydantic'
_______________ ERROR collecting tests/test_risk_plane_states.py _______________
ImportError while importing test module '/app/tests/test_risk_plane_states.py'.
Hint: make sure your test modules/packages have valid Python names.
Traceback:
/usr/lib/python3.12/importlib/__init__.py:90: in import_module
    return _bootstrap._gcd_import(name[level:], package, level)
           ^^^^^^^^^^^^^^^^^^^^^^^^^^^^^^^^^^^^^^^^^^^^^^^^^^^^
tests/test_risk_plane_states.py:1: in <module>
    from app.risk_plane.states import CanonicalRiskStateBuilder
app/risk_plane/states.py:3: in <module>
    from .models import (
app/risk_plane/models.py:1: in <module>
    from pydantic import BaseModel
E   ModuleNotFoundError: No module named 'pydantic'
_______________ ERROR collecting tests/test_risk_plane_trust.py ________________
ImportError while importing test module '/app/tests/test_risk_plane_trust.py'.
Hint: make sure your test modules/packages have valid Python names.
Traceback:
/usr/lib/python3.12/importlib/__init__.py:90: in import_module
    return _bootstrap._gcd_import(name[level:], package, level)
           ^^^^^^^^^^^^^^^^^^^^^^^^^^^^^^^^^^^^^^^^^^^^^^^^^^^^
tests/test_risk_plane_trust.py:1: in <module>
    from app.risk_plane.trust import TrustedRiskVerdictEngine
app/risk_plane/trust.py:1: in <module>
    from app.risk_plane.models import RiskState
app/risk_plane/models.py:1: in <module>
    from pydantic import BaseModel
E   ModuleNotFoundError: No module named 'pydantic'
_________________ ERROR collecting tests/test_risk_policies.py _________________
ImportError while importing test module '/app/tests/test_risk_policies.py'.
Hint: make sure your test modules/packages have valid Python names.
Traceback:
/usr/lib/python3.12/importlib/__init__.py:90: in import_module
    return _bootstrap._gcd_import(name[level:], package, level)
           ^^^^^^^^^^^^^^^^^^^^^^^^^^^^^^^^^^^^^^^^^^^^^^^^^^^^
tests/test_risk_policies.py:3: in <module>
    from app.risk.policies import MaxExposurePolicy
app/risk/policies.py:2: in <module>
    from app.risk.base import BaseRiskPolicy
app/risk/base.py:3: in <module>
    from app.risk.models import (
app/risk/models.py:2: in <module>
    from pydantic import BaseModel, Field
E   ModuleNotFoundError: No module named 'pydantic'
__________________ ERROR collecting tests/test_risk_sizing.py __________________
ImportError while importing test module '/app/tests/test_risk_sizing.py'.
Hint: make sure your test modules/packages have valid Python names.
Traceback:
/usr/lib/python3.12/importlib/__init__.py:90: in import_module
    return _bootstrap._gcd_import(name[level:], package, level)
           ^^^^^^^^^^^^^^^^^^^^^^^^^^^^^^^^^^^^^^^^^^^^^^^^^^^^
tests/test_risk_sizing.py:2: in <module>
    from app.risk.sizing import StandardPositionSizer
app/risk/sizing.py:1: in <module>
    from app.risk.base import BasePositionSizer
app/risk/base.py:3: in <module>
    from app.risk.models import (
app/risk/models.py:2: in <module>
    from pydantic import BaseModel, Field
E   ModuleNotFoundError: No module named 'pydantic'
_________________ ERROR collecting tests/test_risk_storage.py __________________
ImportError while importing test module '/app/tests/test_risk_storage.py'.
Hint: make sure your test modules/packages have valid Python names.
Traceback:
/usr/lib/python3.12/importlib/__init__.py:90: in import_module
    return _bootstrap._gcd_import(name[level:], package, level)
           ^^^^^^^^^^^^^^^^^^^^^^^^^^^^^^^^^^^^^^^^^^^^^^^^^^^^
tests/test_risk_storage.py:2: in <module>
    from app.risk.storage import RiskStorage
app/risk/storage.py:2: in <module>
    from app.risk.models import RiskAuditRecord
app/risk/models.py:2: in <module>
    from pydantic import BaseModel, Field
E   ModuleNotFoundError: No module named 'pydantic'
__________________ ERROR collecting tests/test_robustness.py ___________________
ImportError while importing test module '/app/tests/test_robustness.py'.
Hint: make sure your test modules/packages have valid Python names.
Traceback:
/usr/lib/python3.12/importlib/__init__.py:90: in import_module
    return _bootstrap._gcd_import(name[level:], package, level)
           ^^^^^^^^^^^^^^^^^^^^^^^^^^^^^^^^^^^^^^^^^^^^^^^^^^^^
tests/test_robustness.py:3: in <module>
    from app.backtest.validation.robustness import RobustnessRunner
app/backtest/validation/robustness.py:4: in <module>
    from app.backtest.validation.models import RobustnessCheckResult, RobustnessCheckType
app/backtest/validation/models.py:1: in <module>
    from pydantic import BaseModel, Field
E   ModuleNotFoundError: No module named 'pydantic'
_________________ ERROR collecting tests/test_rollout_modes.py _________________
ImportError while importing test module '/app/tests/test_rollout_modes.py'.
Hint: make sure your test modules/packages have valid Python names.
Traceback:
/usr/lib/python3.12/importlib/__init__.py:90: in import_module
    return _bootstrap._gcd_import(name[level:], package, level)
           ^^^^^^^^^^^^^^^^^^^^^^^^^^^^^^^^^^^^^^^^^^^^^^^^^^^^
tests/test_rollout_modes.py:2: in <module>
    from app.execution.live_runtime.rollout_modes import (
app/execution/live_runtime/rollout_modes.py:3: in <module>
    from app.execution.live_runtime.models import LiveCapitalCaps
app/execution/live_runtime/models.py:1: in <module>
    from pydantic import BaseModel, Field
E   ModuleNotFoundError: No module named 'pydantic'
_____________________ ERROR collecting tests/test_rules.py _____________________
ImportError while importing test module '/app/tests/test_rules.py'.
Hint: make sure your test modules/packages have valid Python names.
Traceback:
/usr/lib/python3.12/importlib/__init__.py:90: in import_module
    return _bootstrap._gcd_import(name[level:], package, level)
           ^^^^^^^^^^^^^^^^^^^^^^^^^^^^^^^^^^^^^^^^^^^^^^^^^^^^
tests/test_rules.py:1: in <module>
    from app.strategies.rules import (
app/strategies/rules.py:2: in <module>
    from app.strategies.models import StrategyRationale
app/strategies/models.py:2: in <module>
    from pydantic import BaseModel, Field
E   ModuleNotFoundError: No module named 'pydantic'
___________________ ERROR collecting tests/test_runbooks.py ____________________
ImportError while importing test module '/app/tests/test_runbooks.py'.
Hint: make sure your test modules/packages have valid Python names.
Traceback:
/usr/lib/python3.12/importlib/__init__.py:90: in import_module
    return _bootstrap._gcd_import(name[level:], package, level)
           ^^^^^^^^^^^^^^^^^^^^^^^^^^^^^^^^^^^^^^^^^^^^^^^^^^^^
tests/test_runbooks.py:2: in <module>
    from app.observability.runbooks import RunbookRegistry
E   ImportError: cannot import name 'RunbookRegistry' from 'app.observability.runbooks' (/app/app/observability/runbooks.py)
________________ ERROR collecting tests/test_runtime_guards.py _________________
ImportError while importing test module '/app/tests/test_runtime_guards.py'.
Hint: make sure your test modules/packages have valid Python names.
Traceback:
/usr/lib/python3.12/importlib/__init__.py:90: in import_module
    return _bootstrap._gcd_import(name[level:], package, level)
           ^^^^^^^^^^^^^^^^^^^^^^^^^^^^^^^^^^^^^^^^^^^^^^^^^^^^
tests/test_runtime_guards.py:2: in <module>
    from app.config.models import AppConfig
app/config/models.py:1: in <module>
    from pydantic import BaseModel, Field, SecretStr, validator
E   ModuleNotFoundError: No module named 'pydantic'
_________________ ERROR collecting tests/test_sample_splits.py _________________
ImportError while importing test module '/app/tests/test_sample_splits.py'.
Hint: make sure your test modules/packages have valid Python names.
Traceback:
/usr/lib/python3.12/importlib/__init__.py:90: in import_module
    return _bootstrap._gcd_import(name[level:], package, level)
           ^^^^^^^^^^^^^^^^^^^^^^^^^^^^^^^^^^^^^^^^^^^^^^^^^^^^
tests/test_sample_splits.py:2: in <module>
    from app.backtest.validation.sample_splits import SampleSplitter
app/backtest/validation/sample_splits.py:3: in <module>
    from app.backtest.validation.models import SampleSplitPlan, SampleWindow
app/backtest/validation/models.py:1: in <module>
    from pydantic import BaseModel, Field
E   ModuleNotFoundError: No module named 'pydantic'
____________ ERROR collecting tests/test_scenario_plane_objects.py _____________
ImportError while importing test module '/app/tests/test_scenario_plane_objects.py'.
Hint: make sure your test modules/packages have valid Python names.
Traceback:
/usr/lib/python3.12/importlib/__init__.py:90: in import_module
    return _bootstrap._gcd_import(name[level:], package, level)
           ^^^^^^^^^^^^^^^^^^^^^^^^^^^^^^^^^^^^^^^^^^^^^^^^^^^^
tests/test_scenario_plane_objects.py:2: in <module>
    from app.scenario_plane.models import ScenarioObject
app/scenario_plane/models.py:1: in <module>
    from pydantic import BaseModel
E   ModuleNotFoundError: No module named 'pydantic'
____________ ERROR collecting tests/test_scenario_plane_registry.py ____________
ImportError while importing test module '/app/tests/test_scenario_plane_registry.py'.
Hint: make sure your test modules/packages have valid Python names.
Traceback:
/usr/lib/python3.12/importlib/__init__.py:90: in import_module
    return _bootstrap._gcd_import(name[level:], package, level)
           ^^^^^^^^^^^^^^^^^^^^^^^^^^^^^^^^^^^^^^^^^^^^^^^^^^^^
tests/test_scenario_plane_registry.py:2: in <module>
    from app.scenario_plane.registry import ScenarioRegistry
app/scenario_plane/registry.py:1: in <module>
    from app.scenario_plane.models import ScenarioObject
app/scenario_plane/models.py:1: in <module>
    from pydantic import BaseModel
E   ModuleNotFoundError: No module named 'pydantic'
____________________ ERROR collecting tests/test_scoring.py ____________________
ImportError while importing test module '/app/tests/test_scoring.py'.
Hint: make sure your test modules/packages have valid Python names.
Traceback:
/usr/lib/python3.12/importlib/__init__.py:90: in import_module
    return _bootstrap._gcd_import(name[level:], package, level)
           ^^^^^^^^^^^^^^^^^^^^^^^^^^^^^^^^^^^^^^^^^^^^^^^^^^^^
tests/test_scoring.py:1: in <module>
    from app.strategies.scoring import ScoreBuilder
app/strategies/scoring.py:2: in <module>
    from app.strategies.models import StrategyScore, StrategyRationale
app/strategies/models.py:2: in <module>
    from pydantic import BaseModel, Field
E   ModuleNotFoundError: No module named 'pydantic'
________________ ERROR collecting tests/test_security_backup.py ________________
ImportError while importing test module '/app/tests/test_security_backup.py'.
Hint: make sure your test modules/packages have valid Python names.
Traceback:
/usr/lib/python3.12/importlib/__init__.py:90: in import_module
    return _bootstrap._gcd_import(name[level:], package, level)
           ^^^^^^^^^^^^^^^^^^^^^^^^^^^^^^^^^^^^^^^^^^^^^^^^^^^^
tests/test_security_backup.py:1: in <module>
    from app.security.backup import BackupManager
app/security/backup.py:6: in <module>
    from app.security.models import BackupPlan, BackupRun, BackupManifest, BackupArtifact
app/security/models.py:1: in <module>
    from pydantic import BaseModel, Field
E   ModuleNotFoundError: No module named 'pydantic'
__________________ ERROR collecting tests/test_security_dr.py __________________
ImportError while importing test module '/app/tests/test_security_dr.py'.
Hint: make sure your test modules/packages have valid Python names.
Traceback:
/usr/lib/python3.12/importlib/__init__.py:90: in import_module
    return _bootstrap._gcd_import(name[level:], package, level)
           ^^^^^^^^^^^^^^^^^^^^^^^^^^^^^^^^^^^^^^^^^^^^^^^^^^^^
tests/test_security_dr.py:1: in <module>
    from app.security.dr import DisasterRecoveryManager
app/security/dr.py:1: in <module>
    from app.security.models import DisasterRecoveryPlan
app/security/models.py:1: in <module>
    from pydantic import BaseModel, Field
E   ModuleNotFoundError: No module named 'pydantic'
_______________ ERROR collecting tests/test_security_evidence.py _______________
ImportError while importing test module '/app/tests/test_security_evidence.py'.
Hint: make sure your test modules/packages have valid Python names.
Traceback:
/usr/lib/python3.12/importlib/__init__.py:90: in import_module
    return _bootstrap._gcd_import(name[level:], package, level)
           ^^^^^^^^^^^^^^^^^^^^^^^^^^^^^^^^^^^^^^^^^^^^^^^^^^^^
tests/test_security_evidence.py:1: in <module>
    from app.security.evidence import EvidenceChain
app/security/evidence.py:5: in <module>
    from app.security.models import EvidenceChainEntry
app/security/models.py:1: in <module>
    from pydantic import BaseModel, Field
E   ModuleNotFoundError: No module named 'pydantic'
______________ ERROR collecting tests/test_security_hardening.py _______________
ImportError while importing test module '/app/tests/test_security_hardening.py'.
Hint: make sure your test modules/packages have valid Python names.
Traceback:
/usr/lib/python3.12/importlib/__init__.py:90: in import_module
    return _bootstrap._gcd_import(name[level:], package, level)
           ^^^^^^^^^^^^^^^^^^^^^^^^^^^^^^^^^^^^^^^^^^^^^^^^^^^^
tests/test_security_hardening.py:2: in <module>
    from app.security.hardening import SecurityHardening
app/security/hardening.py:2: in <module>
    from app.security.models import SecurityCheckReport, SecurityCheck
app/security/models.py:1: in <module>
    from pydantic import BaseModel, Field
E   ModuleNotFoundError: No module named 'pydantic'
______________ ERROR collecting tests/test_security_integrity.py _______________
ImportError while importing test module '/app/tests/test_security_integrity.py'.
Hint: make sure your test modules/packages have valid Python names.
Traceback:
/usr/lib/python3.12/importlib/__init__.py:90: in import_module
    return _bootstrap._gcd_import(name[level:], package, level)
           ^^^^^^^^^^^^^^^^^^^^^^^^^^^^^^^^^^^^^^^^^^^^^^^^^^^^
tests/test_security_integrity.py:2: in <module>
    from app.security.integrity import IntegrityChecker
app/security/integrity.py:4: in <module>
    from app.security.models import IntegrityCheckResult
app/security/models.py:1: in <module>
    from pydantic import BaseModel, Field
E   ModuleNotFoundError: No module named 'pydantic'
______________ ERROR collecting tests/test_security_inventory.py _______________
ImportError while importing test module '/app/tests/test_security_inventory.py'.
Hint: make sure your test modules/packages have valid Python names.
Traceback:
/usr/lib/python3.12/importlib/__init__.py:90: in import_module
    return _bootstrap._gcd_import(name[level:], package, level)
           ^^^^^^^^^^^^^^^^^^^^^^^^^^^^^^^^^^^^^^^^^^^^^^^^^^^^
tests/test_security_inventory.py:1: in <module>
    from app.security.inventory import SecretInventory
app/security/inventory.py:2: in <module>
    from app.security.models import SecretInventoryEntry, SecretRef
app/security/models.py:1: in <module>
    from pydantic import BaseModel, Field
E   ModuleNotFoundError: No module named 'pydantic'
______________ ERROR collecting tests/test_security_rehearsal.py _______________
ImportError while importing test module '/app/tests/test_security_rehearsal.py'.
Hint: make sure your test modules/packages have valid Python names.
Traceback:
/usr/lib/python3.12/importlib/__init__.py:90: in import_module
    return _bootstrap._gcd_import(name[level:], package, level)
           ^^^^^^^^^^^^^^^^^^^^^^^^^^^^^^^^^^^^^^^^^^^^^^^^^^^^
tests/test_security_rehearsal.py:1: in <module>
    from app.security.rehearsal import DRRehearsal
app/security/rehearsal.py:2: in <module>
    from app.security.models import DisasterRecoveryRehearsal
app/security/models.py:1: in <module>
    from pydantic import BaseModel, Field
E   ModuleNotFoundError: No module named 'pydantic'
_______________ ERROR collecting tests/test_security_restore.py ________________
ImportError while importing test module '/app/tests/test_security_restore.py'.
Hint: make sure your test modules/packages have valid Python names.
Traceback:
/usr/lib/python3.12/importlib/__init__.py:90: in import_module
    return _bootstrap._gcd_import(name[level:], package, level)
           ^^^^^^^^^^^^^^^^^^^^^^^^^^^^^^^^^^^^^^^^^^^^^^^^^^^^
tests/test_security_restore.py:1: in <module>
    from app.security.restore import RestoreManager
E   ImportError: cannot import name 'RestoreManager' from 'app.security.restore' (/app/app/security/restore.py)
______________ ERROR collecting tests/test_security_retention.py _______________
ImportError while importing test module '/app/tests/test_security_retention.py'.
Hint: make sure your test modules/packages have valid Python names.
Traceback:
/usr/lib/python3.12/importlib/__init__.py:90: in import_module
    return _bootstrap._gcd_import(name[level:], package, level)
           ^^^^^^^^^^^^^^^^^^^^^^^^^^^^^^^^^^^^^^^^^^^^^^^^^^^^
tests/test_security_retention.py:1: in <module>
    from app.security.retention import RetentionManager
app/security/retention.py:2: in <module>
    from app.security.models import RetentionPolicy
app/security/models.py:1: in <module>
    from pydantic import BaseModel, Field
E   ModuleNotFoundError: No module named 'pydantic'
_______________ ERROR collecting tests/test_security_rotation.py _______________
ImportError while importing test module '/app/tests/test_security_rotation.py'.
Hint: make sure your test modules/packages have valid Python names.
Traceback:
/usr/lib/python3.12/importlib/__init__.py:90: in import_module
    return _bootstrap._gcd_import(name[level:], package, level)
           ^^^^^^^^^^^^^^^^^^^^^^^^^^^^^^^^^^^^^^^^^^^^^^^^^^^^
tests/test_security_rotation.py:1: in <module>
    from app.security.rotation import RotationReadiness
app/security/rotation.py:3: in <module>
    from app.security.models import RotationReadinessReport
app/security/models.py:1: in <module>
    from pydantic import BaseModel, Field
E   ModuleNotFoundError: No module named 'pydantic'
_______________ ERROR collecting tests/test_security_secrets.py ________________
ImportError while importing test module '/app/tests/test_security_secrets.py'.
Hint: make sure your test modules/packages have valid Python names.
Traceback:
/usr/lib/python3.12/importlib/__init__.py:90: in import_module
    return _bootstrap._gcd_import(name[level:], package, level)
           ^^^^^^^^^^^^^^^^^^^^^^^^^^^^^^^^^^^^^^^^^^^^^^^^^^^^
tests/test_security_secrets.py:2: in <module>
    from app.security.secrets import SecretResolver
app/security/secrets.py:3: in <module>
    from app.security.models import SecretRef, SecretResolutionResult, SecretSource
app/security/models.py:1: in <module>
    from pydantic import BaseModel, Field
E   ModuleNotFoundError: No module named 'pydantic'
________________ ERROR collecting tests/test_semantic_plane.py _________________
ImportError while importing test module '/app/tests/test_semantic_plane.py'.
Hint: make sure your test modules/packages have valid Python names.
Traceback:
/usr/lib/python3.12/importlib/__init__.py:90: in import_module
    return _bootstrap._gcd_import(name[level:], package, level)
           ^^^^^^^^^^^^^^^^^^^^^^^^^^^^^^^^^^^^^^^^^^^^^^^^^^^^
tests/test_semantic_plane.py:2: in <module>
    from app.semantic_plane.registry import CanonicalSemanticRegistry
app/semantic_plane/registry.py:2: in <module>
    from app.semantic_plane.models import (
app/semantic_plane/models.py:1: in <module>
    from pydantic import BaseModel, Field
E   ModuleNotFoundError: No module named 'pydantic'
____________ ERROR collecting tests/test_settlement_plane_breach.py ____________
ImportError while importing test module '/app/tests/test_settlement_plane_breach.py'.
Hint: make sure your test modules/packages have valid Python names.
Traceback:
/usr/lib/python3.12/importlib/__init__.py:90: in import_module
    return _bootstrap._gcd_import(name[level:], package, level)
           ^^^^^^^^^^^^^^^^^^^^^^^^^^^^^^^^^^^^^^^^^^^^^^^^^^^^
tests/test_settlement_plane_breach.py:1: in <module>
    from app.settlement_plane.breach import evaluate_breach
app/settlement_plane/breach.py:1: in <module>
    from app.settlement_plane.models import BreachOfSettlementRecord
app/settlement_plane/models.py:1: in <module>
    from pydantic import BaseModel, Field
E   ModuleNotFoundError: No module named 'pydantic'
__________ ERROR collecting tests/test_settlement_plane_carveouts.py ___________
ImportError while importing test module '/app/tests/test_settlement_plane_carveouts.py'.
Hint: make sure your test modules/packages have valid Python names.
Traceback:
/usr/lib/python3.12/importlib/__init__.py:90: in import_module
    return _bootstrap._gcd_import(name[level:], package, level)
           ^^^^^^^^^^^^^^^^^^^^^^^^^^^^^^^^^^^^^^^^^^^^^^^^^^^^
tests/test_settlement_plane_carveouts.py:2: in <module>
    from app.settlement_plane.models import CarveOutRecord, CarveOutClass
app/settlement_plane/models.py:1: in <module>
    from pydantic import BaseModel, Field
E   ModuleNotFoundError: No module named 'pydantic'
________ ERROR collecting tests/test_settlement_plane_consideration.py _________
ImportError while importing test module '/app/tests/test_settlement_plane_consideration.py'.
Hint: make sure your test modules/packages have valid Python names.
Traceback:
/usr/lib/python3.12/importlib/__init__.py:90: in import_module
    return _bootstrap._gcd_import(name[level:], package, level)
           ^^^^^^^^^^^^^^^^^^^^^^^^^^^^^^^^^^^^^^^^^^^^^^^^^^^^
tests/test_settlement_plane_consideration.py:2: in <module>
    from app.settlement_plane.models import ConsiderationRecord, ConsiderationClass
app/settlement_plane/models.py:1: in <module>
    from pydantic import BaseModel, Field
E   ModuleNotFoundError: No module named 'pydantic'
___________ ERROR collecting tests/test_settlement_plane_registry.py ___________
ImportError while importing test module '/app/tests/test_settlement_plane_registry.py'.
Hint: make sure your test modules/packages have valid Python names.
Traceback:
/usr/lib/python3.12/importlib/__init__.py:90: in import_module
    return _bootstrap._gcd_import(name[level:], package, level)
           ^^^^^^^^^^^^^^^^^^^^^^^^^^^^^^^^^^^^^^^^^^^^^^^^^^^^
tests/test_settlement_plane_registry.py:2: in <module>
    from app.settlement_plane.registry import SettlementRegistry
app/settlement_plane/registry.py:2: in <module>
    from app.settlement_plane.models import SettlementRecord
app/settlement_plane/models.py:1: in <module>
    from pydantic import BaseModel, Field
E   ModuleNotFoundError: No module named 'pydantic'
___________ ERROR collecting tests/test_settlement_plane_releases.py ___________
ImportError while importing test module '/app/tests/test_settlement_plane_releases.py'.
Hint: make sure your test modules/packages have valid Python names.
Traceback:
/usr/lib/python3.12/importlib/__init__.py:90: in import_module
    return _bootstrap._gcd_import(name[level:], package, level)
           ^^^^^^^^^^^^^^^^^^^^^^^^^^^^^^^^^^^^^^^^^^^^^^^^^^^^
tests/test_settlement_plane_releases.py:2: in <module>
    from app.settlement_plane.models import ReleaseRecord, ReleaseClass
app/settlement_plane/models.py:1: in <module>
    from pydantic import BaseModel, Field
E   ModuleNotFoundError: No module named 'pydantic'
____________ ERROR collecting tests/test_settlement_plane_trust.py _____________
ImportError while importing test module '/app/tests/test_settlement_plane_trust.py'.
Hint: make sure your test modules/packages have valid Python names.
Traceback:
/usr/lib/python3.12/importlib/__init__.py:90: in import_module
    return _bootstrap._gcd_import(name[level:], package, level)
           ^^^^^^^^^^^^^^^^^^^^^^^^^^^^^^^^^^^^^^^^^^^^^^^^^^^^
tests/test_settlement_plane_trust.py:2: in <module>
    from app.settlement_plane.trust import SettlementTrustEngine
app/settlement_plane/trust.py:1: in <module>
    from app.settlement_plane.models import SettlementTrustVerdict, SettlementRecord
app/settlement_plane/models.py:1: in <module>
    from pydantic import BaseModel, Field
E   ModuleNotFoundError: No module named 'pydantic'
_____________ ERROR collecting tests/test_shadow_state_balances.py _____________
ImportError while importing test module '/app/tests/test_shadow_state_balances.py'.
Hint: make sure your test modules/packages have valid Python names.
Traceback:
/usr/lib/python3.12/importlib/__init__.py:90: in import_module
    return _bootstrap._gcd_import(name[level:], package, level)
           ^^^^^^^^^^^^^^^^^^^^^^^^^^^^^^^^^^^^^^^^^^^^^^^^^^^^
tests/test_shadow_state_balances.py:1: in <module>
    from app.shadow_state.balances import detect_balances_drift
app/shadow_state/__init__.py:26: in <module>
    from .models import (
app/shadow_state/models.py:1: in <module>
    from pydantic import BaseModel, Field
E   ModuleNotFoundError: No module named 'pydantic'
__________ ERROR collecting tests/test_shadow_state_classification.py __________
ImportError while importing test module '/app/tests/test_shadow_state_classification.py'.
Hint: make sure your test modules/packages have valid Python names.
Traceback:
/usr/lib/python3.12/importlib/__init__.py:90: in import_module
    return _bootstrap._gcd_import(name[level:], package, level)
           ^^^^^^^^^^^^^^^^^^^^^^^^^^^^^^^^^^^^^^^^^^^^^^^^^^^^
tests/test_shadow_state_classification.py:1: in <module>
    from app.shadow_state.classification import DriftClassifier
app/shadow_state/__init__.py:26: in <module>
    from .models import (
app/shadow_state/models.py:1: in <module>
    from pydantic import BaseModel, Field
E   ModuleNotFoundError: No module named 'pydantic'
___________ ERROR collecting tests/test_shadow_state_convergence.py ____________
ImportError while importing test module '/app/tests/test_shadow_state_convergence.py'.
Hint: make sure your test modules/packages have valid Python names.
Traceback:
/usr/lib/python3.12/importlib/__init__.py:90: in import_module
    return _bootstrap._gcd_import(name[level:], package, level)
           ^^^^^^^^^^^^^^^^^^^^^^^^^^^^^^^^^^^^^^^^^^^^^^^^^^^^
tests/test_shadow_state_convergence.py:1: in <module>
    from app.shadow_state.convergence import convergence_engine
app/shadow_state/__init__.py:26: in <module>
    from .models import (
app/shadow_state/models.py:1: in <module>
    from pydantic import BaseModel, Field
E   ModuleNotFoundError: No module named 'pydantic'
______________ ERROR collecting tests/test_shadow_state_drift.py _______________
ImportError while importing test module '/app/tests/test_shadow_state_drift.py'.
Hint: make sure your test modules/packages have valid Python names.
Traceback:
/usr/lib/python3.12/importlib/__init__.py:90: in import_module
    return _bootstrap._gcd_import(name[level:], package, level)
           ^^^^^^^^^^^^^^^^^^^^^^^^^^^^^^^^^^^^^^^^^^^^^^^^^^^^
tests/test_shadow_state_drift.py:1: in <module>
    from app.shadow_state.drift import DriftDetector
app/shadow_state/__init__.py:26: in <module>
    from .models import (
app/shadow_state/models.py:1: in <module>
    from pydantic import BaseModel, Field
E   ModuleNotFoundError: No module named 'pydantic'
______________ ERROR collecting tests/test_shadow_state_local.py _______________
ImportError while importing test module '/app/tests/test_shadow_state_local.py'.
Hint: make sure your test modules/packages have valid Python names.
Traceback:
/usr/lib/python3.12/importlib/__init__.py:90: in import_module
    return _bootstrap._gcd_import(name[level:], package, level)
           ^^^^^^^^^^^^^^^^^^^^^^^^^^^^^^^^^^^^^^^^^^^^^^^^^^^^
tests/test_shadow_state_local.py:1: in <module>
    from app.shadow_state.local import local_truth_adapter
app/shadow_state/__init__.py:26: in <module>
    from .models import (
app/shadow_state/models.py:1: in <module>
    from pydantic import BaseModel, Field
E   ModuleNotFoundError: No module named 'pydantic'
______________ ERROR collecting tests/test_shadow_state_modes.py _______________
ImportError while importing test module '/app/tests/test_shadow_state_modes.py'.
Hint: make sure your test modules/packages have valid Python names.
Traceback:
/usr/lib/python3.12/importlib/__init__.py:90: in import_module
    return _bootstrap._gcd_import(name[level:], package, level)
           ^^^^^^^^^^^^^^^^^^^^^^^^^^^^^^^^^^^^^^^^^^^^^^^^^^^^
tests/test_shadow_state_modes.py:1: in <module>
    from app.shadow_state.modes import detect_modes_drift
app/shadow_state/__init__.py:26: in <module>
    from .models import (
app/shadow_state/models.py:1: in <module>
    from pydantic import BaseModel, Field
E   ModuleNotFoundError: No module named 'pydantic'
______________ ERROR collecting tests/test_shadow_state_orders.py ______________
ImportError while importing test module '/app/tests/test_shadow_state_orders.py'.
Hint: make sure your test modules/packages have valid Python names.
Traceback:
/usr/lib/python3.12/importlib/__init__.py:90: in import_module
    return _bootstrap._gcd_import(name[level:], package, level)
           ^^^^^^^^^^^^^^^^^^^^^^^^^^^^^^^^^^^^^^^^^^^^^^^^^^^^
tests/test_shadow_state_orders.py:1: in <module>
    from app.shadow_state.orders import detect_orders_drift
app/shadow_state/__init__.py:26: in <module>
    from .models import (
app/shadow_state/models.py:1: in <module>
    from pydantic import BaseModel, Field
E   ModuleNotFoundError: No module named 'pydantic'
____________ ERROR collecting tests/test_shadow_state_positions.py _____________
ImportError while importing test module '/app/tests/test_shadow_state_positions.py'.
Hint: make sure your test modules/packages have valid Python names.
Traceback:
/usr/lib/python3.12/importlib/__init__.py:90: in import_module
    return _bootstrap._gcd_import(name[level:], package, level)
           ^^^^^^^^^^^^^^^^^^^^^^^^^^^^^^^^^^^^^^^^^^^^^^^^^^^^
tests/test_shadow_state_positions.py:1: in <module>
    from app.shadow_state.positions import detect_positions_drift
app/shadow_state/__init__.py:26: in <module>
    from .models import (
app/shadow_state/models.py:1: in <module>
    from pydantic import BaseModel, Field
E   ModuleNotFoundError: No module named 'pydantic'
___________ ERROR collecting tests/test_shadow_state_remediation.py ____________
ImportError while importing test module '/app/tests/test_shadow_state_remediation.py'.
Hint: make sure your test modules/packages have valid Python names.
Traceback:
/usr/lib/python3.12/importlib/__init__.py:90: in import_module
    return _bootstrap._gcd_import(name[level:], package, level)
           ^^^^^^^^^^^^^^^^^^^^^^^^^^^^^^^^^^^^^^^^^^^^^^^^^^^^
tests/test_shadow_state_remediation.py:1: in <module>
    from app.shadow_state.remediation import remediation_planner
app/shadow_state/__init__.py:26: in <module>
    from .models import (
app/shadow_state/models.py:1: in <module>
    from pydantic import BaseModel, Field
E   ModuleNotFoundError: No module named 'pydantic'
_____________ ERROR collecting tests/test_shadow_state_storage.py ______________
ImportError while importing test module '/app/tests/test_shadow_state_storage.py'.
Hint: make sure your test modules/packages have valid Python names.
Traceback:
/usr/lib/python3.12/importlib/__init__.py:90: in import_module
    return _bootstrap._gcd_import(name[level:], package, level)
           ^^^^^^^^^^^^^^^^^^^^^^^^^^^^^^^^^^^^^^^^^^^^^^^^^^^^
tests/test_shadow_state_storage.py:1: in <module>
    from app.shadow_state.storage import shadow_storage
app/shadow_state/__init__.py:26: in <module>
    from .models import (
app/shadow_state/models.py:1: in <module>
    from pydantic import BaseModel, Field
E   ModuleNotFoundError: No module named 'pydantic'
_______________ ERROR collecting tests/test_shadow_state_twin.py _______________
ImportError while importing test module '/app/tests/test_shadow_state_twin.py'.
Hint: make sure your test modules/packages have valid Python names.
Traceback:
/usr/lib/python3.12/importlib/__init__.py:90: in import_module
    return _bootstrap._gcd_import(name[level:], package, level)
           ^^^^^^^^^^^^^^^^^^^^^^^^^^^^^^^^^^^^^^^^^^^^^^^^^^^^
tests/test_shadow_state_twin.py:1: in <module>
    from app.shadow_state.twin import twin_assembler
app/shadow_state/__init__.py:26: in <module>
    from .models import (
app/shadow_state/models.py:1: in <module>
    from pydantic import BaseModel, Field
E   ModuleNotFoundError: No module named 'pydantic'
______________ ERROR collecting tests/test_shadow_state_venue.py _______________
ImportError while importing test module '/app/tests/test_shadow_state_venue.py'.
Hint: make sure your test modules/packages have valid Python names.
Traceback:
/usr/lib/python3.12/importlib/__init__.py:90: in import_module
    return _bootstrap._gcd_import(name[level:], package, level)
           ^^^^^^^^^^^^^^^^^^^^^^^^^^^^^^^^^^^^^^^^^^^^^^^^^^^^
tests/test_shadow_state_venue.py:1: in <module>
    from app.shadow_state.venue import venue_truth_adapter
app/shadow_state/__init__.py:26: in <module>
    from .models import (
app/shadow_state/models.py:1: in <module>
    from pydantic import BaseModel, Field
E   ModuleNotFoundError: No module named 'pydantic'
_____________ ERROR collecting tests/test_shadow_state_windows.py ______________
ImportError while importing test module '/app/tests/test_shadow_state_windows.py'.
Hint: make sure your test modules/packages have valid Python names.
Traceback:
/usr/lib/python3.12/importlib/__init__.py:90: in import_module
    return _bootstrap._gcd_import(name[level:], package, level)
           ^^^^^^^^^^^^^^^^^^^^^^^^^^^^^^^^^^^^^^^^^^^^^^^^^^^^
tests/test_shadow_state_windows.py:1: in <module>
    from app.shadow_state.windows import get_consistency_windows
app/shadow_state/__init__.py:26: in <module>
    from .models import (
app/shadow_state/models.py:1: in <module>
    from pydantic import BaseModel, Field
E   ModuleNotFoundError: No module named 'pydantic'
_________ ERROR collecting tests/test_simulation_plane_assumptions.py __________
ImportError while importing test module '/app/tests/test_simulation_plane_assumptions.py'.
Hint: make sure your test modules/packages have valid Python names.
Traceback:
/usr/lib/python3.12/importlib/__init__.py:90: in import_module
    return _bootstrap._gcd_import(name[level:], package, level)
           ^^^^^^^^^^^^^^^^^^^^^^^^^^^^^^^^^^^^^^^^^^^^^^^^^^^^
tests/test_simulation_plane_assumptions.py:1: in <module>
    from app.simulation_plane.assumptions import AssumptionEvaluator
app/simulation_plane/assumptions.py:1: in <module>
    from app.simulation_plane.models import AssumptionManifest
app/simulation_plane/models.py:1: in <module>
    from pydantic import BaseModel, Field
E   ModuleNotFoundError: No module named 'pydantic'
_________ ERROR collecting tests/test_simulation_plane_equivalence.py __________
ImportError while importing test module '/app/tests/test_simulation_plane_equivalence.py'.
Hint: make sure your test modules/packages have valid Python names.
Traceback:
/usr/lib/python3.12/importlib/__init__.py:90: in import_module
    return _bootstrap._gcd_import(name[level:], package, level)
           ^^^^^^^^^^^^^^^^^^^^^^^^^^^^^^^^^^^^^^^^^^^^^^^^^^^^
tests/test_simulation_plane_equivalence.py:1: in <module>
    from app.simulation_plane.equivalence import EquivalenceEvaluator
app/simulation_plane/equivalence.py:1: in <module>
    from app.simulation_plane.models import SimulationEquivalenceReport
app/simulation_plane/models.py:1: in <module>
    from pydantic import BaseModel, Field
E   ModuleNotFoundError: No module named 'pydantic'
_____________ ERROR collecting tests/test_simulation_plane_oos.py ______________
ImportError while importing test module '/app/tests/test_simulation_plane_oos.py'.
Hint: make sure your test modules/packages have valid Python names.
Traceback:
/usr/lib/python3.12/importlib/__init__.py:90: in import_module
    return _bootstrap._gcd_import(name[level:], package, level)
           ^^^^^^^^^^^^^^^^^^^^^^^^^^^^^^^^^^^^^^^^^^^^^^^^^^^^
tests/test_simulation_plane_oos.py:1: in <module>
    from app.simulation_plane.oos import OOSEvaluator
app/simulation_plane/oos.py:1: in <module>
    from app.simulation_plane.models import OOSReport, SimulationPartition
app/simulation_plane/models.py:1: in <module>
    from pydantic import BaseModel, Field
E   ModuleNotFoundError: No module named 'pydantic'
__________ ERROR collecting tests/test_simulation_plane_partitions.py __________
ImportError while importing test module '/app/tests/test_simulation_plane_partitions.py'.
Hint: make sure your test modules/packages have valid Python names.
Traceback:
/usr/lib/python3.12/importlib/__init__.py:90: in import_module
    return _bootstrap._gcd_import(name[level:], package, level)
           ^^^^^^^^^^^^^^^^^^^^^^^^^^^^^^^^^^^^^^^^^^^^^^^^^^^^
tests/test_simulation_plane_partitions.py:1: in <module>
    from app.simulation_plane.partitions import PartitionEvaluator
app/simulation_plane/partitions.py:2: in <module>
    from app.simulation_plane.models import SimulationPartition
app/simulation_plane/models.py:1: in <module>
    from pydantic import BaseModel, Field
E   ModuleNotFoundError: No module named 'pydantic'
____________ ERROR collecting tests/test_simulation_plane_trust.py _____________
ImportError while importing test module '/app/tests/test_simulation_plane_trust.py'.
Hint: make sure your test modules/packages have valid Python names.
Traceback:
/usr/lib/python3.12/importlib/__init__.py:90: in import_module
    return _bootstrap._gcd_import(name[level:], package, level)
           ^^^^^^^^^^^^^^^^^^^^^^^^^^^^^^^^^^^^^^^^^^^^^^^^^^^^
tests/test_simulation_plane_trust.py:1: in <module>
    from app.simulation_plane.trust import TrustedVerdictEngine
app/simulation_plane/trust.py:1: in <module>
    from app.simulation_plane.models import SimulationTrustVerdict
app/simulation_plane/models.py:1: in <module>
    from pydantic import BaseModel, Field
E   ModuleNotFoundError: No module named 'pydantic'
_________ ERROR collecting tests/test_simulation_plane_walkforward.py __________
ImportError while importing test module '/app/tests/test_simulation_plane_walkforward.py'.
Hint: make sure your test modules/packages have valid Python names.
Traceback:
/usr/lib/python3.12/importlib/__init__.py:90: in import_module
    return _bootstrap._gcd_import(name[level:], package, level)
           ^^^^^^^^^^^^^^^^^^^^^^^^^^^^^^^^^^^^^^^^^^^^^^^^^^^^
tests/test_simulation_plane_walkforward.py:1: in <module>
    from app.simulation_plane.walkforward import WalkForwardEvaluator
app/simulation_plane/walkforward.py:2: in <module>
    from app.simulation_plane.models import WalkForwardReport
app/simulation_plane/models.py:1: in <module>
    from pydantic import BaseModel, Field
E   ModuleNotFoundError: No module named 'pydantic'
___________________ ERROR collecting tests/test_slippage.py ____________________
ImportError while importing test module '/app/tests/test_slippage.py'.
Hint: make sure your test modules/packages have valid Python names.
Traceback:
/usr/lib/python3.12/importlib/__init__.py:90: in import_module
    return _bootstrap._gcd_import(name[level:], package, level)
           ^^^^^^^^^^^^^^^^^^^^^^^^^^^^^^^^^^^^^^^^^^^^^^^^^^^^
tests/test_slippage.py:2: in <module>
    from app.analytics.slippage import SlippageAnalyzer
app/analytics/slippage.py:2: in <module>
    from app.analytics.base import AttributionAnalyzerBase
app/analytics/base.py:3: in <module>
    from app.analytics.models import AnalyticsRun
app/analytics/models.py:1: in <module>
    from pydantic import BaseModel, Field
E   ModuleNotFoundError: No module named 'pydantic'
__________________ ERROR collecting tests/test_state_cache.py __________________
ImportError while importing test module '/app/tests/test_state_cache.py'.
Hint: make sure your test modules/packages have valid Python names.
Traceback:
/usr/lib/python3.12/importlib/__init__.py:90: in import_module
    return _bootstrap._gcd_import(name[level:], package, level)
           ^^^^^^^^^^^^^^^^^^^^^^^^^^^^^^^^^^^^^^^^^^^^^^^^^^^^
tests/test_state_cache.py:2: in <module>
    from app.data.state_cache import StateCache
app/data/state_cache.py:5: in <module>
    from app.data.live_stream_models import KlineUpdateEvent, TickerEvent, BookTickerEvent
app/data/live_stream_models.py:3: in <module>
    from pydantic import BaseModel, Field
E   ModuleNotFoundError: No module named 'pydantic'
____________ ERROR collecting tests/test_state_plane_integration.py ____________
ImportError while importing test module '/app/tests/test_state_plane_integration.py'.
Hint: make sure your test modules/packages have valid Python names.
Traceback:
/usr/lib/python3.12/importlib/__init__.py:90: in import_module
    return _bootstrap._gcd_import(name[level:], package, level)
           ^^^^^^^^^^^^^^^^^^^^^^^^^^^^^^^^^^^^^^^^^^^^^^^^^^^^
tests/test_state_plane_integration.py:6: in <module>
    from app.state_plane.reconciliation import reconcile_state
E   ImportError: cannot import name 'reconcile_state' from 'app.state_plane.reconciliation' (/app/app/state_plane/reconciliation.py)
__________ ERROR collecting tests/test_state_plane_reconciliation.py ___________
ImportError while importing test module '/app/tests/test_state_plane_reconciliation.py'.
Hint: make sure your test modules/packages have valid Python names.
Traceback:
/usr/lib/python3.12/importlib/__init__.py:90: in import_module
    return _bootstrap._gcd_import(name[level:], package, level)
           ^^^^^^^^^^^^^^^^^^^^^^^^^^^^^^^^^^^^^^^^^^^^^^^^^^^^
tests/test_state_plane_reconciliation.py:6: in <module>
    from app.state_plane.reconciliation import reconcile_state
E   ImportError: cannot import name 'reconcile_state' from 'app.state_plane.reconciliation' (/app/app/state_plane/reconciliation.py)
____________ ERROR collecting tests/test_state_plane_split_brain.py ____________
ImportError while importing test module '/app/tests/test_state_plane_split_brain.py'.
Hint: make sure your test modules/packages have valid Python names.
Traceback:
/usr/lib/python3.12/importlib/__init__.py:90: in import_module
    return _bootstrap._gcd_import(name[level:], package, level)
           ^^^^^^^^^^^^^^^^^^^^^^^^^^^^^^^^^^^^^^^^^^^^^^^^^^^^
tests/test_state_plane_split_brain.py:6: in <module>
    from app.state_plane.split_brain import detect_split_brain
E   ImportError: cannot import name 'detect_split_brain' from 'app.state_plane.split_brain' (/app/app/state_plane/split_brain.py)
_______________ ERROR collecting tests/test_state_plane_trust.py _______________
ImportError while importing test module '/app/tests/test_state_plane_trust.py'.
Hint: make sure your test modules/packages have valid Python names.
Traceback:
/usr/lib/python3.12/importlib/__init__.py:90: in import_module
    return _bootstrap._gcd_import(name[level:], package, level)
           ^^^^^^^^^^^^^^^^^^^^^^^^^^^^^^^^^^^^^^^^^^^^^^^^^^^^
tests/test_state_plane_trust.py:6: in <module>
    from app.state_plane.split_brain import detect_split_brain
E   ImportError: cannot import name 'detect_split_brain' from 'app.state_plane.split_brain' (/app/app/state_plane/split_brain.py)
_____________ ERROR collecting tests/test_strategy_attribution.py ______________
ImportError while importing test module '/app/tests/test_strategy_attribution.py'.
Hint: make sure your test modules/packages have valid Python names.
Traceback:
/usr/lib/python3.12/importlib/__init__.py:90: in import_module
    return _bootstrap._gcd_import(name[level:], package, level)
           ^^^^^^^^^^^^^^^^^^^^^^^^^^^^^^^^^^^^^^^^^^^^^^^^^^^^
tests/test_strategy_attribution.py:2: in <module>
    from app.analytics.strategy_attribution import StrategyAttributionAnalyzer
app/analytics/strategy_attribution.py:2: in <module>
    from app.analytics.base import AttributionAnalyzerBase
app/analytics/base.py:3: in <module>
    from app.analytics.models import AnalyticsRun
app/analytics/models.py:1: in <module>
    from pydantic import BaseModel, Field
E   ModuleNotFoundError: No module named 'pydantic'
________________ ERROR collecting tests/test_strategy_engine.py ________________
ImportError while importing test module '/app/tests/test_strategy_engine.py'.
Hint: make sure your test modules/packages have valid Python names.
Traceback:
/usr/lib/python3.12/importlib/__init__.py:90: in import_module
    return _bootstrap._gcd_import(name[level:], package, level)
           ^^^^^^^^^^^^^^^^^^^^^^^^^^^^^^^^^^^^^^^^^^^^^^^^^^^^
tests/test_strategy_engine.py:2: in <module>
    from app.strategies.engine import StrategyEngine
app/strategies/engine.py:3: in <module>
    from app.performance_plane.models import AttributionNode
app/performance_plane/models.py:1: in <module>
    from pydantic import BaseModel, Field
E   ModuleNotFoundError: No module named 'pydantic'
___________ ERROR collecting tests/test_strategy_implementations.py ____________
ImportError while importing test module '/app/tests/test_strategy_implementations.py'.
Hint: make sure your test modules/packages have valid Python names.
Traceback:
/usr/lib/python3.12/importlib/__init__.py:90: in import_module
    return _bootstrap._gcd_import(name[level:], package, level)
           ^^^^^^^^^^^^^^^^^^^^^^^^^^^^^^^^^^^^^^^^^^^^^^^^^^^^
tests/test_strategy_implementations.py:2: in <module>
    from app.strategies.models import StrategyContext, StrategySpec
app/strategies/models.py:2: in <module>
    from pydantic import BaseModel, Field
E   ModuleNotFoundError: No module named 'pydantic'
___________ ERROR collecting tests/test_strategy_plane_lifecycle.py ____________
ImportError while importing test module '/app/tests/test_strategy_plane_lifecycle.py'.
Hint: make sure your test modules/packages have valid Python names.
Traceback:
/usr/lib/python3.12/importlib/__init__.py:90: in import_module
    return _bootstrap._gcd_import(name[level:], package, level)
           ^^^^^^^^^^^^^^^^^^^^^^^^^^^^^^^^^^^^^^^^^^^^^^^^^^^^
tests/test_strategy_plane_lifecycle.py:3: in <module>
    from app.strategy_plane.lifecycle import StrategyLifecycleEvaluator
E   ImportError: cannot import name 'StrategyLifecycleEvaluator' from 'app.strategy_plane.lifecycle' (/app/app/strategy_plane/lifecycle.py)
___________ ERROR collecting tests/test_strategy_plane_promotions.py ___________
ImportError while importing test module '/app/tests/test_strategy_plane_promotions.py'.
Hint: make sure your test modules/packages have valid Python names.
Traceback:
/usr/lib/python3.12/importlib/__init__.py:90: in import_module
    return _bootstrap._gcd_import(name[level:], package, level)
           ^^^^^^^^^^^^^^^^^^^^^^^^^^^^^^^^^^^^^^^^^^^^^^^^^^^^
tests/test_strategy_plane_promotions.py:3: in <module>
    from app.strategy_plane.promotions import StrategyPromotionGovernance
E   ImportError: cannot import name 'StrategyPromotionGovernance' from 'app.strategy_plane.promotions' (/app/app/strategy_plane/promotions.py)
____________ ERROR collecting tests/test_strategy_plane_registry.py ____________
ImportError while importing test module '/app/tests/test_strategy_plane_registry.py'.
Hint: make sure your test modules/packages have valid Python names.
Traceback:
/usr/lib/python3.12/importlib/__init__.py:90: in import_module
    return _bootstrap._gcd_import(name[level:], package, level)
           ^^^^^^^^^^^^^^^^^^^^^^^^^^^^^^^^^^^^^^^^^^^^^^^^^^^^
tests/test_strategy_plane_registry.py:2: in <module>
    from app.strategy_plane.models import (
app/strategy_plane/models.py:3: in <module>
    from pydantic import BaseModel, Field
E   ModuleNotFoundError: No module named 'pydantic'
____________ ERROR collecting tests/test_strategy_plane_storage.py _____________
ImportError while importing test module '/app/tests/test_strategy_plane_storage.py'.
Hint: make sure your test modules/packages have valid Python names.
Traceback:
/usr/lib/python3.12/importlib/__init__.py:90: in import_module
    return _bootstrap._gcd_import(name[level:], package, level)
           ^^^^^^^^^^^^^^^^^^^^^^^^^^^^^^^^^^^^^^^^^^^^^^^^^^^^
tests/test_strategy_plane_storage.py:2: in <module>
    from app.strategy_plane.storage import StrategyPlaneStorage
app/strategy_plane/storage.py:2: in <module>
    from app.strategy_plane.models import (
app/strategy_plane/models.py:3: in <module>
    from pydantic import BaseModel, Field
E   ModuleNotFoundError: No module named 'pydantic'
_____________ ERROR collecting tests/test_strategy_plane_trust.py ______________
ImportError while importing test module '/app/tests/test_strategy_plane_trust.py'.
Hint: make sure your test modules/packages have valid Python names.
Traceback:
/usr/lib/python3.12/importlib/__init__.py:90: in import_module
    return _bootstrap._gcd_import(name[level:], package, level)
           ^^^^^^^^^^^^^^^^^^^^^^^^^^^^^^^^^^^^^^^^^^^^^^^^^^^^
tests/test_strategy_plane_trust.py:2: in <module>
    from app.strategy_plane.trust import StrategyTrustEvaluator
E   ImportError: cannot import name 'StrategyTrustEvaluator' from 'app.strategy_plane.trust' (/app/app/strategy_plane/trust.py)
_______________ ERROR collecting tests/test_strategy_refresh.py ________________
ImportError while importing test module '/app/tests/test_strategy_refresh.py'.
Hint: make sure your test modules/packages have valid Python names.
Traceback:
/usr/lib/python3.12/importlib/__init__.py:90: in import_module
    return _bootstrap._gcd_import(name[level:], package, level)
           ^^^^^^^^^^^^^^^^^^^^^^^^^^^^^^^^^^^^^^^^^^^^^^^^^^^^
tests/test_strategy_refresh.py:1: in <module>
    from app.governance.strategy_refresh import StrategyRefreshOrchestrator
app/governance/strategy_refresh.py:2: in <module>
    from app.governance.models import RefreshRun
app/governance/models.py:2: in <module>
    from pydantic import BaseModel, Field
E   ModuleNotFoundError: No module named 'pydantic'
_______________ ERROR collecting tests/test_strategy_registry.py _______________
ImportError while importing test module '/app/tests/test_strategy_registry.py'.
Hint: make sure your test modules/packages have valid Python names.
Traceback:
/usr/lib/python3.12/importlib/__init__.py:90: in import_module
    return _bootstrap._gcd_import(name[level:], package, level)
           ^^^^^^^^^^^^^^^^^^^^^^^^^^^^^^^^^^^^^^^^^^^^^^^^^^^^
tests/test_strategy_registry.py:2: in <module>
    from app.strategies.registry import StrategyRegistry
app/strategies/registry.py:2: in <module>
    from app.strategies.base import BaseStrategy
app/strategies/base.py:4: in <module>
    from app.strategies.models import (
app/strategies/models.py:2: in <module>
    from pydantic import BaseModel, Field
E   ModuleNotFoundError: No module named 'pydantic'
________________ ERROR collecting tests/test_strategy_spaces.py ________________
ImportError while importing test module '/app/tests/test_strategy_spaces.py'.
Hint: make sure your test modules/packages have valid Python names.
Traceback:
/usr/lib/python3.12/importlib/__init__.py:90: in import_module
    return _bootstrap._gcd_import(name[level:], package, level)
           ^^^^^^^^^^^^^^^^^^^^^^^^^^^^^^^^^^^^^^^^^^^^^^^^^^^^
tests/test_strategy_spaces.py:1: in <module>
    from app.optimizer.strategy_spaces import get_space_by_name
app/optimizer/strategy_spaces.py:1: in <module>
    from app.optimizer.models import SearchSpace, ParameterSpec, ConstraintSpec
app/optimizer/models.py:1: in <module>
    from pydantic import BaseModel, Field, root_validator
E   ModuleNotFoundError: No module named 'pydantic'
______________ ERROR collecting tests/test_stressrisk_budgets.py _______________
ImportError while importing test module '/app/tests/test_stressrisk_budgets.py'.
Hint: make sure your test modules/packages have valid Python names.
Traceback:
/usr/lib/python3.12/importlib/__init__.py:90: in import_module
    return _bootstrap._gcd_import(name[level:], package, level)
           ^^^^^^^^^^^^^^^^^^^^^^^^^^^^^^^^^^^^^^^^^^^^^^^^^^^^
tests/test_stressrisk_budgets.py:2: in <module>
    from app.stressrisk.budgets import BudgetManager
app/stressrisk/budgets.py:1: in <module>
    from app.stressrisk.models import TailLossBudget, StressBudgetResult
app/stressrisk/models.py:1: in <module>
    from pydantic import BaseModel, Field
E   ModuleNotFoundError: No module named 'pydantic'
____________ ERROR collecting tests/test_stressrisk_correlation.py _____________
ImportError while importing test module '/app/tests/test_stressrisk_correlation.py'.
Hint: make sure your test modules/packages have valid Python names.
Traceback:
/usr/lib/python3.12/importlib/__init__.py:90: in import_module
    return _bootstrap._gcd_import(name[level:], package, level)
           ^^^^^^^^^^^^^^^^^^^^^^^^^^^^^^^^^^^^^^^^^^^^^^^^^^^^
tests/test_stressrisk_correlation.py:1: in <module>
    from app.stressrisk.correlation import CorrelationStressEngine
app/stressrisk/correlation.py:1: in <module>
    from app.stressrisk.models import CorrelationStressSnapshot
app/stressrisk/models.py:1: in <module>
    from pydantic import BaseModel, Field
E   ModuleNotFoundError: No module named 'pydantic'
____________ ERROR collecting tests/test_stressrisk_derivatives.py _____________
ImportError while importing test module '/app/tests/test_stressrisk_derivatives.py'.
Hint: make sure your test modules/packages have valid Python names.
Traceback:
/usr/lib/python3.12/importlib/__init__.py:90: in import_module
    return _bootstrap._gcd_import(name[level:], package, level)
           ^^^^^^^^^^^^^^^^^^^^^^^^^^^^^^^^^^^^^^^^^^^^^^^^^^^^
tests/test_stressrisk_derivatives.py:1: in <module>
    from app.stressrisk.derivatives import DerivativesStressEngine
app/stressrisk/derivatives.py:1: in <module>
    from app.stressrisk.models import FundingStressSnapshot
app/stressrisk/models.py:1: in <module>
    from pydantic import BaseModel, Field
E   ModuleNotFoundError: No module named 'pydantic'
_____________ ERROR collecting tests/test_stressrisk_historical.py _____________
ImportError while importing test module '/app/tests/test_stressrisk_historical.py'.
Hint: make sure your test modules/packages have valid Python names.
Traceback:
/usr/lib/python3.12/importlib/__init__.py:90: in import_module
    return _bootstrap._gcd_import(name[level:], package, level)
           ^^^^^^^^^^^^^^^^^^^^^^^^^^^^^^^^^^^^^^^^^^^^^^^^^^^^
tests/test_stressrisk_historical.py:1: in <module>
    from app.stressrisk.historical import HistoricalStressLibrary
app/stressrisk/historical.py:1: in <module>
    from app.stressrisk.models import StressScenario, ShockVector
app/stressrisk/models.py:1: in <module>
    from pydantic import BaseModel, Field
E   ModuleNotFoundError: No module named 'pydantic'
_____________ ERROR collecting tests/test_stressrisk_liquidity.py ______________
ImportError while importing test module '/app/tests/test_stressrisk_liquidity.py'.
Hint: make sure your test modules/packages have valid Python names.
Traceback:
/usr/lib/python3.12/importlib/__init__.py:90: in import_module
    return _bootstrap._gcd_import(name[level:], package, level)
           ^^^^^^^^^^^^^^^^^^^^^^^^^^^^^^^^^^^^^^^^^^^^^^^^^^^^
tests/test_stressrisk_liquidity.py:1: in <module>
    from app.stressrisk.liquidity import LiquidityStressEngine
app/stressrisk/liquidity.py:1: in <module>
    from app.stressrisk.models import LiquidityStressSnapshot
app/stressrisk/models.py:1: in <module>
    from pydantic import BaseModel, Field
E   ModuleNotFoundError: No module named 'pydantic'
_______________ ERROR collecting tests/test_stressrisk_losses.py _______________
ImportError while importing test module '/app/tests/test_stressrisk_losses.py'.
Hint: make sure your test modules/packages have valid Python names.
Traceback:
/usr/lib/python3.12/importlib/__init__.py:90: in import_module
    return _bootstrap._gcd_import(name[level:], package, level)
           ^^^^^^^^^^^^^^^^^^^^^^^^^^^^^^^^^^^^^^^^^^^^^^^^^^^^
tests/test_stressrisk_losses.py:2: in <module>
    from app.stressrisk.losses import LossEstimator
app/stressrisk/losses.py:1: in <module>
    from app.stressrisk.models import ScenarioLossEstimate
app/stressrisk/models.py:1: in <module>
    from pydantic import BaseModel, Field
E   ModuleNotFoundError: No module named 'pydantic'
______________ ERROR collecting tests/test_stressrisk_overlay.py _______________
ImportError while importing test module '/app/tests/test_stressrisk_overlay.py'.
Hint: make sure your test modules/packages have valid Python names.
Traceback:
/usr/lib/python3.12/importlib/__init__.py:90: in import_module
    return _bootstrap._gcd_import(name[level:], package, level)
           ^^^^^^^^^^^^^^^^^^^^^^^^^^^^^^^^^^^^^^^^^^^^^^^^^^^^
tests/test_stressrisk_overlay.py:2: in <module>
    from app.stressrisk.models import StressBudgetResult
app/stressrisk/models.py:1: in <module>
    from pydantic import BaseModel, Field
E   ModuleNotFoundError: No module named 'pydantic'
_____________ ERROR collecting tests/test_stressrisk_portfolio.py ______________
ImportError while importing test module '/app/tests/test_stressrisk_portfolio.py'.
Hint: make sure your test modules/packages have valid Python names.
Traceback:
/usr/lib/python3.12/importlib/__init__.py:90: in import_module
    return _bootstrap._gcd_import(name[level:], package, level)
           ^^^^^^^^^^^^^^^^^^^^^^^^^^^^^^^^^^^^^^^^^^^^^^^^^^^^
tests/test_stressrisk_portfolio.py:2: in <module>
    from app.stressrisk.portfolio import PortfolioVulnerabilityAnalyzer
app/stressrisk/portfolio.py:1: in <module>
    from app.stressrisk.models import VulnerabilityBreakdown
app/stressrisk/models.py:1: in <module>
    from pydantic import BaseModel, Field
E   ModuleNotFoundError: No module named 'pydantic'
_____________ ERROR collecting tests/test_stressrisk_scenarios.py ______________
ImportError while importing test module '/app/tests/test_stressrisk_scenarios.py'.
Hint: make sure your test modules/packages have valid Python names.
Traceback:
/usr/lib/python3.12/importlib/__init__.py:90: in import_module
    return _bootstrap._gcd_import(name[level:], package, level)
           ^^^^^^^^^^^^^^^^^^^^^^^^^^^^^^^^^^^^^^^^^^^^^^^^^^^^
tests/test_stressrisk_scenarios.py:2: in <module>
    from app.stressrisk.scenarios import ScenarioRegistry
app/stressrisk/scenarios.py:1: in <module>
    from app.stressrisk.models import StressScenario, ShockVector, StressScenarioSet
app/stressrisk/models.py:1: in <module>
    from pydantic import BaseModel, Field
E   ModuleNotFoundError: No module named 'pydantic'
_______________ ERROR collecting tests/test_stressrisk_shocks.py _______________
ImportError while importing test module '/app/tests/test_stressrisk_shocks.py'.
Hint: make sure your test modules/packages have valid Python names.
Traceback:
/usr/lib/python3.12/importlib/__init__.py:90: in import_module
    return _bootstrap._gcd_import(name[level:], package, level)
           ^^^^^^^^^^^^^^^^^^^^^^^^^^^^^^^^^^^^^^^^^^^^^^^^^^^^
tests/test_stressrisk_shocks.py:2: in <module>
    from app.stressrisk.models import ShockVector
app/stressrisk/models.py:1: in <module>
    from pydantic import BaseModel, Field
E   ModuleNotFoundError: No module named 'pydantic'
______________ ERROR collecting tests/test_stressrisk_storage.py _______________
ImportError while importing test module '/app/tests/test_stressrisk_storage.py'.
Hint: make sure your test modules/packages have valid Python names.
Traceback:
/usr/lib/python3.12/importlib/__init__.py:90: in import_module
    return _bootstrap._gcd_import(name[level:], package, level)
           ^^^^^^^^^^^^^^^^^^^^^^^^^^^^^^^^^^^^^^^^^^^^^^^^^^^^
tests/test_stressrisk_storage.py:2: in <module>
    from app.stressrisk.models import (
app/stressrisk/models.py:1: in <module>
    from pydantic import BaseModel, Field
E   ModuleNotFoundError: No module named 'pydantic'
______________ ERROR collecting tests/test_structure_features.py _______________
ImportError while importing test module '/app/tests/test_structure_features.py'.
Hint: make sure your test modules/packages have valid Python names.
Traceback:
/usr/lib/python3.12/importlib/__init__.py:90: in import_module
    return _bootstrap._gcd_import(name[level:], package, level)
           ^^^^^^^^^^^^^^^^^^^^^^^^^^^^^^^^^^^^^^^^^^^^^^^^^^^^
tests/test_structure_features.py:2: in <module>
    import pandas as pd
E   ModuleNotFoundError: No module named 'pandas'
_______________ ERROR collecting tests/test_structure_regime.py ________________
ImportError while importing test module '/app/tests/test_structure_regime.py'.
Hint: make sure your test modules/packages have valid Python names.
Traceback:
/usr/lib/python3.12/importlib/__init__.py:90: in import_module
    return _bootstrap._gcd_import(name[level:], package, level)
           ^^^^^^^^^^^^^^^^^^^^^^^^^^^^^^^^^^^^^^^^^^^^^^^^^^^^
tests/test_structure_regime.py:2: in <module>
    from app.research.regime.structure_regime import StructureBreakoutEvaluator
app/research/regime/__init__.py:1: in <module>
    from app.research.regime.registry import regime_registry
app/research/regime/registry.py:2: in <module>
    from app.research.regime.base import BaseRegimeEvaluator
app/research/regime/base.py:4: in <module>
    from app.research.regime.models import RegimeEvaluationResult, RegimeFeatureBundle
app/research/regime/models.py:1: in <module>
    from pydantic import BaseModel, Field
E   ModuleNotFoundError: No module named 'pydantic'
_____________ ERROR collecting tests/test_subscription_registry.py _____________
ImportError while importing test module '/app/tests/test_subscription_registry.py'.
Hint: make sure your test modules/packages have valid Python names.
Traceback:
/usr/lib/python3.12/importlib/__init__.py:90: in import_module
    return _bootstrap._gcd_import(name[level:], package, level)
           ^^^^^^^^^^^^^^^^^^^^^^^^^^^^^^^^^^^^^^^^^^^^^^^^^^^^
tests/test_subscription_registry.py:2: in <module>
    from app.connectors.binance.subscription_registry import SubscriptionRegistry
app/connectors/binance/subscription_registry.py:5: in <module>
    from app.data.live_stream_models import SubscriptionSpec
app/data/live_stream_models.py:3: in <module>
    from pydantic import BaseModel, Field
E   ModuleNotFoundError: No module named 'pydantic'
__________________ ERROR collecting tests/test_suitability.py __________________
ImportError while importing test module '/app/tests/test_suitability.py'.
Hint: make sure your test modules/packages have valid Python names.
Traceback:
/usr/lib/python3.12/importlib/__init__.py:90: in import_module
    return _bootstrap._gcd_import(name[level:], package, level)
           ^^^^^^^^^^^^^^^^^^^^^^^^^^^^^^^^^^^^^^^^^^^^^^^^^^^^
tests/test_suitability.py:2: in <module>
    from app.research.regime.suitability import calculate_suitability
app/research/regime/__init__.py:1: in <module>
    from app.research.regime.registry import regime_registry
app/research/regime/registry.py:2: in <module>
    from app.research.regime.base import BaseRegimeEvaluator
app/research/regime/base.py:4: in <module>
    from app.research.regime.models import RegimeEvaluationResult, RegimeFeatureBundle
app/research/regime/models.py:1: in <module>
    from pydantic import BaseModel, Field
E   ModuleNotFoundError: No module named 'pydantic'
_________________ ERROR collecting tests/test_supply_chain.py __________________
ImportError while importing test module '/app/tests/test_supply_chain.py'.
Hint: make sure your test modules/packages have valid Python names.
Traceback:
/usr/lib/python3.12/importlib/__init__.py:90: in import_module
    return _bootstrap._gcd_import(name[level:], package, level)
           ^^^^^^^^^^^^^^^^^^^^^^^^^^^^^^^^^^^^^^^^^^^^^^^^^^^^
tests/test_supply_chain.py:3: in <module>
    from app.supply_chain.models import (
app/supply_chain/models.py:1: in <module>
    from pydantic import BaseModel, Field
E   ModuleNotFoundError: No module named 'pydantic'
___________ ERROR collecting tests/test_supply_chain_plane_graphs.py ___________
ImportError while importing test module '/app/tests/test_supply_chain_plane_graphs.py'.
Hint: make sure your test modules/packages have valid Python names.
Traceback:
/usr/lib/python3.12/importlib/__init__.py:90: in import_module
    return _bootstrap._gcd_import(name[level:], package, level)
           ^^^^^^^^^^^^^^^^^^^^^^^^^^^^^^^^^^^^^^^^^^^^^^^^^^^^
tests/test_supply_chain_plane_graphs.py:2: in <module>
    from app.supply_chain_plane.models import DependencyRecord, ComponentRef
app/supply_chain_plane/__init__.py:1: in <module>
    from app.supply_chain_plane.models import *
app/supply_chain_plane/models.py:1: in <module>
    from pydantic import BaseModel, Field
E   ModuleNotFoundError: No module named 'pydantic'
__________ ERROR collecting tests/test_supply_chain_plane_registry.py __________
ImportError while importing test module '/app/tests/test_supply_chain_plane_registry.py'.
Hint: make sure your test modules/packages have valid Python names.
Traceback:
/usr/lib/python3.12/importlib/__init__.py:90: in import_module
    return _bootstrap._gcd_import(name[level:], package, level)
           ^^^^^^^^^^^^^^^^^^^^^^^^^^^^^^^^^^^^^^^^^^^^^^^^^^^^
tests/test_supply_chain_plane_registry.py:2: in <module>
    from app.supply_chain_plane.models import ComponentDefinition, ComponentRef
app/supply_chain_plane/__init__.py:1: in <module>
    from app.supply_chain_plane.models import *
app/supply_chain_plane/models.py:1: in <module>
    from pydantic import BaseModel, Field
E   ModuleNotFoundError: No module named 'pydantic'
___________ ERROR collecting tests/test_supply_chain_plane_trust.py ____________
ImportError while importing test module '/app/tests/test_supply_chain_plane_trust.py'.
Hint: make sure your test modules/packages have valid Python names.
Traceback:
/usr/lib/python3.12/importlib/__init__.py:90: in import_module
    return _bootstrap._gcd_import(name[level:], package, level)
           ^^^^^^^^^^^^^^^^^^^^^^^^^^^^^^^^^^^^^^^^^^^^^^^^^^^^
tests/test_supply_chain_plane_trust.py:2: in <module>
    from app.supply_chain_plane.models import ComponentRef
app/supply_chain_plane/__init__.py:1: in <module>
    from app.supply_chain_plane.models import *
app/supply_chain_plane/models.py:1: in <module>
    from pydantic import BaseModel, Field
E   ModuleNotFoundError: No module named 'pydantic'
____________ ERROR collecting tests/test_temporal_plane_registry.py ____________
ImportError while importing test module '/app/tests/test_temporal_plane_registry.py'.
Hint: make sure your test modules/packages have valid Python names.
Traceback:
/usr/lib/python3.12/importlib/__init__.py:90: in import_module
    return _bootstrap._gcd_import(name[level:], package, level)
           ^^^^^^^^^^^^^^^^^^^^^^^^^^^^^^^^^^^^^^^^^^^^^^^^^^^^
tests/test_temporal_plane_registry.py:1: in <module>
    from app.temporal_plane.registry import CanonicalTemporalRegistry
app/temporal_plane/registry.py:1: in <module>
    from app.temporal_plane.base import TemporalRegistryBase
app/temporal_plane/base.py:1: in <module>
    from app.temporal_plane.models import TemporalObjectRef
app/temporal_plane/models.py:1: in <module>
    from pydantic import BaseModel, Field
E   ModuleNotFoundError: No module named 'pydantic'
_________________ ERROR collecting tests/test_trade_journal.py _________________
ImportError while importing test module '/app/tests/test_trade_journal.py'.
Hint: make sure your test modules/packages have valid Python names.
Traceback:
/usr/lib/python3.12/importlib/__init__.py:90: in import_module
    return _bootstrap._gcd_import(name[level:], package, level)
           ^^^^^^^^^^^^^^^^^^^^^^^^^^^^^^^^^^^^^^^^^^^^^^^^^^^^
tests/test_trade_journal.py:2: in <module>
    from app.analytics.journal import TradeJournalBuilder
app/analytics/journal.py:4: in <module>
    from app.analytics.base import JournalBuilderBase
app/analytics/base.py:3: in <module>
    from app.analytics.models import AnalyticsRun
app/analytics/models.py:1: in <module>
    from pydantic import BaseModel, Field
E   ModuleNotFoundError: No module named 'pydantic'
__________ ERROR collecting tests/test_tradeoff_plane_equivalence.py ___________
ImportError while importing test module '/app/tests/test_tradeoff_plane_equivalence.py'.
Hint: make sure your test modules/packages have valid Python names.
Traceback:
/usr/lib/python3.12/importlib/__init__.py:90: in import_module
    return _bootstrap._gcd_import(name[level:], package, level)
           ^^^^^^^^^^^^^^^^^^^^^^^^^^^^^^^^^^^^^^^^^^^^^^^^^^^^
tests/test_tradeoff_plane_equivalence.py:2: in <module>
    from app.tradeoff_plane.models import TradeoffObject, ObjectiveSetRecord, ObjectiveRecord, BurdenRecord
app/tradeoff_plane/__init__.py:3: in <module>
    from .models import *
app/tradeoff_plane/models.py:3: in <module>
    from pydantic import BaseModel, Field
E   ModuleNotFoundError: No module named 'pydantic'
____________ ERROR collecting tests/test_tradeoff_plane_quality.py _____________
ImportError while importing test module '/app/tests/test_tradeoff_plane_quality.py'.
Hint: make sure your test modules/packages have valid Python names.
Traceback:
/usr/lib/python3.12/importlib/__init__.py:90: in import_module
    return _bootstrap._gcd_import(name[level:], package, level)
           ^^^^^^^^^^^^^^^^^^^^^^^^^^^^^^^^^^^^^^^^^^^^^^^^^^^^
tests/test_tradeoff_plane_quality.py:2: in <module>
    from app.tradeoff_plane.models import TradeoffObject, ObjectiveSetRecord, ObjectiveRecord, BurdenRecord, SacrificeRecord
app/tradeoff_plane/__init__.py:3: in <module>
    from .models import *
app/tradeoff_plane/models.py:3: in <module>
    from pydantic import BaseModel, Field
E   ModuleNotFoundError: No module named 'pydantic'
____________ ERROR collecting tests/test_tradeoff_plane_registry.py ____________
ImportError while importing test module '/app/tests/test_tradeoff_plane_registry.py'.
Hint: make sure your test modules/packages have valid Python names.
Traceback:
/usr/lib/python3.12/importlib/__init__.py:90: in import_module
    return _bootstrap._gcd_import(name[level:], package, level)
           ^^^^^^^^^^^^^^^^^^^^^^^^^^^^^^^^^^^^^^^^^^^^^^^^^^^^
tests/test_tradeoff_plane_registry.py:2: in <module>
    from app.tradeoff_plane.models import TradeoffObject, ObjectiveSetRecord
app/tradeoff_plane/__init__.py:3: in <module>
    from .models import *
app/tradeoff_plane/models.py:3: in <module>
    from pydantic import BaseModel, Field
E   ModuleNotFoundError: No module named 'pydantic'
_____________ ERROR collecting tests/test_tradeoff_plane_trust.py ______________
ImportError while importing test module '/app/tests/test_tradeoff_plane_trust.py'.
Hint: make sure your test modules/packages have valid Python names.
Traceback:
/usr/lib/python3.12/importlib/__init__.py:90: in import_module
    return _bootstrap._gcd_import(name[level:], package, level)
           ^^^^^^^^^^^^^^^^^^^^^^^^^^^^^^^^^^^^^^^^^^^^^^^^^^^^
tests/test_tradeoff_plane_trust.py:2: in <module>
    from app.tradeoff_plane.models import TradeoffObject, ObjectiveSetRecord, ObjectiveRecord, BurdenRecord, SacrificeRecord
app/tradeoff_plane/__init__.py:3: in <module>
    from .models import *
app/tradeoff_plane/models.py:3: in <module>
    from pydantic import BaseModel, Field
E   ModuleNotFoundError: No module named 'pydantic'
__________________ ERROR collecting tests/test_transitions.py __________________
ImportError while importing test module '/app/tests/test_transitions.py'.
Hint: make sure your test modules/packages have valid Python names.
Traceback:
/usr/lib/python3.12/importlib/__init__.py:90: in import_module
    return _bootstrap._gcd_import(name[level:], package, level)
           ^^^^^^^^^^^^^^^^^^^^^^^^^^^^^^^^^^^^^^^^^^^^^^^^^^^^
tests/test_transitions.py:2: in <module>
    from app.research.regime.transitions import detect_transition
app/research/regime/__init__.py:1: in <module>
    from app.research.regime.registry import regime_registry
app/research/regime/registry.py:2: in <module>
    from app.research.regime.base import BaseRegimeEvaluator
app/research/regime/base.py:4: in <module>
    from app.research.regime.models import RegimeEvaluationResult, RegimeFeatureBundle
app/research/regime/models.py:1: in <module>
    from pydantic import BaseModel, Field
E   ModuleNotFoundError: No module named 'pydantic'
_________________ ERROR collecting tests/test_trend_regime.py __________________
ImportError while importing test module '/app/tests/test_trend_regime.py'.
Hint: make sure your test modules/packages have valid Python names.
Traceback:
/usr/lib/python3.12/importlib/__init__.py:90: in import_module
    return _bootstrap._gcd_import(name[level:], package, level)
           ^^^^^^^^^^^^^^^^^^^^^^^^^^^^^^^^^^^^^^^^^^^^^^^^^^^^
tests/test_trend_regime.py:2: in <module>
    from app.research.regime.trend_regime import TrendPersistenceEvaluator
app/research/regime/__init__.py:1: in <module>
    from app.research.regime.registry import regime_registry
app/research/regime/registry.py:2: in <module>
    from app.research.regime.base import BaseRegimeEvaluator
app/research/regime/base.py:4: in <module>
    from app.research.regime.models import RegimeEvaluationResult, RegimeFeatureBundle
app/research/regime/models.py:1: in <module>
    from pydantic import BaseModel, Field
E   ModuleNotFoundError: No module named 'pydantic'
_________________ ERROR collecting tests/test_trial_runner.py __________________
ImportError while importing test module '/app/tests/test_trial_runner.py'.
Hint: make sure your test modules/packages have valid Python names.
Traceback:
/usr/lib/python3.12/importlib/__init__.py:90: in import_module
    return _bootstrap._gcd_import(name[level:], package, level)
           ^^^^^^^^^^^^^^^^^^^^^^^^^^^^^^^^^^^^^^^^^^^^^^^^^^^^
tests/test_trial_runner.py:3: in <module>
    from app.optimizer.trial_runner import TrialRunner
app/optimizer/trial_runner.py:3: in <module>
    from app.optimizer.base import BaseTrialRunner, BaseScorer, BaseGuardEvaluator
app/optimizer/base.py:3: in <module>
    from app.optimizer.models import (
app/optimizer/models.py:1: in <module>
    from pydantic import BaseModel, Field, root_validator
E   ModuleNotFoundError: No module named 'pydantic'
_________________ ERROR collecting tests/test_universe_diff.py _________________
ImportError while importing test module '/app/tests/test_universe_diff.py'.
Hint: make sure your test modules/packages have valid Python names.
Traceback:
/usr/lib/python3.12/importlib/__init__.py:90: in import_module
    return _bootstrap._gcd_import(name[level:], package, level)
           ^^^^^^^^^^^^^^^^^^^^^^^^^^^^^^^^^^^^^^^^^^^^^^^^^^^^
tests/test_universe_diff.py:2: in <module>
    from app.universe.diff import DiffEngine
app/universe/__init__.py:8: in <module>
    from app.universe.models import *
app/universe/models.py:1: in <module>
    from pydantic import BaseModel, Field
E   ModuleNotFoundError: No module named 'pydantic'
_____________ ERROR collecting tests/test_universe_eligibility.py ______________
ImportError while importing test module '/app/tests/test_universe_eligibility.py'.
Hint: make sure your test modules/packages have valid Python names.
Traceback:
/usr/lib/python3.12/importlib/__init__.py:90: in import_module
    return _bootstrap._gcd_import(name[level:], package, level)
           ^^^^^^^^^^^^^^^^^^^^^^^^^^^^^^^^^^^^^^^^^^^^^^^^^^^^
tests/test_universe_eligibility.py:2: in <module>
    from app.universe.eligibility import ProfileEligibilityEvaluator
app/universe/__init__.py:8: in <module>
    from app.universe.models import *
app/universe/models.py:1: in <module>
    from pydantic import BaseModel, Field
E   ModuleNotFoundError: No module named 'pydantic'
_______________ ERROR collecting tests/test_universe_filters.py ________________
ImportError while importing test module '/app/tests/test_universe_filters.py'.
Hint: make sure your test modules/packages have valid Python names.
Traceback:
/usr/lib/python3.12/importlib/__init__.py:90: in import_module
    return _bootstrap._gcd_import(name[level:], package, level)
           ^^^^^^^^^^^^^^^^^^^^^^^^^^^^^^^^^^^^^^^^^^^^^^^^^^^^
tests/test_universe_filters.py:2: in <module>
    from app.universe.filters import FilterEvaluator
app/universe/__init__.py:8: in <module>
    from app.universe.models import *
app/universe/models.py:1: in <module>
    from pydantic import BaseModel, Field
E   ModuleNotFoundError: No module named 'pydantic'
________________ ERROR collecting tests/test_universe_impact.py ________________
ImportError while importing test module '/app/tests/test_universe_impact.py'.
Hint: make sure your test modules/packages have valid Python names.
Traceback:
/usr/lib/python3.12/importlib/__init__.py:90: in import_module
    return _bootstrap._gcd_import(name[level:], package, level)
           ^^^^^^^^^^^^^^^^^^^^^^^^^^^^^^^^^^^^^^^^^^^^^^^^^^^^
tests/test_universe_impact.py:2: in <module>
    from app.universe.impact import ImpactAnalyzer
app/universe/__init__.py:8: in <module>
    from app.universe.models import *
app/universe/models.py:1: in <module>
    from pydantic import BaseModel, Field
E   ModuleNotFoundError: No module named 'pydantic'
______________ ERROR collecting tests/test_universe_lifecycle.py _______________
ImportError while importing test module '/app/tests/test_universe_lifecycle.py'.
Hint: make sure your test modules/packages have valid Python names.
Traceback:
/usr/lib/python3.12/importlib/__init__.py:90: in import_module
    return _bootstrap._gcd_import(name[level:], package, level)
           ^^^^^^^^^^^^^^^^^^^^^^^^^^^^^^^^^^^^^^^^^^^^^^^^^^^^
tests/test_universe_lifecycle.py:2: in <module>
    from app.universe.lifecycle import LifecycleManager
app/universe/__init__.py:8: in <module>
    from app.universe.models import *
app/universe/models.py:1: in <module>
    from pydantic import BaseModel, Field
E   ModuleNotFoundError: No module named 'pydantic'
______________ ERROR collecting tests/test_universe_liquidity.py _______________
ImportError while importing test module '/app/tests/test_universe_liquidity.py'.
Hint: make sure your test modules/packages have valid Python names.
Traceback:
/usr/lib/python3.12/importlib/__init__.py:90: in import_module
    return _bootstrap._gcd_import(name[level:], package, level)
           ^^^^^^^^^^^^^^^^^^^^^^^^^^^^^^^^^^^^^^^^^^^^^^^^^^^^
tests/test_universe_liquidity.py:2: in <module>
    from app.universe.liquidity import SimpleLiquidityScorer
app/universe/__init__.py:8: in <module>
    from app.universe.models import *
app/universe/models.py:1: in <module>
    from pydantic import BaseModel, Field
E   ModuleNotFoundError: No module named 'pydantic'
____________ ERROR collecting tests/test_universe_normalization.py _____________
ImportError while importing test module '/app/tests/test_universe_normalization.py'.
Hint: make sure your test modules/packages have valid Python names.
Traceback:
/usr/lib/python3.12/importlib/__init__.py:90: in import_module
    return _bootstrap._gcd_import(name[level:], package, level)
           ^^^^^^^^^^^^^^^^^^^^^^^^^^^^^^^^^^^^^^^^^^^^^^^^^^^^
tests/test_universe_normalization.py:2: in <module>
    from app.universe.normalization import BinanceMetadataNormalizer
app/universe/__init__.py:8: in <module>
    from app.universe.models import *
app/universe/models.py:1: in <module>
    from pydantic import BaseModel, Field
E   ModuleNotFoundError: No module named 'pydantic'
_______________ ERROR collecting tests/test_universe_registry.py _______________
ImportError while importing test module '/app/tests/test_universe_registry.py'.
Hint: make sure your test modules/packages have valid Python names.
Traceback:
/usr/lib/python3.12/importlib/__init__.py:90: in import_module
    return _bootstrap._gcd_import(name[level:], package, level)
           ^^^^^^^^^^^^^^^^^^^^^^^^^^^^^^^^^^^^^^^^^^^^^^^^^^^^
tests/test_universe_registry.py:3: in <module>
    from app.universe.registry import InstrumentRegistry
app/universe/__init__.py:8: in <module>
    from app.universe.models import *
app/universe/models.py:1: in <module>
    from pydantic import BaseModel, Field
E   ModuleNotFoundError: No module named 'pydantic'
______________ ERROR collecting tests/test_universe_snapshots.py _______________
ImportError while importing test module '/app/tests/test_universe_snapshots.py'.
Hint: make sure your test modules/packages have valid Python names.
Traceback:
/usr/lib/python3.12/importlib/__init__.py:90: in import_module
    return _bootstrap._gcd_import(name[level:], package, level)
           ^^^^^^^^^^^^^^^^^^^^^^^^^^^^^^^^^^^^^^^^^^^^^^^^^^^^
tests/test_universe_snapshots.py:2: in <module>
    from app.universe.snapshots import SnapshotBuilder
app/universe/__init__.py:8: in <module>
    from app.universe.models import *
app/universe/models.py:1: in <module>
    from pydantic import BaseModel, Field
E   ModuleNotFoundError: No module named 'pydantic'
_______________ ERROR collecting tests/test_universe_sources.py ________________
ImportError while importing test module '/app/tests/test_universe_sources.py'.
Hint: make sure your test modules/packages have valid Python names.
Traceback:
/usr/lib/python3.12/importlib/__init__.py:90: in import_module
    return _bootstrap._gcd_import(name[level:], package, level)
           ^^^^^^^^^^^^^^^^^^^^^^^^^^^^^^^^^^^^^^^^^^^^^^^^^^^^
tests/test_universe_sources.py:1: in <module>
    import requests
E   ModuleNotFoundError: No module named 'requests'
________________ ERROR collecting tests/test_universe_spread.py ________________
ImportError while importing test module '/app/tests/test_universe_spread.py'.
Hint: make sure your test modules/packages have valid Python names.
Traceback:
/usr/lib/python3.12/importlib/__init__.py:90: in import_module
    return _bootstrap._gcd_import(name[level:], package, level)
           ^^^^^^^^^^^^^^^^^^^^^^^^^^^^^^^^^^^^^^^^^^^^^^^^^^^^
tests/test_universe_spread.py:2: in <module>
    from app.universe.liquidity import SimpleLiquidityScorer
app/universe/__init__.py:8: in <module>
    from app.universe.models import *
app/universe/models.py:1: in <module>
    from pydantic import BaseModel, Field
E   ModuleNotFoundError: No module named 'pydantic'
_______________ ERROR collecting tests/test_universe_storage.py ________________
ImportError while importing test module '/app/tests/test_universe_storage.py'.
Hint: make sure your test modules/packages have valid Python names.
Traceback:
/usr/lib/python3.12/importlib/__init__.py:90: in import_module
    return _bootstrap._gcd_import(name[level:], package, level)
           ^^^^^^^^^^^^^^^^^^^^^^^^^^^^^^^^^^^^^^^^^^^^^^^^^^^^
tests/test_universe_storage.py:5: in <module>
    from app.universe.storage import UniverseStorage
app/universe/__init__.py:8: in <module>
    from app.universe.models import *
app/universe/models.py:1: in <module>
    from pydantic import BaseModel, Field
E   ModuleNotFoundError: No module named 'pydantic'
_____________ ERROR collecting tests/test_universe_tradability.py ______________
ImportError while importing test module '/app/tests/test_universe_tradability.py'.
Hint: make sure your test modules/packages have valid Python names.
Traceback:
/usr/lib/python3.12/importlib/__init__.py:90: in import_module
    return _bootstrap._gcd_import(name[level:], package, level)
           ^^^^^^^^^^^^^^^^^^^^^^^^^^^^^^^^^^^^^^^^^^^^^^^^^^^^
tests/test_universe_tradability.py:2: in <module>
    from app.universe.tradability import TradabilityEvaluator
app/universe/__init__.py:8: in <module>
    from app.universe.models import *
app/universe/models.py:1: in <module>
    from pydantic import BaseModel, Field
E   ModuleNotFoundError: No module named 'pydantic'
_______________ ERROR collecting tests/test_universe_turnover.py _______________
ImportError while importing test module '/app/tests/test_universe_turnover.py'.
Hint: make sure your test modules/packages have valid Python names.
Traceback:
/usr/lib/python3.12/importlib/__init__.py:90: in import_module
    return _bootstrap._gcd_import(name[level:], package, level)
           ^^^^^^^^^^^^^^^^^^^^^^^^^^^^^^^^^^^^^^^^^^^^^^^^^^^^
tests/test_universe_turnover.py:2: in <module>
    from app.universe.turnover import TurnoverEvaluator
app/universe/__init__.py:8: in <module>
    from app.universe.models import *
app/universe/models.py:1: in <module>
    from pydantic import BaseModel, Field
E   ModuleNotFoundError: No module named 'pydantic'
______________ ERROR collecting tests/test_validation_storage.py _______________
ImportError while importing test module '/app/tests/test_validation_storage.py'.
Hint: make sure your test modules/packages have valid Python names.
Traceback:
/usr/lib/python3.12/importlib/__init__.py:90: in import_module
    return _bootstrap._gcd_import(name[level:], package, level)
           ^^^^^^^^^^^^^^^^^^^^^^^^^^^^^^^^^^^^^^^^^^^^^^^^^^^^
tests/test_validation_storage.py:3: in <module>
    from app.backtest.validation.storage import ValidationStorage
app/backtest/validation/storage.py:8: in <module>
    from app.backtest.validation.models import (
app/backtest/validation/models.py:1: in <module>
    from pydantic import BaseModel, Field
E   ModuleNotFoundError: No module named 'pydantic'
____________ ERROR collecting tests/test_value_plane_objectives.py _____________
ImportError while importing test module '/app/tests/test_value_plane_objectives.py'.
Hint: make sure your test modules/packages have valid Python names.
Traceback:
/usr/lib/python3.12/importlib/__init__.py:90: in import_module
    return _bootstrap._gcd_import(name[level:], package, level)
           ^^^^^^^^^^^^^^^^^^^^^^^^^^^^^^^^^^^^^^^^^^^^^^^^^^^^
tests/test_value_plane_objectives.py:2: in <module>
    from app.value_plane.models import ValueObjective
app/value_plane/models.py:1: in <module>
    from pydantic import BaseModel, Field
E   ModuleNotFoundError: No module named 'pydantic'
_____________ ERROR collecting tests/test_value_plane_realized.py ______________
ImportError while importing test module '/app/tests/test_value_plane_realized.py'.
Hint: make sure your test modules/packages have valid Python names.
Traceback:
/usr/lib/python3.12/importlib/__init__.py:90: in import_module
    return _bootstrap._gcd_import(name[level:], package, level)
           ^^^^^^^^^^^^^^^^^^^^^^^^^^^^^^^^^^^^^^^^^^^^^^^^^^^^
tests/test_value_plane_realized.py:2: in <module>
    from app.value_plane.models import RealizedImpactRecord, EvidenceLink
app/value_plane/models.py:1: in <module>
    from pydantic import BaseModel, Field
E   ModuleNotFoundError: No module named 'pydantic'
_____________ ERROR collecting tests/test_value_plane_registry.py ______________
ImportError while importing test module '/app/tests/test_value_plane_registry.py'.
Hint: make sure your test modules/packages have valid Python names.
Traceback:
/usr/lib/python3.12/importlib/__init__.py:90: in import_module
    return _bootstrap._gcd_import(name[level:], package, level)
           ^^^^^^^^^^^^^^^^^^^^^^^^^^^^^^^^^^^^^^^^^^^^^^^^^^^^
tests/test_value_plane_registry.py:2: in <module>
    from app.value_plane.models import ValueObject, ValueObjectiveRef
app/value_plane/models.py:1: in <module>
    from pydantic import BaseModel, Field
E   ModuleNotFoundError: No module named 'pydantic'
________________ ERROR collecting tests/test_value_plane_roi.py ________________
ImportError while importing test module '/app/tests/test_value_plane_roi.py'.
Hint: make sure your test modules/packages have valid Python names.
Traceback:
/usr/lib/python3.12/importlib/__init__.py:90: in import_module
    return _bootstrap._gcd_import(name[level:], package, level)
           ^^^^^^^^^^^^^^^^^^^^^^^^^^^^^^^^^^^^^^^^^^^^^^^^^^^^
tests/test_value_plane_roi.py:2: in <module>
    from app.value_plane.models import RoiRecord
app/value_plane/models.py:1: in <module>
    from pydantic import BaseModel, Field
E   ModuleNotFoundError: No module named 'pydantic'
_______________ ERROR collecting tests/test_value_plane_trust.py _______________
ImportError while importing test module '/app/tests/test_value_plane_trust.py'.
Hint: make sure your test modules/packages have valid Python names.
Traceback:
/usr/lib/python3.12/importlib/__init__.py:90: in import_module
    return _bootstrap._gcd_import(name[level:], package, level)
           ^^^^^^^^^^^^^^^^^^^^^^^^^^^^^^^^^^^^^^^^^^^^^^^^^^^^
tests/test_value_plane_trust.py:1: in <module>
    from app.value_plane.trust import trust_engine
app/value_plane/trust.py:1: in <module>
    from app.value_plane.models import ValueTrustVerdict
app/value_plane/models.py:1: in <module>
    from pydantic import BaseModel, Field
E   ModuleNotFoundError: No module named 'pydantic'
_______________ ERROR collecting tests/test_volatility_regime.py _______________
ImportError while importing test module '/app/tests/test_volatility_regime.py'.
Hint: make sure your test modules/packages have valid Python names.
Traceback:
/usr/lib/python3.12/importlib/__init__.py:90: in import_module
    return _bootstrap._gcd_import(name[level:], package, level)
           ^^^^^^^^^^^^^^^^^^^^^^^^^^^^^^^^^^^^^^^^^^^^^^^^^^^^
tests/test_volatility_regime.py:2: in <module>
    from app.research.regime.volatility_regime import VolatilityExpansionEvaluator
app/research/regime/__init__.py:1: in <module>
    from app.research.regime.registry import regime_registry
app/research/regime/registry.py:2: in <module>
    from app.research.regime.base import BaseRegimeEvaluator
app/research/regime/base.py:4: in <module>
    from app.research.regime.models import RegimeEvaluationResult, RegimeFeatureBundle
app/research/regime/models.py:1: in <module>
    from pydantic import BaseModel, Field
E   ModuleNotFoundError: No module named 'pydantic'
___________ ERROR collecting tests/test_workflow_plane_backfills.py ____________
ImportError while importing test module '/app/tests/test_workflow_plane_backfills.py'.
Hint: make sure your test modules/packages have valid Python names.
Traceback:
/usr/lib/python3.12/importlib/__init__.py:90: in import_module
    return _bootstrap._gcd_import(name[level:], package, level)
           ^^^^^^^^^^^^^^^^^^^^^^^^^^^^^^^^^^^^^^^^^^^^^^^^^^^^
tests/test_workflow_plane_backfills.py:1: in <module>
    from app.workflow_plane.backfills import BackfillManager
app/workflow_plane/backfills.py:2: in <module>
    from app.workflow_plane.models import BackfillRunRecord, RunWindow
app/workflow_plane/models.py:1: in <module>
    from pydantic import BaseModel, Field
E   ModuleNotFoundError: No module named 'pydantic'
__________ ERROR collecting tests/test_workflow_plane_checkpoints.py ___________
ImportError while importing test module '/app/tests/test_workflow_plane_checkpoints.py'.
Hint: make sure your test modules/packages have valid Python names.
Traceback:
/usr/lib/python3.12/importlib/__init__.py:90: in import_module
    return _bootstrap._gcd_import(name[level:], package, level)
           ^^^^^^^^^^^^^^^^^^^^^^^^^^^^^^^^^^^^^^^^^^^^^^^^^^^^
tests/test_workflow_plane_checkpoints.py:1: in <module>
    from app.workflow_plane.checkpoints import CheckpointManager
app/workflow_plane/checkpoints.py:4: in <module>
    from app.workflow_plane.models import RunCheckpoint
app/workflow_plane/models.py:1: in <module>
    from pydantic import BaseModel, Field
E   ModuleNotFoundError: No module named 'pydantic'
___________ ERROR collecting tests/test_workflow_plane_divergence.py ___________
ImportError while importing test module '/app/tests/test_workflow_plane_divergence.py'.
Hint: make sure your test modules/packages have valid Python names.
Traceback:
/usr/lib/python3.12/importlib/__init__.py:90: in import_module
    return _bootstrap._gcd_import(name[level:], package, level)
           ^^^^^^^^^^^^^^^^^^^^^^^^^^^^^^^^^^^^^^^^^^^^^^^^^^^^
tests/test_workflow_plane_divergence.py:1: in <module>
    from app.workflow_plane.divergence import DivergenceEvaluator
app/workflow_plane/divergence.py:1: in <module>
    from app.workflow_plane.models import WorkflowDivergenceReport
app/workflow_plane/models.py:1: in <module>
    from pydantic import BaseModel, Field
E   ModuleNotFoundError: No module named 'pydantic'
__________ ERROR collecting tests/test_workflow_plane_equivalence.py ___________
ImportError while importing test module '/app/tests/test_workflow_plane_equivalence.py'.
Hint: make sure your test modules/packages have valid Python names.
Traceback:
/usr/lib/python3.12/importlib/__init__.py:90: in import_module
    return _bootstrap._gcd_import(name[level:], package, level)
           ^^^^^^^^^^^^^^^^^^^^^^^^^^^^^^^^^^^^^^^^^^^^^^^^^^^^
tests/test_workflow_plane_equivalence.py:1: in <module>
    from app.workflow_plane.equivalence import EquivalenceEvaluator
app/workflow_plane/equivalence.py:4: in <module>
    from app.workflow_plane.models import WorkflowEquivalenceReport, RunWindow
app/workflow_plane/models.py:1: in <module>
    from pydantic import BaseModel, Field
E   ModuleNotFoundError: No module named 'pydantic'
_____________ ERROR collecting tests/test_workflow_plane_gates.py ______________
/home/jules/.local/share/pipx/venvs/pytest/lib/python3.12/site-packages/_pytest/python.py:507: in importtestmodule
    mod = import_path(
/home/jules/.local/share/pipx/venvs/pytest/lib/python3.12/site-packages/_pytest/pathlib.py:587: in import_path
    importlib.import_module(module_name)
/usr/lib/python3.12/importlib/__init__.py:90: in import_module
    return _bootstrap._gcd_import(name[level:], package, level)
           ^^^^^^^^^^^^^^^^^^^^^^^^^^^^^^^^^^^^^^^^^^^^^^^^^^^^
<frozen importlib._bootstrap>:1387: in _gcd_import
    ???
<frozen importlib._bootstrap>:1360: in _find_and_load
    ???
<frozen importlib._bootstrap>:1331: in _find_and_load_unlocked
    ???
<frozen importlib._bootstrap>:935: in _load_unlocked
    ???
/home/jules/.local/share/pipx/venvs/pytest/lib/python3.12/site-packages/_pytest/assertion/rewrite.py:197: in exec_module
    exec(co, module.__dict__)
tests/test_workflow_plane_gates.py:1: in <module>
    from app.workflow_plane.gates import WorkflowGateEvaluator
E     File "/app/app/workflow_plane/gates.py", line 7
E       return True\n
E                   ^
E   SyntaxError: unexpected character after line continuation character
______________ ERROR collecting tests/test_workflow_plane_jobs.py ______________
ImportError while importing test module '/app/tests/test_workflow_plane_jobs.py'.
Hint: make sure your test modules/packages have valid Python names.
Traceback:
/usr/lib/python3.12/importlib/__init__.py:90: in import_module
    return _bootstrap._gcd_import(name[level:], package, level)
           ^^^^^^^^^^^^^^^^^^^^^^^^^^^^^^^^^^^^^^^^^^^^^^^^^^^^
tests/test_workflow_plane_jobs.py:1: in <module>
    from app.workflow_plane.jobs import JobRegistry
E   ImportError: cannot import name 'JobRegistry' from 'app.workflow_plane.jobs' (/app/app/workflow_plane/jobs.py)
___________ ERROR collecting tests/test_workflow_plane_manifests.py ____________
ImportError while importing test module '/app/tests/test_workflow_plane_manifests.py'.
Hint: make sure your test modules/packages have valid Python names.
Traceback:
/usr/lib/python3.12/importlib/__init__.py:90: in import_module
    return _bootstrap._gcd_import(name[level:], package, level)
           ^^^^^^^^^^^^^^^^^^^^^^^^^^^^^^^^^^^^^^^^^^^^^^^^^^^^
tests/test_workflow_plane_manifests.py:1: in <module>
    from app.workflow_plane.manifests import ManifestBuilder
app/workflow_plane/manifests.py:1: in <module>
    from app.workflow_plane.models import WorkflowArtifactManifest
app/workflow_plane/models.py:1: in <module>
    from pydantic import BaseModel, Field
E   ModuleNotFoundError: No module named 'pydantic'
_________ ERROR collecting tests/test_workflow_plane_orchestration.py __________
ImportError while importing test module '/app/tests/test_workflow_plane_orchestration.py'.
Hint: make sure your test modules/packages have valid Python names.
Traceback:
/usr/lib/python3.12/importlib/__init__.py:90: in import_module
    return _bootstrap._gcd_import(name[level:], package, level)
           ^^^^^^^^^^^^^^^^^^^^^^^^^^^^^^^^^^^^^^^^^^^^^^^^^^^^
tests/test_workflow_plane_orchestration.py:1: in <module>
    from app.workflow_plane.orchestration import WorkflowOrchestrator
app/workflow_plane/orchestration.py:1: in <module>
    from app.workflow_plane.models import WorkflowRun, JobContract
app/workflow_plane/models.py:1: in <module>
    from pydantic import BaseModel, Field
E   ModuleNotFoundError: No module named 'pydantic'
____________ ERROR collecting tests/test_workflow_plane_receipts.py ____________
ImportError while importing test module '/app/tests/test_workflow_plane_receipts.py'.
Hint: make sure your test modules/packages have valid Python names.
Traceback:
/usr/lib/python3.12/importlib/__init__.py:90: in import_module
    return _bootstrap._gcd_import(name[level:], package, level)
           ^^^^^^^^^^^^^^^^^^^^^^^^^^^^^^^^^^^^^^^^^^^^^^^^^^^^
tests/test_workflow_plane_receipts.py:1: in <module>
    from app.workflow_plane.receipts import ReceiptManager
app/workflow_plane/receipts.py:1: in <module>
    from app.workflow_plane.models import RunReceipt, WorkflowRun
app/workflow_plane/models.py:1: in <module>
    from pydantic import BaseModel, Field
E   ModuleNotFoundError: No module named 'pydantic'
_____________ ERROR collecting tests/test_workflow_plane_reruns.py _____________
ImportError while importing test module '/app/tests/test_workflow_plane_reruns.py'.
Hint: make sure your test modules/packages have valid Python names.
Traceback:
/usr/lib/python3.12/importlib/__init__.py:90: in import_module
    return _bootstrap._gcd_import(name[level:], package, level)
           ^^^^^^^^^^^^^^^^^^^^^^^^^^^^^^^^^^^^^^^^^^^^^^^^^^^^
tests/test_workflow_plane_reruns.py:1: in <module>
    from app.workflow_plane.reruns import RerunManager
app/workflow_plane/reruns.py:3: in <module>
    from app.workflow_plane.models import RerunRecord, WorkflowRun
app/workflow_plane/models.py:1: in <module>
    from pydantic import BaseModel, Field
E   ModuleNotFoundError: No module named 'pydantic'
____________ ERROR collecting tests/test_workflow_plane_resumes.py _____________
ImportError while importing test module '/app/tests/test_workflow_plane_resumes.py'.
Hint: make sure your test modules/packages have valid Python names.
Traceback:
/usr/lib/python3.12/importlib/__init__.py:90: in import_module
    return _bootstrap._gcd_import(name[level:], package, level)
           ^^^^^^^^^^^^^^^^^^^^^^^^^^^^^^^^^^^^^^^^^^^^^^^^^^^^
tests/test_workflow_plane_resumes.py:1: in <module>
    from app.workflow_plane.resumes import ResumeManager
app/workflow_plane/resumes.py:1: in <module>
    from app.workflow_plane.models import ResumeRecord
app/workflow_plane/models.py:1: in <module>
    from pydantic import BaseModel, Field
E   ModuleNotFoundError: No module named 'pydantic'
____________ ERROR collecting tests/test_workflow_plane_retries.py _____________
ImportError while importing test module '/app/tests/test_workflow_plane_retries.py'.
Hint: make sure your test modules/packages have valid Python names.
Traceback:
/usr/lib/python3.12/importlib/__init__.py:90: in import_module
    return _bootstrap._gcd_import(name[level:], package, level)
           ^^^^^^^^^^^^^^^^^^^^^^^^^^^^^^^^^^^^^^^^^^^^^^^^^^^^
tests/test_workflow_plane_retries.py:1: in <module>
    from app.workflow_plane.retries import RetryManager
app/workflow_plane/retries.py:1: in <module>
    from app.workflow_plane.models import RetryRecord
app/workflow_plane/models.py:1: in <module>
    from pydantic import BaseModel, Field
E   ModuleNotFoundError: No module named 'pydantic'
______________ ERROR collecting tests/test_workflow_plane_runs.py ______________
/home/jules/.local/share/pipx/venvs/pytest/lib/python3.12/site-packages/_pytest/python.py:507: in importtestmodule
    mod = import_path(
/home/jules/.local/share/pipx/venvs/pytest/lib/python3.12/site-packages/_pytest/pathlib.py:587: in import_path
    importlib.import_module(module_name)
/usr/lib/python3.12/importlib/__init__.py:90: in import_module
    return _bootstrap._gcd_import(name[level:], package, level)
           ^^^^^^^^^^^^^^^^^^^^^^^^^^^^^^^^^^^^^^^^^^^^^^^^^^^^
<frozen importlib._bootstrap>:1387: in _gcd_import
    ???
<frozen importlib._bootstrap>:1360: in _find_and_load
    ???
<frozen importlib._bootstrap>:1331: in _find_and_load_unlocked
    ???
<frozen importlib._bootstrap>:935: in _load_unlocked
    ???
/home/jules/.local/share/pipx/venvs/pytest/lib/python3.12/site-packages/_pytest/assertion/rewrite.py:197: in exec_module
    exec(co, module.__dict__)
tests/test_workflow_plane_runs.py:1: in <module>
    from app.workflow_plane.runs import RunManager
E     File "/app/app/workflow_plane/runs.py", line 7
E       return True\n
E                   ^
E   SyntaxError: unexpected character after line continuation character
___________ ERROR collecting tests/test_workflow_plane_schedules.py ____________
ImportError while importing test module '/app/tests/test_workflow_plane_schedules.py'.
Hint: make sure your test modules/packages have valid Python names.
Traceback:
/usr/lib/python3.12/importlib/__init__.py:90: in import_module
    return _bootstrap._gcd_import(name[level:], package, level)
           ^^^^^^^^^^^^^^^^^^^^^^^^^^^^^^^^^^^^^^^^^^^^^^^^^^^^
tests/test_workflow_plane_schedules.py:1: in <module>
    from app.workflow_plane.schedules import ScheduleRegistry
app/workflow_plane/schedules.py:1: in <module>
    from app.workflow_plane.models import ScheduleDefinition
app/workflow_plane/models.py:1: in <module>
    from pydantic import BaseModel, Field
E   ModuleNotFoundError: No module named 'pydantic'
____________ ERROR collecting tests/test_workflow_plane_triggers.py ____________
ImportError while importing test module '/app/tests/test_workflow_plane_triggers.py'.
Hint: make sure your test modules/packages have valid Python names.
Traceback:
/usr/lib/python3.12/importlib/__init__.py:90: in import_module
    return _bootstrap._gcd_import(name[level:], package, level)
           ^^^^^^^^^^^^^^^^^^^^^^^^^^^^^^^^^^^^^^^^^^^^^^^^^^^^
tests/test_workflow_plane_triggers.py:1: in <module>
    from app.workflow_plane.triggers import TriggerRegistry
E   ImportError: cannot import name 'TriggerRegistry' from 'app.workflow_plane.triggers' (/app/app/workflow_plane/triggers.py)
_____________ ERROR collecting tests/test_workflow_plane_trust.py ______________
ImportError while importing test module '/app/tests/test_workflow_plane_trust.py'.
Hint: make sure your test modules/packages have valid Python names.
Traceback:
/usr/lib/python3.12/importlib/__init__.py:90: in import_module
    return _bootstrap._gcd_import(name[level:], package, level)
           ^^^^^^^^^^^^^^^^^^^^^^^^^^^^^^^^^^^^^^^^^^^^^^^^^^^^
tests/test_workflow_plane_trust.py:1: in <module>
    from app.workflow_plane.trust import WorkflowTrustEvaluator
app/workflow_plane/trust.py:1: in <module>
    from app.workflow_plane.models import WorkflowRun, WorkflowTrustVerdict
app/workflow_plane/models.py:1: in <module>
    from pydantic import BaseModel, Field
E   ModuleNotFoundError: No module named 'pydantic'
____________ ERROR collecting tests/test_workflow_plane_windows.py _____________
ImportError while importing test module '/app/tests/test_workflow_plane_windows.py'.
Hint: make sure your test modules/packages have valid Python names.
Traceback:
/usr/lib/python3.12/importlib/__init__.py:90: in import_module
    return _bootstrap._gcd_import(name[level:], package, level)
           ^^^^^^^^^^^^^^^^^^^^^^^^^^^^^^^^^^^^^^^^^^^^^^^^^^^^
tests/test_workflow_plane_windows.py:1: in <module>
    from app.workflow_plane.windows import WindowManager
app/workflow_plane/windows.py:1: in <module>
    from app.workflow_plane.models import RunWindow
app/workflow_plane/models.py:1: in <module>
    from pydantic import BaseModel, Field
E   ModuleNotFoundError: No module named 'pydantic'
___________ ERROR collecting tests/test_workflow_plane_workflows.py ____________
ImportError while importing test module '/app/tests/test_workflow_plane_workflows.py'.
Hint: make sure your test modules/packages have valid Python names.
Traceback:
/usr/lib/python3.12/importlib/__init__.py:90: in import_module
    return _bootstrap._gcd_import(name[level:], package, level)
           ^^^^^^^^^^^^^^^^^^^^^^^^^^^^^^^^^^^^^^^^^^^^^^^^^^^^
tests/test_workflow_plane_workflows.py:1: in <module>
    from app.workflow_plane.workflows import WorkflowManager
app/workflow_plane/workflows.py:1: in <module>
    from app.workflow_plane.registry import registry
app/workflow_plane/registry.py:5: in <module>
    from app.workflow_plane.models import WorkflowDefinition, JobContract, TriggerDefinition
app/workflow_plane/models.py:1: in <module>
    from pydantic import BaseModel, Field
E   ModuleNotFoundError: No module named 'pydantic'
_____________ ERROR collecting tests/test_workspaces_boundaries.py _____________
ImportError while importing test module '/app/tests/test_workspaces_boundaries.py'.
Hint: make sure your test modules/packages have valid Python names.
Traceback:
/usr/lib/python3.12/importlib/__init__.py:90: in import_module
    return _bootstrap._gcd_import(name[level:], package, level)
           ^^^^^^^^^^^^^^^^^^^^^^^^^^^^^^^^^^^^^^^^^^^^^^^^^^^^
tests/test_workspaces_boundaries.py:1: in <module>
    from app.workspaces.boundaries import BoundaryChecker
app/workspaces/boundaries.py:3: in <module>
    from app.policy_kernel.enums import PolicyDomain, PolicyVerdict
app/policy_kernel/__init__.py:2: in <module>
    from app.policy_kernel.context import assemble_policy_context
E   ImportError: cannot import name 'assemble_policy_context' from 'app.policy_kernel.context' (/app/app/policy_kernel/context.py)
______________ ERROR collecting tests/test_workspaces_catalog.py _______________
ImportError while importing test module '/app/tests/test_workspaces_catalog.py'.
Hint: make sure your test modules/packages have valid Python names.
Traceback:
/usr/lib/python3.12/importlib/__init__.py:90: in import_module
    return _bootstrap._gcd_import(name[level:], package, level)
           ^^^^^^^^^^^^^^^^^^^^^^^^^^^^^^^^^^^^^^^^^^^^^^^^^^^^
tests/test_workspaces_catalog.py:2: in <module>
    from app.workspaces.catalog import WorkspaceCatalog
app/workspaces/catalog.py:2: in <module>
    from app.workspaces.models import (
app/workspaces/models.py:1: in <module>
    from pydantic import BaseModel, Field
E   ModuleNotFoundError: No module named 'pydantic'
______________ ERROR collecting tests/test_workspaces_context.py _______________
ImportError while importing test module '/app/tests/test_workspaces_context.py'.
Hint: make sure your test modules/packages have valid Python names.
Traceback:
/usr/lib/python3.12/importlib/__init__.py:90: in import_module
    return _bootstrap._gcd_import(name[level:], package, level)
           ^^^^^^^^^^^^^^^^^^^^^^^^^^^^^^^^^^^^^^^^^^^^^^^^^^^^
tests/test_workspaces_context.py:2: in <module>
    from app.workspaces.context import ContextManager
app/workspaces/context.py:2: in <module>
    from app.workspaces.models import WorkspaceContext, WorkspaceConfig, WorkspaceProfile
app/workspaces/models.py:1: in <module>
    from pydantic import BaseModel, Field
E   ModuleNotFoundError: No module named 'pydantic'
_____________ ERROR collecting tests/test_workspaces_isolation.py ______________
ImportError while importing test module '/app/tests/test_workspaces_isolation.py'.
Hint: make sure your test modules/packages have valid Python names.
Traceback:
/usr/lib/python3.12/importlib/__init__.py:90: in import_module
    return _bootstrap._gcd_import(name[level:], package, level)
           ^^^^^^^^^^^^^^^^^^^^^^^^^^^^^^^^^^^^^^^^^^^^^^^^^^^^
tests/test_workspaces_isolation.py:1: in <module>
    from app.workspaces.isolation import ContaminationChecker
app/workspaces/isolation.py:3: in <module>
    from app.workspaces.models import (
app/workspaces/models.py:1: in <module>
    from pydantic import BaseModel, Field
E   ModuleNotFoundError: No module named 'pydantic'
_______________ ERROR collecting tests/test_workspaces_paths.py ________________
ImportError while importing test module '/app/tests/test_workspaces_paths.py'.
Hint: make sure your test modules/packages have valid Python names.
Traceback:
/usr/lib/python3.12/importlib/__init__.py:90: in import_module
    return _bootstrap._gcd_import(name[level:], package, level)
           ^^^^^^^^^^^^^^^^^^^^^^^^^^^^^^^^^^^^^^^^^^^^^^^^^^^^
tests/test_workspaces_paths.py:3: in <module>
    from app.workspaces.paths import PathResolver
app/workspaces/paths.py:4: in <module>
    from app.workspaces.models import WorkspaceProfile, ScopedPathSet
app/workspaces/models.py:1: in <module>
    from pydantic import BaseModel, Field
E   ModuleNotFoundError: No module named 'pydantic'
______________ ERROR collecting tests/test_workspaces_profiles.py ______________
ImportError while importing test module '/app/tests/test_workspaces_profiles.py'.
Hint: make sure your test modules/packages have valid Python names.
Traceback:
/usr/lib/python3.12/importlib/__init__.py:90: in import_module
    return _bootstrap._gcd_import(name[level:], package, level)
           ^^^^^^^^^^^^^^^^^^^^^^^^^^^^^^^^^^^^^^^^^^^^^^^^^^^^
tests/test_workspaces_profiles.py:1: in <module>
    from app.workspaces.profiles import ProfileRegistry
app/workspaces/profiles.py:2: in <module>
    from app.workspaces.models import WorkspaceProfile
app/workspaces/models.py:1: in <module>
    from pydantic import BaseModel, Field
E   ModuleNotFoundError: No module named 'pydantic'
_____________ ERROR collecting tests/test_workspaces_repository.py _____________
ImportError while importing test module '/app/tests/test_workspaces_repository.py'.
Hint: make sure your test modules/packages have valid Python names.
Traceback:
/usr/lib/python3.12/importlib/__init__.py:90: in import_module
    return _bootstrap._gcd_import(name[level:], package, level)
           ^^^^^^^^^^^^^^^^^^^^^^^^^^^^^^^^^^^^^^^^^^^^^^^^^^^^
tests/test_workspaces_repository.py:2: in <module>
    from app.workspaces.repository import WorkspaceRepository
app/workspaces/repository.py:3: in <module>
    from app.workspaces.models import WorkspaceConfig, WorkspaceProfile
app/workspaces/models.py:1: in <module>
    from pydantic import BaseModel, Field
E   ModuleNotFoundError: No module named 'pydantic'
_____________ ERROR collecting tests/test_workspaces_switching.py ______________
ImportError while importing test module '/app/tests/test_workspaces_switching.py'.
Hint: make sure your test modules/packages have valid Python names.
Traceback:
/usr/lib/python3.12/importlib/__init__.py:90: in import_module
    return _bootstrap._gcd_import(name[level:], package, level)
           ^^^^^^^^^^^^^^^^^^^^^^^^^^^^^^^^^^^^^^^^^^^^^^^^^^^^
tests/test_workspaces_switching.py:2: in <module>
    from app.workspaces.switching import ContextSwitcher
app/workspaces/switching.py:4: in <module>
    from app.workspaces.models import (
app/workspaces/models.py:1: in <module>
    from pydantic import BaseModel, Field
E   ModuleNotFoundError: No module named 'pydantic'
=============================== warnings summary ===============================
tests/test_event_bus.py:15
  /app/tests/test_event_bus.py:15: PytestUnknownMarkWarning: Unknown pytest.mark.asyncio - is this a typo?  You can register custom marks to avoid this warning - for details, see https://docs.pytest.org/en/stable/how-to/mark.html
    @pytest.mark.asyncio

tests/test_event_bus.py:43
  /app/tests/test_event_bus.py:43: PytestUnknownMarkWarning: Unknown pytest.mark.asyncio - is this a typo?  You can register custom marks to avoid this warning - for details, see https://docs.pytest.org/en/stable/how-to/mark.html
    @pytest.mark.asyncio

tests/test_event_bus.py:65
  /app/tests/test_event_bus.py:65: PytestUnknownMarkWarning: Unknown pytest.mark.asyncio - is this a typo?  You can register custom marks to avoid this warning - for details, see https://docs.pytest.org/en/stable/how-to/mark.html
    @pytest.mark.asyncio

-- Docs: https://docs.pytest.org/en/stable/how-to/capture-warnings.html
=========================== short test summary info ============================
ERROR tests/test_account_sync.py
ERROR tests/test_accountability_plane_core.py
ERROR tests/test_activation.py
ERROR tests/test_activation_active_sets.py
ERROR tests/test_activation_evidence.py
ERROR tests/test_activation_expansion.py
ERROR tests/test_activation_guards.py
ERROR tests/test_activation_halts.py
ERROR tests/test_activation_history.py
ERROR tests/test_activation_intents.py
ERROR tests/test_activation_memos.py
ERROR tests/test_activation_plans.py
ERROR tests/test_activation_probation.py
ERROR tests/test_activation_reverts.py
ERROR tests/test_activation_scopes.py
ERROR tests/test_activation_storage.py
ERROR tests/test_adaptation_plane_objects.py
ERROR tests/test_adaptation_plane_registry.py
ERROR tests/test_adaptation_plane_trust.py
ERROR tests/test_adversarial_plane_registry.py
ERROR tests/test_adversarial_plane_trust.py
ERROR tests/test_allocation_arbitration.py
ERROR tests/test_allocation_budgets.py
ERROR tests/test_allocation_capacity.py
ERROR tests/test_allocation_constraints.py
ERROR tests/test_allocation_diffs.py
ERROR tests/test_allocation_equivalence.py
ERROR tests/test_allocation_reporting.py
ERROR tests/test_allocation_signals.py
ERROR tests/test_allocation_sleeves.py
ERROR tests/test_allocation_trust.py
ERROR tests/test_allocation_turnover.py
ERROR tests/test_analytics_storage.py
ERROR tests/test_anomalies.py
ERROR tests/test_assurance_plane_registry.py
ERROR tests/test_automation_dependencies.py
ERROR tests/test_automation_execution.py
ERROR tests/test_automation_history.py
ERROR tests/test_automation_preconditions.py
ERROR tests/test_automation_schedules.py
ERROR tests/test_automation_windows.py
ERROR tests/test_benchmarks.py
ERROR tests/test_binance_exchange_info_parser.py
ERROR tests/test_binance_health_service.py
ERROR tests/test_binance_symbol_rules.py
ERROR tests/test_binance_time_service.py
ERROR tests/test_bootstrap.py
ERROR tests/test_bundle_registry.py
ERROR tests/test_cancel_replace.py
ERROR tests/test_candidate_assembler.py
ERROR tests/test_capacity_plane_allocations.py
ERROR tests/test_capacity_plane_equivalence.py
ERROR tests/test_capacity_plane_fairness.py
ERROR tests/test_capacity_plane_registry.py
ERROR tests/test_capacity_plane_reservations.py
ERROR tests/test_capacity_plane_saturation.py
ERROR tests/test_capacity_plane_trust.py
ERROR tests/test_capital_budgets.py
ERROR tests/test_capital_caps.py
ERROR tests/test_capital_escalation.py
ERROR tests/test_capital_evidence.py
ERROR tests/test_capital_freeze.py
ERROR tests/test_capital_ladder.py
ERROR tests/test_capital_performance.py
ERROR tests/test_capital_posture.py
ERROR tests/test_capital_reduction.py
ERROR tests/test_capital_storage.py
ERROR tests/test_capital_tiers.py
ERROR tests/test_capital_tranches.py
ERROR tests/test_capital_transitions.py
ERROR tests/test_carry_costs.py
ERROR tests/test_commitment_plane_registry.py
ERROR tests/test_comparisons.py
ERROR tests/test_compliance_plane.py
ERROR tests/test_config_loader.py
ERROR tests/test_config_plane_drift.py
ERROR tests/test_config_plane_equivalence.py
ERROR tests/test_config_plane_resolution.py
ERROR tests/test_config_plane_schemas.py
ERROR tests/test_conflicts.py
ERROR tests/test_constitution_plane.py
ERROR tests/test_continuity_plane_backups.py
ERROR tests/test_continuity_plane_dependencies.py
ERROR tests/test_continuity_plane_divergence.py
ERROR tests/test_continuity_plane_equivalence.py
ERROR tests/test_continuity_plane_exposures.py
ERROR tests/test_continuity_plane_failback.py
ERROR tests/test_continuity_plane_failover.py
ERROR tests/test_continuity_plane_forecasting.py
ERROR tests/test_continuity_plane_incidents.py
ERROR tests/test_continuity_plane_manifests.py
ERROR tests/test_continuity_plane_objectives.py
ERROR tests/test_continuity_plane_readiness.py
ERROR tests/test_continuity_plane_registry.py
ERROR tests/test_continuity_plane_replication.py
ERROR tests/test_continuity_plane_restore_verification.py
ERROR tests/test_continuity_plane_restores.py
ERROR tests/test_continuity_plane_rpo.py
ERROR tests/test_continuity_plane_rto.py
ERROR tests/test_continuity_plane_services.py
ERROR tests/test_continuity_plane_snapshots.py
ERROR tests/test_continuity_plane_split_brain.py
ERROR tests/test_continuity_plane_standby.py
ERROR tests/test_continuity_plane_states.py
ERROR tests/test_continuity_plane_trust.py
ERROR tests/test_control_actions.py
ERROR tests/test_control_approvals.py
ERROR tests/test_control_authorization.py
ERROR tests/test_control_break_glass.py
ERROR tests/test_control_expiry.py
ERROR tests/test_control_journal.py
ERROR tests/test_control_operators.py
ERROR tests/test_control_plane.py
ERROR tests/test_control_policies.py
ERROR tests/test_control_requests.py
ERROR tests/test_control_revocation.py
ERROR tests/test_control_storage.py
ERROR tests/test_cooldowns.py
ERROR tests/test_cost_plane_allocations.py
ERROR tests/test_cost_plane_amortization.py
ERROR tests/test_cost_plane_budgets.py
ERROR tests/test_cost_plane_cost_objects.py
ERROR tests/test_cost_plane_debt.py
ERROR tests/test_cost_plane_divergence.py
ERROR tests/test_cost_plane_equivalence.py
ERROR tests/test_cost_plane_fees.py
ERROR tests/test_cost_plane_forecasting.py
ERROR tests/test_cost_plane_guardrails.py
ERROR tests/test_cost_plane_invoices.py
ERROR tests/test_cost_plane_manifests.py
ERROR tests/test_cost_plane_optimization.py
ERROR tests/test_cost_plane_registry.py
ERROR tests/test_cost_plane_reservations.py
ERROR tests/test_cost_plane_shared_costs.py
ERROR tests/test_cost_plane_spend.py
ERROR tests/test_cost_plane_trust.py
ERROR tests/test_cost_plane_unit_economics.py
ERROR tests/test_cost_plane_usage_costs.py
ERROR tests/test_cost_plane_variance.py
ERROR tests/test_data_canonical.py
ERROR tests/test_data_catalog.py
ERROR tests/test_data_compatibility.py
ERROR tests/test_data_contracts.py
ERROR tests/test_data_governance_storage.py
ERROR tests/test_data_impact.py
ERROR tests/test_data_lineage.py
ERROR tests/test_data_plane_anomalies.py
ERROR tests/test_data_plane_backfills.py
ERROR tests/test_data_plane_fields.py
ERROR tests/test_data_plane_gaps.py
ERROR tests/test_data_plane_revisions.py
ERROR tests/test_data_plane_sources.py
ERROR tests/test_data_plane_time_semantics.py
ERROR tests/test_data_provenance.py
ERROR tests/test_data_quality.py
ERROR tests/test_data_quality_rules.py
ERROR tests/test_data_refresh.py
ERROR tests/test_data_schema_diff.py
ERROR tests/test_data_schemas.py
ERROR tests/test_data_trust.py
ERROR tests/test_decay.py
ERROR tests/test_decision_quality.py
ERROR tests/test_decision_quality_plane_core.py
ERROR tests/test_derivatives_account_sync.py
ERROR tests/test_derivatives_backtest_costs.py
ERROR tests/test_derivatives_live_integration.py
ERROR tests/test_derivatives_paper_runtime.py
ERROR tests/test_derivatives_pretrade_validation.py
ERROR tests/test_derivatives_risk.py
ERROR tests/test_derivatives_router.py
ERROR tests/test_diagnostics.py
ERROR tests/test_dispute_plane.py
ERROR tests/test_dispute_plane_advanced.py
ERROR tests/test_divergence.py
ERROR tests/test_drift_plane_baselines.py
ERROR tests/test_drift_plane_comparisons.py
ERROR tests/test_drift_plane_debt.py
ERROR tests/test_drift_plane_equivalence.py
ERROR tests/test_drift_plane_forecasting.py
ERROR tests/test_drift_plane_guardrails.py
ERROR tests/test_drift_plane_objects.py
ERROR tests/test_drift_plane_recurrence.py
ERROR tests/test_drift_plane_renormalization.py
ERROR tests/test_drift_plane_restrictions.py
ERROR tests/test_drift_plane_scars.py
ERROR tests/test_drift_plane_signals.py
ERROR tests/test_drift_plane_thresholds.py
ERROR tests/test_drift_plane_trust.py
ERROR tests/test_enforcement_plane.py
ERROR tests/test_environment_plane_boundaries.py
ERROR tests/test_environment_plane_capabilities.py
ERROR tests/test_environment_plane_contamination.py
ERROR tests/test_environment_plane_data_scope.py
ERROR tests/test_environment_plane_divergence.py
ERROR tests/test_environment_plane_divergence_intent.py
ERROR tests/test_environment_plane_drift.py
ERROR tests/test_environment_plane_equivalence.py
ERROR tests/test_environment_plane_gates.py
ERROR tests/test_environment_plane_isolation.py
ERROR tests/test_environment_plane_limitations.py
ERROR tests/test_environment_plane_manifests.py
ERROR tests/test_environment_plane_network_scope.py
ERROR tests/test_environment_plane_objects.py
ERROR tests/test_environment_plane_observations.py
ERROR tests/test_environment_plane_parity.py
ERROR tests/test_environment_plane_promotion.py
ERROR tests/test_environment_plane_readiness.py
ERROR tests/test_environment_plane_registry.py
ERROR tests/test_environment_plane_resets.py
ERROR tests/test_environment_plane_rot.py
ERROR tests/test_environment_plane_secrets.py
ERROR tests/test_environment_plane_seeding.py
ERROR tests/test_environment_plane_storage.py
ERROR tests/test_environment_plane_tenancy.py
ERROR tests/test_environment_plane_topology.py
ERROR tests/test_environment_plane_trust.py
ERROR tests/test_epistemic_plane.py
ERROR tests/test_event_blackouts.py
ERROR tests/test_event_calendar.py
ERROR tests/test_event_cooldowns.py
ERROR tests/test_event_execution.py
ERROR tests/test_event_normalization.py
ERROR tests/test_event_overlay.py
ERROR tests/test_event_portfolio.py
ERROR tests/test_event_sources.py
ERROR tests/test_event_storage.py
ERROR tests/test_event_strategy.py
ERROR tests/test_event_windows.py
ERROR tests/test_evidence_graph.py
ERROR tests/test_execution_health.py
ERROR tests/test_execution_parser.py
ERROR tests/test_execution_plane_cancel_replace.py
ERROR tests/test_execution_plane_candidates.py
ERROR tests/test_execution_plane_equivalence.py
ERROR tests/test_execution_plane_fills.py
ERROR tests/test_execution_plane_filters.py
ERROR tests/test_execution_plane_guards.py
ERROR tests/test_execution_plane_idempotency.py
ERROR tests/test_execution_plane_intents.py
ERROR tests/test_execution_plane_manifests.py
ERROR tests/test_execution_plane_markouts.py
ERROR tests/test_execution_plane_orders.py
ERROR tests/test_execution_plane_quality.py
ERROR tests/test_execution_plane_routing.py
ERROR tests/test_execution_plane_runtime.py
ERROR tests/test_execution_plane_slicing.py
ERROR tests/test_execution_plane_slippage.py
ERROR tests/test_execution_plane_storage.py
ERROR tests/test_execution_plane_trust.py
ERROR tests/test_execution_plane_venues.py
ERROR tests/test_execution_quality.py
ERROR tests/test_execution_safety_gates.py
ERROR tests/test_experiment_plane_arms.py
ERROR tests/test_experiment_plane_fairness.py
ERROR tests/test_experiment_plane_objectives.py
ERROR tests/test_experiment_plane_registry.py
ERROR tests/test_experiment_plane_stopping.py
ERROR tests/test_experiment_plane_storage.py
ERROR tests/test_experiment_plane_trust.py
ERROR tests/test_experiments_ablation.py
ERROR tests/test_experiments_baselines.py
ERROR tests/test_experiments_candidates.py
ERROR tests/test_experiments_comparisons.py
ERROR tests/test_experiments_definitions.py
ERROR tests/test_experiments_findings.py
ERROR tests/test_experiments_hypotheses.py
ERROR tests/test_experiments_offline.py
ERROR tests/test_experiments_packs.py
ERROR tests/test_experiments_promotions.py
ERROR tests/test_experiments_scopes.py
ERROR tests/test_experiments_sensitivity.py
ERROR tests/test_explain.py
ERROR tests/test_feature_engine.py
ERROR tests/test_feature_plane_features.py
ERROR tests/test_feature_refresh.py
ERROR tests/test_feature_registry.py
ERROR tests/test_feature_storage.py
ERROR tests/test_federation_plane_delegation.py
ERROR tests/test_federation_plane_objects.py
ERROR tests/test_federation_plane_registry.py
ERROR tests/test_federation_plane_trust_boundaries.py
ERROR tests/test_filters.py
ERROR tests/test_finality_plane.py
ERROR tests/test_governance_rollback.py
ERROR tests/test_governance_storage.py
ERROR tests/test_governance_triggers.py
ERROR tests/test_honesty_guards.py
ERROR tests/test_identity_authorization.py
ERROR tests/test_identity_breakglass.py
ERROR tests/test_identity_delegations.py
ERROR tests/test_identity_plane.py
ERROR tests/test_identity_plane_authentication.py
ERROR tests/test_identity_plane_authorization.py
ERROR tests/test_identity_plane_capabilities.py
ERROR tests/test_identity_plane_debt.py
ERROR tests/test_identity_plane_delegations.py
ERROR tests/test_identity_plane_divergence.py
ERROR tests/test_identity_plane_elevation.py
ERROR tests/test_identity_plane_environments.py
ERROR tests/test_identity_plane_equivalence.py
ERROR tests/test_identity_plane_grants.py
ERROR tests/test_identity_plane_impersonation.py
ERROR tests/test_identity_plane_manifests.py
ERROR tests/test_identity_plane_principals.py
ERROR tests/test_identity_plane_provenance.py
ERROR tests/test_identity_plane_quality.py
ERROR tests/test_identity_plane_registry.py
ERROR tests/test_identity_plane_reviews.py
ERROR tests/test_identity_plane_revocation.py
ERROR tests/test_identity_plane_roles.py
ERROR tests/test_identity_plane_scopes.py
ERROR tests/test_identity_plane_service_accounts.py
ERROR tests/test_identity_plane_sessions.py
ERROR tests/test_identity_plane_storage.py
ERROR tests/test_identity_plane_suspension.py
ERROR tests/test_identity_plane_trust.py
ERROR tests/test_identity_plane_workflow_actors.py
ERROR tests/test_identity_principals.py
ERROR tests/test_identity_sessions.py
ERROR tests/test_incident_plane_actions.py
ERROR tests/test_incident_plane_closure.py
ERROR tests/test_incident_plane_containment.py
ERROR tests/test_incident_plane_correlation.py
ERROR tests/test_incident_plane_dedup.py
ERROR tests/test_incident_plane_divergence.py
ERROR tests/test_incident_plane_equivalence.py
ERROR tests/test_incident_plane_governance.py
ERROR tests/test_incident_plane_manifests.py
ERROR tests/test_incident_plane_ownership.py
ERROR tests/test_incident_plane_postmortem_links.py
ERROR tests/test_incident_plane_quality.py
ERROR tests/test_incident_plane_recovery.py
ERROR tests/test_incident_plane_reliability_links.py
ERROR tests/test_incident_plane_signals.py
ERROR tests/test_incident_plane_stabilization.py
ERROR tests/test_incident_plane_status.py
ERROR tests/test_incident_plane_storage.py
ERROR tests/test_incident_plane_timelines.py
ERROR tests/test_incident_plane_triage.py
ERROR tests/test_incident_plane_trust.py
ERROR tests/test_incident_plane_verification.py
ERROR tests/test_incidents_clustering.py
ERROR tests/test_incidents_containment.py
ERROR tests/test_incidents_degraded_modes.py
ERROR tests/test_incidents_evidence.py
ERROR tests/test_incidents_history.py
ERROR tests/test_incidents_intake.py
ERROR tests/test_incidents_metrics.py
ERROR tests/test_incidents_policies.py
ERROR tests/test_incidents_postmortems.py
ERROR tests/test_incidents_recovery.py
ERROR tests/test_incidents_scopes.py
ERROR tests/test_incidents_severity.py
ERROR tests/test_incidents_signals.py
ERROR tests/test_incidents_snapshots.py
ERROR tests/test_incidents_storage.py
ERROR tests/test_incidents_timeline.py
ERROR tests/test_insolvency_integration.py
ERROR tests/test_insolvency_plane.py
ERROR tests/test_insolvency_plane_claims.py
ERROR tests/test_insolvency_plane_objects.py
ERROR tests/test_insolvency_plane_plans.py
ERROR tests/test_insolvency_plane_registry.py
ERROR tests/test_insolvency_plane_triggers.py
ERROR tests/test_knowledge_applicability.py
ERROR tests/test_knowledge_catalog.py
ERROR tests/test_knowledge_freshness.py
ERROR tests/test_knowledge_lessons.py
ERROR tests/test_knowledge_links.py
ERROR tests/test_knowledge_plane_registry.py
ERROR tests/test_knowledge_playbooks.py
ERROR tests/test_knowledge_quizzes.py
ERROR tests/test_knowledge_readiness.py
ERROR tests/test_knowledge_runbooks.py
ERROR tests/test_knowledge_search.py
ERROR tests/test_knowledge_sops.py
ERROR tests/test_knowledge_storage.py
ERROR tests/test_knowledge_training.py
ERROR tests/test_leakage_guards.py
ERROR tests/test_learning_plane_equivalence.py
ERROR tests/test_learning_plane_integrations.py
ERROR tests/test_learning_plane_registry.py
ERROR tests/test_learning_plane_trust.py
ERROR tests/test_ledger_accounts.py
ERROR tests/test_ledger_cost_basis.py
ERROR tests/test_ledger_entries.py
ERROR tests/test_ledger_plane_balances.py
ERROR tests/test_ledger_plane_buckets.py
ERROR tests/test_ledger_plane_cashflows.py
ERROR tests/test_ledger_plane_collateral.py
ERROR tests/test_ledger_plane_divergence.py
ERROR tests/test_ledger_plane_entries.py
ERROR tests/test_ledger_plane_equity.py
ERROR tests/test_ledger_plane_equivalence.py
ERROR tests/test_ledger_plane_manifests.py
ERROR tests/test_ledger_plane_transfers.py
ERROR tests/test_ledger_plane_trust.py
ERROR tests/test_ledger_reconciliation.py
ERROR tests/test_leverage.py
ERROR tests/test_liability_plane_caps.py
ERROR tests/test_liability_plane_causation.py
ERROR tests/test_liability_plane_liabilities.py
ERROR tests/test_liability_plane_quality.py
ERROR tests/test_liability_plane_registry.py
ERROR tests/test_liability_plane_responsibility.py
ERROR tests/test_liquidation.py
ERROR tests/test_live_audit.py
ERROR tests/test_live_flatten.py
ERROR tests/test_live_notifier_bridge.py
ERROR tests/test_live_pnl.py
ERROR tests/test_live_position_book.py
ERROR tests/test_live_rollback.py
ERROR tests/test_live_runtime.py
ERROR tests/test_live_start_gates.py
ERROR tests/test_live_storage.py
ERROR tests/test_logging_redaction.py
ERROR tests/test_margin_modes.py
ERROR tests/test_market_truth_budgets.py
ERROR tests/test_market_truth_clock.py
ERROR tests/test_market_truth_convergence.py
ERROR tests/test_market_truth_dedup.py
ERROR tests/test_market_truth_freshness.py
ERROR tests/test_market_truth_gaps.py
ERROR tests/test_market_truth_klines.py
ERROR tests/test_market_truth_marks.py
ERROR tests/test_market_truth_ordering.py
ERROR tests/test_market_truth_quotes.py
ERROR tests/test_market_truth_sequence.py
ERROR tests/test_market_truth_storage.py
ERROR tests/test_market_truth_symbol_health.py
ERROR tests/test_market_truth_trades.py
ERROR tests/test_market_truth_truthfulness.py
ERROR tests/test_mean_reversion_regime.py
ERROR tests/test_migration_plane_backfills.py
ERROR tests/test_migration_plane_compatibility.py
ERROR tests/test_migration_plane_cutovers.py
ERROR tests/test_migration_plane_debt.py
ERROR tests/test_migration_plane_divergence.py
ERROR tests/test_migration_plane_dry_runs.py
ERROR tests/test_migration_plane_dual_write.py
ERROR tests/test_migration_plane_equivalence.py
ERROR tests/test_migration_plane_fallbacks.py
ERROR tests/test_migration_plane_manifests.py
ERROR tests/test_migration_plane_prechecks.py
ERROR tests/test_migration_plane_registry.py
ERROR tests/test_migration_plane_rehydration.py
ERROR tests/test_migration_plane_reindex.py
ERROR tests/test_migration_plane_rollback.py
ERROR tests/test_migration_plane_shims.py
ERROR tests/test_migration_plane_storage.py
ERROR tests/test_migration_plane_transitions.py
ERROR tests/test_migration_plane_trust.py
ERROR tests/test_migration_plane_verification.py
ERROR tests/test_migration_plane_versions.py
ERROR tests/test_migrations_apply.py
ERROR tests/test_migrations_compatibility.py
ERROR tests/test_migrations_debt.py
ERROR tests/test_migrations_dependencies.py
ERROR tests/test_migrations_dry_run.py
ERROR tests/test_migrations_matrix.py
ERROR tests/test_migrations_preflight.py
ERROR tests/test_migrations_recipes.py
ERROR tests/test_migrations_registry.py
ERROR tests/test_migrations_rollback.py
ERROR tests/test_migrations_rollforward.py
ERROR tests/test_migrations_scopes.py
ERROR tests/test_migrations_storage.py
ERROR tests/test_migrations_verification.py
ERROR tests/test_ml_calibration.py
ERROR tests/test_ml_datasets.py
ERROR tests/test_ml_drift.py
ERROR tests/test_ml_evaluation.py
ERROR tests/test_ml_importance.py
ERROR tests/test_ml_inference.py
ERROR tests/test_ml_labels.py
ERROR tests/test_ml_promotion.py
ERROR tests/test_ml_refresh.py
ERROR tests/test_ml_registry.py
ERROR tests/test_ml_splits.py
ERROR tests/test_ml_trainers.py
ERROR tests/test_model_plane_abstention.py
ERROR tests/test_model_plane_calibration.py
ERROR tests/test_model_plane_checkpoints.py
ERROR tests/test_model_plane_contracts.py
ERROR tests/test_model_plane_drift.py
ERROR tests/test_model_plane_ensembles.py
ERROR tests/test_model_plane_equivalence.py
ERROR tests/test_model_plane_freshness.py
ERROR tests/test_model_plane_inference.py
ERROR tests/test_model_plane_inputs.py
ERROR tests/test_model_plane_manifests.py
ERROR tests/test_model_plane_offline.py
ERROR tests/test_model_plane_outputs.py
ERROR tests/test_model_plane_quality.py
ERROR tests/test_model_plane_registry.py
ERROR tests/test_model_plane_replay.py
ERROR tests/test_model_plane_resolution.py
ERROR tests/test_model_plane_runtime.py
ERROR tests/test_model_plane_schemas.py
ERROR tests/test_model_plane_skew.py
ERROR tests/test_model_plane_storage.py
ERROR tests/test_model_plane_thresholds.py
ERROR tests/test_model_plane_trust.py
ERROR tests/test_model_plane_uncertainty.py
ERROR tests/test_mtf_alignment.py
ERROR tests/test_mtf_context.py
ERROR tests/test_normalization_plane_trust.py
ERROR tests/test_observability_alerts.py
ERROR tests/test_observability_correlation.py
ERROR tests/test_observability_digests.py
ERROR tests/test_observability_enrichment.py
ERROR tests/test_observability_health.py
ERROR tests/test_observability_metrics.py
ERROR tests/test_observability_plane_anomalies.py
ERROR tests/test_observability_plane_cardinality.py
ERROR tests/test_observability_plane_clocks.py
ERROR tests/test_observability_plane_correlation.py
ERROR tests/test_observability_plane_diagnostics.py
ERROR tests/test_observability_plane_dimensions.py
ERROR tests/test_observability_plane_divergence.py
ERROR tests/test_observability_plane_equivalence.py
ERROR tests/test_observability_plane_events.py
ERROR tests/test_observability_plane_gaps.py
ERROR tests/test_observability_plane_ingestion.py
ERROR tests/test_observability_plane_logs.py
ERROR tests/test_observability_plane_manifests.py
ERROR tests/test_observability_plane_metrics.py
ERROR tests/test_observability_plane_normalization.py
ERROR tests/test_observability_plane_registry.py
ERROR tests/test_observability_plane_retention.py
ERROR tests/test_observability_plane_runtime.py
ERROR tests/test_observability_plane_sampling.py
ERROR tests/test_observability_plane_slis.py
ERROR tests/test_observability_plane_storage.py
ERROR tests/test_observability_plane_tags.py
ERROR tests/test_observability_plane_traces.py
ERROR tests/test_observability_plane_trust.py
ERROR tests/test_observability_slo.py
ERROR tests/test_observability_storage.py
ERROR tests/test_observability_suppression.py
ERROR tests/test_observability_telemetry.py
ERROR tests/test_operating_model_plane.py
ERROR tests/test_ops_go_live_gates.py
ERROR tests/test_ops_readiness.py
ERROR tests/test_ops_storage.py
ERROR tests/test_ops_supervisor.py
ERROR tests/test_optimizer_engine.py
ERROR tests/test_optimizer_refresh.py
ERROR tests/test_optimizer_storage.py
ERROR tests/test_order_intent_multileg.py
ERROR tests/test_order_intent_reduce_only.py
ERROR tests/test_order_intent_semantics.py
ERROR tests/test_order_lifecycle_attempts.py
ERROR tests/test_order_lifecycle_cancel.py
ERROR tests/test_order_lifecycle_events.py
ERROR tests/test_order_lifecycle_fills.py
ERROR tests/test_order_lifecycle_idempotency.py
ERROR tests/test_order_lifecycle_orphans.py
ERROR tests/test_order_lifecycle_reconciliation.py
ERROR tests/test_order_lifecycle_replace.py
ERROR tests/test_order_lifecycle_state_machine.py
ERROR tests/test_order_lifecycle_submission.py
ERROR tests/test_order_lifecycle_timeouts.py
ERROR tests/test_order_router.py
ERROR tests/test_order_state_store.py
ERROR tests/test_paper_fill_simulator.py
ERROR tests/test_paper_pnl.py
ERROR tests/test_paper_position_book.py
ERROR tests/test_paper_runtime.py
ERROR tests/test_paper_storage.py
ERROR tests/test_perf_admission.py
ERROR tests/test_perf_benchmarks.py
ERROR tests/test_perf_bottlenecks.py
ERROR tests/test_perf_budgets.py
ERROR tests/test_perf_capacity.py
ERROR tests/test_perf_host_classes.py
ERROR tests/test_perf_latency.py
ERROR tests/test_perf_profilers.py
ERROR tests/test_perf_regression.py
ERROR tests/test_perf_resources.py
ERROR tests/test_perf_storage.py
ERROR tests/test_perf_workloads.py
ERROR tests/test_performance_plane_attribution.py
ERROR tests/test_performance_plane_baselines.py
ERROR tests/test_performance_plane_benchmarks.py
ERROR tests/test_performance_plane_capture.py
ERROR tests/test_performance_plane_cohorts.py
ERROR tests/test_performance_plane_components.py
ERROR tests/test_performance_plane_contributions.py
ERROR tests/test_performance_plane_drags.py
ERROR tests/test_performance_plane_equivalence.py
ERROR tests/test_performance_plane_manifests.py
ERROR tests/test_performance_plane_opportunity.py
ERROR tests/test_performance_plane_quality.py
ERROR tests/test_performance_plane_returns.py
ERROR tests/test_performance_plane_risk_adjusted.py
ERROR tests/test_performance_plane_storage.py
ERROR tests/test_performance_plane_trust.py
ERROR tests/test_performance_plane_windows.py
ERROR tests/test_performance_security_plane_core.py
ERROR tests/test_periodic.py
ERROR tests/test_policy_conflicts.py
ERROR tests/test_policy_context.py
ERROR tests/test_policy_domains.py
ERROR tests/test_policy_drift.py
ERROR tests/test_policy_evidence.py
ERROR tests/test_policy_gaps.py
ERROR tests/test_policy_invariants.py
ERROR tests/test_policy_kernel.py
ERROR tests/test_policy_plane_actions.py
ERROR tests/test_policy_plane_conflicts.py
ERROR tests/test_policy_plane_contexts.py
ERROR tests/test_policy_plane_coverage.py
ERROR tests/test_policy_plane_debt.py
ERROR tests/test_policy_plane_divergence.py
ERROR tests/test_policy_plane_equivalence.py
ERROR tests/test_policy_plane_evaluations.py
ERROR tests/test_policy_plane_exceptions_tokens.py
ERROR tests/test_policy_plane_invariants.py
ERROR tests/test_policy_plane_manifests.py
ERROR tests/test_policy_plane_obligations.py
ERROR tests/test_policy_plane_precedence.py
ERROR tests/test_policy_plane_quality.py
ERROR tests/test_policy_plane_registry.py
ERROR tests/test_policy_plane_resources.py
ERROR tests/test_policy_plane_rules.py
ERROR tests/test_policy_plane_storage.py
ERROR tests/test_policy_plane_subjects.py
ERROR tests/test_policy_plane_temporal.py
ERROR tests/test_policy_plane_trust.py
ERROR tests/test_policy_plane_verdicts.py
ERROR tests/test_policy_plane_waivers.py
ERROR tests/test_policy_precedence.py
ERROR tests/test_policy_proofs.py
ERROR tests/test_policy_rules.py
ERROR tests/test_policy_storage.py
ERROR tests/test_policy_waivers.py
ERROR tests/test_portfolio_allocator.py
ERROR tests/test_portfolio_attribution.py
ERROR tests/test_portfolio_budgets.py
ERROR tests/test_portfolio_concentration.py
ERROR tests/test_portfolio_correlation.py
ERROR tests/test_portfolio_engine.py
ERROR tests/test_portfolio_explain.py
ERROR tests/test_portfolio_netting.py
ERROR tests/test_portfolio_overlap.py
ERROR tests/test_portfolio_policies.py
ERROR tests/test_portfolio_ranking.py
ERROR tests/test_portfolio_sleeves.py
ERROR tests/test_portfolio_storage.py
ERROR tests/test_position_modes.py
ERROR tests/test_position_plane_cost_basis.py
ERROR tests/test_position_plane_exposures.py
ERROR tests/test_position_plane_lifecycle.py
ERROR tests/test_position_plane_lots.py
ERROR tests/test_position_plane_pnl.py
ERROR tests/test_position_plane_states.py
ERROR tests/test_postmortem_plane_causal_chains.py
ERROR tests/test_postmortem_plane_closure.py
ERROR tests/test_postmortem_plane_contributors.py
ERROR tests/test_postmortem_plane_corrective_actions.py
ERROR tests/test_postmortem_plane_debt.py
ERROR tests/test_postmortem_plane_divergence.py
ERROR tests/test_postmortem_plane_effectiveness.py
ERROR tests/test_postmortem_plane_equivalence.py
ERROR tests/test_postmortem_plane_evidence.py
ERROR tests/test_postmortem_plane_incidents.py
ERROR tests/test_postmortem_plane_lessons.py
ERROR tests/test_postmortem_plane_manifests.py
ERROR tests/test_postmortem_plane_preventive_actions.py
ERROR tests/test_postmortem_plane_proximate_causes.py
ERROR tests/test_postmortem_plane_quality.py
ERROR tests/test_postmortem_plane_recurrence.py
ERROR tests/test_postmortem_plane_registry.py
ERROR tests/test_postmortem_plane_reopen.py
ERROR tests/test_postmortem_plane_reviews.py
ERROR tests/test_postmortem_plane_root_causes.py
ERROR tests/test_postmortem_plane_storage.py
ERROR tests/test_postmortem_plane_trust.py
ERROR tests/test_postmortem_plane_verification.py
ERROR tests/test_postmortems_actions.py
ERROR tests/test_postmortems_causal_graph.py
ERROR tests/test_postmortems_chronology.py
ERROR tests/test_postmortems_contributors.py
ERROR tests/test_postmortems_counterfactuals.py
ERROR tests/test_postmortems_quality.py
ERROR tests/test_postmortems_recurrence.py
ERROR tests/test_postmortems_root_causes.py
ERROR tests/test_postmortems_seeds.py
ERROR tests/test_postmortems_tracking.py
ERROR tests/test_postmortems_triggers.py
ERROR tests/test_precedent_plane_adversarial.py
ERROR tests/test_precedent_plane_analogy.py
ERROR tests/test_precedent_plane_applicability.py
ERROR tests/test_precedent_plane_autonomy.py
ERROR tests/test_precedent_plane_binding.py
ERROR tests/test_precedent_plane_carveouts.py
ERROR tests/test_precedent_plane_cases.py
ERROR tests/test_precedent_plane_commitment.py
ERROR tests/test_precedent_plane_comparisons.py
ERROR tests/test_precedent_plane_compliance.py
ERROR tests/test_precedent_plane_conflicts.py
ERROR tests/test_precedent_plane_consistency.py
ERROR tests/test_precedent_plane_constitution.py
ERROR tests/test_precedent_plane_contracts.py
ERROR tests/test_precedent_plane_core.py
ERROR tests/test_precedent_plane_debt.py
ERROR tests/test_precedent_plane_distinctions.py
ERROR tests/test_precedent_plane_divergence.py
ERROR tests/test_precedent_plane_epistemic.py
ERROR tests/test_precedent_plane_equivalence.py
ERROR tests/test_precedent_plane_exceptions.py
ERROR tests/test_precedent_plane_factors.py
ERROR tests/test_precedent_plane_federation.py
ERROR tests/test_precedent_plane_finality.py
ERROR tests/test_precedent_plane_forecasting.py
ERROR tests/test_precedent_plane_hierarchy.py
ERROR tests/test_precedent_plane_incidents.py
ERROR tests/test_precedent_plane_jurisdiction.py
ERROR tests/test_precedent_plane_manifests.py
ERROR tests/test_precedent_plane_migrations.py
ERROR tests/test_precedent_plane_models.py
ERROR tests/test_precedent_plane_objects.py
ERROR tests/test_precedent_plane_overrides.py
ERROR tests/test_precedent_plane_overrules.py
ERROR tests/test_precedent_plane_persuasive.py
ERROR tests/test_precedent_plane_policy.py
ERROR tests/test_precedent_plane_provenance.py
ERROR tests/test_precedent_plane_quality.py
ERROR tests/test_precedent_plane_rationales.py
ERROR tests/test_precedent_plane_readiness.py
ERROR tests/test_precedent_plane_registry.py
ERROR tests/test_precedent_plane_releases.py
ERROR tests/test_precedent_plane_remedy.py
ERROR tests/test_precedent_plane_scenario.py
ERROR tests/test_precedent_plane_security.py
ERROR tests/test_precedent_plane_semantic.py
ERROR tests/test_precedent_plane_storage.py
ERROR tests/test_precedent_plane_supersession.py
ERROR tests/test_precedent_plane_temporal.py
ERROR tests/test_precedent_plane_tradeoff.py
ERROR tests/test_precedent_plane_trust.py
ERROR tests/test_pretrade_validation.py
ERROR tests/test_price_features.py
ERROR tests/test_products_registry.py
ERROR tests/test_program_plane_acceptance.py
ERROR tests/test_program_plane_blockers.py
ERROR tests/test_program_plane_cadence.py
ERROR tests/test_program_plane_commitments.py
ERROR tests/test_program_plane_critical_path.py
ERROR tests/test_program_plane_debt.py
ERROR tests/test_program_plane_deliverables.py
ERROR tests/test_program_plane_dependencies.py
ERROR tests/test_program_plane_divergence.py
ERROR tests/test_program_plane_equivalence.py
ERROR tests/test_program_plane_escalations.py
ERROR tests/test_program_plane_forecasting.py
ERROR tests/test_program_plane_handoffs.py
ERROR tests/test_program_plane_manifests.py
ERROR tests/test_program_plane_milestones.py
ERROR tests/test_program_plane_objects.py
ERROR tests/test_program_plane_programs.py
ERROR tests/test_program_plane_registry.py
ERROR tests/test_program_plane_replans.py
ERROR tests/test_program_plane_risks.py
ERROR tests/test_program_plane_slack.py
ERROR tests/test_program_plane_slippage.py
ERROR tests/test_program_plane_staffing.py
ERROR tests/test_program_plane_trust.py
ERROR tests/test_program_plane_variance.py
ERROR tests/test_promotion.py
ERROR tests/test_provenance_plane_actions.py
ERROR tests/test_provenance_plane_assurance.py
ERROR tests/test_provenance_plane_attribution.py
ERROR tests/test_provenance_plane_autonomy.py
ERROR tests/test_provenance_plane_changes.py
ERROR tests/test_provenance_plane_compliance.py
ERROR tests/test_provenance_plane_custody.py
ERROR tests/test_provenance_plane_custody_gaps.py
ERROR tests/test_provenance_plane_environments.py
ERROR tests/test_provenance_plane_explainability.py
ERROR tests/test_provenance_plane_federation.py
ERROR tests/test_provenance_plane_learning.py
ERROR tests/test_provenance_plane_migrations.py
ERROR tests/test_provenance_plane_objects.py
ERROR tests/test_provenance_plane_releases.py
ERROR tests/test_provenance_plane_security.py
ERROR tests/test_qualification_contracts.py
ERROR tests/test_qualification_evidence.py
ERROR tests/test_qualification_evidence_pack.py
ERROR tests/test_qualification_negative.py
ERROR tests/test_qualification_profiles.py
ERROR tests/test_qualification_requirements.py
ERROR tests/test_qualification_scenarios.py
ERROR tests/test_qualification_scoring.py
ERROR tests/test_qualification_storage.py
ERROR tests/test_qualification_traceability.py
ERROR tests/test_qualification_verdicts.py
ERROR tests/test_qualification_waivers.py
ERROR tests/test_readiness_board_admissibility.py
ERROR tests/test_readiness_board_candidates.py
ERROR tests/test_readiness_board_conditional.py
ERROR tests/test_readiness_board_contradictions.py
ERROR tests/test_readiness_board_decisions.py
ERROR tests/test_readiness_board_domains.py
ERROR tests/test_readiness_board_dossier.py
ERROR tests/test_readiness_board_evidence.py
ERROR tests/test_readiness_board_freeze.py
ERROR tests/test_readiness_board_history.py
ERROR tests/test_readiness_board_memos.py
ERROR tests/test_readiness_board_promotions.py
ERROR tests/test_readiness_board_resolution.py
ERROR tests/test_readiness_board_storage.py
ERROR tests/test_recapitalization_plane_adversarial.py
ERROR tests/test_recapitalization_plane_antidilution.py
ERROR tests/test_recapitalization_plane_authority.py
ERROR tests/test_recapitalization_plane_autonomy.py
ERROR tests/test_recapitalization_plane_backstops.py
ERROR tests/test_recapitalization_plane_capital_calls.py
ERROR tests/test_recapitalization_plane_capital_stack.py
ERROR tests/test_recapitalization_plane_commitment.py
ERROR tests/test_recapitalization_plane_commitments.py
ERROR tests/test_recapitalization_plane_common.py
ERROR tests/test_recapitalization_plane_comparisons.py
ERROR tests/test_recapitalization_plane_compliance.py
ERROR tests/test_recapitalization_plane_constitution.py
ERROR tests/test_recapitalization_plane_contracts.py
ERROR tests/test_recapitalization_plane_control.py
ERROR tests/test_recapitalization_plane_conversions.py
ERROR tests/test_recapitalization_plane_convertibles.py
ERROR tests/test_recapitalization_plane_debt.py
ERROR tests/test_recapitalization_plane_dilution.py
ERROR tests/test_recapitalization_plane_divergence.py
ERROR tests/test_recapitalization_plane_epistemic.py
ERROR tests/test_recapitalization_plane_equity.py
ERROR tests/test_recapitalization_plane_equivalence.py
ERROR tests/test_recapitalization_plane_exit_capital.py
ERROR tests/test_recapitalization_plane_federation.py
ERROR tests/test_recapitalization_plane_finality.py
ERROR tests/test_recapitalization_plane_forecasting.py
ERROR tests/test_recapitalization_plane_funding.py
ERROR tests/test_recapitalization_plane_incidents.py
ERROR tests/test_recapitalization_plane_insolvency.py
ERROR tests/test_recapitalization_plane_instruments.py
ERROR tests/test_recapitalization_plane_interpretation.py
ERROR tests/test_recapitalization_plane_issuance.py
ERROR tests/test_recapitalization_plane_jurisdiction.py
ERROR tests/test_recapitalization_plane_liability.py
ERROR tests/test_recapitalization_plane_manifests.py
ERROR tests/test_recapitalization_plane_migrations.py
ERROR tests/test_recapitalization_plane_minimum_capital.py
ERROR tests/test_recapitalization_plane_objects.py
ERROR tests/test_recapitalization_plane_obligations.py
ERROR tests/test_recapitalization_plane_oversubscriptions.py
ERROR tests/test_recapitalization_plane_ownership.py
ERROR tests/test_recapitalization_plane_policy.py
ERROR tests/test_recapitalization_plane_precedent.py
ERROR tests/test_recapitalization_plane_preferred.py
ERROR tests/test_recapitalization_plane_provenance.py
ERROR tests/test_recapitalization_plane_quality.py
ERROR tests/test_recapitalization_plane_readiness.py
ERROR tests/test_recapitalization_plane_recapitalizations.py
ERROR tests/test_recapitalization_plane_recovery.py
ERROR tests/test_recapitalization_plane_registry.py
ERROR tests/test_recapitalization_plane_releases_domain.py
ERROR tests/test_recapitalization_plane_remedy.py
ERROR tests/test_recapitalization_plane_representation.py
ERROR tests/test_recapitalization_plane_reserved_matters.py
ERROR tests/test_recapitalization_plane_resolution.py
ERROR tests/test_recapitalization_plane_rights.py
ERROR tests/test_recapitalization_plane_scenario.py
ERROR tests/test_recapitalization_plane_security.py
ERROR tests/test_recapitalization_plane_semantic.py
ERROR tests/test_recapitalization_plane_settlement.py
ERROR tests/test_recapitalization_plane_shortfalls.py
ERROR tests/test_recapitalization_plane_solvency.py
ERROR tests/test_recapitalization_plane_storage.py
ERROR tests/test_recapitalization_plane_subscriptions.py
ERROR tests/test_recapitalization_plane_temporal.py
ERROR tests/test_recapitalization_plane_tradeoff.py
ERROR tests/test_recapitalization_plane_trust.py
ERROR tests/test_recapitalization_plane_trust_specific.py
ERROR tests/test_recapitalization_plane_voting.py
ERROR tests/test_recapitalization_plane_warrants.py
ERROR tests/test_reconciliation.py
ERROR tests/test_reduce_only.py
ERROR tests/test_refresh_plans.py
ERROR tests/test_regime_attribution.py
ERROR tests/test_regime_engine.py
ERROR tests/test_regime_registry.py
ERROR tests/test_regime_storage.py
ERROR tests/test_release_bootstrap.py
ERROR tests/test_release_bundle.py
ERROR tests/test_release_checksums.py
ERROR tests/test_release_compatibility.py
ERROR tests/test_release_dependencies.py
ERROR tests/test_release_host_probe.py
ERROR tests/test_release_installer.py
ERROR tests/test_release_manifest.py
ERROR tests/test_release_migration_registry.py
ERROR tests/test_release_migrations.py
ERROR tests/test_release_plane_activation_links.py
ERROR tests/test_release_plane_bundles.py
ERROR tests/test_release_plane_canaries.py
ERROR tests/test_release_plane_candidates.py
ERROR tests/test_release_plane_compatibility.py
ERROR tests/test_release_plane_controls.py
ERROR tests/test_release_plane_diffs.py
ERROR tests/test_release_plane_divergence.py
ERROR tests/test_release_plane_environments.py
ERROR tests/test_release_plane_equivalence.py
ERROR tests/test_release_plane_holds.py
ERROR tests/test_release_plane_hotfixes.py
ERROR tests/test_release_plane_manifests.py
ERROR tests/test_release_plane_pins.py
ERROR tests/test_release_plane_quality.py
ERROR tests/test_release_plane_readiness.py
ERROR tests/test_release_plane_registry.py
ERROR tests/test_release_plane_rollback.py
ERROR tests/test_release_plane_rollouts.py
ERROR tests/test_release_plane_supersession.py
ERROR tests/test_release_plane_trust.py
ERROR tests/test_release_rollback.py
ERROR tests/test_release_storage.py
ERROR tests/test_release_upgrade.py
ERROR tests/test_release_versioning.py
ERROR tests/test_reliability_budgets.py
ERROR tests/test_reliability_burn.py
ERROR tests/test_reliability_cadence.py
ERROR tests/test_reliability_decay.py
ERROR tests/test_reliability_domains.py
ERROR tests/test_reliability_evidence.py
ERROR tests/test_reliability_freeze.py
ERROR tests/test_reliability_holds.py
ERROR tests/test_reliability_plane_budgets.py
ERROR tests/test_reliability_plane_registry.py
ERROR tests/test_reliability_plane_slos.py
ERROR tests/test_reliability_scorecards.py
ERROR tests/test_reliability_slos.py
ERROR tests/test_reliability_storage.py
ERROR tests/test_reliability_trends.py
ERROR tests/test_reliability_windows.py
ERROR tests/test_remediation_apply.py
ERROR tests/test_remediation_blast_radius.py
ERROR tests/test_remediation_changesets.py
ERROR tests/test_remediation_compiler.py
ERROR tests/test_remediation_core.py
ERROR tests/test_remediation_debt.py
ERROR tests/test_remediation_dependencies.py
ERROR tests/test_remediation_findings.py
ERROR tests/test_remediation_preflight.py
ERROR tests/test_remediation_recipes.py
ERROR tests/test_remediation_rollback.py
ERROR tests/test_remediation_scopes.py
ERROR tests/test_remediation_simulation.py
ERROR tests/test_remediation_storage.py
ERROR tests/test_remediation_validation.py
ERROR tests/test_remediation_verification.py
ERROR tests/test_replay_counterfactuals.py
ERROR tests/test_replay_decision_path.py
ERROR tests/test_replay_diff.py
ERROR tests/test_replay_engine.py
ERROR tests/test_replay_forensics.py
ERROR tests/test_replay_models.py
ERROR tests/test_replay_repository.py
ERROR tests/test_replay_scoring.py
ERROR tests/test_replay_snapshots.py
ERROR tests/test_replay_sources.py
ERROR tests/test_replay_storage.py
ERROR tests/test_replay_timeline.py
ERROR tests/test_representation_plane_core.py
ERROR tests/test_research_plane.py
ERROR tests/test_resilience_assertions.py
ERROR tests/test_resilience_faults.py
ERROR tests/test_resilience_gates.py
ERROR tests/test_resilience_recovery_checks.py
ERROR tests/test_resilience_reporting.py
ERROR tests/test_resilience_repository.py
ERROR tests/test_resilience_scenarios.py
ERROR tests/test_resilience_scoring.py
ERROR tests/test_resilience_storage.py
ERROR tests/test_resilience_stress.py
ERROR tests/test_resilience_telemetry.py
ERROR tests/test_resolution_plane_objects.py
ERROR tests/test_resolution_plane_registry.py
ERROR tests/test_resolution_plane_resolutions.py
ERROR tests/test_resolution_plane_trust.py
ERROR tests/test_reviews_adjudication.py
ERROR tests/test_reviews_assignments.py
ERROR tests/test_reviews_checklists.py
ERROR tests/test_reviews_escalations.py
ERROR tests/test_reviews_evidence.py
ERROR tests/test_reviews_handoffs.py
ERROR tests/test_reviews_history.py
ERROR tests/test_reviews_priorities.py
ERROR tests/test_reviews_queues.py
ERROR tests/test_reviews_requests.py
ERROR tests/test_reviews_scopes.py
ERROR tests/test_reviews_separation.py
ERROR tests/test_reviews_slas.py
ERROR tests/test_reviews_storage.py
ERROR tests/test_rights_plane_waivers.py
ERROR tests/test_risk_drawdown.py
ERROR tests/test_risk_engine.py
ERROR tests/test_risk_explain.py
ERROR tests/test_risk_exposure.py
ERROR tests/test_risk_guards.py
ERROR tests/test_risk_kill_switches.py
ERROR tests/test_risk_plane_breaches.py
ERROR tests/test_risk_plane_drawdowns.py
ERROR tests/test_risk_plane_exposures.py
ERROR tests/test_risk_plane_limits.py
ERROR tests/test_risk_plane_liquidation.py
ERROR tests/test_risk_plane_margins.py
ERROR tests/test_risk_plane_responses.py
ERROR tests/test_risk_plane_states.py
ERROR tests/test_risk_plane_trust.py
ERROR tests/test_risk_policies.py
ERROR tests/test_risk_sizing.py
ERROR tests/test_risk_storage.py
ERROR tests/test_robustness.py
ERROR tests/test_rollout_modes.py
ERROR tests/test_rules.py
ERROR tests/test_runbooks.py
ERROR tests/test_runtime_guards.py
ERROR tests/test_sample_splits.py
ERROR tests/test_scenario_plane_objects.py
ERROR tests/test_scenario_plane_registry.py
ERROR tests/test_scoring.py
ERROR tests/test_security_backup.py
ERROR tests/test_security_dr.py
ERROR tests/test_security_evidence.py
ERROR tests/test_security_hardening.py
ERROR tests/test_security_integrity.py
ERROR tests/test_security_inventory.py
ERROR tests/test_security_rehearsal.py
ERROR tests/test_security_restore.py
ERROR tests/test_security_retention.py
ERROR tests/test_security_rotation.py
ERROR tests/test_security_secrets.py
ERROR tests/test_semantic_plane.py
ERROR tests/test_settlement_plane_breach.py
ERROR tests/test_settlement_plane_carveouts.py
ERROR tests/test_settlement_plane_consideration.py
ERROR tests/test_settlement_plane_registry.py
ERROR tests/test_settlement_plane_releases.py
ERROR tests/test_settlement_plane_trust.py
ERROR tests/test_shadow_state_balances.py
ERROR tests/test_shadow_state_classification.py
ERROR tests/test_shadow_state_convergence.py
ERROR tests/test_shadow_state_drift.py
ERROR tests/test_shadow_state_local.py
ERROR tests/test_shadow_state_modes.py
ERROR tests/test_shadow_state_orders.py
ERROR tests/test_shadow_state_positions.py
ERROR tests/test_shadow_state_remediation.py
ERROR tests/test_shadow_state_storage.py
ERROR tests/test_shadow_state_twin.py
ERROR tests/test_shadow_state_venue.py
ERROR tests/test_shadow_state_windows.py
ERROR tests/test_simulation_plane_assumptions.py
ERROR tests/test_simulation_plane_equivalence.py
ERROR tests/test_simulation_plane_oos.py
ERROR tests/test_simulation_plane_partitions.py
ERROR tests/test_simulation_plane_trust.py
ERROR tests/test_simulation_plane_walkforward.py
ERROR tests/test_slippage.py
ERROR tests/test_state_cache.py
ERROR tests/test_state_plane_integration.py
ERROR tests/test_state_plane_reconciliation.py
ERROR tests/test_state_plane_split_brain.py
ERROR tests/test_state_plane_trust.py
ERROR tests/test_strategy_attribution.py
ERROR tests/test_strategy_engine.py
ERROR tests/test_strategy_implementations.py
ERROR tests/test_strategy_plane_lifecycle.py
ERROR tests/test_strategy_plane_promotions.py
ERROR tests/test_strategy_plane_registry.py
ERROR tests/test_strategy_plane_storage.py
ERROR tests/test_strategy_plane_trust.py
ERROR tests/test_strategy_refresh.py
ERROR tests/test_strategy_registry.py
ERROR tests/test_strategy_spaces.py
ERROR tests/test_stressrisk_budgets.py
ERROR tests/test_stressrisk_correlation.py
ERROR tests/test_stressrisk_derivatives.py
ERROR tests/test_stressrisk_historical.py
ERROR tests/test_stressrisk_liquidity.py
ERROR tests/test_stressrisk_losses.py
ERROR tests/test_stressrisk_overlay.py
ERROR tests/test_stressrisk_portfolio.py
ERROR tests/test_stressrisk_scenarios.py
ERROR tests/test_stressrisk_shocks.py
ERROR tests/test_stressrisk_storage.py
ERROR tests/test_structure_features.py
ERROR tests/test_structure_regime.py
ERROR tests/test_subscription_registry.py
ERROR tests/test_suitability.py
ERROR tests/test_supply_chain.py
ERROR tests/test_supply_chain_plane_graphs.py
ERROR tests/test_supply_chain_plane_registry.py
ERROR tests/test_supply_chain_plane_trust.py
ERROR tests/test_temporal_plane_registry.py
ERROR tests/test_trade_journal.py
ERROR tests/test_tradeoff_plane_equivalence.py
ERROR tests/test_tradeoff_plane_quality.py
ERROR tests/test_tradeoff_plane_registry.py
ERROR tests/test_tradeoff_plane_trust.py
ERROR tests/test_transitions.py
ERROR tests/test_trend_regime.py
ERROR tests/test_trial_runner.py
ERROR tests/test_universe_diff.py
ERROR tests/test_universe_eligibility.py
ERROR tests/test_universe_filters.py
ERROR tests/test_universe_impact.py
ERROR tests/test_universe_lifecycle.py
ERROR tests/test_universe_liquidity.py
ERROR tests/test_universe_normalization.py
ERROR tests/test_universe_registry.py
ERROR tests/test_universe_snapshots.py
ERROR tests/test_universe_sources.py
ERROR tests/test_universe_spread.py
ERROR tests/test_universe_storage.py
ERROR tests/test_universe_tradability.py
ERROR tests/test_universe_turnover.py
ERROR tests/test_validation_storage.py
ERROR tests/test_value_plane_objectives.py
ERROR tests/test_value_plane_realized.py
ERROR tests/test_value_plane_registry.py
ERROR tests/test_value_plane_roi.py
ERROR tests/test_value_plane_trust.py
ERROR tests/test_volatility_regime.py
ERROR tests/test_workflow_plane_backfills.py
ERROR tests/test_workflow_plane_checkpoints.py
ERROR tests/test_workflow_plane_divergence.py
ERROR tests/test_workflow_plane_equivalence.py
ERROR tests/test_workflow_plane_gates.py
ERROR tests/test_workflow_plane_jobs.py
ERROR tests/test_workflow_plane_manifests.py
ERROR tests/test_workflow_plane_orchestration.py
ERROR tests/test_workflow_plane_receipts.py
ERROR tests/test_workflow_plane_reruns.py
ERROR tests/test_workflow_plane_resumes.py
ERROR tests/test_workflow_plane_retries.py
ERROR tests/test_workflow_plane_runs.py
ERROR tests/test_workflow_plane_schedules.py
ERROR tests/test_workflow_plane_triggers.py
ERROR tests/test_workflow_plane_trust.py
ERROR tests/test_workflow_plane_windows.py
ERROR tests/test_workflow_plane_workflows.py
ERROR tests/test_workspaces_boundaries.py
ERROR tests/test_workspaces_catalog.py
ERROR tests/test_workspaces_context.py
ERROR tests/test_workspaces_isolation.py
ERROR tests/test_workspaces_paths.py
ERROR tests/test_workspaces_profiles.py
ERROR tests/test_workspaces_repository.py
ERROR tests/test_workspaces_switching.py
!!!!!!!!!!!!!!!!!! Interrupted: 1158 errors during collection !!!!!!!!!!!!!!!!!!
====================== 3 warnings, 1158 errors in 22.60s =======================
